ets ï¿½ï¿½ï¿½201ï¿½ï¿½0:2&ï¿½ï¿½j

rsï¿½'ï¿½ï¿½ 	u]Iï¿½N_Rï¿½ï¿½ï¿½bï¿½ï¿½ï¿½ï¿½0x13 i%}ST_Fï¿½P*ï¿½%=OT)ï¿½ï¿½Ë™ï¿½ï¿½sip:ï¿½ï¿½ SPRï¿½ï¿½Â•ï¿½
cï¿½Eï¿½ï¿½ï¿½0x00,\Eï¿½ï¿½ï¿½0x00,ï¿½Eï¿½ï¿½ï¿½0x00,ï¿½.ï¿½ï¿½ï¿½ï¿½:0x0bhd_ï¿½.ï¿½ï¿½ï¿½ï¿½0,wp_ï¿½ï¿½ï¿½0ï¿½ï¿½
mï¿½Vï¿½"%=1 clï¿½-"ï¿½ï¿½i1
ï¿½+ï¿½ï¿½0ï¿½&ï¿½ï¿½ï¿½030,lï¿½Kï¿½ï¿½ï¿½ï¿½j
loá–‚ï¿½ï¿½00780ï¿½,leï¿½ï¿½ï¿½ï¿½ï¿½ï¿½j
loá–‚ï¿½ï¿½00804ï¿½,leï¿½'SHï¿½ï¿½ï¿½ï¿½il 4ï¿½ï¿½ëµ4
loá–‚ï¿½ï¿½008040ï¿½ï¿½ï¿½ï¿½4284ï¿½ï¿½ï¿½ï¿½ï¿½0x40ï¿½ï¿½668ï¿½ï¿½[0;32mI (30) boot: ESP-IDF v5.1.1-dirty 2nd stage bootloader[0m
[0;32mI (30) boot: compile time Nov 11 2023 12:23:34[0m
[0;32mI (30) boot: Multicore bootloader[0m
[0;32mI (35) boot: chip revision: v1.0[0m
[0;32mI (39) qio_mode: Enabling default flash chip QIO[0m
[0;32mI (44) boot.esp32: SPI Speed      : 80MHz[0m
[0;32mI (49) boot.esp32: SPI Mode       : QIO[0m
[0;32mI (53) boot.esp32: SPI Flash Size : 4MB[0m
[0;32mI (58) boot: Enabling RNG early entropy source...[0m
[0;32mI (63) boot: Partition Table:[0m
[0;32mI (67) boot: ## Label            Usage          Type ST Offset   Length[0m
[0;32mI (74) boot:  0 nvs              WiFi data        01 02 00009000 00006000[0m
[0;32mI (81) boot:  1 phy_init         RF data          01 01 0000f000 00001000[0m
[0;32mI (89) boot:  2 factory          factory app      00 00 00010000 00100000[0m
[0;32mI (96) boot: End of partition table[0m
[0;32mI (101) esp_image: segment 0: paddr=00010020 vaddr=3f400020 size=0abbch ( 43964) map[0m
[0;32mI (121) esp_image: segment 1: paddr=0001abe4 vaddr=3ffb0000 size=021d8h (  8664) load[0m
[0;32mI (124) esp_image: segment 2: paddr=0001cdc4 vaddr=40080000 size=03254h ( 12884) load[0m
[0;32mI (132) esp_image: segment 3: paddr=00020020 vaddr=400d0020 size=197a8h (104360) map[0m
[0;32mI (165) esp_image: segment 4: paddr=000397d0 vaddr=40083254 size=09768h ( 38760) load[0m
[0;32mI (185) boot: Loaded app from partition at offset 0x10000[0m
[0;32mI (185) boot: Disabling RNG early entropy source...[0m
[0;32mI (196) cpu_start: Multicore app[0m
[0;32mI (196) cpu_start: Pro cpu up.[0m
[0;32mI (197) cpu_start: Starting app cpu, entry point is 0x40081254[0m
[0;32mI (0) cpu_start: App cpu up.[0m
[0;32mI (214) cpu_start: Pro cpu start user code[0m
[0;32mI (214) cpu_start: cpu freq: 240000000 Hz[0m
[0;32mI (214) cpu_start: Application information:[0m
[0;32mI (219) cpu_start: Project name:     marcelino[0m
[0;32mI (224) cpu_start: App version:      729d225-dirty[0m
[0;32mI (230) cpu_start: Compile time:     Nov 11 2023 12:23:09[0m
[0;32mI (236) cpu_start: ELF file SHA256:  935b0fe104bc87ea...[0m
[0;32mI (242) cpu_start: ESP-IDF:          v5.1.1-dirty[0m
[0;32mI (247) cpu_start: Min chip rev:     v0.0[0m
[0;32mI (252) cpu_start: Max chip rev:     v3.99 [0m
[0;32mI (257) cpu_start: Chip rev:         v1.0[0m
[0;32mI (262) heap_init: Initializing. RAM available for dynamic allocation:[0m
[0;32mI (269) heap_init: At 3FFAE6E0 len 00001920 (6 KiB): DRAM[0m
[0;32mI (275) heap_init: At 3FFB2C50 len 0002D3B0 (180 KiB): DRAM[0m
[0;32mI (281) heap_init: At 3FFE0440 len 00003AE0 (14 KiB): D/IRAM[0m
[0;32mI (288) heap_init: At 3FFE4350 len 0001BCB0 (111 KiB): D/IRAM[0m
[0;32mI (294) heap_init: At 4008C9BC len 00013644 (77 KiB): IRAM[0m
[0;32mI (301) spi_flash: detected chip: generic[0m
[0;32mI (305) spi_flash: flash io: qio[0m
[0;32mI (309) Blink LED G: Task created[0m
[0;32mI (313) Print MSG: Task created[0m
[0;32mI (317) app_start: Starting scheduler on CPU0[0m
[0;32mI (322) app_start: Starting scheduler on CPU1[0m
[0;32mI (322) main_task: Started on CPU0[0m
[0;32mI (332) main_task: Calling app_main()[0m
00:00:00
00:00:01
00:00:02
00:00:03
00:00:04
00:00:05
00:00:06
00:00:07
00:00:08
00:00:09
00:00:10
00:00:11
00:00:12
00:00:13
00:00:14
00:00:15
00:00:16
00:00:17
00:00:18
00:00:19
00:00:20
00:00:21
00:00:22
00:00:23
00:00:24
00:00:25
00:00:26
00:00:27
00:00:28
00:00:29
00:00:30
00:00:31
00:00:32
00:00:33
00:00:34
00:00:35
00:00:36
00:00:37
00:00:38
00:00:39
00:00:40
00:00:41
00:00:42
00:00:43
00:00:44
00:00:45
00:00:46
00:00:47
00:00:48
00:00:49
00:00:50
