ets ï¿½]ï¿½201ï¿½ï¿½Ò’ï¿½:5ï¿½Cï¿½HHï¿½t:0ï¿½LBï¿½=ï¿½EROï¿½%Mï¿½),bï¿½ï¿½ï¿½0ï¿½L&Bï¿½ï¿½I_Fï¿½*ï¿½e1SH_BêŠ•j
confï¿½Ö¥ï¿½ï¿½ 0, Sï¿½]Aï¿½ï¿½ï¿½5
,k}ï¿½ï¿½ï¿½:0x0bq_dï¿½ï¿½ï¿½0,d_d.ï¿½ï¿½ï¿½ï¿½0,cs0Eï¿½ï¿½ï¿½0x00,hï¿½Eï¿½ï¿½ï¿½0x00ï¿½ï¿½}ï¿½ï¿½ï¿½:0x0j
moVï¿½"%=1 cloï¿½-"ï¿½ï¿½i1
ï¿½+ï¿½ï¿½0ï¿½fffï¿½30,ï¿½YËºï¿½ï¿½ï¿½
l+ï¿½ï¿½0ï¿½ï¿½ï¿½Â‚ï¿½0,ï¿½YKï¿½ï¿½ï¿½ï¿½6ï¿½ï¿½+ï¿½ï¿½0x400ï¿½40ï¿½ï¿½+ï¿½ï¿½4
hï¿½ï¿½ï¿½il ï¿½ï¿½ï¿½ï¿½ï¿½ï¿½4
l+ï¿½ï¿½0ï¿½00ï¿½ï¿½ï¿½ï¿½bbï¿½ï¿½ï¿½4284ï¿½ï¿½ï¿½ï¿½ï¿½ 0xï¿½Â‚ï¿½ï¿½8
[0;32mI (30) boot: ESP-IDF v5.1.1-dirty 2nd stage bootloader[0m
[0;32mI (30) boot: compile time Nov 11 2023 12:23:34[0m
[0;32mI (30) boot: Multicore bootloader[0m
[0;32mI (35) boot: chip revision: v1.0[0m
[0;32mI (39) qio_mode: Enabling default flash chip QIO[0m
[0;32mI (44) boot.esp32: SPI Speed      : 80MHz[0m
[0;32mI (49) boot.esp32: SPI Mode       : QIO[0m
[0;32mI (53) boot.esp32: SPI Flash Size : 4MB[0m
[0;32mI (58) boot: Enabling RNG early entropy source...[0m
[0;32mI (63) boot: Partition Table:[0m
[0;32mI (67) boot: ## Label            Usage          Type ST Offset   Length[0m
[0;32mI (74) boot:  0 nvs              WiFi data        01 02 00009000 00006000[0m
[0;32mI (81) boot:  1 phy_init         RF data          01 01 0000f000 00001000[0m
[0;32mI (89) boot:  2 factory          factory app      00 00 00010000 00100000[0m
[0;32mI (96) boot: End of partition table[0m
[0;32mI (101) esp_image: segment 0: paddr=00010020 vaddr=3f400020 size=09dach ( 40364) map[0m
[0;32mI (120) esp_image: segment 1: paddr=00019dd4 vaddr=3ffb0000 size=02158h (  8536) load[0m
[0;32mI (123) esp_image: segment 2: paddr=0001bf34 vaddr=40080000 size=040e4h ( 16612) load[0m
[0;32mI (134) esp_image: segment 3: paddr=00020020 vaddr=400d0020 size=14ad0h ( 84688) map[0m
[0;32mI (160) esp_image: segment 4: paddr=00034af8 vaddr=400840e4 size=081a8h ( 33192) load[0m
[0;32mI (177) boot: Loaded app from partition at offset 0x10000[0m
[0;32mI (177) boot: Disabling RNG early entropy source...[0m
[0;32mI (189) cpu_start: Multicore app[0m
[0;32mI (189) cpu_start: Pro cpu up.[0m
[0;32mI (189) cpu_start: Starting app cpu, entry point is 0x400811e0[0m
[0;32mI (0) cpu_start: App cpu up.[0m
[0;32mI (207) cpu_start: Pro cpu start user code[0m
[0;32mI (207) cpu_start: cpu freq: 240000000 Hz[0m
[0;32mI (207) cpu_start: Application information:[0m
[0;32mI (212) cpu_start: Project name:     marcelino[0m
[0;32mI (217) cpu_start: App version:      729d225-dirty[0m
[0;32mI (222) cpu_start: Compile time:     Nov 11 2023 12:23:09[0m
[0;32mI (229) cpu_start: ELF file SHA256:  740ab1953e752d51...[0m
[0;32mI (235) cpu_start: ESP-IDF:          v5.1.1-dirty[0m
[0;32mI (240) cpu_start: Min chip rev:     v0.0[0m
[0;32mI (245) cpu_start: Max chip rev:     v3.99 [0m
[0;32mI (249) cpu_start: Chip rev:         v1.0[0m
[0;32mI (254) heap_init: Initializing. RAM available for dynamic allocation:[0m
[0;32mI (261) heap_init: At 3FFAE6E0 len 00001920 (6 KiB): DRAM[0m
[0;32mI (267) heap_init: At 3FFB2A28 len 0002D5D8 (181 KiB): DRAM[0m
[0;32mI (274) heap_init: At 3FFE0440 len 00003AE0 (14 KiB): D/IRAM[0m
[0;32mI (280) heap_init: At 3FFE4350 len 0001BCB0 (111 KiB): D/IRAM[0m
[0;32mI (287) heap_init: At 4008C28C len 00013D74 (79 KiB): IRAM[0m
[0;32mI (293) spi_flash: detected chip: generic[0m
[0;32mI (297) spi_flash: flash io: qio[0m
[0;32mI (301) Blink LED G: Task created[0m
[0;32mI (305) Print MSG: Task created[0m
[0;32mI (309) app_start: Starting scheduler on CPU0[0m
[0;32mI (0) app_start: Starting scheduler on CPU1[0m
[0;32mI (316) main_task: Started on CPU0[0m
