ets Jun  8 2016 00:22:57
C!ï¿½.ï¿½ï¿½ï¿½ï¿½ (POWERON_RESET),ï¿½ï¿½ï¿½0x13 (SPI_FAST_FLP*ï¿½%==Qï¿½
configsip: 0,ï¿½A%]A:0xee
clk_drv:0x00,\Eï¿½ï¿½:0x00,d_drv:0x00,csï¿½ï¿½ï¿½ï¿½:0x00,hd_drv:0x00,wpEï¿½ï¿½ï¿½0x00
mode:DIO, clock Vï¿½ï¿½1
load:0x3fff003bbï¿½n:7432
load:0x40078ï¿½ï¿½bbï¿½ï¿½ï¿½16576
load:0x4008ï¿½ï¿½ï¿½bbï¿½n:4
ho 8 tail 4 room 4C!ï¿½+ï¿½:0x40080404,len:ï¿½Â¢j
entry 0x4008066j
[0;32mI (30) boot: ESP-IDF v5.1.1-dirty 2nd stage bootloader[0m
[0;32mI (30) boot: compile time Nov 11 2023 12:23:34[0m
[0;32mI (30) boot: Multicore bootloader[0m
[0;32mI (35) boot: chip revision: v1.0[0m
[0;32mI (39) qio_mode: Enabling default flash chip QIO[0m
[0;32mI (44) boot.esp32: SPI Speed      : 80MHz[0m
[0;32mI (49) boot.esp32: SPI Mode       : QIO[0m
[0;32mI (53) boot.esp32: SPI Flash Size : 4MB[0m
[0;32mI (58) boot: Enabling RNG early entropy source...[0m
[0;32mI (63) boot: Partition Table:[0m
[0;32mI (67) boot: ## Label            Usage          Type ST Offset   Length[0m
[0;32mI (74) boot:  0 nvs              WiFi data        01 02 00009000 00006000[0m
[0;32mI (82) boot:  1 phy_init         RF data          01 01 0000f000 00001000[0m
[0;32mI (89) boot:  2 factory          factory app      00 00 00010000 00100000[0m
[0;32mI (97) boot: End of partition table[0m
[0;32mI (101) esp_image: segment 0: paddr=00010020 vaddr=3f400020 size=0ba60h ( 47712) map[0m
[0;32mI (122) esp_image: segment 1: paddr=0001ba88 vaddr=3ffb0000 size=02228h (  8744) load[0m
[0;32mI (125) esp_image: segment 2: paddr=0001dcb8 vaddr=40080000 size=02360h (  9056) load[0m
[0;32mI (131) esp_image: segment 3: paddr=00020020 vaddr=400d0020 size=1b358h (111448) map[0m
[0;32mI (167) esp_image: segment 4: paddr=0003b380 vaddr=40082360 size=0ba04h ( 47620) load[0m
[0;32mI (190) boot: Loaded app from partition at offset 0x10000[0m
[0;32mI (190) boot: Disabling RNG early entropy source...[0m
[0;32mI (202) cpu_start: Multicore app[0m
[0;32mI (202) cpu_start: Pro cpu up.[0m
[0;32mI (202) cpu_start: Starting app cpu, entry point is 0x40081360[0m
[0;32mI (0) cpu_start: App cpu up.[0m
[0;32mI (220) cpu_start: Pro cpu start user code[0m
[0;32mI (220) cpu_start: cpu freq: 240000000 Hz[0m
[0;32mI (220) cpu_start: Application information:[0m
[0;32mI (225) cpu_start: Project name:     marcelino[0m
[0;32mI (230) cpu_start: App version:      e874d60-dirty[0m
[0;32mI (235) cpu_start: Compile time:     Nov 16 2023 21:23:52[0m
[0;32mI (241) cpu_start: ELF file SHA256:  87eead55d4cc3433...[0m
[0;32mI (247) cpu_start: ESP-IDF:          v5.1.1-dirty[0m
[0;32mI (253) cpu_start: Min chip rev:     v0.0[0m
[0;32mI (258) cpu_start: Max chip rev:     v3.99 [0m
[0;32mI (262) cpu_start: Chip rev:         v1.0[0m
[0;32mI (267) heap_init: Initializing. RAM available for dynamic allocation:[0m
[0;32mI (274) heap_init: At 3FFAE6E0 len 00001920 (6 KiB): DRAM[0m
[0;32mI (280) heap_init: At 3FFB2C78 len 0002D388 (180 KiB): DRAM[0m
[0;32mI (287) heap_init: At 3FFE0440 len 00003AE0 (14 KiB): D/IRAM[0m
[0;32mI (293) heap_init: At 3FFE4350 len 0001BCB0 (111 KiB): D/IRAM[0m
[0;32mI (299) heap_init: At 4008DD64 len 0001229C (72 KiB): IRAM[0m
[0;32mI (306) spi_flash: detected chip: generic[0m
[0;32mI (310) spi_flash: flash io: qio[0m
[0;32mI (314) Blink LED G: Task created[0m
[0;32mI (318) Print MSG: Task created[0m
[0;32mI (322) app_start: Starting scheduler on CPU0[0m
[0;32mI (0) app_start: Starting scheduler on CPU1[0m
[0;32mI (327) main_task: Started on CPU0[0m
[0;32mI (337) main_task: Calling app_main()[0m
ets Jun  8 2016 00:22:57

rst:0x7 (TG0WDT_SYS_RESET),boot:0x13 (SPI_FAST_FLASH_BOOT)
configsip: 0, SPIWP:0xee
clk_drv:0x00,q_drv:0x00,d_drv:0x00,cs0_drv:0x00,hd_drv:0x00,wp_drv:0x00
mode:DIO, clock div:1
load:0x3fff0030,len:7432
load:0x40078000,len:16576
load:0x40080400,len:4
ho 8 tail 4 room 4
load:0x40080404,len:4284
entry 0x40080668
[0;32mI (183) boot: ESP-IDF v5.1.1-dirty 2nd stage bootloader[0m
[0;32mI (183) boot: compile time Nov 11 2023 12:23:34[0m
[0;32mI (183) boot: Multicore bootloader[0m
[0;32mI (189) boot: chip revision: v1.0[0m
[0;32mI (193) qio_mode: Enabling default flash chip QIO[0m
[0;32mI (198) boot.esp32: SPI Speed      : 80MHz[0m
[0;32mI (203) boot.esp32: SPI Mode       : QIO[0m
[0;32mI (207) boot.esp32: SPI Flash Size : 4MB[0m
[0;33mW (212) boot.esp32: PRO CPU has been reset by WDT.[0m
[0;33mW (217) boot.esp32: WDT reset info: PRO CPU PC=0x40089a50[0m
[0;33mW (223) boot.esp32: WDT reset info: APP CPU PC=0x400d2066[0m
[0;32mI (230) boot: Enabling RNG early entropy source...[0m
[0;32mI (235) boot: Partition Table:[0m
[0;32mI (239) boot: ## Label            Usage          Type ST Offset   Length[0m
[0;32mI (246) boot:  0 nvs              WiFi data        01 02 00009000 00006000[0m
[0;32mI (254) boot:  1 phy_init         RF data          01 01 0000f000 00001000[0m
[0;32mI (261) boot:  2 factory          factory app      00 00 00010000 00100000[0m
[0;32mI (269) boot: End of partition table[0m
[0;32mI (273) esp_image: segment 0: paddr=00010020 vaddr=3f400020 size=0ba60h ( 47712) map[0m
[0;32mI (295) esp_image: segment 1: paddr=0001ba88 vaddr=3ffb0000 size=02228h (  8744) load[0m
[0;32mI (298) esp_image: segment 2: paddr=0001dcb8 vaddr=40080000 size=02360h (  9056) load[0m
[0;32mI (304) esp_image: segment 3: paddr=00020020 vaddr=400d0020 size=1b358h (111448) map[0m
[0;32mI (340) esp_image: segment 4: paddr=0003b380 vaddr=40082360 size=0ba04h ( 47620) load[0m
[0;32mI (363) boot: Loaded app from partition at offset 0x10000[0m
[0;32mI (363) boot: Disabling RNG early entropy source...[0m
[0;32mI (374) cpu_start: Multicore app[0m
[0;32mI (374) cpu_start: Pro cpu up.[0m
[0;32mI (374) cpu_start: Starting app cpu, entry point is 0x40081360[0m
[0;32mI (0) cpu_start: App cpu up.[0m
[0;32mI (392) cpu_start: Pro cpu start user code[0m
[0;32mI (392) cpu_start: cpu freq: 240000000 Hz[0m
[0;32mI (392) cpu_start: Application information:[0m
[0;32mI (397) cpu_start: Project name:     marcelino[0m
[0;32mI (402) cpu_start: App version:      e874d60-dirty[0m
[0;32mI (408) cpu_start: Compile time:     Nov 16 2023 21:23:52[0m
[0;32mI (414) cpu_start: ELF file SHA256:  87eead55d4cc3433...[0m
[0;32mI (420) cpu_start: ESP-IDF:          v5.1.1-dirty[0m
[0;32mI (425) cpu_start: Min chip rev:     v0.0[0m
[0;32mI (430) cpu_start: Max chip rev:     v3.99 [0m
[0;32mI (435) cpu_start: Chip rev:         v1.0[0m
[0;32mI (440) heap_init: Initializing. RAM available for dynamic allocation:[0m
[0;32mI (447) heap_init: At 3FFAE6E0 len 00001920 (6 KiB): DRAM[0m
[0;32mI (453) heap_init: At 3FFB2C78 len 0002D388 (180 KiB): DRAM[0m
[0;32mI (459) heap_init: At 3FFE0440 len 00003AE0 (14 KiB): D/IRAM[0m
[0;32mI (465) heap_init: At 3FFE4350 len 0001BCB0 (111 KiB): D/IRAM[0m
[0;32mI (472) heap_init: At 4008DD64 len 0001229C (72 KiB): IRAM[0m
[0;32mI (479) spi_flash: detected chip: generic[0m
[0;32mI (483) spi_flash: flash io: qio[0m
[0;32mI (487) Blink LED G: Task created[0m
[0;32mI (491) Print MSG: Task created[0m
[0;32mI (495) app_start: Starting scheduler on CPU0[0m
[0;32mI (0) app_start: Starting scheduler on CPU1[0m
[0;32mI (500) main_task: Started on CPU0[0m
[0;32mI (510) main_task: Calling app_main()[0m
ets Jun  8 2016 00:22:57

rst:0x7 (TG0WDT_SYS_RESET),boot:0x13 (SPI_FAST_FLASH_BOOT)
configsip: 0, SPIWP:0xee
clk_drv:0x00,q_drv:0x00,d_drv:0x00,cs0_drv:0x00,hd_drv:0x00,wp_drv:0x00
mode:DIO, clock div:1
load:0x3fff0030,len:7432
load:0x40078000,len:16576
load:0x40080400,len:4
ho 8 tail 4 room 4
load:0x40080404,len:4284
entry 0x40080668
[0;32mI (183) boot: ESP-IDF v5.1.1-dirty 2nd stage bootloader[0m
[0;32mI (183) boot: compile time Nov 11 2023 12:23:34[0m
[0;32mI (183) boot: Multicore bootloader[0m
[0;32mI (189) boot: chip revision: v1.0[0m
[0;32mI (193) qio_mode: Enabling default flash chip QIO[0m
[0;32mI (198) boot.esp32: SPI Speed      : 80MHz[0m
[0;32mI (203) boot.esp32: SPI Mode       : QIO[0m
[0;32mI (207) boot.esp32: SPI Flash Size : 4MB[0m
[0;33mW (212) boot.esp32: PRO CPU has been reset by WDT.[0m
[0;33mW (217) boot.esp32: WDT reset info: PRO CPU PC=0x40089a45[0m
[0;33mW (223) boot.esp32: WDT reset info: APP CPU PC=0x400d2066[0m
[0;32mI (230) boot: Enabling RNG early entropy source...[0m
[0;32mI (235) boot: Partition Table:[0m
[0;32mI (239) boot: ## Label            Usage          Type ST Offset   Length[0m
[0;32mI (246) boot:  0 nvs              WiFi data        01 02 00009000 00006000[0m
[0;32mI (254) boot:  1 phy_init         RF data          01 01 0000f000 00001000[0m
[0;32mI (261) boot:  2 factory          factory app      00 00 00010000 00100000[0m
[0;32mI (269) boot: End of partition table[0m
[0;32mI (273) esp_image: segment 0: paddr=00010020 vaddr=3f400020 size=0ba60h ( 47712) map[0m
[0;32mI (295) esp_image: segment 1: paddr=0001ba88 vaddr=3ffb0000 size=02228h (  8744) load[0m
[0;32mI (298) esp_image: segment 2: paddr=0001dcb8 vaddr=40080000 size=02360h (  9056) load[0m
[0;32mI (304) esp_image: segment 3: paddr=00020020 vaddr=400d0020 size=1b358h (111448) map[0m
[0;32mI (340) esp_image: segment 4: paddr=0003b380 vaddr=40082360 size=0ba04h ( 47620) load[0m
[0;32mI (363) boot: Loaded app from partition at offset 0x10000[0m
[0;32mI (363) boot: Disabling RNG early entropy source...[0m
[0;32mI (374) cpu_start: Multicore app[0m
[0;32mI (374) cpu_start: Pro cpu up.[0m
[0;32mI (374) cpu_start: Starting app cpu, entry point is 0x40081360[0m
[0;32mI (0) cpu_start: App cpu up.[0m
[0;32mI (392) cpu_start: Pro cpu start user code[0m
[0;32mI (392) cpu_start: cpu freq: 240000000 Hz[0m
[0;32mI (392) cpu_start: Application information:[0m
[0;32mI (397) cpu_start: Project name:     marcelino[0m
[0;32mI (402) cpu_start: App version:      e874d60-dirty[0m
[0;32mI (408) cpu_start: Compile time:     Nov 16 2023 21:23:52[0m
[0;32mI (414) cpu_start: ELF file SHA256:  87eead55d4cc3433...[0m
[0;32mI (420) cpu_start: ESP-IDF:          v5.1.1-dirty[0m
[0;32mI (425) cpu_start: Min chip rev:     v0.0[0m
[0;32mI (430) cpu_start: Max chip rev:     v3.99 [0m
[0;32mI (435) cpu_start: Chip rev:         v1.0[0m
[0;32mI (440) heap_init: Initializing. RAM available for dynamic allocation:[0m
[0;32mI (447) heap_init: At 3FFAE6E0 len 00001920 (6 KiB): DRAM[0m
[0;32mI (453) heap_init: At 3FFB2C78 len 0002D388 (180 KiB): DRAM[0m
[0;32mI (459) heap_init: At 3FFE0440 len 00003AE0 (14 KiB): D/IRAM[0m
[0;32mI (465) heap_init: At 3FFE4350 len 0001BCB0 (111 KiB): D/IRAM[0m
[0;32mI (472) heap_init: At 4008DD64 len 0001229C (72 KiB): IRAM[0m
[0;32mI (479) spi_flash: detected chip: generic[0m
[0;32mI (483) spi_flash: flash io: qio[0m
[0;32mI (487) Blink LED G: Task created[0m
[0;32mI (491) Print MSG: Task created[0m
[0;32mI (495) app_start: Starting scheduler on CPU0[0m
[0;32mI (0) app_start: Starting scheduler on CPU1[0m
[0;32mI (500) main_task: Started on CPU0[0m
[0;32mI (510) main_task: Calling app_main()[0m
ets Jun  8 2016 00:22:57

rst:0x7 (TG0WDT_SYS_RESET),boot:0x13 (SPI_FAST_FLASH_BOOT)
configsip: 0, SPIWP:0xee
clk_drv:0x00,q_drv:0x00,d_drv:0x00,cs0_drv:0x00,hd_drv:0x00,wp_drv:0x00
mode:DIO, clock div:1
load:0x3fff0030,len:7432
load:0x40078000,len:16576
load:0x40080400,len:4
ho 8 tail 4 room 4
load:0x40080404,len:4284
entry 0x40080668
[0;32mI (183) boot: ESP-IDF v5.1.1-dirty 2nd stage bootloader[0m
[0;32mI (183) boot: compile time Nov 11 2023 12:23:34[0m
[0;32mI (183) boot: Multicore bootloader[0m
[0;32mI (189) boot: chip revision: v1.0[0m
[0;32mI (193) qio_mode: Enabling default flash chip QIO[0m
[0;32mI (198) boot.esp32: SPI Speed      : 80MHz[0m
[0;32mI (203) boot.esp32: SPI Mode       : QIO[0m
[0;32mI (207) boot.esp32: SPI Flash Size : 4MB[0m
[0;33mW (212) boot.esp32: PRO CPU has been reset by WDT.[0m
[0;33mW (217) boot.esp32: WDT reset info: PRO CPU PC=0x4008295c[0m
[0;33mW (223) boot.esp32: WDT reset info: APP CPU PC=0x400d2066[0m
[0;32mI (230) boot: Enabling RNG early entropy source...[0m
[0;32mI (235) boot: Partition Table:[0m
[0;32mI (239) boot: ## Label            Usage          Type ST Offset   Length[0m
[0;32mI (246) boot:  0 nvs              WiFi data        01 02 00009000 00006000[0m
[0;32mI (254) boot:  1 phy_init         RF data          01 01 0000f000 00001000[0m
[0;32mI (261) boot:  2 factory          factory app      00 00 00010000 00100000[0m
[0;32mI (269) boot: End of partition table[0m
[0;32mI (273) esp_image: segment 0: paddr=00010020 vaddr=3f400020 size=0ba60h ( 47712) map[0m
[0;32mI (295) esp_image: segment 1: paddr=0001ba88 vaddr=3ffb0000 size=02228h (  8744) load[0m
[0;32mI (298) esp_image: segment 2: paddr=0001dcb8 vaddr=40080000 size=02360h (  9056) load[0m
[0;32mI (304) esp_image: segment 3: paddr=00020020 vaddr=400d0020 size=1b358h (111448) map[0m
[0;32mI (340) esp_image: segment 4: paddr=0003b380 vaddr=40082360 size=0ba04h ( 47620) load[0m
[0;32mI (363) boot: Loaded app from partition at offset 0x10000[0m
[0;32mI (363) boot: Disabling RNG early entropy source...[0m
[0;32mI (374) cpu_start: Multicore app[0m
[0;32mI (374) cpu_start: Pro cpu up.[0m
[0;32mI (374) cpu_start: Starting app cpu, entry point is 0x40081360[0m
[0;32mI (0) cpu_start: App cpu up.[0m
[0;32mI (392) cpu_start: Pro cpu start user code[0m
[0;32mI (392) cpu_start: cpu freq: 240000000 Hz[0m
[0;32mI (392) cpu_start: Application information:[0m
[0;32mI (397) cpu_start: Project name:     marcelino[0m
[0;32mI (402) cpu_start: App version:      e874d60-dirty[0m
[0;32mI (408) cpu_start: Compile time:     Nov 16 2023 21:23:52[0m
[0;32mI (414) cpu_start: ELF file SHA256:  87eead55d4cc3433...[0m
[0;32mI (420) cpu_start: ESP-IDF:          v5.1.1-dirty[0m
[0;32mI (425) cpu_start: Min chip rev:     v0.0[0m
[0;32mI (430) cpu_start: Max chip rev:     v3.99 [0m
[0;32mI (435) cpu_start: Chip rev:         v1.0[0m
[0;32mI (440) heap_init: Initializing. RAM available for dynamic allocation:[0m
[0;32mI (447) heap_init: At 3FFAE6E0 len 00001920 (6 KiB): DRAM[0m
[0;32mI (453) heap_init: At 3FFB2C78 len 0002D388 (180 KiB): DRAM[0m
[0;32mI (459) heap_init: At 3FFE0440 len 00003AE0 (14 KiB): D/IRAM[0m
[0;32mI (465) heap_init: At 3FFE4350 len 0001BCB0 (111 KiB): D/IRAM[0m
[0;32mI (472) heap_init: At 4008DD64 len 0001229C (72 KiB): IRAM[0m
[0;32mI (479) spi_flash: detected chip: generic[0m
[0;32mI (483) spi_flash: flash io: qio[0m
[0;32mI (487) Blink LED G: Task created[0m
[0;32mI (491) Print MSG: Task created[0m
[0;32mI (495) app_start: Starting scheduler on CPU0[0m
[0;32mI (0) app_start: Starting scheduler on CPU1[0m
[0;32mI (500) main_task: Started on CPU0[0m
[0;32mI (510) main_task: Calling app_main()[0m
ets Jun  8 2016 00:22:57

rst:0x7 (TG0WDT_SYS_RESET),boot:0x13 (SPI_FAST_FLASH_BOOT)
configsip: 0, SPIWP:0xee
clk_drv:0x00,q_drv:0x00,d_drv:0x00,cs0_drv:0x00,hd_drv:0x00,wp_drv:0x00
mode:DIO, clock div:1
load:0x3fff0030,len:7432
load:0x40078000,len:16576
load:0x40080400,len:4
ho 8 tail 4 room 4
load:0x40080404,len:4284
entry 0x40080668
[0;32mI (183) boot: ESP-IDF v5.1.1-dirty 2nd stage bootloader[0m
[0;32mI (183) boot: compile time Nov 11 2023 12:23:34[0m
[0;32mI (183) boot: Multicore bootloader[0m
[0;32mI (189) boot: chip revision: v1.0[0m
[0;32mI (193) qio_mode: Enabling default flash chip QIO[0m
[0;32mI (198) boot.esp32: SPI Speed      : 80MHz[0m
[0;32mI (203) boot.esp32: SPI Mode       : QIO[0m
[0;32mI (207) boot.esp32: SPI Flash Size : 4MB[0m
[0;33mW (212) boot.esp32: PRO CPU has been reset by WDT.[0m
[0;33mW (217) boot.esp32: WDT reset info: PRO CPU PC=0x40089a50[0m
[0;33mW (223) boot.esp32: WDT reset info: APP CPU PC=0x400d2066[0m
[0;32mI (230) boot: Enabling RNG early entropy source...[0m
[0;32mI (235) boot: Partition Table:[0m
[0;32mI (239) boot: ## Label            Usage          Type ST Offset   Length[0m
[0;32mI (246) boot:  0 nvs              WiFi data        01 02 00009000 00006000[0m
[0;32mI (254) boot:  1 phy_init         RF data          01 01 0000f000 00001000[0m
[0;32mI (261) boot:  2 factory          factory app      00 00 00010000 00100000[0m
[0;32mI (269) boot: End of partition table[0m
[0;32mI (273) esp_image: segment 0: paddr=00010020 vaddr=3f400020 size=0ba60h ( 47712) map[0m
[0;32mI (295) esp_image: segment 1: paddr=0001ba88 vaddr=3ffb0000 size=02228h (  8744) load[0m
[0;32mI (298) esp_image: segment 2: paddr=0001dcb8 vaddr=40080000 size=02360h (  9056) load[0m
[0;32mI (304) esp_image: segment 3: paddr=00020020 vaddr=400d0020 size=1b358h (111448) map[0m
[0;32mI (340) esp_image: segment 4: paddr=0003b380 vaddr=40082360 size=0ba04h ( 47620) load[0m
[0;32mI (363) boot: Loaded app from partition at offset 0x10000[0m
[0;32mI (363) boot: Disabling RNG early entropy source...[0m
[0;32mI (374) cpu_start: Multicore app[0m
[0;32mI (374) cpu_start: Pro cpu up.[0m
[0;32mI (374) cpu_start: Starting app cpu, entry point is 0x40081360[0m
[0;32mI (0) cpu_start: App cpu up.[0m
[0;32mI (392) cpu_start: Pro cpu start user code[0m
[0;32mI (392) cpu_start: cpu freq: 240000000 Hz[0m
[0;32mI (392) cpu_start: Application information:[0m
[0;32mI (397) cpu_start: Project name:     marcelino[0m
[0;32mI (402) cpu_start: App version:      e874d60-dirty[0m
[0;32mI (408) cpu_start: Compile time:     Nov 16 2023 21:23:52[0m
[0;32mI (414) cpu_start: ELF file SHA256:  87eead55d4cc3433...[0m
[0;32mI (420) cpu_start: ESP-IDF:          v5.1.1-dirty[0m
[0;32mI (425) cpu_start: Min chip rev:     v0.0[0m
[0;32mI (430) cpu_start: Max chip rev:     v3.99 [0m
[0;32mI (435) cpu_start: Chip rev:         v1.0[0m
[0;32mI (440) heap_init: Initializing. RAM available for dynamic allocation:[0m
[0;32mI (447) heap_init: At 3FFAE6E0 len 00001920 (6 KiB): DRAM[0m
[0;32mI (453) heap_init: At 3FFB2C78 len 0002D388 (180 KiB): DRAM[0m
[0;32mI (459) heap_init: At 3FFE0440 len 00003AE0 (14 KiB): D/IRAM[0m
[0;32mI (465) heap_init: At 3FFE4350 len 0001BCB0 (111 KiB): D/IRAM[0m
[0;32mI (472) heap_init: At 4008DD64 len 0001229C (72 KiB): IRAM[0m
[0;32mI (479) spi_flash: detected chip: generic[0m
[0;32mI (483) spi_flash: flash io: qio[0m
[0;32mI (487) Blink LED G: Task created[0m
[0;32mI (491) Print MSG: Task created[0m
[0;32mI (495) app_start: Starting scheduler on CPU0[0m
[0;32mI (0) app_start: Starting scheduler on CPU1[0m
[0;32mI (500) main_task: Started on CPU0[0m
[0;32mI (510) main_task: Calling app_main()[0m
ets Jun  8 2016 00:22:57

rst:0x7 (TG0WDT_SYS_RESET),boot:0x13 (SPI_FAST_FLASH_BOOT)
configsip: 0, SPIWP:0xee
clk_drv:0x00,q_drv:0x00,d_drv:0x00,cs0_drv:0x00,hd_drv:0x00,wp_drv:0x00
mode:DIO, clock div:1
load:0x3fff0030,len:7432
load:0x40078000,len:16576
load:0x40080400,len:4
ho 8 tail 4 room 4
load:0x40080404,len:4284
entry 0x40080668
[0;32mI (183) boot: ESP-IDF v5.1.1-dirty 2nd stage bootloader[0m
[0;32mI (183) boot: compile time Nov 11 2023 12:23:34[0m
[0;32mI (183) boot: Multicore bootloader[0m
[0;32mI (189) boot: chip revision: v1.0[0m
[0;32mI (193) qio_mode: Enabling default flash chip QIO[0m
[0;32mI (198) boot.esp32: SPI Speed      : 80MHz[0m
[0;32mI (203) boot.esp32: SPI Mode       : QIO[0m
[0;32mI (207) boot.esp32: SPI Flash Size : 4MB[0m
[0;33mW (212) boot.esp32: PRO CPU has been reset by WDT.[0m
[0;33mW (217) boot.esp32: WDT reset info: PRO CPU PC=0x40089a4e[0m
[0;33mW (223) boot.esp32: WDT reset info: APP CPU PC=0x400d2066[0m
[0;32mI (230) boot: Enabling RNG early entropy source...[0m
[0;32mI (235) boot: Partition Table:[0m
[0;32mI (239) boot: ## Label            Usage          Type ST Offset   Length[0m
[0;32mI (246) boot:  0 nvs              WiFi data        01 02 00009000 00006000[0m
[0;32mI (254) boot:  1 phy_init         RF data          01 01 0000f000 00001000[0m
[0;32mI (261) boot:  2 factory          factory app      00 00 00010000 00100000[0m
[0;32mI (269) boot: End of partition table[0m
[0;32mI (273) esp_image: segment 0: paddr=00010020 vaddr=3f400020 size=0ba60h ( 47712) map[0m
[0;32mI (295) esp_image: segment 1: paddr=0001ba88 vaddr=3ffb0000 size=02228h (  8744) load[0m
[0;32mI (298) esp_image: segment 2: paddr=0001dcb8 vaddr=40080000 size=02360h (  9056) load[0m
[0;32mI (304) esp_image: segment 3: paddr=00020020 vaddr=400d0020 size=1b358h (111448) map[0m
[0;32mI (340) esp_image: segment 4: paddr=0003b380 vaddr=40082360 size=0ba04h ( 47620) load[0m
[0;32mI (363) boot: Loaded app from partition at offset 0x10000[0m
[0;32mI (363) boot: Disabling RNG early entropy source...[0m
[0;32mI (374) cpu_start: Multicore app[0m
[0;32mI (374) cpu_start: Pro cpu up.[0m
[0;32mI (374) cpu_start: Starting app cpu, entry point is 0x40081360[0m
[0;32mI (0) cpu_start: App cpu up.[0m
[0;32mI (392) cpu_start: Pro cpu start user code[0m
[0;32mI (392) cpu_start: cpu freq: 240000000 Hz[0m
[0;32mI (392) cpu_start: Application information:[0m
[0;32mI (397) cpu_start: Project name:     marcelino[0m
[0;32mI (402) cpu_start: App version:      e874d60-dirty[0m
[0;32mI (408) cpu_start: Compile time:     Nov 16 2023 21:23:52[0m
[0;32mI (414) cpu_start: ELF file SHA256:  87eead55d4cc3433...[0m
[0;32mI (420) cpu_start: ESP-IDF:          v5.1.1-dirty[0m
[0;32mI (425) cpu_start: Min chip rev:     v0.0[0m
[0;32mI (430) cpu_start: Max chip rev:     v3.99 [0m
[0;32mI (435) cpu_start: Chip rev:         v1.0[0m
[0;32mI (440) heap_init: Initializing. RAM available for dynamic allocation:[0m
[0;32mI (447) heap_init: At 3FFAE6E0 len 00001920 (6 KiB): DRAM[0m
[0;32mI (453) heap_init: At 3FFB2C78 len 0002D388 (180 KiB): DRAM[0m
[0;32mI (459) heap_init: At 3FFE0440 len 00003AE0 (14 KiB): D/IRAM[0m
[0;32mI (465) heap_init: At 3FFE4350 len 0001BCB0 (111 KiB): D/IRAM[0m
[0;32mI (472) heap_init: At 4008DD64 len 0001229C (72 KiB): IRAM[0m
[0;32mI (479) spi_flash: detected chip: generic[0m
[0;32mI (483) spi_flash: flash io: qio[0m
[0;32mI (487) Blink LED G: Task created[0m
[0;32mI (491) Print MSG: Task created[0m
[0;32mI (495) app_start: Starting scheduler on CPU0[0m
[0;32mI (0) app_start: Starting scheduler on CPU1[0m
[0;32mI (500) main_task: Started on CPU0[0m
[0;32mI (510) main_task: Calling app_main()[0m
ets Jun  8 2016 00:22:57

rst:0x7 (TG0WDT_SYS_RESET),boot:0x13 (SPI_FAST_FLASH_BOOT)
configsip: 0, SPIWP:0xee
clk_drv:0x00,q_drv:0x00,d_drv:0x00,cs0_drv:0x00,hd_drv:0x00,wp_drv:0x00
mode:DIO, clock div:1
load:0x3fff0030,len:7432
load:0x40078000,len:16576
load:0x40080400,len:4
ho 8 tail 4 room 4
load:0x40080404,len:4284
entry 0x40080668
[0;32mI (183) boot: ESP-IDF v5.1.1-dirty 2nd stage bootloader[0m
[0;32mI (183) boot: compile time Nov 11 2023 12:23:34[0m
[0;32mI (183) boot: Multicore bootloader[0m
[0;32mI (189) boot: chip revision: v1.0[0m
[0;32mI (193) qio_mode: Enabling default flash chip QIO[0m
[0;32mI (198) boot.esp32: SPI Speed      : 80MHz[0m
[0;32mI (203) boot.esp32: SPI Mode       : QIO[0m
[0;32mI (207) boot.esp32: SPI Flash Size : 4MB[0m
[0;33mW (212) boot.esp32: PRO CPU has been reset by WDT.[0m
[0;33mW (217) boot.esp32: WDT reset info: PRO CPU PC=0x40089a52[0m
[0;33mW (223) boot.esp32: WDT reset info: APP CPU PC=0x400d2066[0m
[0;32mI (230) boot: Enabling RNG early entropy source...[0m
[0;32mI (235) boot: Partition Table:[0m
[0;32mI (239) boot: ## Label            Usage          Type ST Offset   Length[0m
[0;32mI (246) boot:  0 nvs              WiFi data        01 02 00009000 00006000[0m
[0;32mI (254) boot:  1 phy_init         RF data          01 01 0000f000 00001000[0m
[0;32mI (261) boot:  2 factory          factory app      00 00 00010000 00100000[0m
[0;32mI (269) boot: End of partition table[0m
[0;32mI (273) esp_image: segment 0: paddr=00010020 vaddr=3f400020 size=0ba60h ( 47712) map[0m
[0;32mI (295) esp_image: segment 1: paddr=0001ba88 vaddr=3ffb0000 size=02228h (  8744) load[0m
[0;32mI (298) esp_image: segment 2: paddr=0001dcb8 vaddr=40080000 size=02360h (  9056) load[0m
[0;32mI (304) esp_image: segment 3: paddr=00020020 vaddr=400d0020 size=1b358h (111448) map[0m
[0;32mI (340) esp_image: segment 4: paddr=0003b380 vaddr=40082360 size=0ba04h ( 47620) load[0m
[0;32mI (363) boot: Loaded app from partition at offset 0x10000[0m
[0;32mI (363) boot: Disabling RNG early entropy source...[0m
[0;32mI (374) cpu_start: Multicore app[0m
[0;32mI (374) cpu_start: Pro cpu up.[0m
[0;32mI (374) cpu_start: Starting app cpu, entry point is 0x40081360[0m
[0;32mI (0) cpu_start: App cpu up.[0m
[0;32mI (392) cpu_start: Pro cpu start user code[0m
[0;32mI (392) cpu_start: cpu freq: 240000000 Hz[0m
[0;32mI (392) cpu_start: Application information:[0m
[0;32mI (397) cpu_start: Project name:     marcelino[0m
[0;32mI (402) cpu_start: App version:      e874d60-dirty[0m
[0;32mI (408) cpu_start: Compile time:     Nov 16 2023 21:23:52[0m
[0;32mI (414) cpu_start: ELF file SHA256:  87eead55d4cc3433...[0m
[0;32mI (420) cpu_start: ESP-IDF:          v5.1.1-dirty[0m
[0;32mI (425) cpu_start: Min chip rev:     v0.0[0m
[0;32mI (430) cpu_start: Max chip rev:     v3.99 [0m
[0;32mI (435) cpu_start: Chip rev:         v1.0[0m
[0;32mI (440) heap_init: Initializing. RAM available for dynamic allocation:[0m
[0;32mI (447) heap_init: At 3FFAE6E0 len 00001920 (6 KiB): DRAM[0m
[0;32mI (453) heap_init: At 3FFB2C78 len 0002D388 (180 KiB): DRAM[0m
[0;32mI (459) heap_init: At 3FFE0440 len 00003AE0 (14 KiB): D/IRAM[0m
[0;32mI (465) heap_init: At 3FFE4350 len 0001BCB0 (111 KiB): D/IRAM[0m
[0;32mI (472) heap_init: At 4008DD64 len 0001229C (72 KiB): IRAM[0m
[0;32mI (479) spi_flash: detected chip: generic[0m
[0;32mI (483) spi_flash: flash io: qio[0m
[0;32mI (487) Blink LED G: Task created[0m
[0;32mI (491) Print MSG: Task created[0m
[0;32mI (495) app_start: Starting scheduler on CPU0[0m
[0;32mI (0) app_start: Starting scheduler on CPU1[0m
[0;32mI (500) main_task: Started on CPU0[0m
[0;32mI (510) main_task: Calling app_main()[0m
ets Jun  8 2016 00:22:57

rst:0x7 (TG0WDT_SYS_RESET),boot:0x13 (SPI_FAST_FLASH_BOOT)
configsip: 0, SPIWP:0xee
clk_drv:0x00,q_drv:0x00,d_drv:0x00,cs0_drv:0x00,hd_drv:0x00,wp_drv:0x00
mode:DIO, clock div:1
load:0x3fff0030,len:7432
load:0x40078000,len:16576
load:0x40080400,len:4
ho 8 tail 4 room 4
load:0x40080404,len:4284
entry 0x40080668
[0;32mI (183) boot: ESP-IDF v5.1.1-dirty 2nd stage bootloader[0m
[0;32mI (183) boot: compile time Nov 11 2023 12:23:34[0m
[0;32mI (183) boot: Multicore bootloader[0m
[0;32mI (189) boot: chip revision: v1.0[0m
[0;32mI (193) qio_mode: Enabling default flash chip QIO[0m
[0;32mI (198) boot.esp32: SPI Speed      : 80MHz[0m
[0;32mI (203) boot.esp32: SPI Mode       : QIO[0m
[0;32mI (207) boot.esp32: SPI Flash Size : 4MB[0m
[0;33mW (212) boot.esp32: PRO CPU has been reset by WDT.[0m
[0;33mW (217) boot.esp32: WDT reset info: PRO CPU PC=0x40089a2c[0m
[0;33mW (223) boot.esp32: WDT reset info: APP CPU PC=0x400d2066[0m
[0;32mI (230) boot: Enabling RNG early entropy source...[0m
[0;32mI (235) boot: Partition Table:[0m
[0;32mI (239) boot: ## Label            Usage          Type ST Offset   Length[0m
[0;32mI (246) boot:  0 nvs              WiFi data        01 02 00009000 00006000[0m
[0;32mI (254) boot:  1 phy_init         RF data          01 01 0000f000 00001000[0m
[0;32mI (261) boot:  2 factory          factory app      00 00 00010000 00100000[0m
[0;32mI (269) boot: End of partition table[0m
[0;32mI (273) esp_image: segment 0: paddr=00010020 vaddr=3f400020 size=0ba60h ( 47712) map[0m
[0;32mI (295) esp_image: segment 1: paddr=0001ba88 vaddr=3ffb0000 size=02228h (  8744) load[0m
[0;32mI (298) esp_image: segment 2: paddr=0001dcb8 vaddr=40080000 size=02360h (  9056) load[0m
[0;32mI (304) esp_image: segment 3: paddr=00020020 vaddr=400d0020 size=1b358h (111448) map[0m
[0;32mI (340) esp_image: segment 4: paddr=0003b380 vaddr=40082360 size=0ba04h ( 47620) load[0m
[0;32mI (363) boot: Loaded app from partition at offset 0x10000[0m
[0;32mI (363) boot: Disabling RNG early entropy source...[0m
[0;32mI (374) cpu_start: Multicore app[0m
[0;32mI (374) cpu_start: Pro cpu up.[0m
[0;32mI (374) cpu_start: Starting app cpu, entry point is 0x40081360[0m
[0;32mI (0) cpu_start: App cpu up.[0m
[0;32mI (392) cpu_start: Pro cpu start user code[0m
[0;32mI (392) cpu_start: cpu freq: 240000000 Hz[0m
[0;32mI (392) cpu_start: Application information:[0m
[0;32mI (397) cpu_start: Project name:     marcelino[0m
[0;32mI (402) cpu_start: App version:      e874d60-dirty[0m
[0;32mI (408) cpu_start: Compile time:     Nov 16 2023 21:23:52[0m
[0;32mI (414) cpu_start: ELF file SHA256:  87eead55d4cc3433...[0m
[0;32mI (420) cpu_start: ESP-IDF:          v5.1.1-dirty[0m
[0;32mI (425) cpu_start: Min chip rev:     v0.0[0m
[0;32mI (430) cpu_start: Max chip rev:     v3.99 [0m
[0;32mI (435) cpu_start: Chip rev:         v1.0[0m
[0;32mI (440) heap_init: Initializing. RAM available for dynamic allocation:[0m
[0;32mI (447) heap_init: At 3FFAE6E0 len 00001920 (6 KiB): DRAM[0m
[0;32mI (453) heap_init: At 3FFB2C78 len 0002D388 (180 KiB): DRAM[0m
[0;32mI (459) heap_init: At 3FFE0440 len 00003AE0 (14 KiB): D/IRAM[0m
[0;32mI (465) heap_init: At 3FFE4350 len 0001BCB0 (111 KiB): D/IRAM[0m
[0;32mI (472) heap_init: At 4008DD64 len 0001229C (72 KiB): IRAM[0m
[0;32mI (479) spi_flash: detected chip: generic[0m
[0;32mI (483) spi_flash: flash io: qio[0m
[0;32mI (487) Blink LED G: Task created[0m
[0;32mI (491) Print MSG: Task created[0m
[0;32mI (495) app_start: Starting scheduler on CPU0[0m
[0;32mI (0) app_start: Starting scheduler on CPU1[0m
[0;32mI (500) main_task: Started on CPU0[0m
[0;32mI (510) main_task: Calling app_main()[0m
ets Jun  8 2016 00:22:57

rst:0x7 (TG0WDT_SYS_RESET),boot:0x13 (SPI_FAST_FLASH_BOOT)
configsip: 0, SPIWP:0xee
clk_drv:0x00,q_drv:0x00,d_drv:0x00,cs0_drv:0x00,hd_drv:0x00,wp_drv:0x00
mode:DIO, clock div:1
load:0x3fff0030,len:7432
load:0x40078000,len:16576
load:0x40080400,len:4
ho 8 tail 4 room 4
load:0x40080404,len:4284
entry 0x40080668
[0;32mI (183) boot: ESP-IDF v5.1.1-dirty 2nd stage bootloader[0m
[0;32mI (183) boot: compile time Nov 11 2023 12:23:34[0m
[0;32mI (183) boot: Multicore bootloader[0m
[0;32mI (189) boot: chip revision: v1.0[0m
[0;32mI (193) qio_mode: Enabling default flash chip QIO[0m
[0;32mI (198) boot.esp32: SPI Speed      : 80MHz[0m
[0;32mI (203) boot.esp32: SPI Mode       : QIO[0m
[0;32mI (207) boot.esp32: SPI Flash Size : 4MB[0m
[0;33mW (212) boot.esp32: PRO CPU has been reset by WDT.[0m
[0;33mW (217) boot.esp32: WDT reset info: PRO CPU PC=0x40089a62[0m
[0;33mW (223) boot.esp32: WDT reset info: APP CPU PC=0x400d2066[0m
[0;32mI (230) boot: Enabling RNG early entropy source...[0m
[0;32mI (235) boot: Partition Table:[0m
[0;32mI (239) boot: ## Label            Usage          Type ST Offset   Length[0m
[0;32mI (246) boot:  0 nvs              WiFi data        01 02 00009000 00006000[0m
[0;32mI (254) boot:  1 phy_init         RF data          01 01 0000f000 00001000[0m
[0;32mI (261) boot:  2 factory          factory app      00 00 00010000 00100000[0m
[0;32mI (269) boot: End of partition table[0m
[0;32mI (273) esp_image: segment 0: paddr=00010020 vaddr=3f400020 size=0ba60h ( 47712) map[0m
[0;32mI (295) esp_image: segment 1: paddr=0001ba88 vaddr=3ffb0000 size=02228h (  8744) load[0m
[0;32mI (298) esp_image: segment 2: paddr=0001dcb8 vaddr=40080000 size=02360h (  9056) load[0m
[0;32mI (304) esp_image: segment 3: paddr=00020020 vaddr=400d0020 size=1b358h (111448) map[0m
[0;32mI (340) esp_image: segment 4: paddr=0003b380 vaddr=40082360 size=0ba04h ( 47620) load[0m
[0;32mI (363) boot: Loaded app from partition at offset 0x10000[0m
[0;32mI (363) boot: Disabling RNG early entropy source...[0m
[0;32mI (374) cpu_start: Multicore app[0m
[0;32mI (374) cpu_start: Pro cpu up.[0m
[0;32mI (374) cpu_start: Starting app cpu, entry point is 0x40081360[0m
[0;32mI (0) cpu_start: App cpu up.[0m
[0;32mI (392) cpu_start: Pro cpu start user code[0m
[0;32mI (392) cpu_start: cpu freq: 240000000 Hz[0m
[0;32mI (392) cpu_start: Application information:[0m
[0;32mI (397) cpu_start: Project name:     marcelino[0m
[0;32mI (402) cpu_start: App version:      e874d60-dirty[0m
[0;32mI (408) cpu_start: Compile time:     Nov 16 2023 21:23:52[0m
[0;32mI (414) cpu_start: ELF file SHA256:  87eead55d4cc3433...[0m
[0;32mI (420) cpu_start: ESP-IDF:          v5.1.1-dirty[0m
[0;32mI (425) cpu_start: Min chip rev:     v0.0[0m
[0;32mI (430) cpu_start: Max chip rev:     v3.99 [0m
[0;32mI (435) cpu_start: Chip rev:         v1.0[0m
[0;32mI (440) heap_init: Initializing. RAM available for dynamic allocation:[0m
[0;32mI (447) heap_init: At 3FFAE6E0 len 00001920 (6 KiB): DRAM[0m
[0;32mI (453) heap_init: At 3FFB2C78 len 0002D388 (180 KiB): DRAM[0m
[0;32mI (459) heap_init: At 3FFE0440 len 00003AE0 (14 KiB): D/IRAM[0m
[0;32mI (465) heap_init: At 3FFE4350 len 0001BCB0 (111 KiB): D/IRAM[0m
[0;32mI (472) heap_init: At 4008DD64 len 0001229C (72 KiB): IRAM[0m
[0;32mI (479) spi_flash: detected chip: generic[0m
[0;32mI (483) spi_flash: flash io: qio[0m
[0;32mI (487) Blink LED G: Task created[0m
[0;32mI (491) Print MSG: Task created[0m
[0;32mI (495) app_start: Starting scheduler on CPU0[0m
[0;32mI (0) app_start: Starting scheduler on CPU1[0m
[0;32mI (500) main_task: Started on CPU0[0m
[0;32mI (510) main_task: Calling app_main()[0m
ets Jun  8 2016 00:22:57

rst:0x7 (TG0WDT_SYS_RESET),boot:0x13 (SPI_FAST_FLASH_BOOT)
configsip: 0, SPIWP:0xee
clk_drv:0x00,q_drv:0x00,d_drv:0x00,cs0_drv:0x00,hd_drv:0x00,wp_drv:0x00
mode:DIO, clock div:1
load:0x3fff0030,len:7432
load:0x40078000,len:16576
load:0x40080400,len:4
ho 8 tail 4 room 4
load:0x40080404,len:4284
entry 0x40080668
[0;32mI (183) boot: ESP-IDF v5.1.1-dirty 2nd stage bootloader[0m
[0;32mI (183) boot: compile time Nov 11 2023 12:23:34[0m
[0;32mI (183) boot: Multicore bootloader[0m
[0;32mI (189) boot: chip revision: v1.0[0m
[0;32mI (193) qio_mode: Enabling default flash chip QIO[0m
[0;32mI (198) boot.esp32: SPI Speed      : 80MHz[0m
[0;32mI (203) boot.esp32: SPI Mode       : QIO[0m
[0;32mI (207) boot.esp32: SPI Flash Size : 4MB[0m
[0;33mW (212) boot.esp32: PRO CPU has been reset by WDT.[0m
[0;33mW (217) boot.esp32: WDT reset info: PRO CPU PC=0x40089a4c[0m
[0;33mW (223) boot.esp32: WDT reset info: APP CPU PC=0x400d2066[0m
[0;32mI (230) boot: Enabling RNG early entropy source...[0m
[0;32mI (235) boot: Partition Table:[0m
[0;32mI (239) boot: ## Label            Usage          Type ST Offset   Length[0m
[0;32mI (246) boot:  0 nvs              WiFi data        01 02 00009000 00006000[0m
[0;32mI (254) boot:  1 phy_init         RF data          01 01 0000f000 00001000[0m
[0;32mI (261) boot:  2 factory          factory app      00 00 00010000 00100000[0m
[0;32mI (269) boot: End of partition table[0m
[0;32mI (273) esp_image: segment 0: paddr=00010020 vaddr=3f400020 size=0ba60h ( 47712) map[0m
[0;32mI (295) esp_image: segment 1: paddr=0001ba88 vaddr=3ffb0000 size=02228h (  8744) load[0m
[0;32mI (298) esp_image: segment 2: paddr=0001dcb8 vaddr=40080000 size=02360h (  9056) load[0m
[0;32mI (304) esp_image: segment 3: paddr=00020020 vaddr=400d0020 size=1b358h (111448) map[0m
[0;32mI (340) esp_image: segment 4: paddr=0003b380 vaddr=40082360 size=0ba04h ( 47620) load[0m
[0;32mI (363) boot: Loaded app from partition at offset 0x10000[0m
[0;32mI (363) boot: Disabling RNG early entropy source...[0m
[0;32mI (374) cpu_start: Multicore app[0m
[0;32mI (374) cpu_start: Pro cpu up.[0m
[0;32mI (374) cpu_start: Starting app cpu, entry point is 0x40081360[0m
[0;32mI (0) cpu_start: App cpu up.[0m
[0;32mI (392) cpu_start: Pro cpu start user code[0m
[0;32mI (392) cpu_start: cpu freq: 240000000 Hz[0m
[0;32mI (392) cpu_start: Application information:[0m
[0;32mI (397) cpu_start: Project name:     marcelino[0m
[0;32mI (402) cpu_start: App version:      e874d60-dirty[0m
[0;32mI (408) cpu_start: Compile time:     Nov 16 2023 21:23:52[0m
[0;32mI (414) cpu_start: ELF file SHA256:  87eead55d4cc3433...[0m
[0;32mI (420) cpu_start: ESP-IDF:          v5.1.1-dirty[0m
[0;32mI (425) cpu_start: Min chip rev:     v0.0[0m
[0;32mI (430) cpu_start: Max chip rev:     v3.99 [0m
[0;32mI (435) cpu_start: Chip rev:         v1.0[0m
[0;32mI (440) heap_init: Initializing. RAM available for dynamic allocation:[0m
[0;32mI (447) heap_init: At 3FFAE6E0 len 00001920 (6 KiB): DRAM[0m
[0;32mI (453) heap_init: At 3FFB2C78 len 0002D388 (180 KiB): DRAM[0m
[0;32mI (459) heap_init: At 3FFE0440 len 00003AE0 (14 KiB): D/IRAM[0m
[0;32mI (465) heap_init: At 3FFE4350 len 0001BCB0 (111 KiB): D/IRAM[0m
[0;32mI (472) heap_init: At 4008DD64 len 0001229C (72 KiB): IRAM[0m
[0;32mI (479) spi_flash: detected chip: generic[0m
[0;32mI (483) spi_flash: flash io: qio[0m
[0;32mI (487) Blink LED G: Task created[0m
[0;32mI (491) Print MSG: Task created[0m
[0;32mI (495) app_start: Starting scheduler on CPU0[0m
[0;32mI (0) app_start: Starting scheduler on CPU1[0m
[0;32mI (500) main_task: Started on CPU0[0m
[0;32mI (510) main_task: Calling app_main()[0m
ets Jun  8 2016 00:22:57

rst:0x7 (TG0WDT_SYS_RESET),boot:0x13 (SPI_FAST_FLASH_BOOT)
configsip: 0, SPIWP:0xee
clk_drv:0x00,q_drv:0x00,d_drv:0x00,cs0_drv:0x00,hd_drv:0x00,wp_drv:0x00
mode:DIO, clock div:1
load:0x3fff0030,len:7432
load:0x40078000,len:16576
load:0x40080400,len:4
ho 8 tail 4 room 4
load:0x40080404,len:4284
entry 0x40080668
[0;32mI (183) boot: ESP-IDF v5.1.1-dirty 2nd stage bootloader[0m
[0;32mI (183) boot: compile time Nov 11 2023 12:23:34[0m
[0;32mI (183) boot: Multicore bootloader[0m
[0;32mI (189) boot: chip revision: v1.0[0m
[0;32mI (193) qio_mode: Enabling default flash chip QIO[0m
[0;32mI (198) boot.esp32: SPI Speed      : 80MHz[0m
[0;32mI (203) boot.esp32: SPI Mode       : QIO[0m
[0;32mI (207) boot.esp32: SPI Flash Size : 4MB[0m
[0;33mW (212) boot.esp32: PRO CPU has been reset by WDT.[0m
[0;33mW (217) boot.esp32: WDT reset info: PRO CPU PC=0x40089a5a[0m
[0;33mW (223) boot.esp32: WDT reset info: APP CPU PC=0x400d2066[0m
[0;32mI (230) boot: Enabling RNG early entropy source...[0m
[0;32mI (235) boot: Partition Table:[0m
[0;32mI (239) boot: ## Label            Usage          Type ST Offset   Length[0m
[0;32mI (246) boot:  0 nvs              WiFi data        01 02 00009000 00006000[0m
[0;32mI (254) boot:  1 phy_init         RF data          01 01 0000f000 00001000[0m
[0;32mI (261) boot:  2 factory          factory app      00 00 00010000 00100000[0m
[0;32mI (269) boot: End of partition table[0m
[0;32mI (273) esp_image: segment 0: paddr=00010020 vaddr=3f400020 size=0ba60h ( 47712) map[0m
[0;32mI (295) esp_image: segment 1: paddr=0001ba88 vaddr=3ffb0000 size=02228h (  8744) load[0m
[0;32mI (298) esp_image: segment 2: paddr=0001dcb8 vaddr=40080000 size=02360h (  9056) load[0m
[0;32mI (304) esp_image: segment 3: paddr=00020020 vaddr=400d0020 size=1b358h (111448) map[0m
[0;32mI (340) esp_image: segment 4: paddr=0003b380 vaddr=40082360 size=0ba04h ( 47620) load[0m
[0;32mI (363) boot: Loaded app from partition at offset 0x10000[0m
[0;32mI (363) boot: Disabling RNG early entropy source...[0m
[0;32mI (374) cpu_start: Multicore app[0m
[0;32mI (374) cpu_start: Pro cpu up.[0m
[0;32mI (374) cpu_start: Starting app cpu, entry point is 0x40081360[0m
[0;32mI (0) cpu_start: App cpu up.[0m
[0;32mI (392) cpu_start: Pro cpu start user code[0m
[0;32mI (392) cpu_start: cpu freq: 240000000 Hz[0m
[0;32mI (392) cpu_start: Application information:[0m
[0;32mI (397) cpu_start: Project name:     marcelino[0m
[0;32mI (402) cpu_start: App version:      e874d60-dirty[0m
[0;32mI (408) cpu_start: Compile time:     Nov 16 2023 21:23:52[0m
[0;32mI (414) cpu_start: ELF file SHA256:  87eead55d4cc3433...[0m
[0;32mI (420) cpu_start: ESP-IDF:          v5.1.1-dirty[0m
[0;32mI (425) cpu_start: Min chip rev:     v0.0[0m
[0;32mI (430) cpu_start: Max chip rev:     v3.99 [0m
[0;32mI (435) cpu_start: Chip rev:         v1.0[0m
[0;32mI (440) heap_init: Initializing. RAM available for dynamic allocation:[0m
[0;32mI (447) heap_init: At 3FFAE6E0 len 00001920 (6 KiB): DRAM[0m
[0;32mI (453) heap_init: At 3FFB2C78 len 0002D388 (180 KiB): DRAM[0m
[0;32mI (459) heap_init: At 3FFE0440 len 00003AE0 (14 KiB): D/IRAM[0m
[0;32mI (465) heap_init: At 3FFE4350 len 0001BCB0 (111 KiB): D/IRAM[0m
[0;32mI (472) heap_init: At 4008DD64 len 0001229C (72 KiB): IRAM[0m
[0;32mI (479) spi_flash: detected chip: generic[0m
[0;32mI (483) spi_flash: flash io: qio[0m
[0;32mI (487) Blink LED G: Task created[0m
[0;32mI (491) Print MSG: Task created[0m
[0;32mI (495) app_start: Starting scheduler on CPU0[0m
[0;32mI (0) app_start: Starting scheduler on CPU1[0m
[0;32mI (500) main_task: Started on CPU0[0m
[0;32mI (510) main_task: Calling app_main()[0m
ets Jun  8 2016 00:22:57

rst:0x7 (TG0WDT_SYS_RESET),boot:0x13 (SPI_FAST_FLASH_BOOT)
configsip: 0, SPIWP:0xee
clk_drv:0x00,q_drv:0x00,d_drv:0x00,cs0_drv:0x00,hd_drv:0x00,wp_drv:0x00
mode:DIO, clock div:1
load:0x3fff0030,len:7432
load:0x40078000,len:16576
load:0x40080400,len:4
ho 8 tail 4 room 4
load:0x40080404,len:4284
entry 0x40080668
[0;32mI (183) boot: ESP-IDF v5.1.1-dirty 2nd stage bootloader[0m
[0;32mI (183) boot: compile time Nov 11 2023 12:23:34[0m
[0;32mI (183) boot: Multicore bootloader[0m
[0;32mI (189) boot: chip revision: v1.0[0m
[0;32mI (193) qio_mode: Enabling default flash chip QIO[0m
[0;32mI (198) boot.esp32: SPI Speed      : 80MHz[0m
[0;32mI (203) boot.esp32: SPI Mode       : QIO[0m
[0;32mI (207) boot.esp32: SPI Flash Size : 4MB[0m
[0;33mW (212) boot.esp32: PRO CPU has been reset by WDT.[0m
[0;33mW (217) boot.esp32: WDT reset info: PRO CPU PC=0x40089a3a[0m
[0;33mW (223) boot.esp32: WDT reset info: APP CPU PC=0x400d2066[0m
[0;32mI (230) boot: Enabling RNG early entropy source...[0m
[0;32mI (235) boot: Partition Table:[0m
[0;32mI (239) boot: ## Label            Usage          Type ST Offset   Length[0m
[0;32mI (246) boot:  0 nvs              WiFi data        01 02 00009000 00006000[0m
[0;32mI (254) boot:  1 phy_init         RF data          01 01 0000f000 00001000[0m
[0;32mI (261) boot:  2 factory          factory app      00 00 00010000 00100000[0m
[0;32mI (269) boot: End of partition table[0m
[0;32mI (273) esp_image: segment 0: paddr=00010020 vaddr=3f400020 size=0ba60h ( 47712) map[0m
[0;32mI (295) esp_image: segment 1: paddr=0001ba88 vaddr=3ffb0000 size=02228h (  8744) load[0m
[0;32mI (298) esp_image: segment 2: paddr=0001dcb8 vaddr=40080000 size=02360h (  9056) load[0m
[0;32mI (304) esp_image: segment 3: paddr=00020020 vaddr=400d0020 size=1b358h (111448) map[0m
[0;32mI (340) esp_image: segment 4: paddr=0003b380 vaddr=40082360 size=0ba04h ( 47620) load[0m
[0;32mI (363) boot: Loaded app from partition at offset 0x10000[0m
[0;32mI (363) boot: Disabling RNG early entropy source...[0m
[0;32mI (374) cpu_start: Multicore app[0m
[0;32mI (374) cpu_start: Pro cpu up.[0m
[0;32mI (374) cpu_start: Starting app cpu, entry point is 0x40081360[0m
[0;32mI (0) cpu_start: App cpu up.[0m
[0;32mI (392) cpu_start: Pro cpu start user code[0m
[0;32mI (392) cpu_start: cpu freq: 240000000 Hz[0m
[0;32mI (392) cpu_start: Application information:[0m
[0;32mI (397) cpu_start: Project name:     marcelino[0m
[0;32mI (402) cpu_start: App version:      e874d60-dirty[0m
[0;32mI (408) cpu_start: Compile time:     Nov 16 2023 21:23:52[0m
[0;32mI (414) cpu_start: ELF file SHA256:  87eead55d4cc3433...[0m
[0;32mI (420) cpu_start: ESP-IDF:          v5.1.1-dirty[0m
[0;32mI (425) cpu_start: Min chip rev:     v0.0[0m
[0;32mI (430) cpu_start: Max chip rev:     v3.99 [0m
[0;32mI (435) cpu_start: Chip rev:         v1.0[0m
[0;32mI (440) heap_init: Initializing. RAM available for dynamic allocation:[0m
[0;32mI (447) heap_init: At 3FFAE6E0 len 00001920 (6 KiB): DRAM[0m
[0;32mI (453) heap_init: At 3FFB2C78 len 0002D388 (180 KiB): DRAM[0m
[0;32mI (459) heap_init: At 3FFE0440 len 00003AE0 (14 KiB): D/IRAM[0m
[0;32mI (465) heap_init: At 3FFE4350 len 0001BCB0 (111 KiB): D/IRAM[0m
[0;32mI (472) heap_init: At 4008DD64 len 0001229C (72 KiB): IRAM[0m
[0;32mI (479) spi_flash: detected chip: generic[0m
[0;32mI (483) spi_flash: flash io: qio[0m
[0;32mI (487) Blink LED G: Task created[0m
[0;32mI (491) Print MSG: Task created[0m
[0;32mI (495) app_start: Starting scheduler on CPU0[0m
[0;32mI (0) app_start: Starting scheduler on CPU1[0m
[0;32mI (500) main_task: Started on CPU0[0m
[0;32mI (510) main_task: Calling app_main()[0m
ets Jun  8 2016 00:22:57

rst:0x7 (TG0WDT_SYS_RESET),boot:0x13 (SPI_FAST_FLASH_BOOT)
configsip: 0, SPIWP:0xee
clk_drv:0x00,q_drv:0x00,d_drv:0x00,cs0_drv:0x00,hd_drv:0x00,wp_drv:0x00
mode:DIO, clock div:1
load:0x3fff0030,len:7432
load:0x40078000,len:16576
load:0x40080400,len:4
ho 8 tail 4 room 4
load:0x40080404,len:4284
entry 0x40080668
[0;32mI (183) boot: ESP-IDF v5.1.1-dirty 2nd stage bootloader[0m
[0;32mI (183) boot: compile time Nov 11 2023 12:23:34[0m
[0;32mI (183) boot: Multicore bootloader[0m
[0;32mI (189) boot: chip revision: v1.0[0m
[0;32mI (193) qio_mode: Enabling default flash chip QIO[0m
[0;32mI (198) boot.esp32: SPI Speed      : 80MHz[0m
[0;32mI (203) boot.esp32: SPI Mode       : QIO[0m
[0;32mI (207) boot.esp32: SPI Flash Size : 4MB[0m
[0;33mW (212) boot.esp32: PRO CPU has been reset by WDT.[0m
[0;33mW (217) boot.esp32: WDT reset info: PRO CPU PC=0x40089a54[0m
[0;33mW (223) boot.esp32: WDT reset info: APP CPU PC=0x400d2066[0m
[0;32mI (230) boot: Enabling RNG early entropy source...[0m
[0;32mI (235) boot: Partition Table:[0m
[0;32mI (239) boot: ## Label            Usage          Type ST Offset   Length[0m
[0;32mI (246) boot:  0 nvs              WiFi data        01 02 00009000 00006000[0m
[0;32mI (254) boot:  1 phy_init         RF data          01 01 0000f000 00001000[0m
[0;32mI (261) boot:  2 factory          factory app      00 00 00010000 00100000[0m
[0;32mI (269) boot: End of partition table[0m
[0;32mI (273) esp_image: segment 0: paddr=00010020 vaddr=3f400020 size=0ba60h ( 47712) map[0m
[0;32mI (295) esp_image: segment 1: paddr=0001ba88 vaddr=3ffb0000 size=02228h (  8744) load[0m
[0;32mI (298) esp_image: segment 2: paddr=0001dcb8 vaddr=40080000 size=02360h (  9056) load[0m
[0;32mI (304) esp_image: segment 3: paddr=00020020 vaddr=400d0020 size=1b358h (111448) map[0m
[0;32mI (340) esp_image: segment 4: paddr=0003b380 vaddr=40082360 size=0ba04h ( 47620) load[0m
[0;32mI (363) boot: Loaded app from partition at offset 0x10000[0m
[0;32mI (363) boot: Disabling RNG early entropy source...[0m
[0;32mI (374) cpu_start: Multicore app[0m
[0;32mI (374) cpu_start: Pro cpu up.[0m
[0;32mI (374) cpu_start: Starting app cpu, entry point is 0x40081360[0m
[0;32mI (0) cpu_start: App cpu up.[0m
[0;32mI (392) cpu_start: Pro cpu start user code[0m
[0;32mI (392) cpu_start: cpu freq: 240000000 Hz[0m
[0;32mI (392) cpu_start: Application information:[0m
[0;32mI (397) cpu_start: Project name:     marcelino[0m
[0;32mI (402) cpu_start: App version:      e874d60-dirty[0m
[0;32mI (408) cpu_start: Compile time:     Nov 16 2023 21:23:52[0m
[0;32mI (414) cpu_start: ELF file SHA256:  87eead55d4cc3433...[0m
[0;32mI (420) cpu_start: ESP-IDF:          v5.1.1-dirty[0m
[0;32mI (425) cpu_start: Min chip rev:     v0.0[0m
[0;32mI (430) cpu_start: Max chip rev:     v3.99 [0m
[0;32mI (435) cpu_start: Chip rev:         v1.0[0m
[0;32mI (440) heap_init: Initializing. RAM available for dynamic allocation:[0m
[0;32mI (447) heap_init: At 3FFAE6E0 len 00001920 (6 KiB): DRAM[0m
[0;32mI (453) heap_init: At 3FFB2C78 len 0002D388 (180 KiB): DRAM[0m
[0;32mI (459) heap_init: At 3FFE0440 len 00003AE0 (14 KiB): D/IRAM[0m
[0;32mI (465) heap_init: At 3FFE4350 len 0001BCB0 (111 KiB): D/IRAM[0m
[0;32mI (472) heap_init: At 4008DD64 len 0001229C (72 KiB): IRAM[0m
[0;32mI (479) spi_flash: detected chip: generic[0m
[0;32mI (483) spi_flash: flash io: qio[0m
[0;32mI (487) Blink LED G: Task created[0m
[0;32mI (491) Print MSG: Task created[0m
[0;32mI (495) app_start: Starting scheduler on CPU0[0m
[0;32mI (0) app_start: Starting scheduler on CPU1[0m
[0;32mI (500) main_task: Started on CPU0[0m
[0;32mI (510) main_task: Calling app_main()[0m
ets Jun  8 2016 00:22:57

rst:0x7 (TG0WDT_SYS_RESET),boot:0x13 (SPI_FAST_FLASH_BOOT)
configsip: 0, SPIWP:0xee
clk_drv:0x00,q_drv:0x00,d_drv:0x00,cs0_drv:0x00,hd_drv:0x00,wp_drv:0x00
mode:DIO, clock div:1
load:0x3fff0030,len:7432
load:0x40078000,len:16576
load:0x40080400,len:4
ho 8 tail 4 room 4
load:0x40080404,len:4284
entry 0x40080668
[0;32mI (183) boot: ESP-IDF v5.1.1-dirty 2nd stage bootloader[0m
[0;32mI (183) boot: compile time Nov 11 2023 12:23:34[0m
[0;32mI (183) boot: Multicore bootloader[0m
[0;32mI (189) boot: chip revision: v1.0[0m
[0;32mI (193) qio_mode: Enabling default flash chip QIO[0m
[0;32mI (198) boot.esp32: SPI Speed      : 80MHz[0m
[0;32mI (203) boot.esp32: SPI Mode       : QIO[0m
[0;32mI (207) boot.esp32: SPI Flash Size : 4MB[0m
[0;33mW (212) boot.esp32: PRO CPU has been reset by WDT.[0m
[0;33mW (217) boot.esp32: WDT reset info: PRO CPU PC=0x40089a2c[0m
[0;33mW (223) boot.esp32: WDT reset info: APP CPU PC=0x400d2066[0m
[0;32mI (230) boot: Enabling RNG early entropy source...[0m
[0;32mI (235) boot: Partition Table:[0m
[0;32mI (239) boot: ## Label            Usage          Type ST Offset   Length[0m
[0;32mI (246) boot:  0 nvs              WiFi data        01 02 00009000 00006000[0m
[0;32mI (254) boot:  1 phy_init         RF data          01 01 0000f000 00001000[0m
[0;32mI (261) boot:  2 factory          factory app      00 00 00010000 00100000[0m
[0;32mI (269) boot: End of partition table[0m
[0;32mI (273) esp_image: segment 0: paddr=00010020 vaddr=3f400020 size=0ba60h ( 47712) map[0m
[0;32mI (295) esp_image: segment 1: paddr=0001ba88 vaddr=3ffb0000 size=02228h (  8744) load[0m
[0;32mI (298) esp_image: segment 2: paddr=0001dcb8 vaddr=40080000 size=02360h (  9056) load[0m
[0;32mI (304) esp_image: segment 3: paddr=00020020 vaddr=400d0020 size=1b358h (111448) map[0m
[0;32mI (340) esp_image: segment 4: paddr=0003b380 vaddr=40082360 size=0ba04h ( 47620) load[0m
[0;32mI (363) boot: Loaded app from partition at offset 0x10000[0m
[0;32mI (363) boot: Disabling RNG early entropy source...[0m
[0;32mI (374) cpu_start: Multicore app[0m
[0;32mI (374) cpu_start: Pro cpu up.[0m
[0;32mI (374) cpu_start: Starting app cpu, entry point is 0x40081360[0m
[0;32mI (0) cpu_start: App cpu up.[0m
[0;32mI (392) cpu_start: Pro cpu start user code[0m
[0;32mI (392) cpu_start: cpu freq: 240000000 Hz[0m
[0;32mI (392) cpu_start: Application information:[0m
[0;32mI (397) cpu_start: Project name:     marcelino[0m
[0;32mI (402) cpu_start: App version:      e874d60-dirty[0m
[0;32mI (408) cpu_start: Compile time:     Nov 16 2023 21:23:52[0m
[0;32mI (414) cpu_start: ELF file SHA256:  87eead55d4cc3433...[0m
[0;32mI (420) cpu_start: ESP-IDF:          v5.1.1-dirty[0m
[0;32mI (425) cpu_start: Min chip rev:     v0.0[0m
[0;32mI (430) cpu_start: Max chip rev:     v3.99 [0m
[0;32mI (435) cpu_start: Chip rev:         v1.0[0m
[0;32mI (440) heap_init: Initializing. RAM available for dynamic allocation:[0m
[0;32mI (447) heap_init: At 3FFAE6E0 len 00001920 (6 KiB): DRAM[0m
[0;32mI (453) heap_init: At 3FFB2C78 len 0002D388 (180 KiB): DRAM[0m
[0;32mI (459) heap_init: At 3FFE0440 len 00003AE0 (14 KiB): D/IRAM[0m
[0;32mI (465) heap_init: At 3FFE4350 len 0001BCB0 (111 KiB): D/IRAM[0m
[0;32mI (472) heap_init: At 4008DD64 len 0001229C (72 KiB): IRAM[0m
[0;32mI (479) spi_flash: detected chip: generic[0m
[0;32mI (483) spi_flash: flash io: qio[0m
[0;32mI (487) Blink LED G: Task created[0m
[0;32mI (491) Print MSG: Task created[0m
[0;32mI (495) app_start: Starting scheduler on CPU0[0m
[0;32mI (0) app_start: Starting scheduler on CPU1[0m
[0;32mI (500) main_task: Started on CPU0[0m
[0;32mI (510) main_task: Calling app_main()[0m
ets Jun  8 2016 00:22:57

rst:0x7 (TG0WDT_SYS_RESET),boot:0x13 (SPI_FAST_FLASH_BOOT)
configsip: 0, SPIWP:0xee
clk_drv:0x00,q_drv:0x00,d_drv:0x00,cs0_drv:0x00,hd_drv:0x00,wp_drv:0x00
mode:DIO, clock div:1
load:0x3fff0030,len:7432
load:0x40078000,len:16576
load:0x40080400,len:4
ho 8 tail 4 room 4
load:0x40080404,len:4284
entry 0x40080668
[0;32mI (183) boot: ESP-IDF v5.1.1-dirty 2nd stage bootloader[0m
[0;32mI (183) boot: compile time Nov 11 2023 12:23:34[0m
[0;32mI (183) boot: Multicore bootloader[0m
[0;32mI (189) boot: chip revision: v1.0[0m
[0;32mI (193) qio_mode: Enabling default flash chip QIO[0m
[0;32mI (198) boot.esp32: SPI Speed      : 80MHz[0m
[0;32mI (203) boot.esp32: SPI Mode       : QIO[0m
[0;32mI (207) boot.esp32: SPI Flash Size : 4MB[0m
[0;33mW (212) boot.esp32: PRO CPU has been reset by WDT.[0m
[0;33mW (217) boot.esp32: WDT reset info: PRO CPU PC=0x40089a2c[0m
[0;33mW (223) boot.esp32: WDT reset info: APP CPU PC=0x400d2066[0m
[0;32mI (230) boot: Enabling RNG early entropy source...[0m
[0;32mI (235) boot: Partition Table:[0m
[0;32mI (239) boot: ## Label            Usage          Type ST Offset   Length[0m
[0;32mI (246) boot:  0 nvs              WiFi data        01 02 00009000 00006000[0m
[0;32mI (254) boot:  1 phy_init         RF data          01 01 0000f000 00001000[0m
[0;32mI (261) boot:  2 factory          factory app      00 00 00010000 00100000[0m
[0;32mI (269) boot: End of partition table[0m
[0;32mI (273) esp_image: segment 0: paddr=00010020 vaddr=3f400020 size=0ba60h ( 47712) map[0m
[0;32mI (295) esp_image: segment 1: paddr=0001ba88 vaddr=3ffb0000 size=02228h (  8744) load[0m
[0;32mI (298) esp_image: segment 2: paddr=0001dcb8 vaddr=40080000 size=02360h (  9056) load[0m
[0;32mI (304) esp_image: segment 3: paddr=00020020 vaddr=400d0020 size=1b358h (111448) map[0m
[0;32mI (340) esp_image: segment 4: paddr=0003b380 vaddr=40082360 size=0ba04h ( 47620) load[0m
[0;32mI (363) boot: Loaded app from partition at offset 0x10000[0m
[0;32mI (363) boot: Disabling RNG early entropy source...[0m
[0;32mI (374) cpu_start: Multicore app[0m
[0;32mI (374) cpu_start: Pro cpu up.[0m
[0;32mI (374) cpu_start: Starting app cpu, entry point is 0x40081360[0m
[0;32mI (0) cpu_start: App cpu up.[0m
[0;32mI (392) cpu_start: Pro cpu start user code[0m
[0;32mI (392) cpu_start: cpu freq: 240000000 Hz[0m
[0;32mI (392) cpu_start: Application information:[0m
[0;32mI (397) cpu_start: Project name:     marcelino[0m
[0;32mI (402) cpu_start: App version:      e874d60-dirty[0m
[0;32mI (408) cpu_start: Compile time:     Nov 16 2023 21:23:52[0m
[0;32mI (414) cpu_start: ELF file SHA256:  87eead55d4cc3433...[0m
[0;32mI (420) cpu_start: ESP-IDF:          v5.1.1-dirty[0m
[0;32mI (425) cpu_start: Min chip rev:     v0.0[0m
[0;32mI (430) cpu_start: Max chip rev:     v3.99 [0m
[0;32mI (435) cpu_start: Chip rev:         v1.0[0m
[0;32mI (440) heap_init: Initializing. RAM available for dynamic allocation:[0m
[0;32mI (447) heap_init: At 3FFAE6E0 len 00001920 (6 KiB): DRAM[0m
[0;32mI (453) heap_init: At 3FFB2C78 len 0002D388 (180 KiB): DRAM[0m
[0;32mI (459) heap_init: At 3FFE0440 len 00003AE0 (14 KiB): D/IRAM[0m
[0;32mI (465) heap_init: At 3FFE4350 len 0001BCB0 (111 KiB): D/IRAM[0m
[0;32mI (472) heap_init: At 4008DD64 len 0001229C (72 KiB): IRAM[0m
[0;32mI (479) spi_flash: detected chip: generic[0m
[0;32mI (483) spi_flash: flash io: qio[0m
[0;32mI (487) Blink LED G: Task created[0m
[0;32mI (491) Print MSG: Task created[0m
[0;32mI (495) app_start: Starting scheduler on CPU0[0m
[0;32mI (0) app_start: Starting scheduler on CPU1[0m
[0;32mI (500) main_task: Started on CPU0[0m
[0;32mI (510) main_task: Calling app_main()[0m
ets Jun  8 2016 00:22:57

rst:0x7 (TG0WDT_SYS_RESET),boot:0x13 (SPI_FAST_FLASH_BOOT)
configsip: 0, SPIWP:0xee
clk_drv:0x00,q_drv:0x00,d_drv:0x00,cs0_drv:0x00,hd_drv:0x00,wp_drv:0x00
mode:DIO, clock div:1
load:0x3fff0030,len:7432
load:0x40078000,len:16576
load:0x40080400,len:4
ho 8 tail 4 room 4
load:0x40080404,len:4284
entry 0x40080668
[0;32mI (183) boot: ESP-IDF v5.1.1-dirty 2nd stage bootloader[0m
[0;32mI (183) boot: compile time Nov 11 2023 12:23:34[0m
[0;32mI (183) boot: Multicore bootloader[0m
[0;32mI (189) boot: chip revision: v1.0[0m
[0;32mI (193) qio_mode: Enabling default flash chip QIO[0m
[0;32mI (198) boot.esp32: SPI Speed      : 80MHz[0m
[0;32mI (203) boot.esp32: SPI Mode       : QIO[0m
[0;32mI (207) boot.esp32: SPI Flash Size : 4MB[0m
[0;33mW (212) boot.esp32: PRO CPU has been reset by WDT.[0m
[0;33mW (217) boot.esp32: WDT reset info: PRO CPU PC=0x40089a50[0m
[0;33mW (223) boot.esp32: WDT reset info: APP CPU PC=0x400d2066[0m
[0;32mI (230) boot: Enabling RNG early entropy source...[0m
[0;32mI (235) boot: Partition Table:[0m
[0;32mI (239) boot: ## Label            Usage          Type ST Offset   Length[0m
[0;32mI (246) boot:  0 nvs              WiFi data        01 02 00009000 00006000[0m
[0;32mI (254) boot:  1 phy_init         RF data          01 01 0000f000 00001000[0m
[0;32mI (261) boot:  2 factory          factory app      00 00 00010000 00100000[0m
[0;32mI (269) boot: End of partition table[0m
[0;32mI (273) esp_image: segment 0: paddr=00010020 vaddr=3f400020 size=0ba60h ( 47712) map[0m
[0;32mI (295) esp_image: segment 1: paddr=0001ba88 vaddr=3ffb0000 size=02228h (  8744) load[0m
[0;32mI (298) esp_image: segment 2: paddr=0001dcb8 vaddr=40080000 size=02360h (  9056) load[0m
[0;32mI (304) esp_image: segment 3: paddr=00020020 vaddr=400d0020 size=1b358h (111448) map[0m
[0;32mI (340) esp_image: segment 4: paddr=0003b380 vaddr=40082360 size=0ba04h ( 47620) load[0m
[0;32mI (363) boot: Loaded app from partition at offset 0x10000[0m
[0;32mI (363) boot: Disabling RNG early entropy source...[0m
[0;32mI (374) cpu_start: Multicore app[0m
[0;32mI (374) cpu_start: Pro cpu up.[0m
[0;32mI (374) cpu_start: Starting app cpu, entry point is 0x40081360[0m
[0;32mI (0) cpu_start: App cpu up.[0m
[0;32mI (392) cpu_start: Pro cpu start user code[0m
[0;32mI (392) cpu_start: cpu freq: 240000000 Hz[0m
[0;32mI (392) cpu_start: Application information:[0m
[0;32mI (397) cpu_start: Project name:     marcelino[0m
[0;32mI (402) cpu_start: App version:      e874d60-dirty[0m
[0;32mI (408) cpu_start: Compile time:     Nov 16 2023 21:23:52[0m
[0;32mI (414) cpu_start: ELF file SHA256:  87eead55d4cc3433...[0m
[0;32mI (420) cpu_start: ESP-IDF:          v5.1.1-dirty[0m
[0;32mI (425) cpu_start: Min chip rev:     v0.0[0m
[0;32mI (430) cpu_start: Max chip rev:     v3.99 [0m
[0;32mI (435) cpu_start: Chip rev:         v1.0[0m
[0;32mI (440) heap_init: Initializing. RAM available for dynamic allocation:[0m
[0;32mI (447) heap_init: At 3FFAE6E0 len 00001920 (6 KiB): DRAM[0m
[0;32mI (453) heap_init: At 3FFB2C78 len 0002D388 (180 KiB): DRAM[0m
[0;32mI (459) heap_init: At 3FFE0440 len 00003AE0 (14 KiB): D/IRAM[0m
[0;32mI (465) heap_init: At 3FFE4350 len 0001BCB0 (111 KiB): D/IRAM[0m
[0;32mI (472) heap_init: At 4008DD64 len 0001229C (72 KiB): IRAM[0m
[0;32mI (479) spi_flash: detected chip: generic[0m
[0;32mI (483) spi_flash: flash io: qio[0m
[0;32mI (487) Blink LED G: Task created[0m
[0;32mI (491) Print MSG: Task created[0m
[0;32mI (495) app_start: Starting scheduler on CPU0[0m
[0;32mI (0) app_start: Starting scheduler on CPU1[0m
[0;32mI (500) main_task: Started on CPU0[0m
[0;32mI (510) main_task: Calling app_main()[0m
ets Jun  8 2016 00:22:57

rst:0x7 (TG0WDT_SYS_RESET),boot:0x13 (SPI_FAST_FLASH_BOOT)
configsip: 0, SPIWP:0xee
clk_drv:0x00,q_drv:0x00,d_drv:0x00,cs0_drv:0x00,hd_drv:0x00,wp_drv:0x00
mode:DIO, clock div:1
load:0x3fff0030,len:7432
load:0x40078000,len:16576
load:0x40080400,len:4
ho 8 tail 4 room 4
load:0x40080404,len:4284
entry 0x40080668
[0;32mI (183) boot: ESP-IDF v5.1.1-dirty 2nd stage bootloader[0m
[0;32mI (183) boot: compile time Nov 11 2023 12:23:34[0m
[0;32mI (183) boot: Multicore bootloader[0m
[0;32mI (189) boot: chip revision: v1.0[0m
[0;32mI (193) qio_mode: Enabling default flash chip QIO[0m
[0;32mI (198) boot.esp32: SPI Speed      : 80MHz[0m
[0;32mI (203) boot.esp32: SPI Mode       : QIO[0m
[0;32mI (207) boot.esp32: SPI Flash Size : 4MB[0m
[0;33mW (212) boot.esp32: PRO CPU has been reset by WDT.[0m
[0;33mW (217) boot.esp32: WDT reset info: PRO CPU PC=0x40089a34[0m
[0;33mW (223) boot.esp32: WDT reset info: APP CPU PC=0x400d2066[0m
[0;32mI (230) boot: Enabling RNG early entropy source...[0m
[0;32mI (235) boot: Partition Table:[0m
[0;32mI (239) boot: ## Label            Usage          Type ST Offset   Length[0m
[0;32mI (246) boot:  0 nvs              WiFi data        01 02 00009000 00006000[0m
[0;32mI (254) boot:  1 phy_init         RF data          01 01 0000f000 00001000[0m
[0;32mI (261) boot:  2 factory          factory app      00 00 00010000 00100000[0m
[0;32mI (269) boot: End of partition table[0m
[0;32mI (273) esp_image: segment 0: paddr=00010020 vaddr=3f400020 size=0ba60h ( 47712) map[0m
[0;32mI (295) esp_image: segment 1: paddr=0001ba88 vaddr=3ffb0000 size=02228h (  8744) load[0m
[0;32mI (298) esp_image: segment 2: paddr=0001dcb8 vaddr=40080000 size=02360h (  9056) load[0m
[0;32mI (304) esp_image: segment 3: paddr=00020020 vaddr=400d0020 size=1b358h (111448) map[0m
[0;32mI (340) esp_image: segment 4: paddr=0003b380 vaddr=40082360 size=0ba04h ( 47620) load[0m
[0;32mI (363) boot: Loaded app from partition at offset 0x10000[0m
[0;32mI (363) boot: Disabling RNG early entropy source...[0m
[0;32mI (374) cpu_start: Multicore app[0m
[0;32mI (374) cpu_start: Pro cpu up.[0m
[0;32mI (374) cpu_start: Starting app cpu, entry point is 0x40081360[0m
[0;32mI (0) cpu_start: App cpu up.[0m
[0;32mI (392) cpu_start: Pro cpu start user code[0m
[0;32mI (392) cpu_start: cpu freq: 240000000 Hz[0m
[0;32mI (392) cpu_start: Application information:[0m
[0;32mI (397) cpu_start: Project name:     marcelino[0m
[0;32mI (402) cpu_start: App version:      e874d60-dirty[0m
[0;32mI (408) cpu_start: Compile time:     Nov 16 2023 21:23:52[0m
[0;32mI (414) cpu_start: ELF file SHA256:  87eead55d4cc3433...[0m
[0;32mI (420) cpu_start: ESP-IDF:          v5.1.1-dirty[0m
[0;32mI (425) cpu_start: Min chip rev:     v0.0[0m
[0;32mI (430) cpu_start: Max chip rev:     v3.99 [0m
[0;32mI (435) cpu_start: Chip rev:         v1.0[0m
[0;32mI (440) heap_init: Initializing. RAM available for dynamic allocation:[0m
[0;32mI (447) heap_init: At 3FFAE6E0 len 00001920 (6 KiB): DRAM[0m
[0;32mI (453) heap_init: At 3FFB2C78 len 0002D388 (180 KiB): DRAM[0m
[0;32mI (459) heap_init: At 3FFE0440 len 00003AE0 (14 KiB): D/IRAM[0m
[0;32mI (465) heap_init: At 3FFE4350 len 0001BCB0 (111 KiB): D/IRAM[0m
[0;32mI (472) heap_init: At 4008DD64 len 0001229C (72 KiB): IRAM[0m
[0;32mI (479) spi_flash: detected chip: generic[0m
[0;32mI (483) spi_flash: flash io: qio[0m
[0;32mI (487) Blink LED G: Task created[0m
[0;32mI (491) Print MSG: Task created[0m
[0;32mI (495) app_start: Starting scheduler on CPU0[0m
[0;32mI (0) app_start: Starting scheduler on CPU1[0m
[0;32mI (500) main_task: Started on CPU0[0m
[0;32mI (510) main_task: Calling app_main()[0m
ets Jun  8 2016 00:22:57

rst:0x7 (TG0WDT_SYS_RESET),boot:0x13 (SPI_FAST_FLASH_BOOT)
configsip: 0, SPIWP:0xee
clk_drv:0x00,q_drv:0x00,d_drv:0x00,cs0_drv:0x00,hd_drv:0x00,wp_drv:0x00
mode:DIO, clock div:1
load:0x3fff0030,len:7432
load:0x40078000,len:16576
load:0x40080400,len:4
ho 8 tail 4 room 4
load:0x40080404,len:4284
entry 0x40080668
[0;32mI (183) boot: ESP-IDF v5.1.1-dirty 2nd stage bootloader[0m
[0;32mI (183) boot: compile time Nov 11 2023 12:23:34[0m
[0;32mI (183) boot: Multicore bootloader[0m
[0;32mI (189) boot: chip revision: v1.0[0m
[0;32mI (193) qio_mode: Enabling default flash chip QIO[0m
[0;32mI (198) boot.esp32: SPI Speed      : 80MHz[0m
[0;32mI (203) boot.esp32: SPI Mode       : QIO[0m
[0;32mI (207) boot.esp32: SPI Flash Size : 4MB[0m
[0;33mW (212) boot.esp32: PRO CPU has been reset by WDT.[0m
[0;33mW (217) boot.esp32: WDT reset info: PRO CPU PC=0x40089a43[0m
[0;33mW (223) boot.esp32: WDT reset info: APP CPU PC=0x400d2066[0m
[0;32mI (230) boot: Enabling RNG early entropy source...[0m
[0;32mI (235) boot: Partition Table:[0m
[0;32mI (239) boot: ## Label            Usage          Type ST Offset   Length[0m
[0;32mI (246) boot:  0 nvs              WiFi data        01 02 00009000 00006000[0m
[0;32mI (254) boot:  1 phy_init         RF data          01 01 0000f000 00001000[0m
[0;32mI (261) boot:  2 factory          factory app      00 00 00010000 00100000[0m
[0;32mI (269) boot: End of partition table[0m
[0;32mI (273) esp_image: segment 0: paddr=00010020 vaddr=3f400020 size=0ba60h ( 47712) map[0m
[0;32mI (295) esp_image: segment 1: paddr=0001ba88 vaddr=3ffb0000 size=02228h (  8744) load[0m
[0;32mI (298) esp_image: segment 2: paddr=0001dcb8 vaddr=40080000 size=02360h (  9056) load[0m
[0;32mI (304) esp_image: segment 3: paddr=00020020 vaddr=400d0020 size=1b358h (111448) map[0m
[0;32mI (340) esp_image: segment 4: paddr=0003b380 vaddr=40082360 size=0ba04h ( 47620) load[0m
[0;32mI (363) boot: Loaded app from partition at offset 0x10000[0m
[0;32mI (363) boot: Disabling RNG early entropy source...[0m
[0;32mI (374) cpu_start: Multicore app[0m
[0;32mI (374) cpu_start: Pro cpu up.[0m
[0;32mI (374) cpu_start: Starting app cpu, entry point is 0x40081360[0m
[0;32mI (0) cpu_start: App cpu up.[0m
[0;32mI (392) cpu_start: Pro cpu start user code[0m
[0;32mI (392) cpu_start: cpu freq: 240000000 Hz[0m
[0;32mI (392) cpu_start: Application information:[0m
[0;32mI (397) cpu_start: Project name:     marcelino[0m
[0;32mI (402) cpu_start: App version:      e874d60-dirty[0m
[0;32mI (408) cpu_start: Compile time:     Nov 16 2023 21:23:52[0m
[0;32mI (414) cpu_start: ELF file SHA256:  87eead55d4cc3433...[0m
[0;32mI (420) cpu_start: ESP-IDF:          v5.1.1-dirty[0m
[0;32mI (425) cpu_start: Min chip rev:     v0.0[0m
[0;32mI (430) cpu_start: Max chip rev:     v3.99 [0m
[0;32mI (435) cpu_start: Chip rev:         v1.0[0m
[0;32mI (440) heap_init: Initializing. RAM available for dynamic allocation:[0m
[0;32mI (447) heap_init: At 3FFAE6E0 len 00001920 (6 KiB): DRAM[0m
[0;32mI (453) heap_init: At 3FFB2C78 len 0002D388 (180 KiB): DRAM[0m
[0;32mI (459) heap_init: At 3FFE0440 len 00003AE0 (14 KiB): D/IRAM[0m
[0;32mI (465) heap_init: At 3FFE4350 len 0001BCB0 (111 KiB): D/IRAM[0m
[0;32mI (472) heap_init: At 4008DD64 len 0001229C (72 KiB): IRAM[0m
[0;32mI (479) spi_flash: detected chip: generic[0m
[0;32mI (483) spi_flash: flash io: qio[0m
[0;32mI (487) Blink LED G: Task created[0m
[0;32mI (491) Print MSG: Task created[0m
[0;32mI (495) app_start: Starting scheduler on CPU0[0m
[0;32mI (0) app_start: Starting scheduler on CPU1[0m
[0;32mI (500) main_task: Started on CPU0[0m
[0;32mI (510) main_task: Calling app_main()[0m
ets Jun  8 2016 00:22:57

rst:0x7 (TG0WDT_SYS_RESET),boot:0x13 (SPI_FAST_FLASH_BOOT)
configsip: 0, SPIWP:0xee
clk_drv:0x00,q_drv:0x00,d_drv:0x00,cs0_drv:0x00,hd_drv:0x00,wp_drv:0x00
mode:DIO, clock div:1
load:0x3fff0030,len:7432
load:0x40078000,len:16576
load:0x40080400,len:4
ho 8 tail 4 room 4
load:0x40080404,len:4284
entry 0x40080668
[0;32mI (183) boot: ESP-IDF v5.1.1-dirty 2nd stage bootloader[0m
[0;32mI (183) boot: compile time Nov 11 2023 12:23:34[0m
[0;32mI (183) boot: Multicore bootloader[0m
[0;32mI (189) boot: chip revision: v1.0[0m
[0;32mI (193) qio_mode: Enabling default flash chip QIO[0m
[0;32mI (198) boot.esp32: SPI Speed      : 80MHz[0m
[0;32mI (203) boot.esp32: SPI Mode       : QIO[0m
[0;32mI (207) boot.esp32: SPI Flash Size : 4MB[0m
[0;33mW (212) boot.esp32: PRO CPU has been reset by WDT.[0m
[0;33mW (217) boot.esp32: WDT reset info: PRO CPU PC=0x4008dcec[0m
[0;33mW (223) boot.esp32: WDT reset info: APP CPU PC=0x400d2066[0m
[0;32mI (230) boot: Enabling RNG early entropy source...[0m
[0;32mI (235) boot: Partition Table:[0m
[0;32mI (239) boot: ## Label            Usage          Type ST Offset   Length[0m
[0;32mI (246) boot:  0 nvs              WiFi data        01 02 00009000 00006000[0m
[0;32mI (254) boot:  1 phy_init         RF data          01 01 0000f000 00001000[0m
[0;32mI (261) boot:  2 factory          factory app      00 00 00010000 00100000[0m
[0;32mI (269) boot: End of partition table[0m
[0;32mI (273) esp_image: segment 0: paddr=00010020 vaddr=3f400020 size=0ba60h ( 47712) map[0m
[0;32mI (295) esp_image: segment 1: paddr=0001ba88 vaddr=3ffb0000 size=02228h (  8744) load[0m
[0;32mI (298) esp_image: segment 2: paddr=0001dcb8 vaddr=40080000 size=02360h (  9056) load[0m
[0;32mI (304) esp_image: segment 3: paddr=00020020 vaddr=400d0020 size=1b358h (111448) map[0m
[0;32mI (340) esp_image: segment 4: paddr=0003b380 vaddr=40082360 size=0ba04h ( 47620) load[0m
[0;32mI (363) boot: Loaded app from partition at offset 0x10000[0m
[0;32mI (363) boot: Disabling RNG early entropy source...[0m
[0;32mI (374) cpu_start: Multicore app[0m
[0;32mI (374) cpu_start: Pro cpu up.[0m
[0;32mI (374) cpu_start: Starting app cpu, entry point is 0x40081360[0m
[0;32mI (0) cpu_start: App cpu up.[0m
[0;32mI (392) cpu_start: Pro cpu start user code[0m
[0;32mI (392) cpu_start: cpu freq: 240000000 Hz[0m
[0;32mI (392) cpu_start: Application information:[0m
[0;32mI (397) cpu_start: Project name:     marcelino[0m
[0;32mI (402) cpu_start: App version:      e874d60-dirty[0m
[0;32mI (408) cpu_start: Compile time:     Nov 16 2023 21:23:52[0m
[0;32mI (414) cpu_start: ELF file SHA256:  87eead55d4cc3433...[0m
[0;32mI (420) cpu_start: ESP-IDF:          v5.1.1-dirty[0m
[0;32mI (425) cpu_start: Min chip rev:     v0.0[0m
[0;32mI (430) cpu_start: Max chip rev:     v3.99 [0m
[0;32mI (435) cpu_start: Chip rev:         v1.0[0m
[0;32mI (440) heap_init: Initializing. RAM available for dynamic allocation:[0m
[0;32mI (447) heap_init: At 3FFAE6E0 len 00001920 (6 KiB): DRAM[0m
[0;32mI (453) heap_init: At 3FFB2C78 len 0002D388 (180 KiB): DRAM[0m
[0;32mI (459) heap_init: At 3FFE0440 len 00003AE0 (14 KiB): D/IRAM[0m
[0;32mI (465) heap_init: At 3FFE4350 len 0001BCB0 (111 KiB): D/IRAM[0m
[0;32mI (472) heap_init: At 4008DD64 len 0001229C (72 KiB): IRAM[0m
[0;32mI (479) spi_flash: detected chip: generic[0m
[0;32mI (483) spi_flash: flash io: qio[0m
[0;32mI (487) Blink LED G: Task created[0m
[0;32mI (491) Print MSG: Task created[0m
[0;32mI (495) app_start: Starting scheduler on CPU0[0m
[0;32mI (0) app_start: Starting scheduler on CPU1[0m
[0;32mI (500) main_task: Started on CPU0[0m
[0;32mI (510) main_task: Calling app_main()[0m
ets Jun  8 2016 00:22:57

rst:0x7 (TG0WDT_SYS_RESET),boot:0x13 (SPI_FAST_FLASH_BOOT)
configsip: 0, SPIWP:0xee
clk_drv:0x00,q_drv:0x00,d_drv:0x00,cs0_drv:0x00,hd_drv:0x00,wp_drv:0x00
mode:DIO, clock div:1
load:0x3fff0030,len:7432
load:0x40078000,len:16576
load:0x40080400,len:4
ho 8 tail 4 room 4
load:0x40080404,len:4284
entry 0x40080668
[0;32mI (183) boot: ESP-IDF v5.1.1-dirty 2nd stage bootloader[0m
[0;32mI (183) boot: compile time Nov 11 2023 12:23:34[0m
[0;32mI (183) boot: Multicore bootloader[0m
[0;32mI (189) boot: chip revision: v1.0[0m
[0;32mI (193) qio_mode: Enabling default flash chip QIO[0m
[0;32mI (198) boot.esp32: SPI Speed      : 80MHz[0m
[0;32mI (203) boot.esp32: SPI Mode       : QIO[0m
[0;32mI (207) boot.esp32: SPI Flash Size : 4MB[0m
[0;33mW (212) boot.esp32: PRO CPU has been reset by WDT.[0m
[0;33mW (217) boot.esp32: WDT reset info: PRO CPU PC=0x40089a54[0m
[0;33mW (223) boot.esp32: WDT reset info: APP CPU PC=0x400d2066[0m
[0;32mI (230) boot: Enabling RNG early entropy source...[0m
[0;32mI (235) boot: Partition Table:[0m
[0;32mI (239) boot: ## Label            Usage          Type ST Offset   Length[0m
[0;32mI (246) boot:  0 nvs              WiFi data        01 02 00009000 00006000[0m
[0;32mI (254) boot:  1 phy_init         RF data          01 01 0000f000 00001000[0m
[0;32mI (261) boot:  2 factory          factory app      00 00 00010000 00100000[0m
[0;32mI (269) boot: End of partition table[0m
[0;32mI (273) esp_image: segment 0: paddr=00010020 vaddr=3f400020 size=0ba60h ( 47712) map[0m
[0;32mI (295) esp_image: segment 1: paddr=0001ba88 vaddr=3ffb0000 size=02228h (  8744) load[0m
[0;32mI (298) esp_image: segment 2: paddr=0001dcb8 vaddr=40080000 size=02360h (  9056) load[0m
[0;32mI (304) esp_image: segment 3: paddr=00020020 vaddr=400d0020 size=1b358h (111448) map[0m
[0;32mI (340) esp_image: segment 4: paddr=0003b380 vaddr=40082360 size=0ba04h ( 47620) load[0m
[0;32mI (363) boot: Loaded app from partition at offset 0x10000[0m
[0;32mI (363) boot: Disabling RNG early entropy source...[0m
[0;32mI (374) cpu_start: Multicore app[0m
[0;32mI (374) cpu_start: Pro cpu up.[0m
[0;32mI (374) cpu_start: Starting app cpu, entry point is 0x40081360[0m
[0;32mI (0) cpu_start: App cpu up.[0m
[0;32mI (392) cpu_start: Pro cpu start user code[0m
[0;32mI (392) cpu_start: cpu freq: 240000000 Hz[0m
[0;32mI (392) cpu_start: Application information:[0m
[0;32mI (397) cpu_start: Project name:     marcelino[0m
[0;32mI (402) cpu_start: App version:      e874d60-dirty[0m
[0;32mI (408) cpu_start: Compile time:     Nov 16 2023 21:23:52[0m
[0;32mI (414) cpu_start: ELF file SHA256:  87eead55d4cc3433...[0m
[0;32mI (420) cpu_start: ESP-IDF:          v5.1.1-dirty[0m
[0;32mI (425) cpu_start: Min chip rev:     v0.0[0m
[0;32mI (430) cpu_start: Max chip rev:     v3.99 [0m
[0;32mI (435) cpu_start: Chip rev:         v1.0[0m
[0;32mI (440) heap_init: Initializing. RAM available for dynamic allocation:[0m
[0;32mI (447) heap_init: At 3FFAE6E0 len 00001920 (6 KiB): DRAM[0m
[0;32mI (453) heap_init: At 3FFB2C78 len 0002D388 (180 KiB): DRAM[0m
[0;32mI (459) heap_init: At 3FFE0440 len 00003AE0 (14 KiB): D/IRAM[0m
[0;32mI (465) heap_init: At 3FFE4350 len 0001BCB0 (111 KiB): D/IRAM[0m
[0;32mI (472) heap_init: At 4008DD64 len 0001229C (72 KiB): IRAM[0m
[0;32mI (479) spi_flash: detected chip: generic[0m
[0;32mI (483) spi_flash: flash io: qio[0m
[0;32mI (487) Blink LED G: Task created[0m
[0;32mI (491) Print MSG: Task created[0m
[0;32mI (495) app_start: Starting scheduler on CPU0[0m
[0;32mI (0) app_start: Starting scheduler on CPU1[0m
[0;32mI (500) main_task: Started on CPU0[0m
[0;32mI (510) main_task: Calling app_main()[0m
ets Jun  8 2016 00:22:57

rst:0x7 (TG0WDT_SYS_RESET),boot:0x13 (SPI_FAST_FLASH_BOOT)
configsip: 0, SPIWP:0xee
clk_drv:0x00,q_drv:0x00,d_drv:0x00,cs0_drv:0x00,hd_drv:0x00,wp_drv:0x00
mode:DIO, clock div:1
load:0x3fff0030,len:7432
load:0x40078000,len:16576
load:0x40080400,len:4
ho 8 tail 4 room 4
load:0x40080404,len:4284
entry 0x40080668
[0;32mI (183) boot: ESP-IDF v5.1.1-dirty 2nd stage bootloader[0m
[0;32mI (183) boot: compile time Nov 11 2023 12:23:34[0m
[0;32mI (183) boot: Multicore bootloader[0m
[0;32mI (189) boot: chip revision: v1.0[0m
[0;32mI (193) qio_mode: Enabling default flash chip QIO[0m
[0;32mI (198) boot.esp32: SPI Speed      : 80MHz[0m
[0;32mI (203) boot.esp32: SPI Mode       : QIO[0m
[0;32mI (207) boot.esp32: SPI Flash Size : 4MB[0m
[0;33mW (212) boot.esp32: PRO CPU has been reset by WDT.[0m
[0;33mW (217) boot.esp32: WDT reset info: PRO CPU PC=0x4008dcec[0m
[0;33mW (223) boot.esp32: WDT reset info: APP CPU PC=0x400d2066[0m
[0;32mI (230) boot: Enabling RNG early entropy source...[0m
[0;32mI (235) boot: Partition Table:[0m
[0;32mI (239) boot: ## Label            Usage          Type ST Offset   Length[0m
[0;32mI (246) boot:  0 nvs              WiFi data        01 02 00009000 00006000[0m
[0;32mI (254) boot:  1 phy_init         RF data          01 01 0000f000 00001000[0m
[0;32mI (261) boot:  2 factory          factory app      00 00 00010000 00100000[0m
[0;32mI (269) boot: End of partition table[0m
[0;32mI (273) esp_image: segment 0: paddr=00010020 vaddr=3f400020 size=0ba60h ( 47712) map[0m
[0;32mI (295) esp_image: segment 1: paddr=0001ba88 vaddr=3ffb0000 size=02228h (  8744) load[0m
[0;32mI (298) esp_image: segment 2: paddr=0001dcb8 vaddr=40080000 size=02360h (  9056) load[0m
[0;32mI (304) esp_image: segment 3: paddr=00020020 vaddr=400d0020 size=1b358h (111448) map[0m
[0;32mI (340) esp_image: segment 4: paddr=0003b380 vaddr=40082360 size=0ba04h ( 47620) load[0m
[0;32mI (363) boot: Loaded app from partition at offset 0x10000[0m
[0;32mI (363) boot: Disabling RNG early entropy source...[0m
[0;32mI (374) cpu_start: Multicore app[0m
[0;32mI (374) cpu_start: Pro cpu up.[0m
[0;32mI (374) cpu_start: Starting app cpu, entry point is 0x40081360[0m
[0;32mI (0) cpu_start: App cpu up.[0m
[0;32mI (392) cpu_start: Pro cpu start user code[0m
[0;32mI (392) cpu_start: cpu freq: 240000000 Hz[0m
[0;32mI (392) cpu_start: Application information:[0m
[0;32mI (397) cpu_start: Project name:     marcelino[0m
[0;32mI (402) cpu_start: App version:      e874d60-dirty[0m
[0;32mI (408) cpu_start: Compile time:     Nov 16 2023 21:23:52[0m
[0;32mI (414) cpu_start: ELF file SHA256:  87eead55d4cc3433...[0m
[0;32mI (420) cpu_start: ESP-IDF:          v5.1.1-dirty[0m
[0;32mI (425) cpu_start: Min chip rev:     v0.0[0m
[0;32mI (430) cpu_start: Max chip rev:     v3.99 [0m
[0;32mI (435) cpu_start: Chip rev:         v1.0[0m
[0;32mI (440) heap_init: Initializing. RAM available for dynamic allocation:[0m
[0;32mI (447) heap_init: At 3FFAE6E0 len 00001920 (6 KiB): DRAM[0m
[0;32mI (453) heap_init: At 3FFB2C78 len 0002D388 (180 KiB): DRAM[0m
[0;32mI (459) heap_init: At 3FFE0440 len 00003AE0 (14 KiB): D/IRAM[0m
[0;32mI (465) heap_init: At 3FFE4350 len 0001BCB0 (111 KiB): D/IRAM[0m
[0;32mI (472) heap_init: At 4008DD64 len 0001229C (72 KiB): IRAM[0m
[0;32mI (479) spi_flash: detected chip: generic[0m
[0;32mI (483) spi_flash: flash io: qio[0m
[0;32mI (487) Blink LED G: Task created[0m
[0;32mI (491) Print MSG: Task created[0m
[0;32mI (495) app_start: Starting scheduler on CPU0[0m
[0;32mI (0) app_start: Starting scheduler on CPU1[0m
[0;32mI (500) main_task: Started on CPU0[0m
[0;32mI (510) main_task: Calling app_main()[0m
ets Jun  8 2016 00:22:57

rst:0x7 (TG0WDT_SYS_RESET),boot:0x13 (SPI_FAST_FLASH_BOOT)
configsip: 0, SPIWP:0xee
clk_drv:0x00,q_drv:0x00,d_drv:0x00,cs0_drv:0x00,hd_drv:0x00,wp_drv:0x00
mode:DIO, clock div:1
load:0x3fff0030,len:7432
load:0x40078000,len:16576
load:0x40080400,len:4
ho 8 tail 4 room 4
load:0x40080404,len:4284
entry 0x40080668
[0;32mI (183) boot: ESP-IDF v5.1.1-dirty 2nd stage bootloader[0m
[0;32mI (183) boot: compile time Nov 11 2023 12:23:34[0m
[0;32mI (183) boot: Multicore bootloader[0m
[0;32mI (189) boot: chip revision: v1.0[0m
[0;32mI (193) qio_mode: Enabling default flash chip QIO[0m
[0;32mI (198) boot.esp32: SPI Speed      : 80MHz[0m
[0;32mI (203) boot.esp32: SPI Mode       : QIO[0m
[0;32mI (207) boot.esp32: SPI Flash Size : 4MB[0m
[0;33mW (212) boot.esp32: PRO CPU has been reset by WDT.[0m
[0;33mW (217) boot.esp32: WDT reset info: PRO CPU PC=0x40089a37[0m
[0;33mW (223) boot.esp32: WDT reset info: APP CPU PC=0x400d2066[0m
[0;32mI (230) boot: Enabling RNG early entropy source...[0m
[0;32mI (235) boot: Partition Table:[0m
[0;32mI (239) boot: ## Label            Usage          Type ST Offset   Length[0m
[0;32mI (246) boot:  0 nvs              WiFi data        01 02 00009000 00006000[0m
[0;32mI (254) boot:  1 phy_init         RF data          01 01 0000f000 00001000[0m
[0;32mI (261) boot:  2 factory          factory app      00 00 00010000 00100000[0m
[0;32mI (269) boot: End of partition table[0m
[0;32mI (273) esp_image: segment 0: paddr=00010020 vaddr=3f400020 size=0ba60h ( 47712) map[0m
[0;32mI (295) esp_image: segment 1: paddr=0001ba88 vaddr=3ffb0000 size=02228h (  8744) load[0m
[0;32mI (298) esp_image: segment 2: paddr=0001dcb8 vaddr=40080000 size=02360h (  9056) load[0m
[0;32mI (304) esp_image: segment 3: paddr=00020020 vaddr=400d0020 size=1b358h (111448) map[0m
[0;32mI (340) esp_image: segment 4: paddr=0003b380 vaddr=40082360 size=0ba04h ( 47620) load[0m
[0;32mI (363) boot: Loaded app from partition at offset 0x10000[0m
[0;32mI (363) boot: Disabling RNG early entropy source...[0m
[0;32mI (374) cpu_start: Multicore app[0m
[0;32mI (374) cpu_start: Pro cpu up.[0m
[0;32mI (374) cpu_start: Starting app cpu, entry point is 0x40081360[0m
[0;32mI (0) cpu_start: App cpu up.[0m
[0;32mI (392) cpu_start: Pro cpu start user code[0m
[0;32mI (392) cpu_start: cpu freq: 240000000 Hz[0m
[0;32mI (392) cpu_start: Application information:[0m
[0;32mI (397) cpu_start: Project name:     marcelino[0m
[0;32mI (402) cpu_start: App version:      e874d60-dirty[0m
[0;32mI (408) cpu_start: Compile time:     Nov 16 2023 21:23:52[0m
[0;32mI (414) cpu_start: ELF file SHA256:  87eead55d4cc3433...[0m
[0;32mI (420) cpu_start: ESP-IDF:          v5.1.1-dirty[0m
[0;32mI (425) cpu_start: Min chip rev:     v0.0[0m
[0;32mI (430) cpu_start: Max chip rev:     v3.99 [0m
[0;32mI (435) cpu_start: Chip rev:         v1.0[0m
[0;32mI (440) heap_init: Initializing. RAM available for dynamic allocation:[0m
[0;32mI (447) heap_init: At 3FFAE6E0 len 00001920 (6 KiB): DRAM[0m
[0;32mI (453) heap_init: At 3FFB2C78 len 0002D388 (180 KiB): DRAM[0m
[0;32mI (459) heap_init: At 3FFE0440 len 00003AE0 (14 KiB): D/IRAM[0m
[0;32mI (465) heap_init: At 3FFE4350 len 0001BCB0 (111 KiB): D/IRAM[0m
[0;32mI (472) heap_init: At 4008DD64 len 0001229C (72 KiB): IRAM[0m
[0;32mI (479) spi_flash: detected chip: generic[0m
[0;32mI (483) spi_flash: flash io: qio[0m
[0;32mI (487) Blink LED G: Task created[0m
[0;32mI (491) Print MSG: Task created[0m
[0;32mI (495) app_start: Starting scheduler on CPU0[0m
[0;32mI (0) app_start: Starting scheduler on CPU1[0m
[0;32mI (500) main_task: Started on CPU0[0m
[0;32mI (510) main_task: Calling app_main()[0m
ets Jun  8 2016 00:22:57

rst:0x7 (TG0WDT_SYS_RESET),boot:0x13 (SPI_FAST_FLASH_BOOT)
configsip: 0, SPIWP:0xee
clk_drv:0x00,q_drv:0x00,d_drv:0x00,cs0_drv:0x00,hd_drv:0x00,wp_drv:0x00
mode:DIO, clock div:1
load:0x3fff0030,len:7432
load:0x40078000,len:16576
load:0x40080400,len:4
ho 8 tail 4 room 4
load:0x40080404,len:4284
entry 0x40080668
[0;32mI (183) boot: ESP-IDF v5.1.1-dirty 2nd stage bootloader[0m
[0;32mI (183) boot: compile time Nov 11 2023 12:23:34[0m
[0;32mI (183) boot: Multicore bootloader[0m
[0;32mI (189) boot: chip revision: v1.0[0m
[0;32mI (193) qio_mode: Enabling default flash chip QIO[0m
[0;32mI (198) boot.esp32: SPI Speed      : 80MHz[0m
[0;32mI (203) boot.esp32: SPI Mode       : QIO[0m
[0;32mI (207) boot.esp32: SPI Flash Size : 4MB[0m
[0;33mW (212) boot.esp32: PRO CPU has been reset by WDT.[0m
[0;33mW (217) boot.esp32: WDT reset info: PRO CPU PC=0x40089a5c[0m
[0;33mW (223) boot.esp32: WDT reset info: APP CPU PC=0x400d2066[0m
[0;32mI (230) boot: Enabling RNG early entropy source...[0m
[0;32mI (235) boot: Partition Table:[0m
[0;32mI (239) boot: ## Label            Usage          Type ST Offset   Length[0m
[0;32mI (246) boot:  0 nvs              WiFi data        01 02 00009000 00006000[0m
[0;32mI (254) boot:  1 phy_init         RF data          01 01 0000f000 00001000[0m
[0;32mI (261) boot:  2 factory          factory app      00 00 00010000 00100000[0m
[0;32mI (269) boot: End of partition table[0m
[0;32mI (273) esp_image: segment 0: paddr=00010020 vaddr=3f400020 size=0ba60h ( 47712) map[0m
[0;32mI (295) esp_image: segment 1: paddr=0001ba88 vaddr=3ffb0000 size=02228h (  8744) load[0m
[0;32mI (298) esp_image: segment 2: paddr=0001dcb8 vaddr=40080000 size=02360h (  9056) load[0m
[0;32mI (304) esp_image: segment 3: paddr=00020020 vaddr=400d0020 size=1b358h (111448) map[0m
[0;32mI (340) esp_image: segment 4: paddr=0003b380 vaddr=40082360 size=0ba04h ( 47620) load[0m
[0;32mI (363) boot: Loaded app from partition at offset 0x10000[0m
[0;32mI (363) boot: Disabling RNG early entropy source...[0m
[0;32mI (374) cpu_start: Multicore app[0m
[0;32mI (374) cpu_start: Pro cpu up.[0m
[0;32mI (374) cpu_start: Starting app cpu, entry point is 0x40081360[0m
[0;32mI (0) cpu_start: App cpu up.[0m
[0;32mI (392) cpu_start: Pro cpu start user code[0m
[0;32mI (392) cpu_start: cpu freq: 240000000 Hz[0m
[0;32mI (392) cpu_start: Application information:[0m
[0;32mI (397) cpu_start: Project name:     marcelino[0m
[0;32mI (402) cpu_start: App version:      e874d60-dirty[0m
[0;32mI (408) cpu_start: Compile time:     Nov 16 2023 21:23:52[0m
[0;32mI (414) cpu_start: ELF file SHA256:  87eead55d4cc3433...[0m
[0;32mI (420) cpu_start: ESP-IDF:          v5.1.1-dirty[0m
[0;32mI (425) cpu_start: Min chip rev:     v0.0[0m
[0;32mI (430) cpu_start: Max chip rev:     v3.99 [0m
[0;32mI (435) cpu_start: Chip rev:         v1.0[0m
[0;32mI (440) heap_init: Initializing. RAM available for dynamic allocation:[0m
[0;32mI (447) heap_init: At 3FFAE6E0 len 00001920 (6 KiB): DRAM[0m
[0;32mI (453) heap_init: At 3FFB2C78 len 0002D388 (180 KiB): DRAM[0m
[0;32mI (459) heap_init: At 3FFE0440 len 00003AE0 (14 KiB): D/IRAM[0m
[0;32mI (465) heap_init: At 3FFE4350 len 0001BCB0 (111 KiB): D/IRAM[0m
[0;32mI (472) heap_init: At 4008DD64 len 0001229C (72 KiB): IRAM[0m
[0;32mI (479) spi_flash: detected chip: generic[0m
[0;32mI (483) spi_flash: flash io: qio[0m
[0;32mI (487) Blink LED G: Task created[0m
[0;32mI (491) Print MSG: Task created[0m
[0;32mI (495) app_start: Starting scheduler on CPU0[0m
[0;32mI (0) app_start: Starting scheduler on CPU1[0m
[0;32mI (500) main_task: Started on CPU0[0m
[0;32mI (510) main_task: Calling app_main()[0m
ets Jun  8 2016 00:22:57

rst:0x7 (TG0WDT_SYS_RESET),boot:0x13 (SPI_FAST_FLASH_BOOT)
configsip: 0, SPIWP:0xee
clk_drv:0x00,q_drv:0x00,d_drv:0x00,cs0_drv:0x00,hd_drv:0x00,wp_drv:0x00
mode:DIO, clock div:1
load:0x3fff0030,len:7432
load:0x40078000,len:16576
load:0x40080400,len:4
ho 8 tail 4 room 4
load:0x40080404,len:4284
entry 0x40080668
[0;32mI (183) boot: ESP-IDF v5.1.1-dirty 2nd stage bootloader[0m
[0;32mI (183) boot: compile time Nov 11 2023 12:23:34[0m
[0;32mI (183) boot: Multicore bootloader[0m
[0;32mI (189) boot: chip revision: v1.0[0m
[0;32mI (193) qio_mode: Enabling default flash chip QIO[0m
[0;32mI (198) boot.esp32: SPI Speed      : 80MHz[0m
[0;32mI (203) boot.esp32: SPI Mode       : QIO[0m
[0;32mI (207) boot.esp32: SPI Flash Size : 4MB[0m
[0;33mW (212) boot.esp32: PRO CPU has been reset by WDT.[0m
[0;33mW (217) boot.esp32: WDT reset info: PRO CPU PC=0x40089a34[0m
[0;33mW (223) boot.esp32: WDT reset info: APP CPU PC=0x400d2066[0m
[0;32mI (230) boot: Enabling RNG early entropy source...[0m
[0;32mI (235) boot: Partition Table:[0m
[0;32mI (239) boot: ## Label            Usage          Type ST Offset   Length[0m
[0;32mI (246) boot:  0 nvs              WiFi data        01 02 00009000 00006000[0m
[0;32mI (254) boot:  1 phy_init         RF data          01 01 0000f000 00001000[0m
[0;32mI (261) boot:  2 factory          factory app      00 00 00010000 00100000[0m
[0;32mI (269) boot: End of partition table[0m
[0;32mI (273) esp_image: segment 0: paddr=00010020 vaddr=3f400020 size=0ba60h ( 47712) map[0m
[0;32mI (295) esp_image: segment 1: paddr=0001ba88 vaddr=3ffb0000 size=02228h (  8744) load[0m
[0;32mI (298) esp_image: segment 2: paddr=0001dcb8 vaddr=40080000 size=02360h (  9056) load[0m
[0;32mI (304) esp_image: segment 3: paddr=00020020 vaddr=400d0020 size=1b358h (111448) map[0m
[0;32mI (340) esp_image: segment 4: paddr=0003b380 vaddr=40082360 size=0ba04h ( 47620) load[0m
[0;32mI (363) boot: Loaded app from partition at offset 0x10000[0m
[0;32mI (363) boot: Disabling RNG early entropy source...[0m
[0;32mI (374) cpu_start: Multicore app[0m
[0;32mI (374) cpu_start: Pro cpu up.[0m
[0;32mI (374) cpu_start: Starting app cpu, entry point is 0x40081360[0m
[0;32mI (0) cpu_start: App cpu up.[0m
[0;32mI (392) cpu_start: Pro cpu start user code[0m
[0;32mI (392) cpu_start: cpu freq: 240000000 Hz[0m
[0;32mI (392) cpu_start: Application information:[0m
[0;32mI (397) cpu_start: Project name:     marcelino[0m
[0;32mI (402) cpu_start: App version:      e874d60-dirty[0m
[0;32mI (408) cpu_start: Compile time:     Nov 16 2023 21:23:52[0m
[0;32mI (414) cpu_start: ELF file SHA256:  87eead55d4cc3433...[0m
[0;32mI (420) cpu_start: ESP-IDF:          v5.1.1-dirty[0m
[0;32mI (425) cpu_start: Min chip rev:     v0.0[0m
[0;32mI (430) cpu_start: Max chip rev:     v3.99 [0m
[0;32mI (435) cpu_start: Chip rev:         v1.0[0m
[0;32mI (440) heap_init: Initializing. RAM available for dynamic allocation:[0m
[0;32mI (447) heap_init: At 3FFAE6E0 len 00001920 (6 KiB): DRAM[0m
[0;32mI (453) heap_init: At 3FFB2C78 len 0002D388 (180 KiB): DRAM[0m
[0;32mI (459) heap_init: At 3FFE0440 len 00003AE0 (14 KiB): D/IRAM[0m
[0;32mI (465) heap_init: At 3FFE4350 len 0001BCB0 (111 KiB): D/IRAM[0m
[0;32mI (472) heap_init: At 4008DD64 len 0001229C (72 KiB): IRAM[0m
[0;32mI (479) spi_flash: detected chip: generic[0m
[0;32mI (483) spi_flash: flash io: qio[0m
[0;32mI (487) Blink LED G: Task created[0m
[0;32mI (491) Print MSG: Task created[0m
[0;32mI (495) app_start: Starting scheduler on CPU0[0m
[0;32mI (0) app_start: Starting scheduler on CPU1[0m
[0;32mI (500) main_task: Started on CPU0[0m
[0;32mI (510) main_task: Calling app_main()[0m
ets Jun  8 2016 00:22:57

rst:0x7 (TG0WDT_SYS_RESET),boot:0x13 (SPI_FAST_FLASH_BOOT)
configsip: 0, SPIWP:0xee
clk_drv:0x00,q_drv:0x00,d_drv:0x00,cs0_drv:0x00,hd_drv:0x00,wp_drv:0x00
mode:DIO, clock div:1
load:0x3fff0030,len:7432
load:0x40078000,len:16576
load:0x40080400,len:4
ho 8 tail 4 room 4
load:0x40080404,len:4284
entry 0x40080668
[0;32mI (183) boot: ESP-IDF v5.1.1-dirty 2nd stage bootloader[0m
[0;32mI (183) boot: compile time Nov 11 2023 12:23:34[0m
[0;32mI (183) boot: Multicore bootloader[0m
[0;32mI (189) boot: chip revision: v1.0[0m
[0;32mI (193) qio_mode: Enabling default flash chip QIO[0m
[0;32mI (198) boot.esp32: SPI Speed      : 80MHz[0m
[0;32mI (203) boot.esp32: SPI Mode       : QIO[0m
[0;32mI (207) boot.esp32: SPI Flash Size : 4MB[0m
[0;33mW (212) boot.esp32: PRO CPU has been reset by WDT.[0m
[0;33mW (217) boot.esp32: WDT reset info: PRO CPU PC=0x40089a50[0m
[0;33mW (223) boot.esp32: WDT reset info: APP CPU PC=0x400d2066[0m
[0;32mI (230) boot: Enabling RNG early entropy source...[0m
[0;32mI (235) boot: Partition Table:[0m
[0;32mI (239) boot: ## Label            Usage          Type ST Offset   Length[0m
[0;32mI (246) boot:  0 nvs              WiFi data        01 02 00009000 00006000[0m
[0;32mI (254) boot:  1 phy_init         RF data          01 01 0000f000 00001000[0m
[0;32mI (261) boot:  2 factory          factory app      00 00 00010000 00100000[0m
[0;32mI (269) boot: End of partition table[0m
[0;32mI (273) esp_image: segment 0: paddr=00010020 vaddr=3f400020 size=0ba60h ( 47712) map[0m
[0;32mI (295) esp_image: segment 1: paddr=0001ba88 vaddr=3ffb0000 size=02228h (  8744) load[0m
[0;32mI (298) esp_image: segment 2: paddr=0001dcb8 vaddr=40080000 size=02360h (  9056) load[0m
[0;32mI (304) esp_image: segment 3: paddr=00020020 vaddr=400d0020 size=1b358h (111448) map[0m
[0;32mI (340) esp_image: segment 4: paddr=0003b380 vaddr=40082360 size=0ba04h ( 47620) load[0m
[0;32mI (363) boot: Loaded app from partition at offset 0x10000[0m
[0;32mI (363) boot: Disabling RNG early entropy source...[0m
[0;32mI (374) cpu_start: Multicore app[0m
[0;32mI (374) cpu_start: Pro cpu up.[0m
[0;32mI (374) cpu_start: Starting app cpu, entry point is 0x40081360[0m
[0;32mI (0) cpu_start: App cpu up.[0m
[0;32mI (392) cpu_start: Pro cpu start user code[0m
[0;32mI (392) cpu_start: cpu freq: 240000000 Hz[0m
[0;32mI (392) cpu_start: Application information:[0m
[0;32mI (397) cpu_start: Project name:     marcelino[0m
[0;32mI (402) cpu_start: App version:      e874d60-dirty[0m
[0;32mI (408) cpu_start: Compile time:     Nov 16 2023 21:23:52[0m
[0;32mI (414) cpu_start: ELF file SHA256:  87eead55d4cc3433...[0m
[0;32mI (420) cpu_start: ESP-IDF:          v5.1.1-dirty[0m
[0;32mI (425) cpu_start: Min chip rev:     v0.0[0m
[0;32mI (430) cpu_start: Max chip rev:     v3.99 [0m
[0;32mI (435) cpu_start: Chip rev:         v1.0[0m
[0;32mI (440) heap_init: Initializing. RAM available for dynamic allocation:[0m
[0;32mI (447) heap_init: At 3FFAE6E0 len 00001920 (6 KiB): DRAM[0m
[0;32mI (453) heap_init: At 3FFB2C78 len 0002D388 (180 KiB): DRAM[0m
[0;32mI (459) heap_init: At 3FFE0440 len 00003AE0 (14 KiB): D/IRAM[0m
[0;32mI (465) heap_init: At 3FFE4350 len 0001BCB0 (111 KiB): D/IRAM[0m
[0;32mI (472) heap_init: At 4008DD64 len 0001229C (72 KiB): IRAM[0m
[0;32mI (479) spi_flash: detected chip: generic[0m
[0;32mI (483) spi_flash: flash io: qio[0m
[0;32mI (487) Blink LED G: Task created[0m
[0;32mI (491) Print MSG: Task created[0m
[0;32mI (495) app_start: Starting scheduler on CPU0[0m
[0;32mI (0) app_start: Starting scheduler on CPU1[0m
[0;32mI (500) main_task: Started on CPU0[0m
[0;32mI (510) main_task: Calling app_main()[0m
ets Jun  8 2016 00:22:57

rst:0x7 (TG0WDT_SYS_RESET),boot:0x13 (SPI_FAST_FLASH_BOOT)
configsip: 0, SPIWP:0xee
clk_drv:0x00,q_drv:0x00,d_drv:0x00,cs0_drv:0x00,hd_drv:0x00,wp_drv:0x00
mode:DIO, clock div:1
load:0x3fff0030,len:7432
load:0x40078000,len:16576
load:0x40080400,len:4
ho 8 tail 4 room 4
load:0x40080404,len:4284
entry 0x40080668
[0;32mI (183) boot: ESP-IDF v5.1.1-dirty 2nd stage bootloader[0m
[0;32mI (183) boot: compile time Nov 11 2023 12:23:34[0m
[0;32mI (183) boot: Multicore bootloader[0m
[0;32mI (189) boot: chip revision: v1.0[0m
[0;32mI (193) qio_mode: Enabling default flash chip QIO[0m
[0;32mI (198) boot.esp32: SPI Speed      : 80MHz[0m
[0;32mI (203) boot.esp32: SPI Mode       : QIO[0m
[0;32mI (207) boot.esp32: SPI Flash Size : 4MB[0m
[0;33mW (212) boot.esp32: PRO CPU has been reset by WDT.[0m
[0;33mW (217) boot.esp32: WDT reset info: PRO CPU PC=0x40089a50[0m
[0;33mW (223) boot.esp32: WDT reset info: APP CPU PC=0x400d2066[0m
[0;32mI (230) boot: Enabling RNG early entropy source...[0m
[0;32mI (235) boot: Partition Table:[0m
[0;32mI (239) boot: ## Label            Usage          Type ST Offset   Length[0m
[0;32mI (246) boot:  0 nvs              WiFi data        01 02 00009000 00006000[0m
[0;32mI (254) boot:  1 phy_init         RF data          01 01 0000f000 00001000[0m
[0;32mI (261) boot:  2 factory          factory app      00 00 00010000 00100000[0m
[0;32mI (269) boot: End of partition table[0m
[0;32mI (273) esp_image: segment 0: paddr=00010020 vaddr=3f400020 size=0ba60h ( 47712) map[0m
[0;32mI (295) esp_image: segment 1: paddr=0001ba88 vaddr=3ffb0000 size=02228h (  8744) load[0m
[0;32mI (298) esp_image: segment 2: paddr=0001dcb8 vaddr=40080000 size=02360h (  9056) load[0m
[0;32mI (304) esp_image: segment 3: paddr=00020020 vaddr=400d0020 size=1b358h (111448) map[0m
[0;32mI (340) esp_image: segment 4: paddr=0003b380 vaddr=40082360 size=0ba04h ( 47620) load[0m
[0;32mI (363) boot: Loaded app from partition at offset 0x10000[0m
[0;32mI (363) boot: Disabling RNG early entropy source...[0m
[0;32mI (374) cpu_start: Multicore app[0m
[0;32mI (374) cpu_start: Pro cpu up.[0m
[0;32mI (374) cpu_start: Starting app cpu, entry point is 0x40081360[0m
[0;32mI (0) cpu_start: App cpu up.[0m
[0;32mI (392) cpu_start: Pro cpu start user code[0m
[0;32mI (392) cpu_start: cpu freq: 240000000 Hz[0m
[0;32mI (392) cpu_start: Application information:[0m
[0;32mI (397) cpu_start: Project name:     marcelino[0m
[0;32mI (402) cpu_start: App version:      e874d60-dirty[0m
[0;32mI (408) cpu_start: Compile time:     Nov 16 2023 21:23:52[0m
[0;32mI (414) cpu_start: ELF file SHA256:  87eead55d4cc3433...[0m
[0;32mI (420) cpu_start: ESP-IDF:          v5.1.1-dirty[0m
[0;32mI (425) cpu_start: Min chip rev:     v0.0[0m
[0;32mI (430) cpu_start: Max chip rev:     v3.99 [0m
[0;32mI (435) cpu_start: Chip rev:         v1.0[0m
