ets ï¿½ï¿½ï¿½ï¿½ï¿½ï¿½ï¿½ï¿½ï¿½Ò’ï¿½Òªï¿½j

rst:0x1 	ï¿½]I=9}IMQï¿½,ï¿½ï¿½ï¿½0x13 (SPI_FA*ï¿½e1M!}	==Qï¿½
configsip: 0,ï¿½AIWP:0xee
ckï¿½Eï¿½ï¿½ï¿½0x00,q_d.ï¿½ï¿½ï¿½ï¿½0,d_drv:ï¿½ï¿½0,cs0_drv:0xï¿½bBï¿½}ï¿½ï¿½ï¿½ï¿½0x0bï¿½ï¿½}ï¿½ï¿½ï¿½ï¿½0x00
[ï¿½ï¿½ï¿½DIO, clock Vï¿½ï¿½1
load:0x&ï¿½ï¿½ï¿½ï¿½ï¿½bbï¿½ï¿½ï¿½743ï¿½Hï¿½ï¿½+ï¿½ï¿½0x400780ï¿½bbï¿½ï¿½ï¿½16576
loXï¿½ï¿½x40080400,len'SHï¿½ï¿½ï¿½ï¿½ï¿½ï¿½ï¿½4 room 4
load:ï¿½ï¿½0080404,len:ï¿½Â¢
entry 0x4ï¿½Â‚668
[0;32mI (30) boot: ESP-IDF v5.1.1-dirty 2nd stage bootloader[0m
[0;32mI (30) boot: compile time Nov 11 2023 12:23:34[0m
[0;32mI (30) boot: Multicore bootloader[0m
[0;32mI (35) boot: chip revision: v1.0[0m
[0;32mI (39) qio_mode: Enabling default flash chip QIO[0m
[0;32mI (44) boot.esp32: SPI Speed      : 80MHz[0m
[0;32mI (49) boot.esp32: SPI Mode       : QIO[0m
[0;32mI (53) boot.esp32: SPI Flash Size : 4MB[0m
[0;32mI (58) boot: Enabling RNG early entropy source...[0m
[0;32mI (63) boot: Partition Table:[0m
[0;32mI (67) boot: ## Label            Usage          Type ST Offset   Length[0m
[0;32mI (74) boot:  0 nvs              WiFi data        01 02 00009000 00006000[0m
[0;32mI (81) boot:  1 phy_init         RF data          01 01 0000f000 00001000[0m
[0;32mI (89) boot:  2 factory          factory app      00 00 00010000 00100000[0m
[0;32mI (96) boot: End of partition table[0m
[0;32mI (101) esp_image: segment 0: paddr=00010020 vaddr=3f400020 size=0b860h ( 47200) map[0m
[0;32mI (122) esp_image: segment 1: paddr=0001b888 vaddr=3ffb0000 size=02228h (  8744) load[0m
[0;32mI (125) esp_image: segment 2: paddr=0001dab8 vaddr=40080000 size=02560h (  9568) load[0m
[0;32mI (131) esp_image: segment 3: paddr=00020020 vaddr=400d0020 size=1a5a4h (107940) map[0m
[0;32mI (166) esp_image: segment 4: paddr=0003a5cc vaddr=40082560 size=0b804h ( 47108) load[0m
[0;32mI (189) boot: Loaded app from partition at offset 0x10000[0m
[0;32mI (189) boot: Disabling RNG early entropy source...[0m
[0;32mI (201) cpu_start: Multicore app[0m
[0;32mI (201) cpu_start: Pro cpu up.[0m
[0;32mI (201) cpu_start: Starting app cpu, entry point is 0x40081360[0m
[0;32mI (0) cpu_start: App cpu up.[0m
[0;32mI (219) cpu_start: Pro cpu start user code[0m
[0;32mI (219) cpu_start: cpu freq: 240000000 Hz[0m
[0;32mI (219) cpu_start: Application information:[0m
[0;32mI (224) cpu_start: Project name:     marcelino[0m
[0;32mI (229) cpu_start: App version:      e874d60-dirty[0m
[0;32mI (234) cpu_start: Compile time:     Nov 16 2023 21:23:52[0m
[0;32mI (240) cpu_start: ELF file SHA256:  feb11d7b645e24fe...[0m
[0;32mI (246) cpu_start: ESP-IDF:          v5.1.1-dirty[0m
[0;32mI (252) cpu_start: Min chip rev:     v0.0[0m
[0;32mI (256) cpu_start: Max chip rev:     v3.99 [0m
[0;32mI (261) cpu_start: Chip rev:         v1.0[0m
[0;32mI (266) heap_init: Initializing. RAM available for dynamic allocation:[0m
[0;32mI (273) heap_init: At 3FFAE6E0 len 00001920 (6 KiB): DRAM[0m
[0;32mI (279) heap_init: At 3FFB2C70 len 0002D390 (180 KiB): DRAM[0m
[0;32mI (286) heap_init: At 3FFE0440 len 00003AE0 (14 KiB): D/IRAM[0m
[0;32mI (292) heap_init: At 3FFE4350 len 0001BCB0 (111 KiB): D/IRAM[0m
[0;32mI (298) heap_init: At 4008DD64 len 0001229C (72 KiB): IRAM[0m
[0;32mI (305) spi_flash: detected chip: generic[0m
[0;32mI (309) spi_flash: flash io: qio[0m
[0;32mI (313) Blink LED G: Task created[0m
[0;32mI (317) Print MSG: Task created[0m
[0;32mI (321) app_start: Starting scheduler on CPU0[0m
[0;32mI (0) app_start: Starting scheduler on CPU1[0m
[0;32mI (326) main_task: Started on CPU0[0m
[0;32mI (335) main_task: Calling app_main()[0m
00:00:00
00:00:01
00:00:02
00:00:03
00:00:04
00:00:05
00:00:06
00:00:07
00:00:08
00:00:09
00:00:10
00:00:11
00:00:12
00:00:13
00:00:14
00:00:15
00:00:16
00:00:17
