ets Juï¿½ï¿½ï¿½ï¿½ï¿½ 00:2&ï¿½ï¿½SHï¿½HHï¿½ï¿½ï¿½0x1Bï¿½=]I=9_RESETJIï¿½ï¿½ï¿½ï¿½0x13 (Sï¿½}MQ}LASH_BêŠ•j
cï¿½Ë¥ï¿½ï¿½ï¿½ï¿½ï¿½ 0, SPIï¿½ï¿½Â•ï¿½5
clk_d.ï¿½ï¿½ï¿½ï¿½0)}ï¿½ï¿½ï¿½ï¿½0x00,d_d.ï¿½ï¿½ï¿½ï¿½0iï¿½ï¿½_drv'ï¿½ï¿½0,hï¿½Eï¿½ï¿½ï¿½0ï¿½0,wp_ï¿½.ï¿½ï¿½ï¿½ï¿½0
mode'Tï¿½ cï¿½kï¿½ï¿½diï¿½ï¿½
lï¿½Xï¿½ï¿½ï¿½ï¿½fff0030ï¿½ï¿½ï¿½ï¿½74ï¿½ï¿½Hï¿½ï¿½ï¿½ï¿½ï¿½0x400ï¿½ï¿½ï¿½bbï¿½n:165ï¿½SHloaï¿½ï¿½x400ï¿½ï¿½00,leKï¿½j
hï¿½ taiï¿½ï¿½ï¿½ï¿½ï¿½4
lï¿½Xï¿½ï¿½ï¿½ï¿½0080404ï¿½ï¿½ï¿½ï¿½4ï¿½ï¿½
enï¿½ï¿½0x4ï¿½80668Cï¿½[0;32mI (30) boot: ESP-IDF v5.1.1-dirty 2nd stage bootloader[0m
[0;32mI (30) boot: compile time Nov 11 2023 12:23:34[0m
[0;32mI (30) boot: Multicore bootloader[0m
[0;32mI (35) boot: chip revision: v1.0[0m
[0;32mI (39) qio_mode: Enabling default flash chip QIO[0m
[0;32mI (44) boot.esp32: SPI Speed      : 80MHz[0m
[0;32mI (49) boot.esp32: SPI Mode       : QIO[0m
[0;32mI (53) boot.esp32: SPI Flash Size : 4MB[0m
[0;32mI (58) boot: Enabling RNG early entropy source...[0m
[0;32mI (63) boot: Partition Table:[0m
[0;32mI (67) boot: ## Label            Usage          Type ST Offset   Length[0m
[0;32mI (74) boot:  0 nvs              WiFi data        01 02 00009000 00006000[0m
[0;32mI (81) boot:  1 phy_init         RF data          01 01 0000f000 00001000[0m
[0;32mI (89) boot:  2 factory          factory app      00 00 00010000 00100000[0m
[0;32mI (96) boot: End of partition table[0m
[0;32mI (101) esp_image: segment 0: paddr=00010020 vaddr=3f400020 size=0aab4h ( 43700) map[0m
[0;32mI (121) esp_image: segment 1: paddr=0001aadc vaddr=3ffb0000 size=021c8h (  8648) load[0m
[0;32mI (124) esp_image: segment 2: paddr=0001ccac vaddr=40080000 size=0336ch ( 13164) load[0m
[0;32mI (133) esp_image: segment 3: paddr=00020020 vaddr=400d0020 size=19374h (103284) map[0m
[0;32mI (165) esp_image: segment 4: paddr=0003939c vaddr=4008336c size=09620h ( 38432) load[0m
[0;32mI (184) boot: Loaded app from partition at offset 0x10000[0m
[0;32mI (184) boot: Disabling RNG early entropy source...[0m
[0;32mI (196) cpu_start: Multicore app[0m
[0;32mI (196) cpu_start: Pro cpu up.[0m
[0;32mI (196) cpu_start: Starting app cpu, entry point is 0x40081250[0m
[0;32mI (0) cpu_start: App cpu up.[0m
[0;32mI (214) cpu_start: Pro cpu start user code[0m
[0;32mI (214) cpu_start: cpu freq: 240000000 Hz[0m
[0;32mI (214) cpu_start: Application information:[0m
[0;32mI (219) cpu_start: Project name:     marcelino[0m
[0;32mI (224) cpu_start: App version:      729d225-dirty[0m
[0;32mI (230) cpu_start: Compile time:     Nov 11 2023 12:23:09[0m
[0;32mI (236) cpu_start: ELF file SHA256:  adfb7925ef6623f4...[0m
[0;32mI (242) cpu_start: ESP-IDF:          v5.1.1-dirty[0m
[0;32mI (247) cpu_start: Min chip rev:     v0.0[0m
[0;32mI (252) cpu_start: Max chip rev:     v3.99 [0m
[0;32mI (257) cpu_start: Chip rev:         v1.0[0m
[0;32mI (261) heap_init: Initializing. RAM available for dynamic allocation:[0m
[0;32mI (269) heap_init: At 3FFAE6E0 len 00001920 (6 KiB): DRAM[0m
[0;32mI (275) heap_init: At 3FFB2C08 len 0002D3F8 (180 KiB): DRAM[0m
[0;32mI (281) heap_init: At 3FFE0440 len 00003AE0 (14 KiB): D/IRAM[0m
[0;32mI (287) heap_init: At 3FFE4350 len 0001BCB0 (111 KiB): D/IRAM[0m
[0;32mI (294) heap_init: At 4008C98C len 00013674 (77 KiB): IRAM[0m
[0;32mI (300) spi_flash: detected chip: generic[0m
[0;32mI (304) spi_flash: flash io: qio[0m
[0;32mI (309) Blink LED G: Task created[0m
[0;32mI (312) Print MSG: Task created[0m
[0;32mI (317) app_start: Starting scheduler on CPU0[0m
[0;32mI (321) app_start: Starting scheduler on CPU1[0m
[0;32mI (321) main_task: Started on CPU0[0m
[0;32mI (331) main_task: Calling app_main()[0m
00:00:00
00:00:01
00:00:02
00:00:03
00:00:04
00:00:05
00:00:06
00:00:07
00:00:08
00:00:09
00:00:10
00:00:11
00:00:12
00:00:13
00:00:14
00:00:15
00:00:16
00:00:17
00:00:18
00:00:19
00:00:20
00:00:21
00:00:22
00:00:23
00:00:24
00:00:25
00:00:26
00:00:27
00:00:28
00:00:29
00:00:30
00:00:31
00:00:32
00:00:33
00:00:34
00:00:35
00:00:36
00:00:37
00:00:38
00:00:39
00:00:40
00:00:41
00:00:42
00:00:43
00:00:44
00:00:45
00:00:46
00:00:47
00:00:48
00:00:49
00:00:50
00:00:51
00:00:52
00:00:53
00:00:54
00:00:55
00:00:56
00:00:57
00:00:58
00:00:59
00:01:00
00:01:01
00:01:02
00:01:03
00:01:04
00:01:05
00:01:06
00:01:07
00:01:08
00:01:09
00:01:10
00:01:11
00:01:12
00:01:13
00:01:14
00:01:15
00:01:16
00:01:17
00:01:18
00:01:19
00:01:20
00:01:21
00:01:22
00:01:23
00:01:24
00:01:25
00:01:26
00:01:27
00:01:28
00:01:29
00:01:30
00:01:31
00:01:32
00:01:33
00:01:34
00:01:35
00:01:36
00:01:37
00:01:38
00:01:39
00:01:40
00:01:41
00:01:42
00:01:43
00:01:44
00:01:45
00:01:46
00:01:47
00:01:48
00:01:49
00:01:50
00:01:51
00:01:52
00:01:53
00:01:54
00:01:55
00:01:56
00:01:57
00:01:58
00:01:59
00:02:00
00:02:01
00:02:02
00:02:03
00:02:04
00:02:05
00:02:06
00:02:07
00:02:08
00:02:09
00:02:10
00:02:11
00:02:12
00:02:13
00:02:14
00:02:15
00:02:16
00:02:17
00:02:18
00:02:19
00:02:20
00:02:21
00:02:22
00:02:23
00:02:24
00:02:25
00:02:26
00:02:27
00:02:28
00:02:29
00:02:30
00:02:31
00:02:32
00:02:33
00:02:34
00:02:35
00:02:36
00:02:37
00:02:38
00:02:39
00:02:40
00:02:41
00:02:42
00:02:43
00:02:44
00:02:45
00:02:46
00:02:47
00:02:48
00:02:49
00:02:50
00:02:51
00:02:52
00:02:53
00:02:54
00:02:55
00:02:56
00:02:57
00:02:58
00:02:59
00:03:00
00:03:01
00:03:02
00:03:03
00:03:04
00:03:05
00:03:06
00:03:07
00:03:08
00:03:09
00:03:10
00:03:11
00:03:12
00:03:13
00:03:14
00:03:15
00:03:16
00:03:17
00:03:18
00:03:19
00:03:20
00:03:21
00:03:22
00:03:23
