ets Jun  8 20Lï¿½0:22:57ï¿½HHï¿½ï¿½ï¿½0x1 (ï¿½]ERON_RESETJIï¿½ï¿½ï¿½ï¿½0x13 iï¿½}MQ}1M!}BOOT)
confZÖ¥ï¿½ï¿½ 0, SPIï¿½ï¿½xee
clk_ï¿½ï¿½ï¿½0x00,q_d.ï¿½ï¿½x00,d_drï¿½ï¿½ï¿½ï¿½0,cs0_d.ï¿½ï¿½x00,hd_drv'ï¿½ï¿½0,wp_drv'ï¿½ï¿½0
mode:Tï¿½	ï¿½ï¿½ï¿½ï¿½ï¿½dZï¿½ï¿½
load:0ï¿½fff0030,leKï¿½ï¿½ï¿½2
load:ï¿½ï¿½0078000,ï¿½ï¿½:16576
l+ï¿½:0x400804ï¿½bbï¿½ï¿½ï¿½4
hoï¿½ï¿½ï¿½ï¿½ï¿½ï¿½4 ï¿½ï¿½ï¿½j
loaï¿½ï¿½ï¿½ï¿½008040ï¿½ï¿½ï¿½ï¿½4284Cï¿½ï¿½ï¿½ï¿½ï¿½ï¿½0x40Â‚ï¿½68
[0;32mI (30) boot: ESP-IDF v5.1.1-dirty 2nd stage bootloader[0m
[0;32mI (30) boot: compile time Nov 11 2023 12:23:34[0m
[0;32mI (30) boot: Multicore bootloader[0m
[0;32mI (35) boot: chip revision: v1.0[0m
[0;32mI (39) qio_mode: Enabling default flash chip QIO[0m
[0;32mI (44) boot.esp32: SPI Speed      : 80MHz[0m
[0;32mI (49) boot.esp32: SPI Mode       : QIO[0m
[0;32mI (53) boot.esp32: SPI Flash Size : 4MB[0m
[0;32mI (58) boot: Enabling RNG early entropy source...[0m
[0;32mI (63) boot: Partition Table:[0m
[0;32mI (67) boot: ## Label            Usage          Type ST Offset   Length[0m
[0;32mI (74) boot:  0 nvs              WiFi data        01 02 00009000 00006000[0m
[0;32mI (81) boot:  1 phy_init         RF data          01 01 0000f000 00001000[0m
[0;32mI (89) boot:  2 factory          factory app      00 00 00010000 00100000[0m
[0;32mI (96) boot: End of partition table[0m
[0;32mI (101) esp_image: segment 0: paddr=00010020 vaddr=3f400020 size=0a3a4h ( 41892) map[0m
[0;32mI (121) esp_image: segment 1: paddr=0001a3cc vaddr=3ffb0000 size=021b8h (  8632) load[0m
[0;32mI (124) esp_image: segment 2: paddr=0001c58c vaddr=40080000 size=03a8ch ( 14988) load[0m
[0;32mI (133) esp_image: segment 3: paddr=00020020 vaddr=400d0020 size=1864ch ( 99916) map[0m
[0;32mI (164) esp_image: segment 4: paddr=00038674 vaddr=40083a8c size=08828h ( 34856) load[0m
[0;32mI (182) boot: Loaded app from partition at offset 0x10000[0m
[0;32mI (182) boot: Disabling RNG early entropy source...[0m
[0;32mI (194) cpu_start: Multicore app[0m
[0;32mI (194) cpu_start: Pro cpu up.[0m
[0;32mI (194) cpu_start: Starting app cpu, entry point is 0x400811e0[0m
[0;32mI (0) cpu_start: App cpu up.[0m
[0;32mI (212) cpu_start: Pro cpu start user code[0m
[0;32mI (212) cpu_start: cpu freq: 240000000 Hz[0m
[0;32mI (212) cpu_start: Application information:[0m
[0;32mI (217) cpu_start: Project name:     marcelino[0m
[0;32mI (222) cpu_start: App version:      729d225-dirty[0m
[0;32mI (227) cpu_start: Compile time:     Nov 11 2023 12:23:09[0m
[0;32mI (233) cpu_start: ELF file SHA256:  4140e4ee10ccf8f4...[0m
[0;32mI (239) cpu_start: ESP-IDF:          v5.1.1-dirty[0m
[0;32mI (245) cpu_start: Min chip rev:     v0.0[0m
[0;32mI (249) cpu_start: Max chip rev:     v3.99 [0m
[0;32mI (254) cpu_start: Chip rev:         v1.0[0m
[0;32mI (259) heap_init: Initializing. RAM available for dynamic allocation:[0m
[0;32mI (266) heap_init: At 3FFAE6E0 len 00001920 (6 KiB): DRAM[0m
[0;32mI (272) heap_init: At 3FFB2AB0 len 0002D550 (181 KiB): DRAM[0m
[0;32mI (279) heap_init: At 3FFE0440 len 00003AE0 (14 KiB): D/IRAM[0m
[0;32mI (285) heap_init: At 3FFE4350 len 0001BCB0 (111 KiB): D/IRAM[0m
[0;32mI (291) heap_init: At 4008C2B4 len 00013D4C (79 KiB): IRAM[0m
[0;32mI (298) spi_flash: detected chip: generic[0m
[0;32mI (302) spi_flash: flash io: qio[0m
[0;32mI (306) Blink LED G: Task created[0m
[0;32mI (310) Print MSG: Task created[0m
[0;32mI (314) app_start: Starting scheduler on CPU0[0m
[0;32mI (319) app_start: Starting scheduler on CPU1[0m
[0;32mI (319) main_task: Started on CPU0[0m
[0;32mI (329) main_task: Calling app_main()[0m
00:00:00
00:00:01
00:00:02
00:00:03
00:00:04
00:00:05
00:00:06
00:00:07
00:00:08
00:00:09
00:00:10
00:00:11
00:00:12
00:00:13
00:00:14
00:00:15
00:00:16
00:00:17
00:00:18
00:00:19
00:00:20
00:00:21
00:00:22
00:00:23
00:00:24
00:00:25
00:00:26
00:00:27
00:00:28
00:00:29
00:00:30
00:00:31
00:00:32
00:00:33
00:00:34
00:00:35
00:00:36
00:00:37
00:00:38
00:00:39
00:00:40
00:00:41
00:00:42
00:00:43
00:00:44
00:00:45
00:00:46
00:00:47
00:00:48
00:00:49
00:00:50
00:00:51
00:00:52
00:00:53
00:00:54
00:00:55
00:00:56
00:00:57
00:00:58
00:00:59
00:01:00
00:01:01
00:01:02
00:01:03
00:01:04
00:01:05
00:01:06
00:01:07
00:01:08
00:01:09
00:01:10
00:01:11
00:01:12
00:01:13
00:01:14
00:01:15
00:01:16
00:01:17
00:01:18
00:01:19
00:01:20
00:01:21
00:01:22
00:01:23
00:01:24
00:01:25
00:01:26
00:01:27
00:01:28
00:01:29
00:01:30
00:01:31
00:01:32
00:01:33
00:01:34
00:01:35
00:01:36
00:01:37
00:01:38
00:01:39
00:01:40
00:01:41
00:01:42
00:01:43
00:01:44
00:01:45
00:01:46
00:01:47
00:01:48
00:01:49
00:01:50
00:01:51
00:01:52
00:01:53
00:01:54
00:01:55
00:01:56
00:01:57
00:01:58
00:01:59
00:02:00
00:02:01
00:02:02
00:02:03
00:02:04
00:02:05
00:02:06
00:02:07
00:02:08
00:02:09
00:02:10
00:02:11
00:02:12
00:02:13
00:02:14
00:02:15
00:02:16
00:02:17
00:02:18
00:02:19
00:02:20
00:02:21
00:02:22
00:02:23
00:02:24
00:02:25
00:02:26
00:02:27
00:02:28
00:02:29
00:02:30
00:02:31
00:02:32
00:02:33
00:02:34
00:02:35
00:02:36
00:02:37
00:02:38
00:02:39
00:02:40
00:02:41
00:02:42
00:02:43
00:02:44
00:02:45
00:02:46
00:02:47
00:02:48
00:02:49
00:02:50
00:02:51
00:02:52
00:02:53
00:02:54
00:02:55
00:02:56
00:02:57
00:02:58
00:02:59
00:03:00
00:03:01
00:03:02
00:03:03
00:03:04
00:03:05
00:03:06
00:03:07
00:03:08
00:03:09
00:03:10
00:03:11
00:03:12
00:03:13
00:03:14
00:03:15
00:03:16
00:03:17
00:03:18
00:03:19
00:03:20
00:03:21
00:03:22
00:03:23
00:03:24
00:03:25
00:03:26
00:03:27
00:03:28
00:03:29
00:03:30
00:03:31
00:03:32
00:03:33
00:03:34
00:03:35
00:03:36
00:03:37
00:03:38
00:03:39
00:03:40
00:03:41
00:03:42
00:03:43
00:03:44
00:03:45
00:03:46
00:03:47
00:03:48
00:03:49
00:03:50
00:03:51
00:03:52
00:03:53
00:03:54
00:03:55
00:03:56
00:03:57
00:03:58
00:03:59
00:04:00
00:04:01
00:04:02
00:04:03
00:04:04
00:04:05
00:04:06
00:04:07
00:04:08
00:04:09
00:04:10
00:04:11
00:04:12
00:04:13
00:04:14
00:04:15
00:04:16
00:04:17
00:04:18
00:04:19
00:04:20
00:04:21
00:04:22
00:04:23
00:04:24
00:04:25
00:04:26
00:04:27
00:04:28
00:04:29
00:04:30
00:04:31
00:04:32
00:04:33
00:04:34
00:04:35
00:04:36
00:04:37
00:04:38
00:04:39
00:04:40
00:04:41
00:04:42
00:04:43
00:04:44
00:04:45
00:04:46
00:04:47
00:04:48
00:04:49
00:04:50
00:04:51
00:04:52
00:04:53
00:04:54
00:04:55
00:04:56
00:04:57
00:04:58
00:04:59
00:05:00
00:05:01
00:05:02
00:05:03
00:05:04
00:05:05
00:05:06
00:05:07
00:05:08
00:05:09
00:05:10
00:05:11
00:05:12
00:05:13
00:05:14
00:05:15
00:05:16
00:05:17
00:05:18
00:05:19
00:05:20
00:05:21
00:05:22
00:05:23
00:05:24
00:05:25
00:05:26
00:05:27
00:05:28
00:05:29
00:05:30
00:05:31
00:05:32
00:05:33
00:05:34
00:05:35
00:05:36
00:05:37
00:05:38
00:05:39
00:05:40
00:05:41
00:05:42
00:05:43
00:05:44
00:05:45
00:05:46
00:05:47
00:05:48
00:05:49
00:05:50
00:05:51
00:05:52
00:05:53
00:05:54
00:05:55
00:05:56
00:05:57
00:05:58
00:05:59
00:06:00
00:06:01
00:06:02
00:06:03
00:06:04
00:06:05
00:06:06
00:06:0