)ÔøΩÔøΩZÔøΩÔøΩe◊ÅJuÔøΩÔøΩÔøΩÔøΩ6 0ÔøΩ'&&'ÔøΩSHÔøΩ
r.ÔøΩÔøΩÔøΩÔøΩ (POWEÔøΩÔøΩÔøΩ%UMT),bÔøΩÔøΩ0xÔøΩ&BÔøΩA%}FASTe1M!}BOOTJCÔøΩÔøΩÔøΩÀ•ÔøΩÕ•ÔøΩÔøΩ 0, *ÔøΩ]AÔøΩ0xee
,kÔøΩEÔøΩÔøΩ:0x0ÔøΩ)}ÔøΩÔøΩÔøΩi0x00ÔøΩ}ÔøΩÔøΩÔøΩÔøΩ0x00ÔøΩÔøΩ.ÔøΩÔøΩÔøΩÔøΩi0x00	ÔøΩ}ÔøΩÔøΩÔøΩÔøΩ0x00ÔøΩÔøΩ}ÔøΩÔøΩÔøΩi0x00CÔøΩÎãïÔøΩDIO, ,Îç≠ÔøΩdiv:1!ÔøΩ+ÔøΩÔøΩ0x3ffÔøΩ30,ÔøΩYKÔøΩÔøΩÔøΩÔøΩ
loXÔøΩÔøΩÔøΩÔøΩ00780ÔøΩ,leÔøΩÔøΩÔøΩÔøΩÔøΩÔøΩj
loaÔøΩÔøΩx40ÔøΩ040blenÔøΩSHhoÔøΩ taiÔøΩÔøΩÔøΩom 4ÔøΩ!ÎÖëÔøΩ0x40ÔøΩ0404ÔøΩÔøΩÔøΩÔøΩ&ÔøΩj
YÔøΩÔøΩÔøΩ0x40ÔøΩ066j
[0;32mI (30) boot: ESP-IDF v5.1.1-dirty 2nd stage bootloader[0m
[0;32mI (30) boot: compile time Nov 11 2023 12:23:34[0m
[0;32mI (30) boot: Multicore bootloader[0m
[0;32mI (35) boot: chip revision: v1.0[0m
[0;32mI (39) qio_mode: Enabling default flash chip QIO[0m
[0;32mI (44) boot.esp32: SPI Speed      : 80MHz[0m
[0;32mI (49) boot.esp32: SPI Mode       : QIO[0m
[0;32mI (53) boot.esp32: SPI Flash Size : 4MB[0m
[0;32mI (58) boot: Enabling RNG early entropy source...[0m
[0;32mI (63) boot: Partition Table:[0m
[0;32mI (67) boot: ## Label            Usage          Type ST Offset   Length[0m
[0;32mI (74) boot:  0 nvs              WiFi data        01 02 00009000 00006000[0m
[0;32mI (81) boot:  1 phy_init         RF data          01 01 0000f000 00001000[0m
[0;32mI (89) boot:  2 factory          factory app      00 00 00010000 00100000[0m
[0;32mI (96) boot: End of partition table[0m
[0;32mI (101) esp_image: segment 0: paddr=00010020 vaddr=3f400020 size=0aab4h ( 43700) map[0m
[0;32mI (121) esp_image: segment 1: paddr=0001aadc vaddr=3ffb0000 size=021c8h (  8648) load[0m
[0;32mI (124) esp_image: segment 2: paddr=0001ccac vaddr=40080000 size=0336ch ( 13164) load[0m
[0;32mI (133) esp_image: segment 3: paddr=00020020 vaddr=400d0020 size=19398h (103320) map[0m
[0;32mI (165) esp_image: segment 4: paddr=000393c0 vaddr=4008336c size=09620h ( 38432) load[0m
[0;32mI (184) boot: Loaded app from partition at offset 0x10000[0m
[0;32mI (184) boot: Disabling RNG early entropy source...[0m
[0;32mI (196) cpu_start: Multicore app[0m
[0;32mI (196) cpu_start: Pro cpu up.[0m
[0;32mI (196) cpu_start: Starting app cpu, entry point is 0x40081250[0m
[0;32mI (0) cpu_start: App cpu up.[0m
[0;32mI (214) cpu_start: Pro cpu start user code[0m
[0;32mI (214) cpu_start: cpu freq: 240000000 Hz[0m
[0;32mI (214) cpu_start: Application information:[0m
[0;32mI (219) cpu_start: Project name:     marcelino[0m
[0;32mI (224) cpu_start: App version:      729d225-dirty[0m
[0;32mI (230) cpu_start: Compile time:     Nov 11 2023 12:23:09[0m
[0;32mI (236) cpu_start: ELF file SHA256:  5dbdb5c0c51ccd64...[0m
[0;32mI (242) cpu_start: ESP-IDF:          v5.1.1-dirty[0m
[0;32mI (247) cpu_start: Min chip rev:     v0.0[0m
[0;32mI (252) cpu_start: Max chip rev:     v3.99 [0m
[0;32mI (257) cpu_start: Chip rev:         v1.0[0m
[0;32mI (261) heap_init: Initializing. RAM available for dynamic allocation:[0m
[0;32mI (268) heap_init: At 3FFAE6E0 len 00001920 (6 KiB): DRAM[0m
[0;32mI (275) heap_init: At 3FFB2C08 len 0002D3F8 (180 KiB): DRAM[0m
[0;32mI (281) heap_init: At 3FFE0440 len 00003AE0 (14 KiB): D/IRAM[0m
[0;32mI (287) heap_init: At 3FFE4350 len 0001BCB0 (111 KiB): D/IRAM[0m
[0;32mI (294) heap_init: At 4008C98C len 00013674 (77 KiB): IRAM[0m
[0;32mI (300) spi_flash: detected chip: generic[0m
[0;32mI (304) spi_flash: flash io: qio[0m
[0;32mI (308) Blink LED G: Task created[0m
[0;32mI (312) Print MSG: Task created[0m
[0;32mI (316) app_start: Starting scheduler on CPU0[0m
[0;32mI (321) app_start: Starting scheduler on CPU1[0m
[0;32mI (321) main_task: Started on CPU0[0m
[0;32mI (331) main_task: Calling app_main()[0m
Guru Meditation Error: Core  0 panic'ed (LoadProhibited). Exception was unhandled.

Core  0 register dump:
PC      : 0x40088edf  PS      : 0x00060730  A0      : 0x80088d18  A1      : 0x3ffb7c10  
A2      : 0x3ffae6f8  A3      : 0x00000000  A4      : 0x3ffb2acc  A5      : 0x00000000  
A6      : 0x00000000  A7      : 0xb33fffff  A8      : 0x00000168  A9      : 0x3ffae6f4  
A10     : 0x3ffae6f4  A11     : 0x3ffb7c30  A12     : 0x00000000  A13     : 0x00060723  
A14     : 0xb33fffff  A15     : 0xb33fffff  SAR     : 0x00000000  EXCCAUSE: 0x0000001c  
EXCVADDR: 0x0000016c  LBEG    : 0x4000c2e0  LEND    : 0x4000c2f6  LCOUNT  : 0x00000000  


Backtrace: 0x40088edc:0x3ffb7c10 0x40088d15:0x3ffb7c30 0x40088e37:0x3ffb7c70 0x400880d5:0x3ffb7ca0




ELF file SHA256: 5dbdb5c0c51ccd64

Rebooting...
ets Jun  8 2016 00:22:57

rst:0xc (SW_CPU_RESET),boot:0x13 (SPI_FAST_FLASH_BOOT)
configsip: 0, SPIWP:0xee
clk_drv:0x00,q_drv:0x00,d_drv:0x00,cs0_drv:0x00,hd_drv:0x00,wp_drv:0x00
mode:DIO, clock div:1
load:0x3fff0030,len:7432
load:0x40078000,len:16576
load:0x40080400,len:4
ho 8 tail 4 room 4
load:0x40080404,len:4284
entry 0x40080668
[0;32mI (30) boot: ESP-IDF v5.1.1-dirty 2nd stage bootloader[0m
[0;32mI (31) boot: compile time Nov 11 2023 12:23:34[0m
[0;32mI (31) boot: Multicore bootloader[0m
[0;32mI (36) boot: chip revision: v1.0[0m
[0;32mI (39) qio_mode: Enabling default flash chip QIO[0m
[0;32mI (45) boot.esp32: SPI Speed      : 80MHz[0m
[0;32mI (49) boot.esp32: SPI Mode       : QIO[0m
[0;32mI (54) boot.esp32: SPI Flash Size : 4MB[0m
[0;32mI (58) boot: Enabling RNG early entropy source...[0m
[0;32mI (64) boot: Partition Table:[0m
[0;32mI (67) boot: ## Label            Usage          Type ST Offset   Length[0m
[0;32mI (75) boot:  0 nvs              WiFi data        01 02 00009000 00006000[0m
[0;32mI (82) boot:  1 phy_init         RF data          01 01 0000f000 00001000[0m
[0;32mI (90) boot:  2 factory          factory app      00 00 00010000 00100000[0m
[0;32mI (97) boot: End of partition table[0m
[0;32mI (101) esp_image: segment 0: paddr=00010020 vaddr=3f400020 size=0aab4h ( 43700) map[0m
[0;32mI (122) esp_image: segment 1: paddr=0001aadc vaddr=3ffb0000 size=021c8h (  8648) load[0m
[0;32mI (125) esp_image: segment 2: paddr=0001ccac vaddr=40080000 size=0336ch ( 13164) load[0m
[0;32mI (133) esp_image: segment 3: paddr=00020020 vaddr=400d0020 size=19398h (103320) map[0m
[0;32mI (166) esp_image: segment 4: paddr=000393c0 vaddr=4008336c size=09620h ( 38432) load[0m
[0;32mI (185) boot: Loaded app from partition at offset 0x10000[0m
[0;32mI (185) boot: Disabling RNG early entropy source...[0m
[0;32mI (197) cpu_start: Multicore app[0m
[0;32mI (197) cpu_start: Pro cpu up.[0m
[0;32mI (197) cpu_start: Starting app cpu, entry point is 0x40081250[0m
[0;32mI (184) cpu_start: App cpu up.[0m
[0;32mI (215) cpu_start: Pro cpu start user code[0m
[0;32mI (215) cpu_start: cpu freq: 240000000 Hz[0m
[0;32mI (215) cpu_start: Application information:[0m
[0;32mI (220) cpu_start: Project name:     marcelino[0m
[0;32mI (225) cpu_start: App version:      729d225-dirty[0m
[0;32mI (230) cpu_start: Compile time:     Nov 11 2023 12:23:09[0m
[0;32mI (237) cpu_start: ELF file SHA256:  5dbdb5c0c51ccd64...[0m
[0;32mI (243) cpu_start: ESP-IDF:          v5.1.1-dirty[0m
[0;32mI (248) cpu_start: Min chip rev:     v0.0[0m
[0;32mI (253) cpu_start: Max chip rev:     v3.99 [0m
[0;32mI (257) cpu_start: Chip rev:         v1.0[0m
[0;32mI (262) heap_init: Initializing. RAM available for dynamic allocation:[0m
[0;32mI (269) heap_init: At 3FFAE6E0 len 00001920 (6 KiB): DRAM[0m
[0;32mI (275) heap_init: At 3FFB2C08 len 0002D3F8 (180 KiB): DRAM[0m
[0;32mI (282) heap_init: At 3FFE0440 len 00003AE0 (14 KiB): D/IRAM[0m
[0;32mI (288) heap_init: At 3FFE4350 len 0001BCB0 (111 KiB): D/IRAM[0m
[0;32mI (294) heap_init: At 4008C98C len 00013674 (77 KiB): IRAM[0m
[0;32mI (301) spi_flash: detected chip: generic[0m
[0;32mI (305) spi_flash: flash io: qio[0m
[0;32mI (309) Blink LED G: Task created[0m
[0;32mI (313) Print MSG: Task created[0m
[0;32mI (317) app_start: Starting scheduler on CPU0[0m
[0;32mI (322) app_start: Starting scheduler on CPU1[0m
[0;32mI (322) main_task: Started on CPU0[0m
[0;32mI (332) main_task: Calling app_main()[0m
Guru Meditation Error: Core  0 panic'ed (LoadProhibited). Exception was unhandled.

Core  0 register dump:
PC      : 0x40088edf  PS      : 0x00060730  A0      : 0x80088d18  A1      : 0x3ffb7c10  
A2      : 0x3ffae6f8  A3      : 0x00000000  A4      : 0x3ffb2acc  A5      : 0x00000000  
A6      : 0x00000000  A7      : 0xb33fffff  A8      : 0x00000168  A9      : 0x3ffae6f4  
A10     : 0x3ffae6f4  A11     : 0x3ffb7c30  A12     : 0x00000000  A13     : 0x00060723  
A14     : 0xb33fffff  A15     : 0xb33fffff  SAR     : 0x00000000  EXCCAUSE: 0x0000001c  
EXCVADDR: 0x0000016c  LBEG    : 0x4000c2e0  LEND    : 0x4000c2f6  LCOUNT  : 0x00000000  


Backtrace: 0x40088edc:0x3ffb7c10 0x40088d15:0x3ffb7c30 0x40088e37:0x3ffb7c70 0x400880d5:0x3ffb7ca0




ELF file SHA256: 5dbdb5c0c51ccd64

Rebooting...
ets Jun  8 2016 00:22:57

rst:0xc (SW_CPU_RESET),boot:0x13 (SPI_FAST_FLASH_BOOT)
configsip: 0, SPIWP:0xee
clk_drv:0x00,q_drv:0x00,d_drv:0x00,cs0_drv:0x00,hd_drv:0x00,wp_drv:0x00
mode:DIO, clock div:1
load:0x3fff0030,len:7432
load:0x40078000,len:16576
load:0x40080400,len:4
ho 8 tail 4 room 4
load:0x40080404,len:4284
entry 0x40080668
[0;32mI (30) boot: ESP-IDF v5.1.1-dirty 2nd stage bootloader[0m
[0;32mI (31) boot: compile time Nov 11 2023 12:23:34[0m
[0;32mI (31) boot: Multicore bootloader[0m
[0;32mI (36) boot: chip revision: v1.0[0m
[0;32mI (39) qio_mode: Enabling default flash chip QIO[0m
[0;32mI (45) boot.esp32: SPI Speed      : 80MHz[0m
[0;32mI (49) boot.esp32: SPI Mode       : QIO[0m
[0;32mI (54) boot.esp32: SPI Flash Size : 4MB[0m
[0;32mI (58) boot: Enabling RNG early entropy source...[0m
[0;32mI (64) boot: Partition Table:[0m
[0;32mI (67) boot: ## Label            Usage          Type ST Offset   Length[0m
[0;32mI (75) boot:  0 nvs              WiFi data        01 02 00009000 00006000[0m
[0;32mI (82) boot:  1 phy_init         RF data          01 01 0000f000 00001000[0m
[0;32mI (90) boot:  2 factory          factory app      00 00 00010000 00100000[0m
[0;32mI (97) boot: End of partition table[0m
[0;32mI (101) esp_image: segment 0: paddr=00010020 vaddr=3f400020 size=0aab4h ( 43700) map[0m
[0;32mI (122) esp_image: segment 1: paddr=0001aadc vaddr=3ffb0000 size=021c8h (  8648) load[0m
[0;32mI (125) esp_image: segment 2: paddr=0001ccac vaddr=40080000 size=0336ch ( 13164) load[0m
[0;32mI (133) esp_image: segment 3: paddr=00020020 vaddr=400d0020 size=19398h (103320) map[0m
[0;32mI (166) esp_image: segment 4: paddr=000393c0 vaddr=4008336c size=09620h ( 38432) load[0m
[0;32mI (185) boot: Loaded app from partition at offset 0x10000[0m
[0;32mI (185) boot: Disabling RNG early entropy source...[0m
[0;32mI (197) cpu_start: Multicore app[0m
[0;32mI (197) cpu_start: Pro cpu up.[0m
[0;32mI (197) cpu_start: Starting app cpu, entry point is 0x40081250[0m
[0;32mI (184) cpu_start: App cpu up.[0m
[0;32mI (215) cpu_start: Pro cpu start user code[0m
[0;32mI (215) cpu_start: cpu freq: 240000000 Hz[0m
[0;32mI (215) cpu_start: Application information:[0m
[0;32mI (220) cpu_start: Project name:     marcelino[0m
[0;32mI (225) cpu_start: App version:      729d225-dirty[0m
[0;32mI (230) cpu_start: Compile time:     Nov 11 2023 12:23:09[0m
[0;32mI (237) cpu_start: ELF file SHA256:  5dbdb5c0c51ccd64...[0m
[0;32mI (243) cpu_start: ESP-IDF:          v5.1.1-dirty[0m
[0;32mI (248) cpu_start: Min chip rev:     v0.0[0m
[0;32mI (253) cpu_start: Max chip rev:     v3.99 [0m
[0;32mI (257) cpu_start: Chip rev:         v1.0[0m
[0;32mI (262) heap_init: Initializing. RAM available for dynamic allocation:[0m
[0;32mI (269) heap_init: At 3FFAE6E0 len 00001920 (6 KiB): DRAM[0m
[0;32mI (275) heap_init: At 3FFB2C08 len 0002D3F8 (180 KiB): DRAM[0m
[0;32mI (282) heap_init: At 3FFE0440 len 00003AE0 (14 KiB): D/IRAM[0m
[0;32mI (288) heap_init: At 3FFE4350 len 0001BCB0 (111 KiB): D/IRAM[0m
[0;32mI (294) heap_init: At 4008C98C len 00013674 (77 KiB): IRAM[0m
[0;32mI (301) spi_flash: detected chip: generic[0m
[0;32mI (305) spi_flash: flash io: qio[0m
[0;32mI (309) Blink LED G: Task created[0m
[0;32mI (313) Print MSG: Task created[0m
[0;32mI (317) app_start: Starting scheduler on CPU0[0m
[0;32mI (322) app_start: Starting scheduler on CPU1[0m
[0;32mI (322) main_task: Started on CPU0[0m
[0;32mI (332) main_task: Calling app_main()[0m
Guru Meditation Error: Core  0 panic'ed (LoadProhibited). Exception was unhandled.

Core  0 register dump:
PC      : 0x40088edf  PS      : 0x00060730  A0      : 0x80088d18  A1      : 0x3ffb7c10  
A2      : 0x3ffae6f8  A3      : 0x00000000  A4      : 0x3ffb2acc  A5      : 0x00000000  
A6      : 0x00000000  A7      : 0xb33fffff  A8      : 0x00000168  A9      : 0x3ffae6f4  
A10     : 0x3ffae6f4  A11     : 0x3ffb7c30  A12     : 0x00000000  A13     : 0x00060723  
A14     : 0xb33fffff  A15     : 0xb33fffff  SAR     : 0x00000000  EXCCAUSE: 0x0000001c  
EXCVADDR: 0x0000016c  LBEG    : 0x4000c2e0  LEND    : 0x4000c2f6  LCOUNT  : 0x00000000  


Backtrace: 0x40088edc:0x3ffb7c10 0x40088d15:0x3ffb7c30 0x40088e37:0x3ffb7c70 0x400880d5:0x3ffb7ca0




ELF file SHA256: 5dbdb5c0c51ccd64

Rebooting...
ets Jun  8 2016 00:22:57

rst:0xc (SW_CPU_RESET),boot:0x13 (SPI_FAST_FLASH_BOOT)
configsip: 0, SPIWP:0xee
clk_drv:0x00,q_drv:0x00,d_drv:0x00,cs0_drv:0x00,hd_drv:0x00,wp_drv:0x00
mode:DIO, clock div:1
load:0x3fff0030,len:7432
load:0x40078000,len:16576
load:0x40080400,len:4
ho 8 tail 4 room 4
load:0x40080404,len:4284
entry 0x40080668
[0;32mI (30) boot: ESP-IDF v5.1.1-dirty 2nd stage bootloader[0m
[0;32mI (31) boot: compile time Nov 11 2023 12:23:34[0m
[0;32mI (31) boot: Multicore bootloader[0m
[0;32mI (36) boot: chip revision: v1.0[0m
[0;32mI (39) qio_mode: Enabling default flash chip QIO[0m
[0;32mI (45) boot.esp32: SPI Speed      : 80MHz[0m
[0;32mI (49) boot.esp32: SPI Mode       : QIO[0m
[0;32mI (54) boot.esp32: SPI Flash Size : 4MB[0m
[0;32mI (58) boot: Enabling RNG early entropy source...[0m
[0;32mI (64) boot: Partition Table:[0m
[0;32mI (67) boot: ## Label            Usage          Type ST Offset   Length[0m
[0;32mI (75) boot:  0 nvs              WiFi data        01 02 00009000 00006000[0m
[0;32mI (82) boot:  1 phy_init         RF data          01 01 0000f000 00001000[0m
[0;32mI (90) boot:  2 factory          factory app      00 00 00010000 00100000[0m
[0;32mI (97) boot: End of partition table[0m
[0;32mI (101) esp_image: segment 0: paddr=00010020 vaddr=3f400020 size=0aab4h ( 43700) map[0m
[0;32mI (122) esp_image: segment 1: paddr=0001aadc vaddr=3ffb0000 size=021c8h (  8648) load[0m
[0;32mI (125) esp_image: segment 2: paddr=0001ccac vaddr=40080000 size=0336ch ( 13164) load[0m
[0;32mI (133) esp_image: segment 3: paddr=00020020 vaddr=400d0020 size=19398h (103320) map[0m
[0;32mI (166) esp_image: segment 4: paddr=000393c0 vaddr=4008336c size=09620h ( 38432) load[0m
[0;32mI (185) boot: Loaded app from partition at offset 0x10000[0m
[0;32mI (185) boot: Disabling RNG early entropy source...[0m
[0;32mI (197) cpu_start: Multicore app[0m
[0;32mI (197) cpu_start: Pro cpu up.[0m
[0;32mI (197) cpu_start: Starting app cpu, entry point is 0x40081250[0m
[0;32mI (184) cpu_start: App cpu up.[0m
[0;32mI (215) cpu_start: Pro cpu start user code[0m
[0;32mI (215) cpu_start: cpu freq: 240000000 Hz[0m
[0;32mI (215) cpu_start: Application information:[0m
[0;32mI (220) cpu_start: Project name:     marcelino[0m
[0;32mI (225) cpu_start: App version:      729d225-dirty[0m
[0;32mI (230) cpu_start: Compile time:     Nov 11 2023 12:23:09[0m
[0;32mI (237) cpu_start: ELF file SHA256:  5dbdb5c0c51ccd64...[0m
[0;32mI (243) cpu_start: ESP-IDF:          v5.1.1-dirty[0m
[0;32mI (248) cpu_start: Min chip rev:     v0.0[0m
[0;32mI (253) cpu_start: Max chip rev:     v3.99 [0m
[0;32mI (257) cpu_start: Chip rev:         v1.0[0m
[0;32mI (262) heap_init: Initializing. RAM available for dynamic allocation:[0m
[0;32mI (269) heap_init: At 3FFAE6E0 len 00001920 (6 KiB): DRAM[0m
[0;32mI (275) heap_init: At 3FFB2C08 len 0002D3F8 (180 KiB): DRAM[0m
[0;32mI (282) heap_init: At 3FFE0440 len 00003AE0 (14 KiB): D/IRAM[0m
[0;32mI (288) heap_init: At 3FFE4350 len 0001BCB0 (111 KiB): D/IRAM[0m
[0;32mI (294) heap_init: At 4008C98C len 00013674 (77 KiB): IRAM[0m
[0;32mI (301) spi_flash: detected chip: generic[0m
[0;32mI (305) spi_flash: flash io: qio[0m
[0;32mI (309) Blink LED G: Task created[0m
[0;32mI (313) Print MSG: Task created[0m
[0;32mI (317) app_start: Starting scheduler on CPU0[0m
[0;32mI (322) app_start: Starting scheduler on CPU1[0m
[0;32mI (322) main_task: Started on CPU0[0m
[0;32mI (332) main_task: Calling app_main()[0m
Guru Meditation Error: Core  0 panic'ed (LoadProhibited). Exception was unhandled.

Core  0 register dump:
PC      : 0x40088edf  PS      : 0x00060730  A0      : 0x80088d18  A1      : 0x3ffb7c10  
A2      : 0x3ffae6f8  A3      : 0x00000000  A4      : 0x3ffb2acc  A5      : 0x00000000  
A6      : 0x00000000  A7      : 0xb33fffff  A8      : 0x00000168  A9      : 0x3ffae6f4  
A10     : 0x3ffae6f4  A11     : 0x3ffb7c30  A12     : 0x00000000  A13     : 0x00060723  
A14     : 0xb33fffff  A15     : 0xb33fffff  SAR     : 0x00000000  EXCCAUSE: 0x0000001c  
EXCVADDR: 0x0000016c  LBEG    : 0x4000c2e0  LEND    : 0x4000c2f6  LCOUNT  : 0x00000000  


Backtrace: 0x40088edc:0x3ffb7c10 0x40088d15:0x3ffb7c30 0x40088e37:0x3ffb7c70 0x400880d5:0x3ffb7ca0




ELF file SHA256: 5dbdb5c0c51ccd64

Rebooting...
ets Jun  8 2016 00:22:57

rst:0xc (SW_CPU_RESET),boot:0x13 (SPI_FAST_FLASH_BOOT)
configsip: 0, SPIWP:0xee
clk_drv:0x00,q_drv:0x00,d_drv:0x00,cs0_drv:0x00,hd_drv:0x00,wp_drv:0x00
mode:DIO, clock div:1
load:0x3fff0030,len:7432
load:0x40078000,len:16576
load:0x40080400,len:4
ho 8 tail 4 room 4
load:0x40080404,len:4284
entry 0x40080668
[0;32mI (30) boot: ESP-IDF v5.1.1-dirty 2nd stage bootloader[0m
[0;32mI (31) boot: compile time Nov 11 2023 12:23:34[0m
[0;32mI (31) boot: Multicore bootloader[0m
[0;32mI (36) boot: chip revision: v1.0[0m
[0;32mI (39) qio_mode: Enabling default flash chip QIO[0m
[0;32mI (45) boot.esp32: SPI Speed      : 80MHz[0m
[0;32mI (49) boot.esp32: SPI Mode       : QIO[0m
[0;32mI (54) boot.esp32: SPI Flash Size : 4MB[0m
[0;32mI (58) boot: Enabling RNG early entropy source...[0m
[0;32mI (64) boot: Partition Table:[0m
[0;32mI (67) boot: ## Label            Usage          Type ST Offset   Length[0m
[0;32mI (75) boot:  0 nvs              WiFi data        01 02 00009000 00006000[0m
[0;32mI (82) boot:  1 phy_init         RF data          01 01 0000f000 00001000[0m
[0;32mI (90) boot:  2 factory          factory app      00 00 00010000 00100000[0m
[0;32mI (97) boot: End of partition table[0m
[0;32mI (101) esp_image: segment 0: paddr=00010020 vaddr=3f400020 size=0aab4h ( 43700) map[0m
[0;32mI (122) esp_image: segment 1: paddr=0001aadc vaddr=3ffb0000 size=021c8h (  8648) load[0m
[0;32mI (125) esp_image: segment 2: paddr=0001ccac vaddr=40080000 size=0336ch ( 13164) load[0m
[0;32mI (133) esp_image: segment 3: paddr=00020020 vaddr=400d0020 size=19398h (103320) map[0m
[0;32mI (166) esp_image: segment 4: paddr=000393c0 vaddr=4008336c size=09620h ( 38432) load[0m
[0;32mI (185) boot: Loaded app from partition at offset 0x10000[0m
[0;32mI (185) boot: Disabling RNG early entropy source...[0m
[0;32mI (197) cpu_start: Multicore app[0m
[0;32mI (197) cpu_start: Pro cpu up.[0m
[0;32mI (197) cpu_start: Starting app cpu, entry point is 0x40081250[0m
[0;32mI (184) cpu_start: App cpu up.[0m
[0;32mI (215) cpu_start: Pro cpu start user code[0m
[0;32mI (215) cpu_start: cpu freq: 240000000 Hz[0m
[0;32mI (215) cpu_start: Application information:[0m
[0;32mI (220) cpu_start: Project name:     marcelino[0m
[0;32mI (225) cpu_start: App version:      729d225-dirty[0m
[0;32mI (230) cpu_start: Compile time:     Nov 11 2023 12:23:09[0m
[0;32mI (237) cpu_start: ELF file SHA256:  5dbdb5c0c51ccd64...[0m
[0;32mI (243) cpu_start: ESP-IDF:          v5.1.1-dirty[0m
[0;32mI (248) cpu_start: Min chip rev:     v0.0[0m
[0;32mI (253) cpu_start: Max chip rev:     v3.99 [0m
[0;32mI (257) cpu_start: Chip rev:         v1.0[0m
[0;32mI (262) heap_init: Initializing. RAM available for dynamic allocation:[0m
[0;32mI (269) heap_init: At 3FFAE6E0 len 00001920 (6 KiB): DRAM[0m
[0;32mI (275) heap_init: At 3FFB2C08 len 0002D3F8 (180 KiB): DRAM[0m
[0;32mI (282) heap_init: At 3FFE0440 len 00003AE0 (14 KiB): D/IRAM[0m
[0;32mI (288) heap_init: At 3FFE4350 len 0001BCB0 (111 KiB): D/IRAM[0m
[0;32mI (294) heap_init: At 4008C98C len 00013674 (77 KiB): IRAM[0m
[0;32mI (301) spi_flash: detected chip: generic[0m
[0;32mI (305) spi_flash: flash io: qio[0m
[0;32mI (309) Blink LED G: Task created[0m
[0;32mI (313) Print MSG: Task created[0m
[0;32mI (318) app_start: Starting scheduler on CPU0[0m
[0;32mI (322) app_start: Starting scheduler on CPU1[0m
[0;32mI (322) main_task: Started on CPU0[0m
[0;32mI (332) main_task: Calling app_main()[0m
Guru Meditation Error: Core  0 panic'ed (LoadProhibited). Exception was unhandled.

Core  0 register dump:
PC      : 0x40088edf  PS      : 0x00060730  A0      : 0x80088d18  A1      : 0x3ffb7c10  
A2      : 0x3ffae6f8  A3      : 0x00000000  A4      : 0x3ffb2acc  A5      : 0x00000000  
A6      : 0x00000000  A7      : 0xb33fffff  A8      : 0x00000168  A9      : 0x3ffae6f4  
A10     : 0x3ffae6f4  A11     : 0x3ffb7c30  A12     : 0x00000000  A13     : 0x00060723  
A14     : 0xb33fffff  A15     : 0xb33fffff  SAR     : 0x00000000  EXCCAUSE: 0x0000001c  
EXCVADDR: 0x0000016c  LBEG    : 0x4000c2e0  LEND    : 0x4000c2f6  LCOUNT  : 0x00000000  


Backtrace: 0x40088edc:0x3ffb7c10 0x40088d15:0x3ffb7c30 0x40088e37:0x3ffb7c70 0x400880d5:0x3ffb7ca0




ELF file SHA256: 5dbdb5c0c51ccd64

Rebooting...
ets Jun  8 2016 00:22:57

rst:0xc (SW_CPU_RESET),boot:0x13 (SPI_FAST_FLASH_BOOT)
configsip: 0, SPIWP:0xee
clk_drv:0x00,q_drv:0x00,d_drv:0x00,cs0_drv:0x00,hd_drv:0x00,wp_drv:0x00
mode:DIO, clock div:1
load:0x3fff0030,len:7432
load:0x40078000,len:16576
load:0x40080400,len:4
ho 8 tail 4 room 4
load:0x40080404,len:4284
entry 0x40080668
[0;32mI (30) boot: ESP-IDF v5.1.1-dirty 2nd stage bootloader[0m
[0;32mI (31) boot: compile time Nov 11 2023 12:23:34[0m
[0;32mI (31) boot: Multicore bootloader[0m
[0;32mI (36) boot: chip revision: v1.0[0m
[0;32mI (39) qio_mode: Enabling default flash chip QIO[0m
[0;32mI (45) boot.esp32: SPI Speed      : 80MHz[0m
[0;32mI (49) boot.esp32: SPI Mode       : QIO[0m
[0;32mI (54) boot.esp32: SPI Flash Size : 4MB[0m
[0;32mI (58) boot: Enabling RNG early entropy source...[0m
[0;32mI (64) boot: Partition Table:[0m
[0;32mI (67) boot: ## Label            Usage          Type ST Offset   Length[0m
[0;32mI (75) boot:  0 nvs              WiFi data        01 02 00009000 00006000[0m
[0;32mI (82) boot:  1 phy_init         RF data          01 01 0000f000 00001000[0m
[0;32mI (90) boot:  2 factory          factory app      00 00 00010000 00100000[0m
[0;32mI (97) boot: End of partition table[0m
[0;32mI (101) esp_image: segment 0: paddr=00010020 vaddr=3f400020 size=0aab4h ( 43700) map[0m
[0;32mI (122) esp_image: segment 1: paddr=0001aadc vaddr=3ffb0000 size=021c8h (  8648) load[0m
[0;32mI (125) esp_image: segment 2: paddr=0001ccac vaddr=40080000 size=0336ch ( 13164) load[0m
[0;32mI (133) esp_image: segment 3: paddr=00020020 vaddr=400d0020 size=19398h (103320) map[0m
[0;32mI (166) esp_image: segment 4: paddr=000393c0 vaddr=4008336c size=09620h ( 38432) load[0m
[0;32mI (185) boot: Loaded app from partition at offset 0x10000[0m
[0;32mI (185) boot: Disabling RNG early entropy source...[0m
[0;32mI (197) cpu_start: Multicore app[0m
[0;32mI (197) cpu_start: Pro cpu up.[0m
[0;32mI (197) cpu_start: Starting app cpu, entry point is 0x40081250[0m
[0;32mI (184) cpu_start: App cpu up.[0m
[0;32mI (215) cpu_start: Pro cpu start user code[0m
[0;32mI (215) cpu_start: cpu freq: 240000000 Hz[0m
[0;32mI (215) cpu_start: Application information:[0m
[0;32mI (220) cpu_start: Project name:     marcelino[0m
[0;32mI (225) cpu_start: App version:      729d225-dirty[0m
[0;32mI (230) cpu_start: Compile time:     Nov 11 2023 12:23:09[0m
[0;32mI (237) cpu_start: ELF file SHA256:  5dbdb5c0c51ccd64...[0m
[0;32mI (243) cpu_start: ESP-IDF:          v5.1.1-dirty[0m
[0;32mI (248) cpu_start: Min chip rev:     v0.0[0m
[0;32mI (253) cpu_start: Max chip rev:     v3.99 [0m
[0;32mI (257) cpu_start: Chip rev:         v1.0[0m
[0;32mI (262) heap_init: Initializing. RAM available for dynamic allocation:[0m
[0;32mI (269) heap_init: At 3FFAE6E0 len 00001920 (6 KiB): DRAM[0m
[0;32mI (275) heap_init: At 3FFB2C08 len 0002D3F8 (180 KiB): DRAM[0m
[0;32mI (282) heap_init: At 3FFE0440 len 00003AE0 (14 KiB): D/IRAM[0m
[0;32mI (288) heap_init: At 3FFE4350 len 0001BCB0 (111 KiB): D/IRAM[0m
[0;32mI (294) heap_init: At 4008C98C len 00013674 (77 KiB): IRAM[0m
[0;32mI (301) spi_flash: detected chip: generic[0m
[0;32mI (305) spi_flash: flash io: qio[0m
[0;32mI (309) Blink LED G: Task created[0m
[0;32mI (313) Print MSG: Task created[0m
[0;32mI (317) app_start: Starting scheduler on CPU0[0m
[0;32mI (322) app_start: Starting scheduler on CPU1[0m
[0;32mI (322) main_task: Started on CPU0[0m
[0;32mI (332) main_task: Calling app_main()[0m
Guru Meditation Error: Core  0 panic'ed (LoadProhibited). Exception was unhandled.

Core  0 register dump:
PC      : 0x40088edf  PS      : 0x00060730  A0      : 0x80088d18  A1      : 0x3ffb7c10  
A2      : 0x3ffae6f8  A3      : 0x00000000  A4      : 0x3ffb2acc  A5      : 0x00000000  
A6      : 0x00000000  A7      : 0xb33fffff  A8      : 0x00000168  A9      : 0x3ffae6f4  
A10     : 0x3ffae6f4  A11     : 0x3ffb7c30  A12     : 0x00000000  A13     : 0x00060723  
A14     : 0xb33fffff  A15     : 0xb33fffff  SAR     : 0x00000000  EXCCAUSE: 0x0000001c  
EXCVADDR: 0x0000016c  LBEG    : 0x4000c2e0  LEND    : 0x4000c2f6  LCOUNT  : 0x00000000  


Backtrace: 0x40088edc:0x3ffb7c10 0x40088d15:0x3ffb7c30 0x40088e37:0x3ffb7c70 0x400880d5:0x3ffb7ca0




ELF file SHA256: 5dbdb5c0c51ccd64

Rebooting...
ets Jun  8 2016 00:22:57

rst:0xc (SW_CPU_RESET),boot:0x13 (SPI_FAST_FLASH_BOOT)
configsip: 0, SPIWP:0xee
clk_drv:0x00,q_drv:0x00,d_drv:0x00,cs0_drv:0x00,hd_drv:0x00,wp_drv:0x00
mode:DIO, clock div:1
load:0x3fff0030,len:7432
load:0x40078000,len:16576
load:0x40080400,len:4
ho 8 tail 4 room 4
load:0x40080404,len:4284
entry 0x40080668
[0;32mI (30) boot: ESP-IDF v5.1.1-dirty 2nd stage bootloader[0m
[0;32mI (31) boot: compile time Nov 11 2023 12:23:34[0m
[0;32mI (31) boot: Multicore bootloader[0m
[0;32mI (36) boot: chip revision: v1.0[0m
[0;32mI (39) qio_mode: Enabling default flash chip QIO[0m
[0;32mI (45) boot.esp32: SPI Speed      : 80MHz[0m
[0;32mI (49) boot.esp32: SPI Mode       : QIO[0m
[0;32mI (54) boot.esp32: SPI Flash Size : 4MB[0m
[0;32mI (58) boot: Enabling RNG early entropy source...[0m
[0;32mI (64) boot: Partition Table:[0m
[0;32mI (67) boot: ## Label            Usage          Type ST Offset   Length[0m
[0;32mI (75) boot:  0 nvs              WiFi data        01 02 00009000 00006000[0m
[0;32mI (82) boot:  1 phy_init         RF data          01 01 0000f000 00001000[0m
[0;32mI (90) boot:  2 factory          factory app      00 00 00010000 00100000[0m
[0;32mI (97) boot: End of partition table[0m
[0;32mI (101) esp_image: segment 0: paddr=00010020 vaddr=3f400020 size=0aab4h ( 43700) map[0m
[0;32mI (122) esp_image: segment 1: paddr=0001aadc vaddr=3ffb0000 size=021c8h (  8648) load[0m
[0;32mI (125) esp_image: segment 2: paddr=0001ccac vaddr=40080000 size=0336ch ( 13164) load[0m
[0;32mI (133) esp_image: segment 3: paddr=00020020 vaddr=400d0020 size=19398h (103320) map[0m
[0;32mI (166) esp_image: segment 4: paddr=000393c0 vaddr=4008336c size=09620h ( 38432) load[0m
[0;32mI (185) boot: Loaded app from partition at offset 0x10000[0m
[0;32mI (185) boot: Disabling RNG early entropy source...[0m
[0;32mI (197) cpu_start: Multicore app[0m
[0;32mI (197) cpu_start: Pro cpu up.[0m
[0;32mI (197) cpu_start: Starting app cpu, entry point is 0x40081250[0m
[0;32mI (184) cpu_start: App cpu up.[0m
[0;32mI (215) cpu_start: Pro cpu start user code[0m
[0;32mI (215) cpu_start: cpu freq: 240000000 Hz[0m
[0;32mI (215) cpu_start: Application information:[0m
[0;32mI (220) cpu_start: Project name:     marcelino[0m
[0;32mI (225) cpu_start: App version:      729d225-dirty[0m
[0;32mI (230) cpu_start: Compile time:     Nov 11 2023 12:23:09[0m
[0;32mI (237) cpu_start: ELF file SHA256:  5dbdb5c0c51ccd64...[0m
[0;32mI (243) cpu_start: ESP-IDF:          v5.1.1-dirty[0m
[0;32mI (248) cpu_start: Min chip rev:     v0.0[0m
[0;32mI (253) cpu_start: Max chip rev:     v3.99 [0m
[0;32mI (257) cpu_start: Chip rev:         v1.0[0m
[0;32mI (262) heap_init: Initializing. RAM available for dynamic allocation:[0m
[0;32mI (269) heap_init: At 3FFAE6E0 len 00001920 (6 KiB): DRAM[0m
[0;32mI (275) heap_init: At 3FFB2C08 len 0002D3F8 (180 KiB): DRAM[0m
[0;32mI (282) heap_init: At 3FFE0440 len 00003AE0 (14 KiB): D/IRAM[0m
[0;32mI (288) heap_init: At 3FFE4350 len 0001BCB0 (111 KiB): D/IRAM[0m
[0;32mI (294) heap_init: At 4008C98C len 00013674 (77 KiB): IRAM[0m
[0;32mI (301) spi_flash: detected chip: generic[0m
[0;32mI (305) spi_flash: flash io: qio[0m
[0;32mI (309) Blink LED G: Task created[0m
[0;32mI (313) Print MSG: Task created[0m
[0;32mI (317) app_start: Starting scheduler on CPU0[0m
[0;32mI (322) app_start: Starting scheduler on CPU1[0m
[0;32mI (322) main_task: Started on CPU0[0m
[0;32mI (332) main_task: Calling app_main()[0m
Guru Meditation Error: Core  0 panic'ed (LoadProhibited). Exception was unhandled.

Core  0 register dump:
PC      : 0x40088edf  PS      : 0x00060730  A0      : 0x80088d18  A1      : 0x3ffb7c10  
A2      : 0x3ffae6f8  A3      : 0x00000000  A4      : 0x3ffb2acc  A5      : 0x00000000  
A6      : 0x00000000  A7      : 0xb33fffff  A8      : 0x00000168  A9      : 0x3ffae6f4  
A10     : 0x3ffae6f4  A11     : 0x3ffb7c30  A12     : 0x00000000  A13     : 0x00060723  
A14     : 0xb33fffff  A15     : 0xb33fffff  SAR     : 0x00000000  EXCCAUSE: 0x0000001c  
EXCVADDR: 0x0000016c  LBEG    : 0x4000c2e0  LEND    : 0x4000c2f6  LCOUNT  : 0x00000000  


Backtrace: 0x40088edc:0x3ffb7c10 0x40088d15:0x3ffb7c30 0x40088e37:0x3ffb7c70 0x400880d5:0x3ffb7ca0




ELF file SHA256: 5dbdb5c0c51ccd64

Rebooting...
ets Jun  8 2016 00:22:57

rst:0xc (SW_CPU_RESET),boot:0x13 (SPI_FAST_FLASH_BOOT)
configsip: 0, SPIWP:0xee
clk_drv:0x00,q_drv:0x00,d_drv:0x00,cs0_drv:0x00,hd_drv:0x00,wp_drv:0x00
mode:DIO, clock div:1
load:0x3fff0030,len:7432
load:0x40078000,len:16576
load:0x40080400,len:4
ho 8 tail 4 room 4
load:0x40080404,len:4284
entry 0x40080668
[0;32mI (30) boot: ESP-IDF v5.1.1-dirty 2nd stage bootloader[0m
[0;32mI (31) boot: compile time Nov 11 2023 12:23:34[0m
[0;32mI (31) boot: Multicore bootloader[0m
[0;32mI (36) boot: chip revision: v1.0[0m
[0;32mI (39) qio_mode: Enabling default flash chip QIO[0m
[0;32mI (45) boot.esp32: SPI Speed      : 80MHz[0m
[0;32mI (49) boot.esp32: SPI Mode       : QIO[0m
[0;32mI (54) boot.esp32: SPI Flash Size : 4MB[0m
[0;32mI (58) boot: Enabling RNG early entropy source...[0m
[0;32mI (64) boot: Partition Table:[0m
[0;32mI (67) boot: ## Label            Usage          Type ST Offset   Length[0m
[0;32mI (75) boot:  0 nvs              WiFi data        01 02 00009000 00006000[0m
[0;32mI (82) boot:  1 phy_init         RF data          01 01 0000f000 00001000[0m
[0;32mI (90) boot:  2 factory          factory app      00 00 00010000 00100000[0m
[0;32mI (97) boot: End of partition table[0m
[0;32mI (101) esp_image: segment 0: paddr=00010020 vaddr=3f400020 size=0aab4h ( 43700) map[0m
[0;32mI (122) esp_image: segment 1: paddr=0001aadc vaddr=3ffb0000 size=021c8h (  8648) load[0m
[0;32mI (125) esp_image: segment 2: paddr=0001ccac vaddr=40080000 size=0336ch ( 13164) load[0m
[0;32mI (133) esp_image: segment 3: paddr=00020020 vaddr=400d0020 size=19398h (103320) map[0m
[0;32mI (166) esp_image: segment 4: paddr=000393c0 vaddr=4008336c size=09620h ( 38432) load[0m
[0;32mI (185) boot: Loaded app from partition at offset 0x10000[0m
[0;32mI (185) boot: Disabling RNG early entropy source...[0m
[0;32mI (197) cpu_start: Multicore app[0m
[0;32mI (197) cpu_start: Pro cpu up.[0m
[0;32mI (197) cpu_start: Starting app cpu, entry point is 0x40081250[0m
[0;32mI (184) cpu_start: App cpu up.[0m
[0;32mI (215) cpu_start: Pro cpu start user code[0m
[0;32mI (215) cpu_start: cpu freq: 240000000 Hz[0m
[0;32mI (215) cpu_start: Application information:[0m
[0;32mI (220) cpu_start: Project name:     marcelino[0m
[0;32mI (225) cpu_start: App version:      729d225-dirty[0m
[0;32mI (230) cpu_start: Compile time:     Nov 11 2023 12:23:09[0m
[0;32mI (237) cpu_start: ELF file SHA256:  5dbdb5c0c51ccd64...[0m
[0;32mI (243) cpu_start: ESP-IDF:          v5.1.1-dirty[0m
[0;32mI (248) cpu_start: Min chip rev:     v0.0[0m
[0;32mI (253) cpu_start: Max chip rev:     v3.99 [0m
[0;32mI (257) cpu_start: Chip rev:         v1.0[0m
[0;32mI (262) heap_init: Initializing. RAM available for dynamic allocation:[0m
[0;32mI (269) heap_init: At 3FFAE6E0 len 00001920 (6 KiB): DRAM[0m
[0;32mI (275) heap_init: At 3FFB2C08 len 0002D3F8 (180 KiB): DRAM[0m
[0;32mI (282) heap_init: At 3FFE0440 len 00003AE0 (14 KiB): D/IRAM[0m
[0;32mI (288) heap_init: At 3FFE4350 len 0001BCB0 (111 KiB): D/IRAM[0m
[0;32mI (294) heap_init: At 4008C98C len 00013674 (77 KiB): IRAM[0m
[0;32mI (301) spi_flash: detected chip: generic[0m
[0;32mI (305) spi_flash: flash io: qio[0m
[0;32mI (309) Blink LED G: Task created[0m
[0;32mI (313) Print MSG: Task created[0m
[0;32mI (317) app_start: Starting scheduler on CPU0[0m
[0;32mI (322) app_start: Starting scheduler on CPU1[0m
[0;32mI (322) main_task: Started on CPU0[0m
[0;32mI (332) main_task: Calling app_main()[0m
Guru Meditation Error: Core  0 panic'ed (LoadProhibited). Exception was unhandled.

Core  0 register dump:
PC      : 0x40088edf  PS      : 0x00060730  A0      : 0x80088d18  A1      : 0x3ffb7c10  
A2      : 0x3ffae6f8  A3      : 0x00000000  A4      : 0x3ffb2acc  A5      : 0x00000000  
A6      : 0x00000000  A7      : 0xb33fffff  A8      : 0x00000168  A9      : 0x3ffae6f4  
A10     : 0x3ffae6f4  A11     : 0x3ffb7c30  A12     : 0x00000000  A13     : 0x00060723  
A14     : 0xb33fffff  A15     : 0xb33fffff  SAR     : 0x00000000  EXCCAUSE: 0x0000001c  
EXCVADDR: 0x0000016c  LBEG    : 0x4000c2e0  LEND    : 0x4000c2f6  LCOUNT  : 0x00000000  


Backtrace: 0x40088edc:0x3ffb7c10 0x40088d15:0x3ffb7c30 0x40088e37:0x3ffb7c70 0x400880d5:0x3ffb7ca0




ELF file SHA256: 5dbdb5c0c51ccd64

Rebooting...
ets Jun  8 2016 00:22:57

rst:0xc (SW_CPU_RESET),boot:0x13 (SPI_FAST_FLASH_BOOT)
configsip: 0, SPIWP:0xee
clk_drv:0x00,q_drv:0x00,d_drv:0x00,cs0_drv:0x00,hd_drv:0x00,wp_drv:0x00
mode:DIO, clock div:1
load:0x3fff0030,len:7432
load:0x40078000,len:16576
load:0x40080400,len:4
ho 8 tail 4 room 4
load:0x40080404,len:4284
entry 0x40080668
[0;32mI (30) boot: ESP-IDF v5.1.1-dirty 2nd stage bootloader[0m
[0;32mI (31) boot: compile time Nov 11 2023 12:23:34[0m
[0;32mI (31) boot: Multicore bootloader[0m
[0;32mI (36) boot: chip revision: v1.0[0m
[0;32mI (39) qio_mode: Enabling default flash chip QIO[0m
[0;32mI (45) boot.esp32: SPI Speed      : 80MHz[0m
[0;32mI (49) boot.esp32: SPI Mode       : QIO[0m
[0;32mI (54) boot.esp32: SPI Flash Size : 4MB[0m
[0;32mI (58) boot: Enabling RNG early entropy source...[0m
[0;32mI (64) boot: Partition Table:[0m
[0;32mI (67) boot: ## Label            Usage          Type ST Offset   Length[0m
[0;32mI (75) boot:  0 nvs              WiFi data        01 02 00009000 00006000[0m
[0;32mI (82) boot:  1 phy_init         RF data          01 01 0000f000 00001000[0m
[0;32mI (90) boot:  2 factory          factory app      00 00 00010000 00100000[0m
[0;32mI (97) boot: End of partition table[0m
[0;32mI (101) esp_image: segment 0: paddr=00010020 vaddr=3f400020 size=0aab4h ( 43700) map[0m
[0;32mI (122) esp_image: segment 1: paddr=0001aadc vaddr=3ffb0000 size=021c8h (  8648) load[0m
[0;32mI (125) esp_image: segment 2: paddr=0001ccac vaddr=40080000 size=0336ch ( 13164) load[0m
[0;32mI (133) esp_image: segment 3: paddr=00020020 vaddr=400d0020 size=19398h (103320) map[0m
[0;32mI (166) esp_image: segment 4: paddr=000393c0 vaddr=4008336c size=09620h ( 38432) load[0m
[0;32mI (185) boot: Loaded app from partition at offset 0x10000[0m
[0;32mI (185) boot: Disabling RNG early entropy source...[0m
[0;32mI (197) cpu_start: Multicore app[0m
[0;32mI (197) cpu_start: Pro cpu up.[0m
[0;32mI (197) cpu_start: Starting app cpu, entry point is 0x40081250[0m
[0;32mI (184) cpu_start: App cpu up.[0m
[0;32mI (215) cpu_start: Pro cpu start user code[0m
[0;32mI (215) cpu_start: cpu freq: 240000000 Hz[0m
[0;32mI (215) cpu_start: Application information:[0m
[0;32mI (220) cpu_start: Project name:     marcelino[0m
[0;32mI (225) cpu_start: App version:      729d225-dirty[0m
[0;32mI (230) cpu_start: Compile time:     Nov 11 2023 12:23:09[0m
[0;32mI (237) cpu_start: ELF file SHA256:  5dbdb5c0c51ccd64...[0m
[0;32mI (243) cpu_start: ESP-IDF:          v5.1.1-dirty[0m
[0;32mI (248) cpu_start: Min chip rev:     v0.0[0m
[0;32mI (253) cpu_start: Max chip rev:     v3.99 [0m
[0;32mI (257) cpu_start: Chip rev:         v1.0[0m
[0;32mI (262) heap_init: Initializing. RAM available for dynamic allocation:[0m
[0;32mI (269) heap_init: At 3FFAE6E0 len 00001920 (6 KiB): DRAM[0m
[0;32mI (275) heap_init: At 3FFB2C08 len 0002D3F8 (180 KiB): DRAM[0m
[0;32mI (282) heap_init: At 3FFE0440 len 00003AE0 (14 KiB): D/IRAM[0m
[0;32mI (288) heap_init: At 3FFE4350 len 0001BCB0 (111 KiB): D/IRAM[0m
[0;32mI (294) heap_init: At 4008C98C len 00013674 (77 KiB): IRAM[0m
[0;32mI (301) spi_flash: detected chip: generic[0m
[0;32mI (305) spi_flash: flash io: qio[0m
[0;32mI (309) Blink LED G: Task created[0m
[0;32mI (313) Print MSG: Task created[0m
[0;32mI (317) app_start: Starting scheduler on CPU0[0m
[0;32mI (322) app_start: Starting scheduler on CPU1[0m
[0;32mI (322) main_task: Started on CPU0[0m
[0;32mI (332) main_task: Calling app_main()[0m
Guru Meditation Error: Core  0 panic'ed (LoadProhibited). Exception was unhandled.

Core  0 register dump:
PC      : 0x40088edf  PS      : 0x00060730  A0      : 0x80088d18  A1      : 0x3ffb7c10  
A2      : 0x3ffae6f8  A3      : 0x00000000  A4      : 0x3ffb2acc  A5      : 0x00000000  
A6      : 0x00000000  A7      : 0xb33fffff  A8      : 0x00000168  A9      : 0x3ffae6f4  
A10     : 0x3ffae6f4  A11     : 0x3ffb7c30  A12     : 0x00000000  A13     : 0x00060723  
A14     : 0xb33fffff  A15     : 0xb33fffff  SAR     : 0x00000000  EXCCAUSE: 0x0000001c  
EXCVADDR: 0x0000016c  LBEG    : 0x4000c2e0  LEND    : 0x4000c2f6  LCOUNT  : 0x00000000  


Backtrace: 0x40088edc:0x3ffb7c10 0x40088d15:0x3ffb7c30 0x40088e37:0x3ffb7c70 0x400880d5:0x3ffb7ca0




ELF file SHA256: 5dbdb5c0c51ccd64

Rebooting...
ets Jun  8 2016 00:22:57

rst:0xc (SW_CPU_RESET),boot:0x13 (SPI_FAST_FLASH_BOOT)
configsip: 0, SPIWP:0xee
clk_drv:0x00,q_drv:0x00,d_drv:0x00,cs0_drv:0x00,hd_drv:0x00,wp_drv:0x00
mode:DIO, clock div:1
load:0x3fff0030,len:7432
load:0x40078000,len:16576
load:0x40080400,len:4
ho 8 tail 4 room 4
load:0x40080404,len:4284
entry 0x40080668
[0;32mI (30) boot: ESP-IDF v5.1.1-dirty 2nd stage bootloader[0m
[0;32mI (31) boot: compile time Nov 11 2023 12:23:34[0m
[0;32mI (31) boot: Multicore bootloader[0m
[0;32mI (36) boot: chip revision: v1.0[0m
[0;32mI (39) qio_mode: Enabling default flash chip QIO[0m
[0;32mI (45) boot.esp32: SPI Speed      : 80MHz[0m
[0;32mI (49) boot.esp32: SPI Mode       : QIO[0m
[0;32mI (54) boot.esp32: SPI Flash Size : 4MB[0m
[0;32mI (58) boot: Enabling RNG early entropy source...[0m
[0;32mI (64) boot: Partition Table:[0m
[0;32mI (67) boot: ## Label            Usage          Type ST Offset   Length[0m
[0;32mI (75) boot:  0 nvs              WiFi data        01 02 00009000 00006000[0m
[0;32mI (82) boot:  1 phy_init         RF data          01 01 0000f000 00001000[0m
[0;32mI (90) boot:  2 factory          factory app      00 00 00010000 00100000[0m
[0;32mI (97) boot: End of partition table[0m
[0;32mI (101) esp_image: segment 0: paddr=00010020 vaddr=3f400020 size=0aab4h ( 43700) map[0m
[0;32mI (122) esp_image: segment 1: paddr=0001aadc vaddr=3ffb0000 size=021c8h (  8648) load[0m
[0;32mI (125) esp_image: segment 2: paddr=0001ccac vaddr=40080000 size=0336ch ( 13164) load[0m
[0;32mI (133) esp_image: segment 3: paddr=00020020 vaddr=400d0020 size=19398h (103320) map[0m
[0;32mI (166) esp_image: segment 4: paddr=000393c0 vaddr=4008336c size=09620h ( 38432) load[0m
[0;32mI (185) boot: Loaded app from partition at offset 0x10000[0m
[0;32mI (185) boot: Disabling RNG early entropy source...[0m
[0;32mI (197) cpu_start: Multicore app[0m
[0;32mI (197) cpu_start: Pro cpu up.[0m
[0;32mI (197) cpu_start: Starting app cpu, entry point is 0x40081250[0m
[0;32mI (184) cpu_start: App cpu up.[0m
[0;32mI (215) cpu_start: Pro cpu start user code[0m
[0;32mI (215) cpu_start: cpu freq: 240000000 Hz[0m
[0;32mI (215) cpu_start: Application information:[0m
[0;32mI (220) cpu_start: Project name:     marcelino[0m
[0;32mI (225) cpu_start: App version:      729d225-dirty[0m
[0;32mI (230) cpu_start: Compile time:     Nov 11 2023 12:23:09[0m
[0;32mI (237) cpu_start: ELF file SHA256:  5dbdb5c0c51ccd64...[0m
[0;32mI (243) cpu_start: ESP-IDF:          v5.1.1-dirty[0m
[0;32mI (248) cpu_start: Min chip rev:     v0.0[0m
[0;32mI (253) cpu_start: Max chip rev:     v3.99 [0m
[0;32mI (257) cpu_start: Chip rev:         v1.0[0m
[0;32mI (262) heap_init: Initializing. RAM available for dynamic allocation:[0m
[0;32mI (269) heap_init: At 3FFAE6E0 len 00001920 (6 KiB): DRAM[0m
[0;32mI (275) heap_init: At 3FFB2C08 len 0002D3F8 (180 KiB): DRAM[0m
[0;32mI (282) heap_init: At 3FFE0440 len 00003AE0 (14 KiB): D/IRAM[0m
[0;32mI (288) heap_init: At 3FFE4350 len 0001BCB0 (111 KiB): D/IRAM[0m
[0;32mI (294) heap_init: At 4008C98C len 00013674 (77 KiB): IRAM[0m
[0;32mI (301) spi_flash: detected chip: generic[0m
[0;32mI (305) spi_flash: flash io: qio[0m
[0;32mI (309) Blink LED G: Task created[0m
[0;32mI (313) Print MSG: Task created[0m
[0;32mI (317) app_start: Starting scheduler on CPU0[0m
[0;32mI (322) app_start: Starting scheduler on CPU1[0m
[0;32mI (322) main_task: Started on CPU0[0m
[0;32mI (332) main_task: Calling app_main()[0m
Guru Meditation Error: Core  0 panic'ed (LoadProhibited). Exception was unhandled.

Core  0 register dump:
PC      : 0x40088edf  PS      : 0x00060730  A0      : 0x80088d18  A1      : 0x3ffb7c10  
A2      : 0x3ffae6f8  A3      : 0x00000000  A4      : 0x3ffb2acc  A5      : 0x00000000  
A6      : 0x00000000  A7      : 0xb33fffff  A8      : 0x00000168  A9      : 0x3ffae6f4  
A10     : 0x3ffae6f4  A11     : 0x3ffb7c30  A12     : 0x00000000  A13     : 0x00060723  
A14     : 0xb33fffff  A15     : 0xb33fffff  SAR     : 0x00000000  EXCCAUSE: 0x0000001c  
EXCVADDR: 0x0000016c  LBEG    : 0x4000c2e0  LEND    : 0x4000c2f6  LCOUNT  : 0x00000000  


Backtrace: 0x40088edc:0x3ffb7c10 0x40088d15:0x3ffb7c30 0x40088e37:0x3ffb7c70 0x400880d5:0x3ffb7ca0




ELF file SHA256: 5dbdb5c0c51ccd64

Rebooting...
ets Jun  8 2016 00:22:57

rst:0xc (SW_CPU_RESET),boot:0x13 (SPI_FAST_FLASH_BOOT)
configsip: 0, SPIWP:0xee
clk_drv:0x00,q_drv:0x00,d_drv:0x00,cs0_drv:0x00,hd_drv:0x00,wp_drv:0x00
mode:DIO, clock div:1
load:0x3fff0030,len:7432
load:0x40078000,len:16576
load:0x40080400,len:4
ho 8 tail 4 room 4
load:0x40080404,len:4284
entry 0x40080668
[0;32mI (30) boot: ESP-IDF v5.1.1-dirty 2nd stage bootloader[0m
[0;32mI (31) boot: compile time Nov 11 2023 12:23:34[0m
[0;32mI (31) boot: Multicore bootloader[0m
[0;32mI (36) boot: chip revision: v1.0[0m
[0;32mI (39) qio_mode: Enabling default flash chip QIO[0m
[0;32mI (45) boot.esp32: SPI Speed      : 80MHz[0m
[0;32mI (49) boot.esp32: SPI Mode       : QIO[0m
[0;32mI (54) boot.esp32: SPI Flash Size : 4MB[0m
[0;32mI (58) boot: Enabling RNG early entropy source...[0m
[0;32mI (64) boot: Partition Table:[0m
[0;32mI (67) boot: ## Label            Usage          Type ST Offset   Length[0m
[0;32mI (75) boot:  0 nvs              WiFi data        01 02 00009000 00006000[0m
[0;32mI (82) boot:  1 phy_init         RF data          01 01 0000f000 00001000[0m
[0;32mI (90) boot:  2 factory          factory app      00 00 00010000 00100000[0m
[0;32mI (97) boot: End of partition table[0m
[0;32mI (101) esp_image: segment 0: paddr=00010020 vaddr=3f400020 size=0aab4h ( 43700) map[0m
[0;32mI (122) esp_image: segment 1: paddr=0001aadc vaddr=3ffb0000 size=021c8h (  8648) load[0m
[0;32mI (125) esp_image: segment 2: paddr=0001ccac vaddr=40080000 size=0336ch ( 13164) load[0m
[0;32mI (133) esp_image: segment 3: paddr=00020020 vaddr=400d0020 size=19398h (103320) map[0m
[0;32mI (166) esp_image: segment 4: paddr=000393c0 vaddr=4008336c size=09620h ( 38432) load[0m
[0;32mI (185) boot: Loaded app from partition at offset 0x10000[0m
[0;32mI (185) boot: Disabling RNG early entropy source...[0m
[0;32mI (197) cpu_start: Multicore app[0m
[0;32mI (197) cpu_start: Pro cpu up.[0m
[0;32mI (197) cpu_start: Starting app cpu, entry point is 0x40081250[0m
[0;32mI (184) cpu_start: App cpu up.[0m
[0;32mI (215) cpu_start: Pro cpu start user code[0m
[0;32mI (215) cpu_start: cpu freq: 240000000 Hz[0m
[0;32mI (215) cpu_start: Application information:[0m
[0;32mI (220) cpu_start: Project name:     marcelino[0m
[0;32mI (225) cpu_start: App version:      729d225-dirty[0m
[0;32mI (230) cpu_start: Compile time:     Nov 11 2023 12:23:09[0m
[0;32mI (237) cpu_start: ELF file SHA256:  5dbdb5c0c51ccd64...[0m
[0;32mI (243) cpu_start: ESP-IDF:          v5.1.1-dirty[0m
[0;32mI (248) cpu_start: Min chip rev:     v0.0[0m
[0;32mI (253) cpu_start: Max chip rev:     v3.99 [0m
[0;32mI (257) cpu_start: Chip rev:         v1.0[0m
[0;32mI (262) heap_init: Initializing. RAM available for dynamic allocation:[0m
[0;32mI (269) heap_init: At 3FFAE6E0 len 00001920 (6 KiB): DRAM[0m
[0;32mI (275) heap_init: At 3FFB2C08 len 0002D3F8 (180 KiB): DRAM[0m
[0;32mI (282) heap_init: At 3FFE0440 len 00003AE0 (14 KiB): D/IRAM[0m
[0;32mI (288) heap_init: At 3FFE4350 len 0001BCB0 (111 KiB): D/IRAM[0m
[0;32mI (294) heap_init: At 4008C98C len 00013674 (77 KiB): IRAM[0m
[0;32mI (301) spi_flash: detected chip: generic[0m
[0;32mI (305) spi_flash: flash io: qio[0m
[0;32mI (309) Blink LED G: Task created[0m
[0;32mI (313) Print MSG: Task created[0m
[0;32mI (317) app_start: Starting scheduler on CPU0[0m
[0;32mI (322) app_start: Starting scheduler on CPU1[0m
[0;32mI (322) main_task: Started on CPU0[0m
[0;32mI (332) main_task: Calling app_main()[0m
Guru Meditation Error: Core  0 panic'ed (LoadProhibited). Exception was unhandled.

Core  0 register dump:
PC      : 0x40088edf  PS      : 0x00060730  A0      : 0x80088d18  A1      : 0x3ffb7c10  
A2      : 0x3ffae6f8  A3      : 0x00000000  A4      : 0x3ffb2acc  A5      : 0x00000000  
A6      : 0x00000000  A7      : 0xb33fffff  A8      : 0x00000168  A9      : 0x3ffae6f4  
A10     : 0x3ffae6f4  A11     : 0x3ffb7c30  A12     : 0x00000000  A13     : 0x00060723  
A14     : 0xb33fffff  A15     : 0xb33fffff  SAR     : 0x00000000  EXCCAUSE: 0x0000001c  
EXCVADDR: 0x0000016c  LBEG    : 0x4000c2e0  LEND    : 0x4000c2f6  LCOUNT  : 0x00000000  


Backtrace: 0x40088edc:0x3ffb7c10 0x40088d15:0x3ffb7c30 0x40088e37:0x3ffb7c70 0x400880d5:0x3ffb7ca0




ELF file SHA256: 5dbdb5c0c51ccd64

Rebooting...
ets Jun  8 2016 00:22:57

rst:0xc (SW_CPU_RESET),boot:0x13 (SPI_FAST_FLASH_BOOT)
configsip: 0, SPIWP:0xee
clk_drv:0x00,q_drv:0x00,d_drv:0x00,cs0_drv:0x00,hd_drv:0x00,wp_drv:0x00
mode:DIO, clock div:1
load:0x3fff0030,len:7432
load:0x40078000,len:16576
load:0x40080400,len:4
ho 8 tail 4 room 4
load:0x40080404,len:4284
entry 0x40080668
[0;32mI (30) boot: ESP-IDF v5.1.1-dirty 2nd stage bootloader[0m
[0;32mI (31) boot: compile time Nov 11 2023 12:23:34[0m
[0;32mI (31) boot: Multicore bootloader[0m
[0;32mI (36) boot: chip revision: v1.0[0m
[0;32mI (39) qio_mode: Enabling default flash chip QIO[0m
[0;32mI (45) boot.esp32: SPI Speed      : 80MHz[0m
[0;32mI (49) boot.esp32: SPI Mode       : QIO[0m
[0;32mI (54) boot.esp32: SPI Flash Size : 4MB[0m
[0;32mI (58) boot: Enabling RNG early entropy source...[0m
[0;32mI (64) boot: Partition Table:[0m
[0;32mI (67) boot: ## Label            Usage          Type ST Offset   Length[0m
[0;32mI (75) boot:  0 nvs              WiFi data        01 02 00009000 00006000[0m
[0;32mI (82) boot:  1 phy_init         RF data          01 01 0000f000 00001000[0m
[0;32mI (90) boot:  2 factory          factory app      00 00 00010000 00100000[0m
[0;32mI (97) boot: End of partition table[0m
[0;32mI (101) esp_image: segment 0: paddr=00010020 vaddr=3f400020 size=0aab4h ( 43700) map[0m
[0;32mI (122) esp_image: segment 1: paddr=0001aadc vaddr=3ffb0000 size=021c8h (  8648) load[0m
[0;32mI (125) esp_image: segment 2: paddr=0001ccac vaddr=40080000 size=0336ch ( 13164) load[0m
[0;32mI (133) esp_image: segment 3: paddr=00020020 vaddr=400d0020 size=19398h (103320) map[0m
[0;32mI (166) esp_image: segment 4: paddr=000393c0 vaddr=4008336c size=09620h ( 38432) load[0m
[0;32mI (185) boot: Loaded app from partition at offset 0x10000[0m
[0;32mI (185) boot: Disabling RNG early entropy source...[0m
[0;32mI (197) cpu_start: Multicore app[0m
[0;32mI (197) cpu_start: Pro cpu up.[0m
[0;32mI (197) cpu_start: Starting app cpu, entry point is 0x40081250[0m
[0;32mI (184) cpu_start: App cpu up.[0m
[0;32mI (215) cpu_start: Pro cpu start user code[0m
[0;32mI (215) cpu_start: cpu freq: 240000000 Hz[0m
[0;32mI (215) cpu_start: Application information:[0m
[0;32mI (220) cpu_start: Project name:     marcelino[0m
[0;32mI (225) cpu_start: App version:      729d225-dirty[0m
[0;32mI (230) cpu_start: Compile time:     Nov 11 2023 12:23:09[0m
[0;32mI (237) cpu_start: ELF file SHA256:  5dbdb5c0c51ccd64...[0m
[0;32mI (243) cpu_start: ESP-IDF:          v5.1.1-dirty[0m
[0;32mI (248) cpu_start: Min chip rev:     v0.0[0m
[0;32mI (253) cpu_start: Max chip rev:     v3.99 [0m
[0;32mI (257) cpu_start: Chip rev:         v1.0[0m
[0;32mI (262) heap_init: Initializing. RAM available for dynamic allocation:[0m
[0;32mI (269) heap_init: At 3FFAE6E0 len 00001920 (6 KiB): DRAM[0m
[0;32mI (275) heap_init: At 3FFB2C08 len 0002D3F8 (180 KiB): DRAM[0m
[0;32mI (282) heap_init: At 3FFE0440 len 00003AE0 (14 KiB): D/IRAM[0m
[0;32mI (288) heap_init: At 3FFE4350 len 0001BCB0 (111 KiB): D/IRAM[0m
[0;32mI (294) heap_init: At 4008C98C len 00013674 (77 KiB): IRAM[0m
[0;32mI (301) spi_flash: detected chip: generic[0m
[0;32mI (305) spi_flash: flash io: qio[0m
[0;32mI (309) Blink LED G: Task created[0m
[0;32mI (313) Print MSG: Task created[0m
[0;32mI (317) app_start: Starting scheduler on CPU0[0m
[0;32mI (322) app_start: Starting scheduler on CPU1[0m
[0;32mI (322) main_task: Started on CPU0[0m
[0;32mI (332) main_task: Calling app_main()[0m
Guru Meditation Error: Core  0 panic'ed (LoadProhibited). Exception was unhandled.

Core  0 register dump:
PC      : 0x40088edf  PS      : 0x00060730  A0      : 0x80088d18  A1      : 0x3ffb7c10  
A2      : 0x3ffae6f8  A3      : 0x00000000  A4      : 0x3ffb2acc  A5      : 0x00000000  
A6      : 0x00000000  A7      : 0xb33fffff  A8      : 0x00000168  A9      : 0x3ffae6f4  
A10     : 0x3ffae6f4  A11     : 0x3ffb7c30  A12     : 0x00000000  A13     : 0x00060723  
A14     : 0xb33fffff  A15     : 0xb33fffff  SAR     : 0x00000000  EXCCAUSE: 0x0000001c  
EXCVADDR: 0x0000016c  LBEG    : 0x4000c2e0  LEND    : 0x4000c2f6  LCOUNT  : 0x00000000  


Backtrace: 0x40088edc:0x3ffb7c10 0x40088d15:0x3ffb7c30 0x40088e37:0x3ffb7c70 0x400880d5:0x3ffb7ca0




ELF file SHA256: 5dbdb5c0c51ccd64

Rebooting...
ets Jun  8 2016 00:22:57

rst:0xc (SW_CPU_RESET),boot:0x13 (SPI_FAST_FLASH_BOOT)
configsip: 0, SPIWP:0xee
clk_drv:0x00,q_drv:0x00,d_drv:0x00,cs0_drv:0x00,hd_drv:0x00,wp_drv:0x00
mode:DIO, clock div:1
load:0x3fff0030,len:7432
load:0x40078000,len:16576
load:0x40080400,len:4
ho 8 tail 4 room 4
load:0x40080404,len:4284
entry 0x40080668
[0;32mI (30) boot: ESP-IDF v5.1.1-dirty 2nd stage bootloader[0m
[0;32mI (31) boot: compile time Nov 11 2023 12:23:34[0m
[0;32mI (31) boot: Multicore bootloader[0m
[0;32mI (36) boot: chip revision: v1.0[0m
[0;32mI (39) qio_mode: Enabling default flash chip QIO[0m
[0;32mI (45) boot.esp32: SPI Speed      : 80MHz[0m
[0;32mI (49) boot.esp32: SPI Mode       : QIO[0m
[0;32mI (54) boot.esp32: SPI Flash Size : 4MB[0m
[0;32mI (58) boot: Enabling RNG early entropy source...[0m
[0;32mI (64) boot: Partition Table:[0m
[0;32mI (67) boot: ## Label            Usage          Type ST Offset   Length[0m
[0;32mI (75) boot:  0 nvs              WiFi data        01 02 00009000 00006000[0m
[0;32mI (82) boot:  1 phy_init         RF data          01 01 0000f000 00001000[0m
[0;32mI (90) boot:  2 factory          factory app      00 00 00010000 00100000[0m
[0;32mI (97) boot: End of partition table[0m
[0;32mI (101) esp_image: segment 0: paddr=00010020 vaddr=3f400020 size=0aab4h ( 43700) map[0m
[0;32mI (122) esp_image: segment 1: paddr=0001aadc vaddr=3ffb0000 size=021c8h (  8648) load[0m
[0;32mI (125) esp_image: segment 2: paddr=0001ccac vaddr=40080000 size=0336ch ( 13164) load[0m
[0;32mI (133) esp_image: segment 3: paddr=00020020 vaddr=400d0020 size=19398h (103320) map[0m
[0;32mI (166) esp_image: segment 4: paddr=000393c0 vaddr=4008336c size=09620h ( 38432) load[0m
[0;32mI (185) boot: Loaded app from partition at offset 0x10000[0m
[0;32mI (185) boot: Disabling RNG early entropy source...[0m
[0;32mI (197) cpu_start: Multicore app[0m
[0;32mI (197) cpu_start: Pro cpu up.[0m
[0;32mI (197) cpu_start: Starting app cpu, entry point is 0x40081250[0m
[0;32mI (184) cpu_start: App cpu up.[0m
[0;32mI (215) cpu_start: Pro cpu start user code[0m
[0;32mI (215) cpu_start: cpu freq: 240000000 Hz[0m
[0;32mI (215) cpu_start: Application information:[0m
[0;32mI (220) cpu_start: Project name:     marcelino[0m
[0;32mI (225) cpu_start: App version:      729d225-dirty[0m
[0;32mI (230) cpu_start: Compile time:     Nov 11 2023 12:23:09[0m
[0;32mI (237) cpu_start: ELF file SHA256:  5dbdb5c0c51ccd64...[0m
[0;32mI (243) cpu_start: ESP-IDF:          v5.1.1-dirty[0m
[0;32mI (248) cpu_start: Min chip rev:     v0.0[0m
[0;32mI (253) cpu_start: Max chip rev:     v3.99 [0m
[0;32mI (257) cpu_start: Chip rev:         v1.0[0m
[0;32mI (262) heap_init: Initializing. RAM available for dynamic allocation:[0m
[0;32mI (269) heap_init: At 3FFAE6E0 len 00001920 (6 KiB): DRAM[0m
[0;32mI (275) heap_init: At 3FFB2C08 len 0002D3F8 (180 KiB): DRAM[0m
[0;32mI (282) heap_init: At 3FFE0440 len 00003AE0 (14 KiB): D/IRAM[0m
[0;32mI (288) heap_init: At 3FFE4350 len 0001BCB0 (111 KiB): D/IRAM[0m
[0;32mI (294) heap_init: At 4008C98C len 00013674 (77 KiB): IRAM[0m
[0;32mI (301) spi_flash: detected chip: generic[0m
[0;32mI (305) spi_flash: flash io: qio[0m
[0;32mI (309) Blink LED G: Task created[0m
[0;32mI (313) Print MSG: Task created[0m
[0;32mI (317) app_start: Starting scheduler on CPU0[0m
[0;32mI (322) app_start: Starting scheduler on CPU1[0m
[0;32mI (322) main_task: Started on CPU0[0m
[0;32mI (332) main_task: Calling app_main()[0m
Guru Meditation Error: Core  0 panic'ed (LoadProhibited). Exception was unhandled.

Core  0 register dump:
PC      : 0x40088edf  PS      : 0x00060730  A0      : 0x80088d18  A1      : 0x3ffb7c10  
A2      : 0x3ffae6f8  A3      : 0x00000000  A4      : 0x3ffb2acc  A5      : 0x00000000  
A6      : 0x00000000  A7      : 0xb33fffff  A8      : 0x00000168  A9      : 0x3ffae6f4  
A10     : 0x3ffae6f4  A11     : 0x3ffb7c30  A12     : 0x00000000  A13     : 0x00060723  
A14     : 0xb33fffff  A15     : 0xb33fffff  SAR     : 0x00000000  EXCCAUSE: 0x0000001c  
EXCVADDR: 0x0000016c  LBEG    : 0x4000c2e0  LEND    : 0x4000c2f6  LCOUNT  : 0x00000000  


Backtrace: 0x40088edc:0x3ffb7c10 0x40088d15:0x3ffb7c30 0x40088e37:0x3ffb7c70 0x400880d5:0x3ffb7ca0




ELF file SHA256: 5dbdb5c0c51ccd64

Rebooting...
ets Jun  8 2016 00:22:57

rst:0xc (SW_CPU_RESET),boot:0x13 (SPI_FAST_FLASH_BOOT)
configsip: 0, SPIWP:0xee
clk_drv:0x00,q_drv:0x00,d_drv:0x00,cs0_drv:0x00,hd_drv:0x00,wp_drv:0x00
mode:DIO, clock div:1
load:0x3fff0030,len:7432
load:0x40078000,len:16576
load:0x40080400,len:4
ho 8 tail 4 room 4
load:0x40080404,len:4284
entry 0x40080668
[0;32mI (30) boot: ESP-IDF v5.1.1-dirty 2nd stage bootloader[0m
[0;32mI (31) boot: compile time Nov 11 2023 12:23:34[0m
[0;32mI (31) boot: Multicore bootloader[0m
[0;32mI (36) boot: chip revision: v1.0[0m
[0;32mI (39) qio_mode: Enabling default flash chip QIO[0m
[0;32mI (45) boot.esp32: SPI Speed      : 80MHz[0m
[0;32mI (49) boot.esp32: SPI Mode       : QIO[0m
[0;32mI (54) boot.esp32: SPI Flash Size : 4MB[0m
[0;32mI (58) boot: Enabling RNG early entropy source...[0m
[0;32mI (64) boot: Partition Table:[0m
[0;32mI (67) boot: ## Label            Usage          Type ST Offset   Length[0m
[0;32mI (75) boot:  0 nvs              WiFi data        01 02 00009000 00006000[0m
[0;32mI (82) boot:  1 phy_init         RF data          01 01 0000f000 00001000[0m
[0;32mI (90) boot:  2 factory          factory app      00 00 00010000 00100000[0m
[0;32mI (97) boot: End of partition table[0m
[0;32mI (101) esp_image: segment 0: paddr=00010020 vaddr=3f400020 size=0aab4h ( 43700) map[0m
[0;32mI (122) esp_image: segment 1: paddr=0001aadc vaddr=3ffb0000 size=021c8h (  8648) load[0m
[0;32mI (125) esp_image: segment 2: paddr=0001ccac vaddr=40080000 size=0336ch ( 13164) load[0m
[0;32mI (133) esp_image: segment 3: paddr=00020020 vaddr=400d0020 size=19398h (103320) map[0m
[0;32mI (166) esp_image: segment 4: paddr=000393c0 vaddr=4008336c size=09620h ( 38432) load[0m
[0;32mI (185) boot: Loaded app from partition at offset 0x10000[0m
[0;32mI (185) boot: Disabling RNG early entropy source...[0m
[0;32mI (197) cpu_start: Multicore app[0m
[0;32mI (197) cpu_start: Pro cpu up.[0m
[0;32mI (197) cpu_start: Starting app cpu, entry point is 0x40081250[0m
[0;32mI (184) cpu_start: App cpu up.[0m
[0;32mI (215) cpu_start: Pro cpu start user code[0m
[0;32mI (215) cpu_start: cpu freq: 240000000 Hz[0m
[0;32mI (215) cpu_start: Application information:[0m
[0;32mI (220) cpu_start: Project name:     marcelino[0m
[0;32mI (225) cpu_start: App version:      729d225-dirty[0m
[0;32mI (230) cpu_start: Compile time:     Nov 11 2023 12:23:09[0m
[0;32mI (237) cpu_start: ELF file SHA256:  5dbdb5c0c51ccd64...[0m
[0;32mI (243) cpu_start: ESP-IDF:          v5.1.1-dirty[0m
[0;32mI (248) cpu_start: Min chip rev:     v0.0[0m
[0;32mI (253) cpu_start: Max chip rev:     v3.99 [0m
[0;32mI (257) cpu_start: Chip rev:         v1.0[0m
[0;32mI (262) heap_init: Initializing. RAM available for dynamic allocation:[0m
[0;32mI (269) heap_init: At 3FFAE6E0 len 00001920 (6 KiB): DRAM[0m
[0;32mI (275) heap_init: At 3FFB2C08 len 0002D3F8 (180 KiB): DRAM[0m
[0;32mI (282) heap_init: At 3FFE0440 len 00003AE0 (14 KiB): D/IRAM[0m
[0;32mI (288) heap_init: At 3FFE4350 len 0001BCB0 (111 KiB): D/IRAM[0m
[0;32mI (294) heap_init: At 4008C98C len 00013674 (77 KiB): IRAM[0m
[0;32mI (301) spi_flash: detected chip: generic[0m
[0;32mI (305) spi_flash: flash io: qio[0m
[0;32mI (309) Blink LED G: Task created[0m
[0;32mI (313) Print MSG: Task created[0m
[0;32mI (317) app_start: Starting scheduler on CPU0[0m
[0;32mI (322) app_start: Starting scheduler on CPU1[0m
[0;32mI (322) main_task: Started on CPU0[0m
[0;32mI (332) main_task: Calling app_main()[0m
Guru Meditation Error: Core  0 panic'ed (LoadProhibited). Exception was unhandled.

Core  0 register dump:
PC      : 0x40088edf  PS      : 0x00060730  A0      : 0x80088d18  A1      : 0x3ffb7c10  
A2      : 0x3ffae6f8  A3      : 0x00000000  A4      : 0x3ffb2acc  A5      : 0x00000000  
A6      : 0x00000000  A7      : 0xb33fffff  A8      : 0x00000168  A9      : 0x3ffae6f4  
A10     : 0x3ffae6f4  A11     : 0x3ffb7c30  A12     : 0x00000000  A13     : 0x00060723  
A14     : 0xb33fffff  A15     : 0xb33fffff  SAR     : 0x00000000  EXCCAUSE: 0x0000001c  
EXCVADDR: 0x0000016c  LBEG    : 0x4000c2e0  LEND    : 0x4000c2f6  LCOUNT  : 0x00000000  


Backtrace: 0x40088edc:0x3ffb7c10 0x40088d15:0x3ffb7c30 0x40088e37:0x3ffb7c70 0x400880d5:0x3ffb7ca0




ELF file SHA256: 5dbdb5c0c51ccd64

Rebooting...
ets Jun  8 2016 00:22:57

rst:0xc (SW_CPU_RESET),boot:0x13 (SPI_FAST_FLASH_BOOT)
configsip: 0, SPIWP:0xee
clk_drv:0x00,q_drv:0x00,d_drv:0x00,cs0_drv:0x00,hd_drv:0x00,wp_drv:0x00
mode:DIO, clock div:1
load:0x3fff0030,len:7432
load:0x40078000,len:16576
load:0x40080400,len:4
ho 8 tail 4 room 4
load:0x40080404,len:4284
entry 0x40080668
[0;32mI (30) boot: ESP-IDF v5.1.1-dirty 2nd stage bootloader[0m
[0;32mI (31) boot: compile time Nov 11 2023 12:23:34[0m
[0;32mI (31) boot: Multicore bootloader[0m
[0;32mI (36) boot: chip revision: v1.0[0m
[0;32mI (39) qio_mode: Enabling default flash chip QIO[0m
[0;32mI (45) boot.esp32: SPI Speed      : 80MHz[0m
[0;32mI (49) boot.esp32: SPI Mode       : QIO[0m
[0;32mI (54) boot.esp32: SPI Flash Size : 4MB[0m
[0;32mI (58) boot: Enabling RNG early entropy source...[0m
[0;32mI (64) boot: Partition Table:[0m
[0;32mI (67) boot: ## Label            Usage          Type ST Offset   Length[0m
[0;32mI (75) boot:  0 nvs              WiFi data        01 02 00009000 00006000[0m
[0;32mI (82) boot:  1 phy_init         RF data          01 01 0000f000 00001000[0m
[0;32mI (90) boot:  2 factory          factory app      00 00 00010000 00100000[0m
[0;32mI (97) boot: End of partition table[0m
[0;32mI (101) esp_image: segment 0: paddr=00010020 vaddr=3f400020 size=0aab4h ( 43700) map[0m
[0;32mI (122) esp_image: segment 1: paddr=0001aadc vaddr=3ffb0000 size=021c8h (  8648) load[0m
[0;32mI (125) esp_image: segment 2: paddr=0001ccac vaddr=40080000 size=0336ch ( 13164) load[0m
[0;32mI (133) esp_image: segment 3: paddr=00020020 vaddr=400d0020 size=19398h (103320) map[0m
[0;32mI (166) esp_image: segment 4: paddr=000393c0 vaddr=4008336c size=09620h ( 38432) load[0m
[0;32mI (185) boot: Loaded app from partition at offset 0x10000[0m
[0;32mI (185) boot: Disabling RNG early entropy source...[0m
[0;32mI (197) cpu_start: Multicore app[0m
[0;32mI (197) cpu_start: Pro cpu up.[0m
[0;32mI (197) cpu_start: Starting app cpu, entry point is 0x40081250[0m
[0;32mI (184) cpu_start: App cpu up.[0m
[0;32mI (215) cpu_start: Pro cpu start user code[0m
[0;32mI (215) cpu_start: cpu freq: 240000000 Hz[0m
[0;32mI (215) cpu_start: Application information:[0m
[0;32mI (220) cpu_start: Project name:     marcelino[0m
[0;32mI (225) cpu_start: App version:      729d225-dirty[0m
[0;32mI (230) cpu_start: Compile time:     Nov 11 2023 12:23:09[0m
[0;32mI (237) cpu_start: ELF file SHA256:  5dbdb5c0c51ccd64...[0m
[0;32mI (243) cpu_start: ESP-IDF:          v5.1.1-dirty[0m
[0;32mI (248) cpu_start: Min chip rev:     v0.0[0m
[0;32mI (253) cpu_start: Max chip rev:     v3.99 [0m
[0;32mI (257) cpu_start: Chip rev:         v1.0[0m
[0;32mI (262) heap_init: Initializing. RAM available for dynamic allocation:[0m
[0;32mI (269) heap_init: At 3FFAE6E0 len 00001920 (6 KiB): DRAM[0m
[0;32mI (275) heap_init: At 3FFB2C08 len 0002D3F8 (180 KiB): DRAM[0m
[0;32mI (282) heap_init: At 3FFE0440 len 00003AE0 (14 KiB): D/IRAM[0m
[0;32mI (288) heap_init: At 3FFE4350 len 0001BCB0 (111 KiB): D/IRAM[0m
[0;32mI (294) heap_init: At 4008C98C len 00013674 (77 KiB): IRAM[0m
[0;32mI (301) spi_flash: detected chip: generic[0m
[0;32mI (305) spi_flash: flash io: qio[0m
[0;32mI (309) Blink LED G: Task created[0m
[0;32mI (313) Print MSG: Task created[0m
[0;32mI (317) app_start: Starting scheduler on CPU0[0m
[0;32mI (322) app_start: Starting scheduler on CPU1[0m
[0;32mI (322) main_task: Started on CPU0[0m
[0;32mI (332) main_task: Calling app_main()[0m
Guru Meditation Error: Core  0 panic'ed (LoadProhibited). Exception was unhandled.

Core  0 register dump:
PC      : 0x40088edf  PS      : 0x00060730  A0      : 0x80088d18  A1      : 0x3ffb7c10  
A2      : 0x3ffae6f8  A3      : 0x00000000  A4      : 0x3ffb2acc  A5      : 0x00000000  
A6      : 0x00000000  A7      : 0xb33fffff  A8      : 0x00000168  A9      : 0x3ffae6f4  
A10     : 0x3ffae6f4  A11     : 0x3ffb7c30  A12     : 0x00000000  A13     : 0x00060723  
A14     : 0xb33fffff  A15     : 0xb33fffff  SAR     : 0x00000000  EXCCAUSE: 0x0000001c  
EXCVADDR: 0x0000016c  LBEG    : 0x4000c2e0  LEND    : 0x4000c2f6  LCOUNT  : 0x00000000  


Backtrace: 0x40088edc:0x3ffb7c10 0x40088d15:0x3ffb7c30 0x40088e37:0x3ffb7c70 0x400880d5:0x3ffb7ca0




ELF file SHA256: 5dbdb5c0c51ccd64

Rebooting...
ets Jun  8 2016 00:22:57

rst:0xc (SW_CPU_RESET),boot:0x13 (SPI_FAST_FLASH_BOOT)
configsip: 0, SPIWP:0xee
clk_drv:0x00,q_drv:0x00,d_drv:0x00,cs0_drv:0x00,hd_drv:0x00,wp_drv:0x00
mode:DIO, clock div:1
load:0x3fff0030,len:7432
load:0x40078000,len:16576
load:0x40080400,len:4
ho 8 tail 4 room 4
load:0x40080404,len:4284
entry 0x40080668
[0;32mI (30) boot: ESP-IDF v5.1.1-dirty 2nd stage bootloader[0m
[0;32mI (31) boot: compile time Nov 11 2023 12:23:34[0m
[0;32mI (31) boot: Multicore bootloader[0m
[0;32mI (36) boot: chip revision: v1.0[0m
[0;32mI (39) qio_mode: Enabling default flash chip QIO[0m
[0;32mI (45) boot.esp32: SPI Speed      : 80MHz[0m
[0;32mI (49) boot.esp32: SPI Mode       : QIO[0m
[0;32mI (54) boot.esp32: SPI Flash Size : 4MB[0m
[0;32mI (58) boot: Enabling RNG early entropy source...[0m
[0;32mI (64) boot: Partition Table:[0m
[0;32mI (67) boot: ## Label            Usage          Type ST Offset   Length[0m
[0;32mI (75) boot:  0 nvs              WiFi data        01 02 00009000 00006000[0m
[0;32mI (82) boot:  1 phy_init         RF data          01 01 0000f000 00001000[0m
[0;32mI (90) boot:  2 factory          factory app      00 00 00010000 00100000[0m
[0;32mI (97) boot: End of partition table[0m
[0;32mI (101) esp_image: segment 0: paddr=00010020 vaddr=3f400020 size=0aab4h ( 43700) map[0m
[0;32mI (122) esp_image: segment 1: paddr=0001aadc vaddr=3ffb0000 size=021c8h (  8648) load[0m
[0;32mI (125) esp_image: segment 2: paddr=0001ccac vaddr=40080000 size=0336ch ( 13164) load[0m
[0;32mI (133) esp_image: segment 3: paddr=00020020 vaddr=400d0020 size=19398h (103320) map[0m
[0;32mI (166) esp_image: segment 4: paddr=000393c0 vaddr=4008336c size=09620h ( 38432) load[0m
[0;32mI (185) boot: Loaded app from partition at offset 0x10000[0m
[0;32mI (185) boot: Disabling RNG early entropy source...[0m
[0;32mI (197) cpu_start: Multicore app[0m
[0;32mI (197) cpu_start: Pro cpu up.[0m
[0;32mI (197) cpu_start: Starting app cpu, entry point is 0x40081250[0m
[0;32mI (184) cpu_start: App cpu up.[0m
[0;32mI (215) cpu_start: Pro cpu start user code[0m
[0;32mI (215) cpu_start: cpu freq: 240000000 Hz[0m
[0;32mI (215) cpu_start: Application information:[0m
[0;32mI (220) cpu_start: Project name:     marcelino[0m
[0;32mI (225) cpu_start: App version:      729d225-dirty[0m
[0;32mI (230) cpu_start: Compile time:     Nov 11 2023 12:23:09[0m
[0;32mI (237) cpu_start: ELF file SHA256:  5dbdb5c0c51ccd64...[0m
[0;32mI (243) cpu_start: ESP-IDF:          v5.1.1-dirty[0m
[0;32mI (248) cpu_start: Min chip rev:     v0.0[0m
[0;32mI (253) cpu_start: Max chip rev:     v3.99 [0m
[0;32mI (257) cpu_start: Chip rev:         v1.0[0m
[0;32mI (262) heap_init: Initializing. RAM available for dynamic allocation:[0m
[0;32mI (269) heap_init: At 3FFAE6E0 len 00001920 (6 KiB): DRAM[0m
[0;32mI (275) heap_init: At 3FFB2C08 len 0002D3F8 (180 KiB): DRAM[0m
[0;32mI (282) heap_init: At 3FFE0440 len 00003AE0 (14 KiB): D/IRAM[0m
[0;32mI (288) heap_init: At 3FFE4350 len 0001BCB0 (111 KiB): D/IRAM[0m
[0;32mI (294) heap_init: At 4008C98C len 00013674 (77 KiB): IRAM[0m
[0;32mI (301) spi_flash: detected chip: generic[0m
[0;32mI (305) spi_flash: flash io: qio[0m
[0;32mI (309) Blink LED G: Task created[0m
[0;32mI (313) Print MSG: Task created[0m
[0;32mI (317) app_start: Starting scheduler on CPU0[0m
[0;32mI (322) app_start: Starting scheduler on CPU1[0m
[0;32mI (322) main_task: Started on CPU0[0m
[0;32mI (332) main_task: Calling app_main()[0m
Guru Meditation Error: Core  0 panic'ed (LoadProhibited). Exception was unhandled.

Core  0 register dump:
PC      : 0x40088edf  PS      : 0x00060730  A0      : 0x80088d18  A1      : 0x3ffb7c10  
A2      : 0x3ffae6f8  A3      : 0x00000000  A4      : 0x3ffb2acc  A5      : 0x00000000  
A6      : 0x00000000  A7      : 0xb33fffff  A8      : 0x00000168  A9      : 0x3ffae6f4  
A10     : 0x3ffae6f4  A11     : 0x3ffb7c30  A12     : 0x00000000  A13     : 0x00060723  
A14     : 0xb33fffff  A15     : 0xb33fffff  SAR     : 0x00000000  EXCCAUSE: 0x0000001c  
EXCVADDR: 0x0000016c  LBEG    : 0x4000c2e0  LEND    : 0x4000c2f6  LCOUNT  : 0x00000000  


Backtrace: 0x40088edc:0x3ffb7c10 0x40088d15:0x3ffb7c30 0x40088e37:0x3ffb7c70 0x400880d5:0x3ffb7ca0




ELF file SHA256: 5dbdb5c0c51ccd64

Rebooting...
ets Jun  8 2016 00:22:57

rst:0xc (SW_CPU_RESET),boot:0x13 (SPI_FAST_FLASH_BOOT)
configsip: 0, SPIWP:0xee
clk_drv:0x00,q_drv:0x00,d_drv:0x00,cs0_drv:0x00,hd_drv:0x00,wp_drv:0x00
mode:DIO, clock div:1
load:0x3fff0030,len:7432
load:0x40078000,len:16576
load:0x40080400,len:4
ho 8 tail 4 room 4
load:0x40080404,len:4284
entry 0x40080668
[0;32mI (30) boot: ESP-IDF v5.1.1-dirty 2nd stage bootloader[0m
[0;32mI (31) boot: compile time Nov 11 2023 12:23:34[0m
[0;32mI (31) boot: Multicore bootloader[0m
[0;32mI (36) boot: chip revision: v1.0[0m
[0;32mI (39) qio_mode: Enabling default flash chip QIO[0m
[0;32mI (45) boot.esp32: SPI Speed      : 80MHz[0m
[0;32mI (49) boot.esp32: SPI Mode       : QIO[0m
[0;32mI (54) boot.esp32: SPI Flash Size : 4MB[0m
[0;32mI (58) boot: Enabling RNG early entropy source...[0m
[0;32mI (64) boot: Partition Table:[0m
[0;32mI (67) boot: ## Label            Usage          Type ST Offset   Length[0m
[0;32mI (75) boot:  0 nvs              WiFi data        01 02 00009000 00006000[0m
[0;32mI (82) boot:  1 phy_init         RF data          01 01 0000f000 00001000[0m
[0;32mI (90) boot:  2 factory          factory app      00 00 00010000 00100000[0m
[0;32mI (97) boot: End of partition table[0m
[0;32mI (101) esp_image: segment 0: paddr=00010020 vaddr=3f400020 size=0aab4h ( 43700) map[0m
[0;32mI (122) esp_image: segment 1: paddr=0001aadc vaddr=3ffb0000 size=021c8h (  8648) load[0m
[0;32mI (125) esp_image: segment 2: paddr=0001ccac vaddr=40080000 size=0336ch ( 13164) load[0m
[0;32mI (133) esp_image: segment 3: paddr=00020020 vaddr=400d0020 size=19398h (103320) map[0m
[0;32mI (166) esp_image: segment 4: paddr=000393c0 vaddr=4008336c size=09620h ( 38432) load[0m
[0;32mI (185) boot: Loaded app from partition at offset 0x10000[0m
[0;32mI (185) boot: Disabling RNG early entropy source...[0m
[0;32mI (197) cpu_start: Multicore app[0m
[0;32mI (197) cpu_start: Pro cpu up.[0m
[0;32mI (197) cpu_start: Starting app cpu, entry point is 0x40081250[0m
[0;32mI (184) cpu_start: App cpu up.[0m
[0;32mI (215) cpu_start: Pro cpu start user code[0m
[0;32mI (215) cpu_start: cpu freq: 240000000 Hz[0m
[0;32mI (215) cpu_start: Application information:[0m
[0;32mI (220) cpu_start: Project name:     marcelino[0m
[0;32mI (225) cpu_start: App version:      729d225-dirty[0m
[0;32mI (230) cpu_start: Compile time:     Nov 11 2023 12:23:09[0m
[0;32mI (237) cpu_start: ELF file SHA256:  5dbdb5c0c51ccd64...[0m
[0;32mI (243) cpu_start: ESP-IDF:          v5.1.1-dirty[0m
[0;32mI (248) cpu_start: Min chip rev:     v0.0[0m
[0;32mI (253) cpu_start: Max chip rev:     v3.99 [0m
[0;32mI (257) cpu_start: Chip rev:         v1.0[0m
[0;32mI (262) heap_init: Initializing. RAM available for dynamic allocation:[0m
[0;32mI (269) heap_init: At 3FFAE6E0 len 00001920 (6 KiB): DRAM[0m
[0;32mI (275) heap_init: At 3FFB2C08 len 0002D3F8 (180 KiB): DRAM[0m
[0;32mI (282) heap_init: At 3FFE0440 len 00003AE0 (14 KiB): D/IRAM[0m
[0;32mI (288) heap_init: At 3FFE4350 len 0001BCB0 (111 KiB): D/IRAM[0m
[0;32mI (294) heap_init: At 4008C98C len 00013674 (77 KiB): IRAM[0m
[0;32mI (301) spi_flash: detected chip: generic[0m
[0;32mI (305) spi_flash: flash io: qio[0m
[0;32mI (309) Blink LED G: Task created[0m
[0;32mI (313) Print MSG: Task created[0m
[0;32mI (317) app_start: Starting scheduler on CPU0[0m
[0;32mI (322) app_start: Starting scheduler on CPU1[0m
[0;32mI (322) main_task: Started on CPU0[0m
[0;32mI (332) main_task: Calling app_main()[0m
Guru Meditation Error: Core  0 panic'ed (LoadProhibited). Exception was unhandled.

Core  0 register dump:
PC      : 0x40088edf  PS      : 0x00060730  A0      : 0x80088d18  A1      : 0x3ffb7c10  
A2      : 0x3ffae6f8  A3      : 0x00000000  A4      : 0x3ffb2acc  A5      : 0x00000000  
A6      : 0x00000000  A7      : 0xb33fffff  A8      : 0x00000168  A9      : 0x3ffae6f4  
A10     : 0x3ffae6f4  A11     : 0x3ffb7c30  A12     : 0x00000000  A13     : 0x00060723  
A14     : 0xb33fffff  A15     : 0xb33fffff  SAR     : 0x00000000  EXCCAUSE: 0x0000001c  
EXCVADDR: 0x0000016c  LBEG    : 0x4000c2e0  LEND    : 0x4000c2f6  LCOUNT  : 0x00000000  


Backtrace: 0x40088edc:0x3ffb7c10 0x40088d15:0x3ffb7c30 0x40088e37:0x3ffb7c70 0x400880d5:0x3ffb7ca0




ELF file SHA256: 5dbdb5c0c51ccd64

Rebooting...
ets Jun  8 2016 00:22:57

rst:0xc (SW_CPU_RESET),boot:0x13 (SPI_FAST_FLASH_BOOT)
configsip: 0, SPIWP:0xee
clk_drv:0x00,q_drv:0x00,d_drv:0x00,cs0_drv:0x00,hd_drv:0x00,wp_drv:0x00
mode:DIO, clock div:1
load:0x3fff0030,len:7432
load:0x40078000,len:16576
load:0x40080400,len:4
ho 8 tail 4 room 4
load:0x40080404,len:4284
entry 0x40080668
[0;32mI (30) boot: ESP-IDF v5.1.1-dirty 2nd stage bootloader[0m
[0;32mI (31) boot: compile time Nov 11 2023 12:23:34[0m
[0;32mI (31) boot: Multicore bootloader[0m
[0;32mI (36) boot: chip revision: v1.0[0m
[0;32mI (39) qio_mode: Enabling default flash chip QIO[0m
[0;32mI (45) boot.esp32: SPI Speed      : 80MHz[0m
[0;32mI (49) boot.esp32: SPI Mode       : QIO[0m
[0;32mI (54) boot.esp32: SPI Flash Size : 4MB[0m
[0;32mI (58) boot: Enabling RNG early entropy source...[0m
[0;32mI (64) boot: Partition Table:[0m
[0;32mI (67) boot: ## Label            Usage          Type ST Offset   Length[0m
[0;32mI (75) boot:  0 nvs              WiFi data        01 02 00009000 00006000[0m
[0;32mI (82) boot:  1 phy_init         RF data          01 01 0000f000 00001000[0m
[0;32mI (90) boot:  2 factory          factory app      00 00 00010000 00100000[0m
[0;32mI (97) boot: End of partition table[0m
[0;32mI (101) esp_image: segment 0: paddr=00010020 vaddr=3f400020 size=0aab4h ( 43700) map[0m
[0;32mI (122) esp_image: segment 1: paddr=0001aadc vaddr=3ffb0000 size=021c8h (  8648) load[0m
[0;32mI (125) esp_image: segment 2: paddr=0001ccac vaddr=40080000 size=0336ch ( 13164) load[0m
[0;32mI (133) esp_image: segment 3: paddr=00020020 vaddr=400d0020 size=19398h (103320) map[0m
[0;32mI (166) esp_image: segment 4: paddr=000393c0 vaddr=4008336c size=09620h ( 38432) load[0m
[0;32mI (185) boot: Loaded app from partition at offset 0x10000[0m
[0;32mI (185) boot: Disabling RNG early entropy source...[0m
[0;32mI (197) cpu_start: Multicore app[0m
[0;32mI (197) cpu_start: Pro cpu up.[0m
[0;32mI (197) cpu_start: Starting app cpu, entry point is 0x40081250[0m
[0;32mI (184) cpu_start: App cpu up.[0m
[0;32mI (215) cpu_start: Pro cpu start user code[0m
[0;32mI (215) cpu_start: cpu freq: 240000000 Hz[0m
[0;32mI (215) cpu_start: Application information:[0m
[0;32mI (220) cpu_start: Project name:     marcelino[0m
[0;32mI (225) cpu_start: App version:      729d225-dirty[0m
[0;32mI (230) cpu_start: Compile time:     Nov 11 2023 12:23:09[0m
[0;32mI (237) cpu_start: ELF file SHA256:  5dbdb5c0c51ccd64...[0m
[0;32mI (243) cpu_start: ESP-IDF:          v5.1.1-dirty[0m
[0;32mI (248) cpu_start: Min chip rev:     v0.0[0m
[0;32mI (253) cpu_start: Max chip rev:     v3.99 [0m
[0;32mI (257) cpu_start: Chip rev:         v1.0[0m
[0;32mI (262) heap_init: Initializing. RAM available for dynamic allocation:[0m
[0;32mI (269) heap_init: At 3FFAE6E0 len 00001920 (6 KiB): DRAM[0m
[0;32mI (275) heap_init: At 3FFB2C08 len 0002D3F8 (180 KiB): DRAM[0m
[0;32mI (282) heap_init: At 3FFE0440 len 00003AE0 (14 KiB): D/IRAM[0m
[0;32mI (288) heap_init: At 3FFE4350 len 0001BCB0 (111 KiB): D/IRAM[0m
[0;32mI (294) heap_init: At 4008C98C len 00013674 (77 KiB): IRAM[0m
[0;32mI (301) spi_flash: detected chip: generic[0m
[0;32mI (305) spi_flash: flash io: qio[0m
[0;32mI (309) Blink LED G: Task created[0m
[0;32mI (313) Print MSG: Task created[0m
[0;32mI (317) app_start: Starting scheduler on CPU0[0m
[0;32mI (322) app_start: Starting scheduler on CPU1[0m
[0;32mI (322) main_task: Started on CPU0[0m
[0;32mI (332) main_task: Calling app_main()[0m
Guru Meditation Error: Core  0 panic'ed (LoadProhibited). Exception was unhandled.

Core  0 register dump:
PC      : 0x40088edf  PS      : 0x00060730  A0      : 0x80088d18  A1      : 0x3ffb7c10  
A2      : 0x3ffae6f8  A3      : 0x00000000  A4      : 0x3ffb2acc  A5      : 0x00000000  
A6      : 0x00000000  A7      : 0xb33fffff  A8      : 0x00000168  A9      : 0x3ffae6f4  
A10     : 0x3ffae6f4  A11     : 0x3ffb7c30  A12     : 0x00000000  A13     : 0x00060723  
A14     : 0xb33fffff  A15     : 0xb33fffff  SAR     : 0x00000000  EXCCAUSE: 0x0000001c  
EXCVADDR: 0x0000016c  LBEG    : 0x4000c2e0  LEND    : 0x4000c2f6  LCOUNT  : 0x00000000  


Backtrace: 0x40088edc:0x3ffb7c10 0x40088d15:0x3ffb7c30 0x40088e37:0x3ffb7c70 0x400880d5:0x3ffb7ca0




ELF file SHA256: 5dbdb5c0c51ccd64

Rebooting...
ets Jun  8 2016 00:22:57

rst:0xc (SW_CPU_RESET),boot:0x13 (SPI_FAST_FLASH_BOOT)
configsip: 0, SPIWP:0xee
clk_drv:0x00,q_drv:0x00,d_drv:0x00,cs0_drv:0x00,hd_drv:0x00,wp_drv:0x00
mode:DIO, clock div:1
load:0x3fff0030,len:7432
load:0x40078000,len:16576
load:0x40080400,len:4
ho 8 tail 4 room 4
load:0x40080404,len:4284
entry 0x40080668
[0;32mI (30) boot: ESP-IDF v5.1.1-dirty 2nd stage bootloader[0m
[0;32mI (31) boot: compile time Nov 11 2023 12:23:34[0m
[0;32mI (31) boot: Multicore bootloader[0m
[0;32mI (36) boot: chip revision: v1.0[0m
[0;32mI (39) qio_mode: Enabling default flash chip QIO[0m
[0;32mI (45) boot.esp32: SPI Speed      : 80MHz[0m
[0;32mI (49) boot.esp32: SPI Mode       : QIO[0m
[0;32mI (54) boot.esp32: SPI Flash Size : 4MB[0m
[0;32mI (58) boot: Enabling RNG early entropy source...[0m
[0;32mI (64) boot: Partition Table:[0m
[0;32mI (67) boot: ## Label            Usage          Type ST Offset   Length[0m
[0;32mI (75) boot:  0 nvs              WiFi data        01 02 00009000 00006000[0m
[0;32mI (82) boot:  1 phy_init         RF data          01 01 0000f000 00001000[0m
[0;32mI (90) boot:  2 factory          factory app      00 00 00010000 00100000[0m
[0;32mI (97) boot: End of partition table[0m
[0;32mI (101) esp_image: segment 0: paddr=00010020 vaddr=3f400020 size=0aab4h ( 43700) map[0m
[0;32mI (122) esp_image: segment 1: paddr=0001aadc vaddr=3ffb0000 size=021c8h (  8648) load[0m
[0;32mI (125) esp_image: segment 2: paddr=0001ccac vaddr=40080000 size=0336ch ( 13164) load[0m
[0;32mI (133) esp_image: segment 3: paddr=00020020 vaddr=400d0020 size=19398h (103320) map[0m
[0;32mI (166) esp_image: segment 4: paddr=000393c0 vaddr=4008336c size=09620h ( 38432) load[0m
[0;32mI (185) boot: Loaded app from partition at offset 0x10000[0m
[0;32mI (185) boot: Disabling RNG early entropy source...[0m
[0;32mI (197) cpu_start: Multicore app[0m
[0;32mI (197) cpu_start: Pro cpu up.[0m
[0;32mI (197) cpu_start: Starting app cpu, entry point is 0x40081250[0m
[0;32mI (184) cpu_start: App cpu up.[0m
[0;32mI (215) cpu_start: Pro cpu start user code[0m
[0;32mI (215) cpu_start: cpu freq: 240000000 Hz[0m
[0;32mI (215) cpu_start: Application information:[0m
[0;32mI (220) cpu_start: Project name:     marcelino[0m
[0;32mI (225) cpu_start: App version:      729d225-dirty[0m
[0;32mI (230) cpu_start: Compile time:     Nov 11 2023 12:23:09[0m
[0;32mI (237) cpu_start: ELF file SHA256:  5dbdb5c0c51ccd64...[0m
[0;32mI (243) cpu_start: ESP-IDF:          v5.1.1-dirty[0m
[0;32mI (248) cpu_start: Min chip rev:     v0.0[0m
[0;32mI (253) cpu_start: Max chip rev:     v3.99 [0m
[0;32mI (257) cpu_start: Chip rev:         v1.0[0m
[0;32mI (262) heap_init: Initializing. RAM available for dynamic allocation:[0m
[0;32mI (269) heap_init: At 3FFAE6E0 len 00001920 (6 KiB): DRAM[0m
[0;32mI (275) heap_init: At 3FFB2C08 len 0002D3F8 (180 KiB): DRAM[0m
[0;32mI (282) heap_init: At 3FFE0440 len 00003AE0 (14 KiB): D/IRAM[0m
[0;32mI (288) heap_init: At 3FFE4350 len 0001BCB0 (111 KiB): D/IRAM[0m
[0;32mI (294) heap_init: At 4008C98C len 00013674 (77 KiB): IRAM[0m
[0;32mI (301) spi_flash: detected chip: generic[0m
[0;32mI (305) spi_flash: flash io: qio[0m
[0;32mI (309) Blink LED G: Task created[0m
[0;32mI (313) Print MSG: Task created[0m
[0;32mI (317) app_start: Starting scheduler on CPU0[0m
[0;32mI (322) app_start: Starting scheduler on CPU1[0m
[0;32mI (322) main_task: Started on CPU0[0m
[0;32mI (332) main_task: Calling app_main()[0m
Guru Meditation Error: Core  0 panic'ed (LoadProhibited). Exception was unhandled.

Core  0 register dump:
PC      : 0x40088edf  PS      : 0x00060730  A0      : 0x80088d18  A1      : 0x3ffb7c10  
A2      : 0x3ffae6f8  A3      : 0x00000000  A4      : 0x3ffb2acc  A5      : 0x00000000  
A6      : 0x00000000  A7      : 0xb33fffff  A8      : 0x00000168  A9      : 0x3ffae6f4  
A10     : 0x3ffae6f4  A11     : 0x3ffb7c30  A12     : 0x00000000  A13     : 0x00060723  
A14     : 0xb33fffff  A15     : 0xb33fffff  SAR     : 0x00000000  EXCCAUSE: 0x0000001c  
EXCVADDR: 0x0000016c  LBEG    : 0x4000c2e0  LEND    : 0x4000c2f6  LCOUNT  : 0x00000000  


Backtrace: 0x40088edc:0x3ffb7c10 0x40088d15:0x3ffb7c30 0x40088e37:0x3ffb7c70 0x400880d5:0x3ffb7ca0




ELF file SHA256: 5dbdb5c0c51ccd64

Rebooting...
ets Jun  8 2016 00:22:57

rst:0xc (SW_CPU_RESET),boot:0x13 (SPI_FAST_FLASH_BOOT)
configsip: 0, SPIWP:0xee
clk_drv:0x00,q_drv:0x00,d_drv:0x00,cs0_drv:0x00,hd_drv:0x00,wp_drv:0x00
mode:DIO, clock div:1
load:0x3fff0030,len:7432
load:0x40078000,len:16576
load:0x40080400,len:4
ho 8 tail 4 room 4
load:0x40080404,len:4284
entry 0x40080668
[0;32mI (30) boot: ESP-IDF v5.1.1-dirty 2nd stage bootloader[0m
[0;32mI (31) boot: compile time Nov 11 2023 12:23:34[0m
[0;32mI (31) boot: Multicore bootloader[0m
[0;32mI (36) boot: chip revision: v1.0[0m
[0;32mI (39) qio_mode: Enabling default flash chip QIO[0m
[0;32mI (45) boot.esp32: SPI Speed      : 80MHz[0m
[0;32mI (49) boot.esp32: SPI Mode       : QIO[0m
[0;32mI (54) boot.esp32: SPI Flash Size : 4MB[0m
[0;32mI (58) boot: Enabling RNG early entropy source...[0m
[0;32mI (64) boot: Partition Table:[0m
[0;32mI (67) boot: ## Label            Usage          Type ST Offset   Length[0m
[0;32mI (75) boot:  0 nvs              WiFi data        01 02 00009000 00006000[0m
[0;32mI (82) boot:  1 phy_init         RF data          01 01 0000f000 00001000[0m
[0;32mI (90) boot:  2 factory          factory app      00 00 00010000 00100000[0m
[0;32mI (97) boot: End of partition table[0m
[0;32mI (101) esp_image: segment 0: paddr=00010020 vaddr=3f400020 size=0aab4h ( 43700) map[0m
[0;32mI (122) esp_image: segment 1: paddr=0001aadc vaddr=3ffb0000 size=021c8h (  8648) load[0m
[0;32mI (125) esp_image: segment 2: paddr=0001ccac vaddr=40080000 size=0336ch ( 13164) load[0m
[0;32mI (133) esp_image: segment 3: paddr=00020020 vaddr=400d0020 size=19398h (103320) map[0m
[0;32mI (166) esp_image: segment 4: paddr=000393c0 vaddr=4008336c size=09620h ( 38432) load[0m
[0;32mI (185) boot: Loaded app from partition at offset 0x10000[0m
[0;32mI (185) boot: Disabling RNG early entropy source...[0m
[0;32mI (197) cpu_start: Multicore app[0m
[0;32mI (197) cpu_start: Pro cpu up.[0m
[0;32mI (197) cpu_start: Starting app cpu, entry point is 0x40081250[0m
[0;32mI (184) cpu_start: App cpu up.[0m
[0;32mI (215) cpu_start: Pro cpu start user code[0m
[0;32mI (215) cpu_start: cpu freq: 240000000 Hz[0m
[0;32mI (215) cpu_start: Application information:[0m
[0;32mI (220) cpu_start: Project name:     marcelino[0m
[0;32mI (225) cpu_start: App version:      729d225-dirty[0m
[0;32mI (230) cpu_start: Compile time:     Nov 11 2023 12:23:09[0m
[0;32mI (237) cpu_start: ELF file SHA256:  5dbdb5c0c51ccd64...[0m
[0;32mI (243) cpu_start: ESP-IDF:          v5.1.1-dirty[0m
[0;32mI (248) cpu_start: Min chip rev:     v0.0[0m
[0;32mI (253) cpu_start: Max chip rev:     v3.99 [0m
[0;32mI (257) cpu_start: Chip rev:         v1.0[0m
[0;32mI (262) heap_init: Initializing. RAM available for dynamic allocation:[0m
[0;32mI (269) heap_init: At 3FFAE6E0 len 00001920 (6 KiB): DRAM[0m
[0;32mI (275) heap_init: At 3FFB2C08 len 0002D3F8 (180 KiB): DRAM[0m
[0;32mI (282) heap_init: At 3FFE0440 len 00003AE0 (14 KiB): D/IRAM[0m
[0;32mI (288) heap_init: At 3FFE4350 len 0001BCB0 (111 KiB): D/IRAM[0m
[0;32mI (294) heap_init: At 4008C98C len 00013674 (77 KiB): IRAM[0m
[0;32mI (301) spi_flash: detected chip: generic[0m
[0;32mI (305) spi_flash: flash io: qio[0m
[0;32mI (309) Blink LED G: Task created[0m
[0;32mI (313) Print MSG: Task created[0m
[0;32mI (317) app_start: Starting scheduler on CPU0[0m
[0;32mI (322) app_start: Starting scheduler on CPU1[0m
[0;32mI (322) main_task: Started on CPU0[0m
[0;32mI (332) main_task: Calling app_main()[0m
Guru Meditation Error: Core  0 panic'ed (LoadProhibited). Exception was unhandled.

Core  0 register dump:
PC      : 0x40088edf  PS      : 0x00060730  A0      : 0x80088d18  A1      : 0x3ffb7c10  
A2      : 0x3ffae6f8  A3      : 0x00000000  A4      : 0x3ffb2acc  A5      : 0x00000000  
A6      : 0x00000000  A7      : 0xb33fffff  A8      : 0x00000168  A9      : 0x3ffae6f4  
A10     : 0x3ffae6f4  A11     : 0x3ffb7c30  A12     : 0x00000000  A13     : 0x00060723  
A14     : 0xb33fffff  A15     : 0xb33fffff  SAR     : 0x00000000  EXCCAUSE: 0x0000001c  
EXCVADDR: 0x0000016c  LBEG    : 0x4000c2e0  LEND    : 0x4000c2f6  LCOUNT  : 0x00000000  


Backtrace: 0x40088edc:0x3ffb7c10 0x40088d15:0x3ffb7c30 0x40088e37:0x3ffb7c70 0x400880d5:0x3ffb7ca0




ELF file SHA256: 5dbdb5c0c51ccd64

Rebooting...
ets Jun  8 2016 00:22:57

rst:0xc (SW_CPU_RESET),boot:0x13 (SPI_FAST_FLASH_BOOT)
configsip: 0, SPIWP:0xee
clk_drv:0x00,q_drv:0x00,d_drv:0x00,cs0_drv:0x00,hd_drv:0x00,wp_drv:0x00
mode:DIO, clock div:1
load:0x3fff0030,len:7432
load:0x40078000,len:16576
load:0x40080400,len:4
ho 8 tail 4 room 4
load:0x40080404,len:4284
entry 0x40080668
[0;32mI (30) boot: ESP-IDF v5.1.1-dirty 2nd stage bootloader[0m
[0;32mI (31) boot: compile time Nov 11 2023 12:23:34[0m
[0;32mI (31) boot: Multicore bootloader[0m
[0;32mI (36) boot: chip revision: v1.0[0m
[0;32mI (39) qio_mode: Enabling default flash chip QIO[0m
[0;32mI (45) boot.esp32: SPI Speed      : 80MHz[0m
[0;32mI (49) boot.esp32: SPI Mode       : QIO[0m
[0;32mI (54) boot.esp32: SPI Flash Size : 4MB[0m
[0;32mI (58) boot: Enabling RNG early entropy source...[0m
[0;32mI (64) boot: Partition Table:[0m
[0;32mI (67) boot: ## Label            Usage          Type ST Offset   Length[0m
[0;32mI (75) boot:  0 nvs              WiFi data        01 02 00009000 00006000[0m
[0;32mI (82) boot:  1 phy_init         RF data          01 01 0000f000 00001000[0m
[0;32mI (90) boot:  2 factory          factory app      00 00 00010000 00100000[0m
[0;32mI (97) boot: End of partition table[0m
[0;32mI (101) esp_image: segment 0: paddr=00010020 vaddr=3f400020 size=0aab4h ( 43700) map[0m
[0;32mI (122) esp_image: segment 1: paddr=0001aadc vaddr=3ffb0000 size=021c8h (  8648) load[0m
[0;32mI (125) esp_image: segment 2: paddr=0001ccac vaddr=40080000 size=0336ch ( 13164) load[0m
[0;32mI (133) esp_image: segment 3: paddr=00020020 vaddr=400d0020 size=19398h (103320) map[0m
[0;32mI (166) esp_image: segment 4: paddr=000393c0 vaddr=4008336c size=09620h ( 38432) load[0m
[0;32mI (185) boot: Loaded app from partition at offset 0x10000[0m
[0;32mI (185) boot: Disabling RNG early entropy source...[0m
[0;32mI (197) cpu_start: Multicore app[0m
[0;32mI (197) cpu_start: Pro cpu up.[0m
[0;32mI (197) cpu_start: Starting app cpu, entry point is 0x40081250[0m
[0;32mI (184) cpu_start: App cpu up.[0m
[0;32mI (215) cpu_start: Pro cpu start user code[0m
[0;32mI (215) cpu_start: cpu freq: 240000000 Hz[0m
[0;32mI (215) cpu_start: Application information:[0m
[0;32mI (220) cpu_start: Project name:     marcelino[0m
[0;32mI (225) cpu_start: App version:      729d225-dirty[0m
[0;32mI (230) cpu_start: Compile time:     Nov 11 2023 12:23:09[0m
[0;32mI (237) cpu_start: ELF file SHA256:  5dbdb5c0c51ccd64...[0m
[0;32mI (243) cpu_start: ESP-IDF:          v5.1.1-dirty[0m
[0;32mI (248) cpu_start: Min chip rev:     v0.0[0m
[0;32mI (253) cpu_start: Max chip rev:     v3.99 [0m
[0;32mI (257) cpu_start: Chip rev:         v1.0[0m
[0;32mI (262) heap_init: Initializing. RAM available for dynamic allocation:[0m
[0;32mI (269) heap_init: At 3FFAE6E0 len 00001920 (6 KiB): DRAM[0m
[0;32mI (275) heap_init: At 3FFB2C08 len 0002D3F8 (180 KiB): DRAM[0m
[0;32mI (282) heap_init: At 3FFE0440 len 00003AE0 (14 KiB): D/IRAM[0m
[0;32mI (288) heap_init: At 3FFE4350 len 0001BCB0 (111 KiB): D/IRAM[0m
[0;32mI (294) heap_init: At 4008C98C len 00013674 (77 KiB): IRAM[0m
[0;32mI (301) spi_flash: detected chip: generic[0m
[0;32mI (305) spi_flash: flash io: qio[0m
[0;32mI (309) Blink LED G: Task created[0m
[0;32mI (313) Print MSG: Task created[0m
[0;32mI (317) app_start: Starting scheduler on CPU0[0m
[0;32mI (322) app_start: Starting scheduler on CPU1[0m
[0;32mI (322) main_task: Started on CPU0[0m
[0;32mI (332) main_task: Calling app_main()[0m
Guru Meditation Error: Core  0 panic'ed (LoadProhibited). Exception was unhandled.

Core  0 register dump:
PC      : 0x40088edf  PS      : 0x00060730  A0      : 0x80088d18  A1      : 0x3ffb7c10  
A2      : 0x3ffae6f8  A3      : 0x00000000  A4      : 0x3ffb2acc  A5      : 0x00000000  
A6      : 0x00000000  A7      : 0xb33fffff  A8      : 0x00000168  A9      : 0x3ffae6f4  
A10     : 0x3ffae6f4  A11     : 0x3ffb7c30  A12     : 0x00000000  A13     : 0x00060723  
A14     : 0xb33fffff  A15     : 0xb33fffff  SAR     : 0x00000000  EXCCAUSE: 0x0000001c  
EXCVADDR: 0x0000016c  LBEG    : 0x4000c2e0  LEND    : 0x4000c2f6  LCOUNT  : 0x00000000  


Backtrace: 0x40088edc:0x3ffb7c10 0x40088d15:0x3ffb7c30 0x40088e37:0x3ffb7c70 0x400880d5:0x3ffb7ca0




ELF file SHA256: 5dbdb5c0c51ccd64

Rebooting...
ets Jun  8 2016 00:22:57

rst:0xc (SW_CPU_RESET),boot:0x13 (SPI_FAST_FLASH_BOOT)
configsip: 0, SPIWP:0xee
clk_drv:0x00,q_drv:0x00,d_drv:0x00,cs0_drv:0x00,hd_drv:0x00,wp_drv:0x00
mode:DIO, clock div:1
load:0x3fff0030,len:7432
load:0x40078000,len:16576
load:0x40080400,len:4
ho 8 tail 4 room 4
load:0x40080404,len:4284
entry 0x40080668
[0;32mI (30) boot: ESP-IDF v5.1.1-dirty 2nd stage bootloader[0m
[0;32mI (31) boot: compile time Nov 11 2023 12:23:34[0m
[0;32mI (31) boot: Multicore bootloader[0m
[0;32mI (36) boot: chip revision: v1.0[0m
[0;32mI (39) qio_mode: Enabling default flash chip QIO[0m
[0;32mI (45) boot.esp32: SPI Speed      : 80MHz[0m
[0;32mI (49) boot.esp32: SPI Mode       : QIO[0m
[0;32mI (54) boot.esp32: SPI Flash Size : 4MB[0m
[0;32mI (58) boot: Enabling RNG early entropy source...[0m
[0;32mI (64) boot: Partition Table:[0m
[0;32mI (67) boot: ## Label            Usage          Type ST Offset   Length[0m
[0;32mI (75) boot:  0 nvs              WiFi data        01 02 00009000 00006000[0m
[0;32mI (82) boot:  1 phy_init         RF data          01 01 0000f000 00001000[0m
[0;32mI (90) boot:  2 factory          factory app      00 00 00010000 00100000[0m
[0;32mI (97) boot: End of partition table[0m
[0;32mI (101) esp_image: segment 0: paddr=00010020 vaddr=3f400020 size=0aab4h ( 43700) map[0m
[0;32mI (122) esp_image: segment 1: paddr=0001aadc vaddr=3ffb0000 size=021c8h (  8648) load[0m
[0;32mI (125) esp_image: segment 2: paddr=0001ccac vaddr=40080000 size=0336ch ( 13164) load[0m
[0;32mI (133) esp_image: segment 3: paddr=00020020 vaddr=400d0020 size=19398h (103320) map[0m
[0;32mI (166) esp_image: segment 4: paddr=000393c0 vaddr=4008336c size=09620h ( 38432) load[0m
[0;32mI (185) boot: Loaded app from partition at offset 0x10000[0m
[0;32mI (185) boot: Disabling RNG early entropy source...[0m
[0;32mI (197) cpu_start: Multicore app[0m
[0;32mI (197) cpu_start: Pro cpu up.[0m
[0;32mI (197) cpu_start: Starting app cpu, entry point is 0x40081250[0m
[0;32mI (184) cpu_start: App cpu up.[0m
[0;32mI (215) cpu_start: Pro cpu start user code[0m
[0;32mI (215) cpu_start: cpu freq: 240000000 Hz[0m
[0;32mI (215) cpu_start: Application information:[0m
[0;32mI (220) cpu_start: Project name:     marcelino[0m
[0;32mI (225) cpu_start: App version:      729d225-dirty[0m
[0;32mI (230) cpu_start: Compile time:     Nov 11 2023 12:23:09[0m
[0;32mI (237) cpu_start: ELF file SHA256:  5dbdb5c0c51ccd64...[0m
[0;32mI (243) cpu_start: ESP-IDF:          v5.1.1-dirty[0m
[0;32mI (248) cpu_start: Min chip rev:     v0.0[0m
[0;32mI (253) cpu_start: Max chip rev:     v3.99 [0m
[0;32mI (257) cpu_start: Chip rev:         v1.0[0m
[0;32mI (262) heap_init: Initializing. RAM available for dynamic allocation:[0m
[0;32mI (269) heap_init: At 3FFAE6E0 len 00001920 (6 KiB): DRAM[0m
[0;32mI (275) heap_init: At 3FFB2C08 len 0002D3F8 (180 KiB): DRAM[0m
[0;32mI (282) heap_init: At 3FFE0440 len 00003AE0 (14 KiB): D/IRAM[0m
[0;32mI (288) heap_init: At 3FFE4350 len 0001BCB0 (111 KiB): D/IRAM[0m
[0;32mI (294) heap_init: At 4008C98C len 00013674 (77 KiB): IRAM[0m
[0;32mI (301) spi_flash: detected chip: generic[0m
[0;32mI (305) spi_flash: flash io: qio[0m
[0;32mI (309) Blink LED G: Task created[0m
[0;32mI (313) Print MSG: Task created[0m
[0;32mI (317) app_start: Starting scheduler on CPU0[0m
[0;32mI (322) app_start: Starting scheduler on CPU1[0m
[0;32mI (322) main_task: Started on CPU0[0m
[0;32mI (332) main_task: Calling app_main()[0m
Guru Meditation Error: Core  0 panic'ed (LoadProhibited). Exception was unhandled.

Core  0 register dump:
PC      : 0x40088edf  PS      : 0x00060730  A0      : 0x80088d18  A1      : 0x3ffb7c10  
A2      : 0x3ffae6f8  A3      : 0x00000000  A4      : 0x3ffb2acc  A5      : 0x00000000  
A6      : 0x00000000  A7      : 0xb33fffff  A8      : 0x00000168  A9      : 0x3ffae6f4  
A10     : 0x3ffae6f4  A11     : 0x3ffb7c30  A12     : 0x00000000  A13     : 0x00060723  
A14     : 0xb33fffff  A15     : 0xb33fffff  SAR     : 0x00000000  EXCCAUSE: 0x0000001c  
EXCVADDR: 0x0000016c  LBEG    : 0x4000c2e0  LEND    : 0x4000c2f6  LCOUNT  : 0x00000000  


Backtrace: 0x40088edc:0x3ffb7c10 0x40088d15:0x3ffb7c30 0x40088e37:0x3ffb7c70 0x400880d5:0x3ffb7ca0




ELF file SHA256: 5dbdb5c0c51ccd64

Rebooting...
ets Jun  8 2016 00:22:57

rst:0xc (SW_CPU_RESET),boot:0x13 (SPI_FAST_FLASH_BOOT)
configsip: 0, SPIWP:0xee
clk_drv:0x00,q_drv:0x00,d_drv:0x00,cs0_drv:0x00,hd_drv:0x00,wp_drv:0x00
mode:DIO, clock div:1
load:0x3fff0030,len:7432
load:0x40078000,len:16576
load:0x40080400,len:4
ho 8 tail 4 room 4
load:0x40080404,len:4284
entry 0x40080668
[0;32mI (30) boot: ESP-IDF v5.1.1-dirty 2nd stage bootloader[0m
[0;32mI (31) boot: compile time Nov 11 2023 12:23:34[0m
[0;32mI (31) boot: Multicore bootloader[0m
[0;32mI (36) boot: chip revision: v1.0[0m
[0;32mI (39) qio_mode: Enabling default flash chip QIO[0m
[0;32mI (45) boot.esp32: SPI Speed      : 80MHz[0m
[0;32mI (49) boot.esp32: SPI Mode       : QIO[0m
[0;32mI (54) boot.esp32: SPI Flash Size : 4MB[0m
[0;32mI (58) boot: Enabling RNG early entropy source...[0m
[0;32mI (64) boot: Partition Table:[0m
