ets ï¿½ï¿½ï¿½ï¿½ï¿½16 ï¿½ï¿½22:MSH
ï¿½.ï¿½ï¿½ï¿½ï¿½ (POWQï¿½ï¿½}ISET)ï¿½ï¿½ï¿½ï¿½ï¿½ï¿½ï¿½3 (*ï¿½}Mï¿½_FLAï¿½ï¿½%==Q%
coË¥ï¿½Í¥ï¿½: 0,ï¿½A%]Aï¿½0xeeï¿½ï¿½,kï¿½Eï¿½v:0xï¿½,q_d.ï¿½ï¿½ï¿½ï¿½0,d_drv'ï¿½ï¿½0,ï¿½.ï¿½ï¿½ï¿½ï¿½ï¿½0x00,ï¿½}ï¿½ï¿½ï¿½ï¿½0x00ï¿½}ï¿½ï¿½ï¿½:0x0ï¿½Cï¿½ï¿½ï¿½iDIO,ï¿½ï¿½ï¿½ï¿½ï¿½div:LC!ï¿½+ï¿½:0x3ï¿½ï¿½ï¿½ï¿½ï¿½blen:Ó’jï¿½ï¿½+ï¿½ï¿½0x4007ï¿½00,ï¿½YKï¿½ï¿½ï¿½ï¿½ï¿½
l+ï¿½ï¿½0xï¿½Â‚ï¿½ï¿½ï¿½,leKï¿½j
hï¿½ï¿½ï¿½ï¿½l 4 ï¿½ëµï¿½C!ï¿½+ï¿½:0x4ï¿½8040ï¿½ï¿½ï¿½ï¿½4284ï¿½ï¿½ï¿½ï¿½ï¿½0x40ï¿½ï¿½668Cï¿½[0;32mI (30) boot: ESP-IDF v5.1.1-dirty 2nd stage bootloader[0m
[0;32mI (30) boot: compile time Nov 11 2023 12:23:34[0m
[0;32mI (30) boot: Multicore bootloader[0m
[0;32mI (35) boot: chip revision: v1.0[0m
[0;32mI (39) qio_mode: Enabling default flash chip QIO[0m
[0;32mI (44) boot.esp32: SPI Speed      : 80MHz[0m
[0;32mI (49) boot.esp32: SPI Mode       : QIO[0m
[0;32mI (53) boot.esp32: SPI Flash Size : 4MB[0m
[0;32mI (58) boot: Enabling RNG early entropy source...[0m
[0;32mI (63) boot: Partition Table:[0m
[0;32mI (67) boot: ## Label            Usage          Type ST Offset   Length[0m
[0;32mI (74) boot:  0 nvs              WiFi data        01 02 00009000 00006000[0m
[0;32mI (81) boot:  1 phy_init         RF data          01 01 0000f000 00001000[0m
[0;32mI (89) boot:  2 factory          factory app      00 00 00010000 00100000[0m
[0;32mI (96) boot: End of partition table[0m
[0;32mI (101) esp_image: segment 0: paddr=00010020 vaddr=3f400020 size=0a014h ( 40980) map[0m
[0;32mI (120) esp_image: segment 1: paddr=0001a03c vaddr=3ffb0000 size=02158h (  8536) load[0m
[0;32mI (123) esp_image: segment 2: paddr=0001c19c vaddr=40080000 size=03e7ch ( 15996) load[0m
[0;32mI (134) esp_image: segment 3: paddr=00020020 vaddr=400d0020 size=180d8h ( 98520) map[0m
[0;32mI (164) esp_image: segment 4: paddr=00038100 vaddr=40083e7c size=08410h ( 33808) load[0m
[0;32mI (181) boot: Loaded app from partition at offset 0x10000[0m
[0;32mI (181) boot: Disabling RNG early entropy source...[0m
[0;32mI (193) cpu_start: Multicore app[0m
[0;32mI (193) cpu_start: Pro cpu up.[0m
[0;32mI (193) cpu_start: Starting app cpu, entry point is 0x400811e0[0m
[0;32mI (0) cpu_start: App cpu up.[0m
[0;32mI (211) cpu_start: Pro cpu start user code[0m
[0;32mI (211) cpu_start: cpu freq: 240000000 Hz[0m
[0;32mI (211) cpu_start: Application information:[0m
[0;32mI (216) cpu_start: Project name:     marcelino[0m
[0;32mI (221) cpu_start: App version:      729d225-dirty[0m
[0;32mI (226) cpu_start: Compile time:     Nov 11 2023 12:23:09[0m
[0;32mI (233) cpu_start: ELF file SHA256:  50dee9f0bad898bc...[0m
[0;32mI (239) cpu_start: ESP-IDF:          v5.1.1-dirty[0m
[0;32mI (244) cpu_start: Min chip rev:     v0.0[0m
[0;32mI (249) cpu_start: Max chip rev:     v3.99 [0m
[0;32mI (253) cpu_start: Chip rev:         v1.0[0m
[0;32mI (258) heap_init: Initializing. RAM available for dynamic allocation:[0m
[0;32mI (265) heap_init: At 3FFAE6E0 len 00001920 (6 KiB): DRAM[0m
[0;32mI (271) heap_init: At 3FFB2A28 len 0002D5D8 (181 KiB): DRAM[0m
[0;32mI (278) heap_init: At 3FFE0440 len 00003AE0 (14 KiB): D/IRAM[0m
[0;32mI (284) heap_init: At 3FFE4350 len 0001BCB0 (111 KiB): D/IRAM[0m
[0;32mI (290) heap_init: At 4008C28C len 00013D74 (79 KiB): IRAM[0m
[0;32mI (297) spi_flash: detected chip: generic[0m
[0;32mI (301) spi_flash: flash io: qio[0m
[0;32mI (305) Blink LED G: Task created[0m
[0;32mI (309) Print MSG: Task created[0m
[0;32mI (313) app_start: Starting scheduler on CPU0[0m
[0;32mI (318) app_start: Starting scheduler on CPU1[0m
[0;32mI (318) main_task: Started on CPU0[0m
[0;32mI (328) main_task: Calling app_main()[0m
Time: 0
Timeï¿½ï¿½ï¿½?+ï¿½Pï¿½4ï¿½;Cï¿½Wï¿½EBï¿½5kï¿½GAï¿½ï¿½ï¿½×ƒTime: 1
Timeï¿½ï¿½ï¿½?+ï¿½Pï¿½4ï¿½;Cï¿½Wï¿½EBï¿½5kï¿½GAï¿½ï¿½ï¿½×ƒTime: 2
Timeï¿½ï¿½ï¿½?+ï¿½Pï¿½4ï¿½;Cï¿½Wï¿½EBï¿½5kï¿½GAï¿½ï¿½ï¿½×ƒTime: 3
Timeï¿½ï¿½ï¿½?+ï¿½Pï¿½4ï¿½;Cï¿½Wï¿½EBï¿½5kï¿½GAï¿½ï¿½ï¿½×ƒTime: 4
Timeï¿½ï¿½ï¿½?+ï¿½Pï¿½4ï¿½;Cï¿½Wï¿½EBï¿½5kï¿½GAï¿½ï¿½ï¿½×ƒTime: 5
Timeï¿½ï¿½ï¿½?+ï¿½Pï¿½4ï¿½;Cï¿½Wï¿½EBï¿½5kï¿½GAï¿½ï¿½ï¿½×ƒTime: 6
Timeï¿½ï¿½ï¿½?+ï¿½Pï¿½4ï¿½;Cï¿½Wï¿½EBï¿½5kï¿½GAï¿½ï¿½ï¿½×ƒTime: 7
Timeï¿½ï¿½ï¿½?+ï¿½Pï¿½4ï¿½;Cï¿½Wï¿½EBï¿½5kï¿½GAï¿½ï¿½ï¿½×ƒTime: 8
Timeï¿½ï¿½ï¿½?+ï¿½Pï¿½4ï¿½;Cï¿½Wï¿½EBï¿½5kï¿½GAï¿½ï¿½ï¿½×ƒTime: 9
Timeï¿½ï¿½ï¿½?+ï¿½Pï¿½4ï¿½;Cï¿½Wï¿½EBï¿½5kï¿½GAï¿½ï¿½ï¿½×ƒTime: 10
Timeï¿½ï¿½ï¿½?+ï¿½Pï¿½4ï¿½;Cï¿½Wï¿½EBï¿½5kï¿½GAï¿½ï¿½ï¿½×ƒTime: 11
Timeï¿½ï¿½ï¿½?+ï¿½Pï¿½4ï¿½;Cï¿½Wï¿½EBï¿½5kï¿½GAï¿½ï¿½ï¿½×ƒTime: 12
Timeï¿½ï¿½ï¿½?+ï¿½Pï¿½4ï¿½;Cï¿½Wï¿½EBï¿½5kï¿½GAï¿½ï¿½ï¿½×ƒTime: 13
Timeï¿½ï¿½ï¿½?+ï¿½Pï¿½4ï¿½;Cï¿½Wï¿½EBï¿½5kï¿½GAï¿½ï¿½ï¿½×ƒTime: 14
Timeï¿½ï¿½ï¿½?+ï¿½Pï¿½4ï¿½;Cï¿½Wï¿½EBï¿½5kï¿½GAï¿½ï¿½ï¿½×ƒTime: 15
Timeï¿½ï¿½ï¿½?+ï¿½Pï¿½4ï¿½;Cï¿½Wï¿½EBï¿½5kï¿½GAï¿½ï¿½ï¿½×ƒTime: 16
Timeï¿½ï¿½ï¿½?+ï¿½Pï¿½4ï¿½;Cï¿½Wï¿½EBï¿½5kï¿½GAï¿½ï¿½ï¿½×ƒTime: 17
Timeï¿½ï¿½ï¿½?+ï¿½Pï¿½4ï¿½;Cï¿½Wï¿½EBï¿½5kï¿½GAï¿½ï¿½ï¿½×ƒTime: 18
Timeï¿½ï¿½ï¿½?+ï¿½Pï¿½4ï¿½;Cï¿½Wï¿½EBï¿½5kï¿½GAï¿½ï¿½ï¿½×ƒTime: 19
Timeï¿½ï¿½ï¿½?+ï¿½Pï¿½4ï¿½;Cï¿½Wï¿½EBï¿½5kï¿½GAï¿½ï¿½ï¿½×ƒTime: 20
Timeï¿½ï¿½ï¿½?+ï¿½Pï¿½4ï¿½;Cï¿½Wï¿½EBï¿½5kï¿½GAï¿½ï¿½ï¿½×ƒTime: 21
Timeï¿½ï¿½ï¿½?+ï¿½Pï¿½4ï¿½;Cï¿½Wï¿½EBï¿½5kï¿½GAï¿½ï¿½ï¿½×ƒTime: 22
Timeï¿½ï¿½ï¿½?+ï¿½Pï¿½4ï¿½;Cï¿½Wï¿½EBï¿½5kï¿½GAï¿½ï¿½ï¿½×ƒTime: 23
Timeï¿½ï¿½ï¿½?+ï¿½Pï¿½4ï¿½;Cï¿½Wï¿½EBï¿½5kï¿½GAï¿½ï¿½ï¿½×ƒTime: 24
Timeï¿½ï¿½ï¿½?+ï¿½Pï¿½4ï¿½;Cï¿½Wï¿½EBï¿½5kï¿½GAï¿½ï¿½ï¿½×ƒTime: 25
Timeï¿½ï¿½ï¿½?+ï¿½Pï¿½4ï¿½;Cï¿½Wï¿½EBï¿½5kï¿½GAï¿½ï¿½ï¿½×ƒTime: 26
Timeï¿½ï¿½ï¿½?+ï¿½Pï¿½4ï¿½;Cï¿½Wï¿½EBï¿½5kï¿½GAï¿½ï¿½ï¿½×ƒTime: 27
Timeï¿½ï¿½ï¿½?+ï¿½Pï¿½4ï¿½;Cï¿½Wï¿½EBï¿½5kï¿½GAï¿½ï¿½ï¿½×ƒTime: 28
Timeï¿½ï¿½ï¿½?+ï¿½Pï¿½4ï¿½;Cï¿½Wï¿½EBï¿½5kï¿½GAï¿½ï¿½ï¿½×ƒTime: 29
Timeï¿½ï¿½ï¿½?+ï¿½Pï¿½4ï¿½;Cï¿½Wï¿½EBï¿½5kï¿½GAï¿½ï¿½ï¿½×ƒTime: 30
Timeï¿½ï¿½ï¿½?+ï¿½Pï¿½4ï¿½;Cï¿½Wï¿½EBï¿½5kï¿½GAï¿½ï¿½ï¿½×ƒTime: 31
Timeï¿½ï¿½ï¿½?+ï¿½Pï¿½4ï¿½;Cï¿½Wï¿½EBï¿½5kï¿½GAï¿½ï¿½ï¿½×ƒTime: 32
Timeï¿½ï¿½ï¿½?+ï¿½Pï¿½4ï¿½;Cï¿½Wï¿½EBï¿½5kï¿½GAï¿½ï¿½ï¿½×ƒTime: 33
Timeï¿½ï¿½ï¿½?+ï¿½Pï¿½4ï¿½;Cï¿½Wï¿½EBï¿½5kï¿½GAï¿½ï¿½ï¿½×ƒTime: 34
Timeï¿½ï¿½ï¿½?+ï¿½Pï¿½4ï¿½;Cï¿½Wï¿½EBï¿½5kï¿½GAï¿½ï¿½ï¿½×ƒTime: 35
Timeï¿½ï¿½ï¿½?+ï¿½Pï¿½4ï¿½;Cï¿½Wï¿½EBï¿½5kï¿½GAï¿½ï¿½ï¿½×ƒTime: 36
Timeï¿½ï¿½ï¿½?+ï¿½Pï¿½4ï¿½;Cï¿½Wï¿½EBï¿½5kï¿½GAï¿½ï¿½ï¿½×ƒTime: 37
Timeï¿½ï¿½ï¿½?+ï¿½Pï¿½4ï¿½;Cï¿½Wï¿½EBï¿½5kï¿½GAï¿½ï¿½ï¿½×ƒTime: 38
Timeï¿½ï¿½ï¿½?+ï¿½Pï¿½4ï¿½;Cï¿½Wï¿½EBï¿½5kï¿½GAï¿½ï¿½ï¿½×ƒTime: 39
Timeï¿½ï¿½ï¿½?+ï¿½Pï¿½4ï¿½;Cï¿½Wï¿½EBï¿½5kï¿½GAï¿½ï¿½ï¿½×ƒTime: 40
Timeï¿½ï¿½ï¿½?+ï¿½Pï¿½4ï¿½;Cï¿½Wï¿½EBï¿½5kï¿½GAï¿½ï¿½ï¿½×ƒTime: 41
Timeï¿½ï¿½ï¿½?+ï¿½Pï¿½4ï¿½;Cï¿½Wï¿½EBï¿½5kï¿½GAï¿½ï¿½ï¿½×ƒTime: 42
Timeï¿½ï¿½ï¿½?+ï¿½Pï¿½4ï¿½;Cï¿½Wï¿½EBï¿½5kï¿½GAï¿½ï¿½ï¿½×ƒTime: 43
Timeï¿½ï¿½ï¿½?+ï¿½Pï¿½4ï¿½;Cï¿½Wï¿½EBï¿½5kï¿½GAï¿½ï¿½ï¿½×ƒTime: 44
Timeï¿½ï¿½ï¿½?+ï¿½Pï¿½4ï¿½;Cï¿½Wï¿½EBï¿½5kï¿½GAï¿½ï¿½ï¿½×ƒTime: 45
Timeï¿½ï¿½ï¿½?+ï¿½Pï¿½4ï¿½;Cï¿½Wï¿½EBï¿½5kï¿½GAï¿½ï¿½ï¿½×ƒTime: 46
Timeï¿½ï¿½ï¿½?+ï¿½Pï¿½4ï¿½;Cï¿½Wï¿½EBï¿½5kï¿½GAï¿½ï¿½ï¿½×ƒTime: 47
Timeï¿½ï¿½ï¿½?+ï¿½Pï¿½4ï¿½;Cï¿½Wï¿½EBï¿½5kï¿½GAï¿½ï¿½ï¿½×ƒTime: 48
Timeï¿½ï¿½ï¿½?+ï¿½Pï¿½4ï¿½;Cï¿½Wï¿½EBï¿½5kï¿½GAï¿½ï¿½ï¿½×ƒTime: 49
Timeï¿½ï¿½ï¿½?+ï¿½Pï¿½4ï¿½;Cï¿½Wï¿½EBï¿½5kï¿½GAï¿½ï¿½ï¿½×ƒTime: 50
Timeï¿½ï¿½ï¿½?+ï¿½Pï¿½4ï¿½;Cï¿½Wï¿½EBï¿½5kï¿½GAï¿½ï¿½ï¿½×ƒTime: 51
Timeï¿½ï¿½ï¿½?+ï¿½Pï¿½4ï¿½;Cï¿½Wï¿½EBï¿½5kï¿½GAï¿½ï¿½ï¿½×ƒTime: 52
Timeï¿½ï¿½ï¿½?+ï¿½Pï¿½4ï¿½;Cï¿½Wï¿½EBï¿½5kï¿½GAï¿½ï¿½ï¿½×ƒTime: 53
Timeï¿½ï¿½ï¿½?+ï¿½Pï¿½4ï¿½;Cï¿½Wï¿½EBï¿½5kï¿½GAï¿½ï¿½ï¿½×ƒTime: 54
Timeï¿½ï¿½ï¿½?+ï¿½Pï¿½4ï¿½;Cï¿½Wï¿½EBï¿½5kï¿½GAï¿½ï¿½ï¿½×ƒTime: 55
Timeï¿½ï¿½ï¿½?+ï¿½Pï¿½4ï¿½;Cï¿½Wï¿½EBï¿½5kï¿½GAï¿½ï¿½ï¿½×ƒTime: 56
Timeï¿½ï¿½ï¿½?+ï¿½Pï¿½4ï¿½;Cï¿½Wï¿½EBï¿½5kï¿½GAï¿½ï¿½ï¿½×ƒTime: 57
Timeï¿½ï¿½ï¿½?+ï¿½Pï¿½4ï¿½;Cï¿½Wï¿½EBï¿½5kï¿½GAï¿½ï¿½ï¿½×ƒTime: 58
Timeï¿½ï¿½ï¿½?+ï¿½Pï¿½4ï¿½;Cï¿½Wï¿½EBï¿½5kï¿½GAï¿½ï¿½ï¿½×ƒTime: 59
Timeï¿½ï¿½ï¿½?+ï¿½Pï¿½4ï¿½;Cï¿½Wï¿½EBï¿½5kï¿½GAï¿½ï¿½ï¿½×ƒTime: 60
Timeï¿½ï¿½ï¿½?+ï¿½Pï¿½4ï¿½;Cï¿½Wï¿½EBï¿½5kï¿½GAï¿½ï¿½ï¿½×ƒTime: 61
Timeï¿½ï¿½ï¿½?+ï¿½Pï¿½4ï¿½;Cï¿½Wï¿½EBï¿½5kï¿½GAï¿½ï¿½ï¿½×ƒTime: 62
Timeï¿½ï¿½ï¿½?+ï¿½Pï¿½4ï¿½;Cï¿½Wï¿½EBï¿½5kï¿½GAï¿½ï¿½ï¿½×ƒTime: 63
Timeï¿½ï¿½ï¿½?+ï¿½Pï¿½4ï¿½;Cï¿½Wï¿½EBï¿½5kï¿½GAï¿½ï¿½ï¿½×ƒTime: 64
Timeï¿½ï¿½ï¿½?+ï¿½Pï¿½4ï¿½;Cï¿½Wï¿½EBï¿½5kï¿½GAï¿½ï¿½ï¿½×ƒTime: 65
Timeï¿½ï¿½ï¿½?+ï¿½Pï¿½4ï¿½;Cï¿½Wï¿½EBï¿½5kï¿½GAï¿½ï¿½ï¿½×ƒTime: 66
Timeï¿½ï¿½ï¿½?+ï¿½Pï¿½4ï¿½;Cï¿½Wï¿½EBï¿½5kï¿½GAï¿½ï¿½ï¿½×ƒTime: 67
Timeï¿½ï¿½ï¿½?+ï¿½Pï¿½4ï¿½;Cï¿½Wï¿½EBï¿½5kï¿½GAï¿½ï¿½ï¿½×ƒTime: 68
Timeï¿½ï¿½ï¿½?+ï¿½Pï¿½4ï¿½;Cï¿½Wï¿½EBï¿½5kï¿½GAï¿½ï¿½ï¿½×ƒTime: 69
Timeï¿½ï¿½ï¿½?+ï¿½Pï¿½4ï¿½;Cï¿½Wï¿½EBï¿½5kï¿½GAï¿½ï¿½ï¿½×ƒTime: 70
Timeï¿½ï¿½ï¿½?+ï¿½Pï¿½4ï¿½;Cï¿½Wï¿½EBï¿½5kï¿½GAï¿½ï¿½ï¿½×ƒTime: 71
Timeï¿½ï¿½ï¿½?+ï¿½Pï¿½4ï¿½;Cï¿½Wï¿½EBï¿½5kï¿½GAï¿½ï¿½ï¿½×ƒTime: 72
Timeï¿½ï¿½ï¿½?+ï¿½Pï¿½4ï¿½;Cï¿½Wï¿½EBï¿½5kï¿½GAï¿½ï¿½ï¿½×ƒTime: 73
Timeï¿½ï¿½ï¿½?+ï¿½Pï¿½4ï¿½;Cï¿½Wï¿½EBï¿½5kï¿½GAï¿½ï¿½ï¿½×ƒTime: 74
Timeï¿½ï¿½ï¿½?+ï¿½Pï¿½4ï¿½;Cï¿½Wï¿½EBï¿½5kï¿½GAï¿½ï¿½ï¿½×ƒTime: 75
Timeï¿½ï¿½ï¿½?+ï¿½Pï¿½4ï¿½;Cï¿½Wï¿½EBï¿½5kï¿½GAï¿½ï¿½ï¿½×ƒTime: 76
Timeï¿½ï¿½ï¿½?+ï¿½Pï¿½4ï¿½;Cï¿½Wï¿½EBï¿½5kï¿½GAï¿½ï¿½ï¿½×ƒTime: 77
Timeï¿½ï¿½ï¿½?+ï¿½Pï¿½4ï¿½;Cï¿½Wï¿½EBï¿½5kï¿½GAï¿½ï¿½ï¿½×ƒTime: 78
