&'ï¿½A%ï¿½ets Juï¿½ï¿½ï¿½ï¿½ï¿½ 00ï¿½&&ï¿½ï¿½SHï¿½Hrst'ï¿½ï¿½ ï¿½ï¿½]I=9_RESEUï¿½Iï¿½ï¿½ï¿½ï¿½0x13BA%}ï¿½ST_F*M!}	==T)
ï¿½ï¿½Kï¿½ï¿½Í¥p: 0ï¿½ï¿½A%]Aï¿½0xeeï¿½,ï¿½}ï¿½ï¿½ï¿½:0x00)}ï¿½ï¿½ï¿½ï¿½0x00,dEï¿½ï¿½ï¿½0ï¿½ï¿½,cs0Eï¿½ï¿½ï¿½0ï¿½0,hdEï¿½ï¿½ï¿½0xï¿½,wp_ï¿½.ï¿½ï¿½ï¿½ï¿½0
modY'Tï¿½	ï¿½ï¿½ï¿½ï¿½ï¿½div:1C!ë…‘ï¿½0x3ffï¿½ï¿½ï¿½bbï¿½ï¿½ï¿½7ï¿½&ï¿½Hï¿½ï¿½+ï¿½ï¿½0x4ï¿½7800blen:LSÓ“j
load:ï¿½ï¿½008ï¿½ï¿½bbï¿½ï¿½:4
ï¿½ï¿½ï¿½ï¿½il 4 ï¿½ëµ4C!ë…‘ï¿½0x4008ï¿½04,lYKï¿½ï¿½Â¢j
entï¿½ï¿½0x4ï¿½8066j
[0;32mI (30) boot: ESP-IDF v5.1.1-dirty 2nd stage bootloader[0m
[0;32mI (30) boot: compile time Nov 11 2023 12:23:34[0m
[0;32mI (30) boot: Multicore bootloader[0m
[0;32mI (35) boot: chip revision: v1.0[0m
[0;32mI (39) qio_mode: Enabling default flash chip QIO[0m
[0;32mI (44) boot.esp32: SPI Speed      : 80MHz[0m
[0;32mI (49) boot.esp32: SPI Mode       : QIO[0m
[0;32mI (53) boot.esp32: SPI Flash Size : 4MB[0m
[0;32mI (58) boot: Enabling RNG early entropy source...[0m
[0;32mI (63) boot: Partition Table:[0m
[0;32mI (67) boot: ## Label            Usage          Type ST Offset   Length[0m
[0;32mI (74) boot:  0 nvs              WiFi data        01 02 00009000 00006000[0m
[0;32mI (81) boot:  1 phy_init         RF data          01 01 0000f000 00001000[0m
[0;32mI (89) boot:  2 factory          factory app      00 00 00010000 00100000[0m
[0;32mI (96) boot: End of partition table[0m
[0;32mI (101) esp_image: segment 0: paddr=00010020 vaddr=3f400020 size=09dach ( 40364) map[0m
[0;32mI (120) esp_image: segment 1: paddr=00019dd4 vaddr=3ffb0000 size=02158h (  8536) load[0m
[0;32mI (123) esp_image: segment 2: paddr=0001bf34 vaddr=40080000 size=040e4h ( 16612) load[0m
[0;32mI (134) esp_image: segment 3: paddr=00020020 vaddr=400d0020 size=14ad0h ( 84688) map[0m
[0;32mI (160) esp_image: segment 4: paddr=00034af8 vaddr=400840e4 size=081a8h ( 33192) load[0m
[0;32mI (177) boot: Loaded app from partition at offset 0x10000[0m
[0;32mI (177) boot: Disabling RNG early entropy source...[0m
[0;32mI (189) cpu_start: Multicore app[0m
[0;32mI (189) cpu_start: Pro cpu up.[0m
[0;32mI (189) cpu_start: Starting app cpu, entry point is 0x400811e0[0m
[0;32mI (0) cpu_start: App cpu up.[0m
[0;32mI (207) cpu_start: Pro cpu start user code[0m
[0;32mI (207) cpu_start: cpu freq: 240000000 Hz[0m
[0;32mI (207) cpu_start: Application information:[0m
[0;32mI (212) cpu_start: Project name:     marcelino[0m
[0;32mI (217) cpu_start: App version:      729d225-dirty[0m
[0;32mI (223) cpu_start: Compile time:     Nov 11 2023 12:23:09[0m
[0;32mI (229) cpu_start: ELF file SHA256:  a7c297329c530ced...[0m
[0;32mI (235) cpu_start: ESP-IDF:          v5.1.1-dirty[0m
[0;32mI (240) cpu_start: Min chip rev:     v0.0[0m
[0;32mI (245) cpu_start: Max chip rev:     v3.99 [0m
[0;32mI (250) cpu_start: Chip rev:         v1.0[0m
[0;32mI (254) heap_init: Initializing. RAM available for dynamic allocation:[0m
[0;32mI (261) heap_init: At 3FFAE6E0 len 00001920 (6 KiB): DRAM[0m
[0;32mI (268) heap_init: At 3FFB2A28 len 0002D5D8 (181 KiB): DRAM[0m
[0;32mI (274) heap_init: At 3FFE0440 len 00003AE0 (14 KiB): D/IRAM[0m
[0;32mI (280) heap_init: At 3FFE4350 len 0001BCB0 (111 KiB): D/IRAM[0m
[0;32mI (287) heap_init: At 4008C28C len 00013D74 (79 KiB): IRAM[0m
[0;32mI (293) spi_flash: detected chip: generic[0m
[0;32mI (297) spi_flash: flash io: qio[0m
[0;32mI (301) Blink LED G: Task created[0m
[0;32mI (305) Print MSG: Task created[0m
[0;32mI (309) app_start: Starting scheduler on CPU0[0m

assert failed: xQueueReceive queue.c:1479 (!( ( ( pvBuffer ) == ((void *)0) ) && ( ( pxQueue )->uxItemSize != ( UBaseType_t ) 0U ) ))


Backtrace: 0x40081812:0x3ffb3b90 0x40085891:0x3ffb3bb0 0x4008af11:0x3ffb3bd0 0x40085fd9:0x3ffb3cf0 0x400d5708:0x3ffb3d30 0x40087ebd:0x3ffb3d50




ELF file SHA256: a7c297329c530ced

Rebooting...
ets Jun  8 2016 00:22:57

rst:0xc (SW_CPU_RESET),boot:0x13 (SPI_FAST_FLASH_BOOT)
configsip: 0, SPIWP:0xee
clk_drv:0x00,q_drv:0x00,d_drv:0x00,cs0_drv:0x00,hd_drv:0x00,wp_drv:0x00
mode:DIO, clock div:1
load:0x3fff0030,len:7432
load:0x40078000,len:16576
load:0x40080400,len:4
ho 8 tail 4 room 4
load:0x40080404,len:4284
entry 0x40080668
[0;32mI (30) boot: ESP-IDF v5.1.1-dirty 2nd stage bootloader[0m
[0;32mI (31) boot: compile time Nov 11 2023 12:23:34[0m
[0;32mI (31) boot: Multicore bootloader[0m
[0;32mI (36) boot: chip revision: v1.0[0m
[0;32mI (39) qio_mode: Enabling default flash chip QIO[0m
[0;32mI (45) boot.esp32: SPI Speed      : 80MHz[0m
[0;32mI (49) boot.esp32: SPI Mode       : QIO[0m
[0;32mI (54) boot.esp32: SPI Flash Size : 4MB[0m
[0;32mI (58) boot: Enabling RNG early entropy source...[0m
[0;32mI (64) boot: Partition Table:[0m
[0;32mI (67) boot: ## Label            Usage          Type ST Offset   Length[0m
[0;32mI (75) boot:  0 nvs              WiFi data        01 02 00009000 00006000[0m
[0;32mI (82) boot:  1 phy_init         RF data          01 01 0000f000 00001000[0m
[0;32mI (90) boot:  2 factory          factory app      00 00 00010000 00100000[0m
[0;32mI (97) boot: End of partition table[0m
[0;32mI (101) esp_image: segment 0: paddr=00010020 vaddr=3f400020 size=09dach ( 40364) map[0m
[0;32mI (121) esp_image: segment 1: paddr=00019dd4 vaddr=3ffb0000 size=02158h (  8536) load[0m
[0;32mI (124) esp_image: segment 2: paddr=0001bf34 vaddr=40080000 size=040e4h ( 16612) load[0m
[0;32mI (134) esp_image: segment 3: paddr=00020020 vaddr=400d0020 size=14ad0h ( 84688) map[0m
[0;32mI (161) esp_image: segment 4: paddr=00034af8 vaddr=400840e4 size=081a8h ( 33192) load[0m
[0;32mI (178) boot: Loaded app from partition at offset 0x10000[0m
[0;32mI (178) boot: Disabling RNG early entropy source...[0m
[0;32mI (190) cpu_start: Multicore app[0m
[0;32mI (190) cpu_start: Pro cpu up.[0m
[0;32mI (190) cpu_start: Starting app cpu, entry point is 0x400811e0[0m
[0;32mI (177) cpu_start: App cpu up.[0m
[0;32mI (208) cpu_start: Pro cpu start user code[0m
[0;32mI (208) cpu_start: cpu freq: 240000000 Hz[0m
[0;32mI (208) cpu_start: Application information:[0m
[0;32mI (213) cpu_start: Project name:     marcelino[0m
[0;32mI (218) cpu_start: App version:      729d225-dirty[0m
[0;32mI (223) cpu_start: Compile time:     Nov 11 2023 12:23:09[0m
[0;32mI (230) cpu_start: ELF file SHA256:  a7c297329c530ced...[0m
[0;32mI (236) cpu_start: ESP-IDF:          v5.1.1-dirty[0m
[0;32mI (241) cpu_start: Min chip rev:     v0.0[0m
[0;32mI (246) cpu_start: Max chip rev:     v3.99 [0m
[0;32mI (250) cpu_start: Chip rev:         v1.0[0m
[0;32mI (255) heap_init: Initializing. RAM available for dynamic allocation:[0m
[0;32mI (262) heap_init: At 3FFAE6E0 len 00001920 (6 KiB): DRAM[0m
[0;32mI (268) heap_init: At 3FFB2A28 len 0002D5D8 (181 KiB): DRAM[0m
[0;32mI (275) heap_init: At 3FFE0440 len 00003AE0 (14 KiB): D/IRAM[0m
[0;32mI (281) heap_init: At 3FFE4350 len 0001BCB0 (111 KiB): D/IRAM[0m
[0;32mI (287) heap_init: At 4008C28C len 00013D74 (79 KiB): IRAM[0m
[0;32mI (294) spi_flash: detected chip: generic[0m
[0;32mI (298) spi_flash: flash io: qio[0m
[0;32mI (302) Blink LED G: Task created[0m
[0;32mI (306) Print MSG: Task created[0m
[0;32mI (310) app_start: Starting scheduler on CPU0[0m

assert failed: xQueueReceive queue.c:1479 (!( ( ( pvBuffer ) == ((void *)0) ) && ( ( pxQueue )->uxItemSize != ( UBaseType_t ) 0U ) ))


Backtrace: 0x40081812:0x3ffb3b90 0x40085891:0x3ffb3bb0 0x4008af11:0x3ffb3bd0 0x40085fd9:0x3ffb3cf0 0x400d5708:0x3ffb3d30 0x40087ebd:0x3ffb3d50




ELF file SHA256: a7c297329c530ced

Rebooting...
ets Jun  8 2016 00:22:57

rst:0xc (SW_CPU_RESET),boot:0x13 (SPI_FAST_FLASH_BOOT)
configsip: 0, SPIWP:0xee
clk_drv:0x00,q_drv:0x00,d_drv:0x00,cs0_drv:0x00,hd_drv:0x00,wp_drv:0x00
mode:DIO, clock div:1
load:0x3fff0030,len:7432
load:0x40078000,len:16576
load:0x40080400,len:4
ho 8 tail 4 room 4
load:0x40080404,len:4284
entry 0x40080668
[0;32mI (30) boot: ESP-IDF v5.1.1-dirty 2nd stage bootloader[0m
[0;32mI (31) boot: compile time Nov 11 2023 12:23:34[0m
[0;32mI (31) boot: Multicore bootloader[0m
[0;32mI (36) boot: chip revision: v1.0[0m
[0;32mI (39) qio_mode: Enabling default flash chip QIO[0m
[0;32mI (45) boot.esp32: SPI Speed      : 80MHz[0m
[0;32mI (49) boot.esp32: SPI Mode       : QIO[0m
[0;32mI (54) boot.esp32: SPI Flash Size : 4MB[0m
[0;32mI (58) boot: Enabling RNG early entropy source...[0m
[0;32mI (64) boot: Partition Table:[0m
[0;32mI (67) boot: ## Label            Usage          Type ST Offset   Length[0m
[0;32mI (75) boot:  0 nvs              WiFi data        01 02 00009000 00006000[0m
[0;32mI (82) boot:  1 phy_init         RF data          01 01 0000f000 00001000[0m
[0;32mI (90) boot:  2 factory          factory app      00 00 00010000 00100000[0m
[0;32mI (97) boot: End of partition table[0m
[0;32mI (101) esp_image: segment 0: paddr=00010020 vaddr=3f400020 size=09dach ( 40364) map[0m
[0;32mI (121) esp_image: segment 1: paddr=00019dd4 vaddr=3ffb0000 size=02158h (  8536) load[0m
[0;32mI (124) esp_image: segment 2: paddr=0001bf34 vaddr=40080000 size=040e4h ( 16612) load[0m
[0;32mI (134) esp_image: segment 3: paddr=00020020 vaddr=400d0020 size=14ad0h ( 84688) map[0m
[0;32mI (161) esp_image: segment 4: paddr=00034af8 vaddr=400840e4 size=081a8h ( 33192) load[0m
[0;32mI (178) boot: Loaded app from partition at offset 0x10000[0m
[0;32mI (178) boot: Disabling RNG early entropy source...[0m
[0;32mI (190) cpu_start: Multicore app[0m
[0;32mI (190) cpu_start: Pro cpu up.[0m
[0;32mI (190) cpu_start: Starting app cpu, entry point is 0x400811e0[0m
[0;32mI (177) cpu_start: App cpu up.[0m
[0;32mI (208) cpu_start: Pro cpu start user code[0m
[0;32mI (208) cpu_start: cpu freq: 240000000 Hz[0m
[0;32mI (208) cpu_start: Application information:[0m
[0;32mI (213) cpu_start: Project name:     marcelino[0m
[0;32mI (218) cpu_start: App version:      729d225-dirty[0m
[0;32mI (223) cpu_start: Compile time:     Nov 11 2023 12:23:09[0m
[0;32mI (230) cpu_start: ELF file SHA256:  a7c297329c530ced...[0m
[0;32mI (236) cpu_start: ESP-IDF:          v5.1.1-dirty[0m
[0;32mI (241) cpu_start: Min chip rev:     v0.0[0m
[0;32mI (246) cpu_start: Max chip rev:     v3.99 [0m
[0;32mI (250) cpu_start: Chip rev:         v1.0[0m
[0;32mI (255) heap_init: Initializing. RAM available for dynamic allocation:[0m
[0;32mI (262) heap_init: At 3FFAE6E0 len 00001920 (6 KiB): DRAM[0m
[0;32mI (268) heap_init: At 3FFB2A28 len 0002D5D8 (181 KiB): DRAM[0m
[0;32mI (275) heap_init: At 3FFE0440 len 00003AE0 (14 KiB): D/IRAM[0m
[0;32mI (281) heap_init: At 3FFE4350 len 0001BCB0 (111 KiB): D/IRAM[0m
[0;32mI (287) heap_init: At 4008C28C len 00013D74 (79 KiB): IRAM[0m
[0;32mI (294) spi_flash: detected chip: generic[0m
[0;32mI (298) spi_flash: flash io: qio[0m
[0;32mI (302) Blink LED G: Task created[0m
[0;32mI (306) Print MSG: Task created[0m
[0;32mI (310) app_start: Starting scheduler on CPU0[0m

assert failed: xQueueReceive queue.c:1479 (!( ( ( pvBuffer ) == ((void *)0) ) && ( ( pxQueue )->uxItemSize != ( UBaseType_t ) 0U ) ))


Backtrace: 0x40081812:0x3ffb3b90 0x40085891:0x3ffb3bb0 0x4008af11:0x3ffb3bd0 0x40085fd9:0x3ffb3cf0 0x400d5708:0x3ffb3d30 0x40087ebd:0x3ffb3d50




ELF file SHA256: a7c297329c530ced

Rebooting...
ets Jun  8 2016 00:22:57

rst:0xc (SW_CPU_RESET),boot:0x13 (SPI_FAST_FLASH_BOOT)
configsip: 0, SPIWP:0xee
clk_drv:0x00,q_drv:0x00,d_drv:0x00,cs0_drv:0x00,hd_drv:0x00,wp_drv:0x00
mode:DIO, clock div:1
load:0x3fff0030,len:7432
load:0x40078000,len:16576
load:0x40080400,len:4
ho 8 tail 4 room 4
load:0x40080404,len:4284
entry 0x40080668
[0;32mI (30) boot: ESP-IDF v5.1.1-dirty 2nd stage bootloader[0m
[0;32mI (31) boot: compile time Nov 11 2023 12:23:34[0m
[0;32mI (31) boot: Multicore bootloader[0m
[0;32mI (36) boot: chip revision: v1.0[0m
[0;32mI (39) qio_mode: Enabling default flash chip QIO[0m
[0;32mI (45) boot.esp32: SPI Speed      : 80MHz[0m
[0;32mI (49) boot.esp32: SPI Mode       : QIO[0m
[0;32mI (54) boot.esp32: SPI Flash Size : 4MB[0m
[0;32mI (58) boot: Enabling RNG early entropy source...[0m
[0;32mI (64) boot: Partition Table:[0m
[0;32mI (67) boot: ## Label            Usage          Type ST Offset   Length[0m
[0;32mI (75) boot:  0 nvs              WiFi data        01 02 00009000 00006000[0m
[0;32mI (82) boot:  1 phy_init         RF data          01 01 0000f000 00001000[0m
[0;32mI (90) boot:  2 factory          factory app      00 00 00010000 00100000[0m
[0;32mI (97) boot: End of partition table[0m
[0;32mI (101) esp_image: segment 0: paddr=00010020 vaddr=3f400020 size=09dach ( 40364) map[0m
[0;32mI (121) esp_image: segment 1: paddr=00019dd4 vaddr=3ffb0000 size=02158h (  8536) load[0m
[0;32mI (124) esp_image: segment 2: paddr=0001bf34 vaddr=40080000 size=040e4h ( 16612) load[0m
[0;32mI (134) esp_image: segment 3: paddr=00020020 vaddr=400d0020 size=14ad0h ( 84688) map[0m
[0;32mI (161) esp_image: segment 4: paddr=00034af8 vaddr=400840e4 size=081a8h ( 33192) load[0m
[0;32mI (178) boot: Loaded app from partition at offset 0x10000[0m
[0;32mI (178) boot: Disabling RNG early entropy source...[0m
[0;32mI (190) cpu_start: Multicore app[0m
[0;32mI (190) cpu_start: Pro cpu up.[0m
[0;32mI (190) cpu_start: Starting app cpu, entry point is 0x400811e0[0m
[0;32mI (177) cpu_start: App cpu up.[0m
[0;32mI (208) cpu_start: Pro cpu start user code[0m
[0;32mI (208) cpu_start: cpu freq: 240000000 Hz[0m
[0;32mI (208) cpu_start: Application information:[0m
[0;32mI (213) cpu_start: Project name:     marcelino[0m
[0;32mI (218) cpu_start: App version:      729d225-dirty[0m
[0;32mI (223) cpu_start: Compile time:     Nov 11 2023 12:23:09[0m
[0;32mI (230) cpu_start: ELF file SHA256:  a7c297329c530ced...[0m
[0;32mI (236) cpu_start: ESP-IDF:          v5.1.1-dirty[0m
[0;32mI (241) cpu_start: Min chip rev:     v0.0[0m
[0;32mI (246) cpu_start: Max chip rev:     v3.99 [0m
[0;32mI (250) cpu_start: Chip rev:         v1.0[0m
[0;32mI (255) heap_init: Initializing. RAM available for dynamic allocation:[0m
[0;32mI (262) heap_init: At 3FFAE6E0 len 00001920 (6 KiB): DRAM[0m
[0;32mI (268) heap_init: At 3FFB2A28 len 0002D5D8 (181 KiB): DRAM[0m
[0;32mI (275) heap_init: At 3FFE0440 len 00003AE0 (14 KiB): D/IRAM[0m
[0;32mI (281) heap_init: At 3FFE4350 len 0001BCB0 (111 KiB): D/IRAM[0m
[0;32mI (287) heap_init: At 4008C28C len 00013D74 (79 KiB): IRAM[0m
[0;32mI (294) spi_flash: detected chip: generic[0m
[0;32mI (298) spi_flash: flash io: qio[0m
[0;32mI (302) Blink LED G: Task created[0m
[0;32mI (306) Print MSG: Task created[0m
[0;32mI (310) app_start: Starting scheduler on CPU0[0m

assert failed: xQueueReceive queue.c:1479 (!( ( ( pvBuffer ) == ((void *)0) ) && ( ( pxQueue )->uxItemSize != ( UBaseType_t ) 0U ) ))


Backtrace: 0x40081812:0x3ffb3b90 0x40085891:0x3ffb3bb0 0x4008af11:0x3ffb3bd0 0x40085fd9:0x3ffb3cf0 0x400d5708:0x3ffb3d30 0x40087ebd:0x3ffb3d50




ELF file SHA256: a7c297329c530ced

Rebooting...
ets Jun  8 2016 00:22:57

rst:0xc (SW_CPU_RESET),boot:0x13 (SPI_FAST_FLASH_BOOT)
configsip: 0, SPIWP:0xee
clk_drv:0x00,q_drv:0x00,d_drv:0x00,cs0_drv:0x00,hd_drv:0x00,wp_drv:0x00
mode:DIO, clock div:1
load:0x3fff0030,len:7432
load:0x40078000,len:16576
load:0x40080400,len:4
ho 8 tail 4 room 4
load:0x40080404,len:4284
entry 0x40080668
[0;32mI (30) boot: ESP-IDF v5.1.1-dirty 2nd stage bootloader[0m
[0;32mI (31) boot: compile time Nov 11 2023 12:23:34[0m
[0;32mI (31) boot: Multicore bootloader[0m
[0;32mI (36) boot: chip revision: v1.0[0m
[0;32mI (39) qio_mode: Enabling default flash chip QIO[0m
[0;32mI (45) boot.esp32: SPI Speed      : 80MHz[0m
[0;32mI (49) boot.esp32: SPI Mode       : QIO[0m
[0;32mI (54) boot.esp32: SPI Flash Size : 4MB[0m
[0;32mI (58) boot: Enabling RNG early entropy source...[0m
[0;32mI (64) boot: Partition Table:[0m
[0;32mI (67) boot: ## Label            Usage          Type ST Offset   Length[0m
[0;32mI (75) boot:  0 nvs              WiFi data        01 02 00009000 00006000[0m
[0;32mI (82) boot:  1 phy_init         RF data          01 01 0000f000 00001000[0m
[0;32mI (90) boot:  2 factory          factory app      00 00 00010000 00100000[0m
[0;32mI (97) boot: End of partition table[0m
[0;32mI (101) esp_image: segment 0: paddr=00010020 vaddr=3f400020 size=09dach ( 40364) map[0m
[0;32mI (121) esp_image: segment 1: paddr=00019dd4 vaddr=3ffb0000 size=02158h (  8536) load[0m
[0;32mI (124) esp_image: segment 2: paddr=0001bf34 vaddr=40080000 size=040e4h ( 16612) load[0m
[0;32mI (134) esp_image: segment 3: paddr=00020020 vaddr=400d0020 size=14ad0h ( 84688) map[0m
[0;32mI (161) esp_image: segment 4: paddr=00034af8 vaddr=400840e4 size=081a8h ( 33192) load[0m
[0;32mI (178) boot: Loaded app from partition at offset 0x10000[0m
[0;32mI (178) boot: Disabling RNG early entropy source...[0m
[0;32mI (190) cpu_start: Multicore app[0m
[0;32mI (190) cpu_start: Pro cpu up.[0m
[0;32mI (190) cpu_start: Starting app cpu, entry point is 0x400811e0[0m
[0;32mI (177) cpu_start: App cpu up.[0m
[0;32mI (208) cpu_start: Pro cpu start user code[0m
[0;32mI (208) cpu_start: cpu freq: 240000000 Hz[0m
[0;32mI (208) cpu_start: Application information:[0m
[0;32mI (213) cpu_start: Project name:     marcelino[0m
[0;32mI (218) cpu_start: App version:      729d225-dirty[0m
[0;32mI (223) cpu_start: Compile time:     Nov 11 2023 12:23:09[0m
[0;32mI (230) cpu_start: ELF file SHA256:  a7c297329c530ced...[0m
[0;32mI (236) cpu_start: ESP-IDF:          v5.1.1-dirty[0m
[0;32mI (241) cpu_start: Min chip rev:     v0.0[0m
[0;32mI (246) cpu_start: Max chip rev:     v3.99 [0m
[0;32mI (250) cpu_start: Chip rev:         v1.0[0m
[0;32mI (255) heap_init: Initializing. RAM available for dynamic allocation:[0m
[0;32mI (262) heap_init: At 3FFAE6E0 len 00001920 (6 KiB): DRAM[0m
[0;32mI (268) heap_init: At 3FFB2A28 len 0002D5D8 (181 KiB): DRAM[0m
[0;32mI (275) heap_init: At 3FFE0440 len 00003AE0 (14 KiB): D/IRAM[0m
[0;32mI (281) heap_init: At 3FFE4350 len 0001BCB0 (111 KiB): D/IRAM[0m
[0;32mI (287) heap_init: At 4008C28C len 00013D74 (79 KiB): IRAM[0m
[0;32mI (294) spi_flash: detected chip: generic[0m
[0;32mI (298) spi_flash: flash io: qio[0m
[0;32mI (302) Blink LED G: Task created[0m
[0;32mI (306) Print MSG: Task created[0m
[0;32mI (310) app_start: Starting scheduler on CPU0[0m

assert failed: xQueueReceive queue.c:1479 (!( ( ( pvBuffer ) == ((void *)0) ) && ( ( pxQueue )->uxItemSize != ( UBaseType_t ) 0U ) ))


Backtrace: 0x40081812:0x3ffb3b90 0x40085891:0x3ffb3bb0 0x4008af11:0x3ffb3bd0 0x40085fd9:0x3ffb3cf0 0x400d5708:0x3ffb3d30 0x40087ebd:0x3ffb3d50




ELF file SHA256: a7c297329c530ced

Rebooting...
ets Jun  8 2016 00:22:57

rst:0xc (SW_CPU_RESET),boot:0x13 (SPI_FAST_FLASH_BOOT)
configsip: 0, SPIWP:0xee
clk_drv:0x00,q_drv:0x00,d_drv:0x00,cs0_drv:0x00,hd_drv:0x00,wp_drv:0x00
mode:DIO, clock div:1
load:0x3fff0030,len:7432
load:0x40078000,len:16576
load:0x40080400,len:4
ho 8 tail 4 room 4
load:0x40080404,len:4284
entry 0x40080668
[0;32mI (30) boot: ESP-IDF v5.1.1-dirty 2nd stage bootloader[0m
[0;32mI (31) boot: compile time Nov 11 2023 12:23:34[0m
[0;32mI (31) boot: Multicore bootloader[0m
[0;32mI (36) boot: chip revision: v1.0[0m
[0;32mI (39) qio_mode: Enabling default flash chip QIO[0m
[0;32mI (45) boot.esp32: SPI Speed      : 80MHz[0m
[0;32mI (49) boot.esp32: SPI Mode       : QIO[0m
[0;32mI (54) boot.esp32: SPI Flash Size : 4MB[0m
[0;32mI (58) boot: Enabling RNG early entropy source...[0m
[0;32mI (64) boot: Partition Table:[0m
[0;32mI (67) boot: ## Label            Usage          Type ST Offset   Length[0m
[0;32mI (75) boot:  0 nvs              WiFi data        01 02 00009000 00006000[0m
[0;32mI (82) boot:  1 phy_init         RF data          01 01 0000f000 00001000[0m
[0;32mI (90) boot:  2 factory          factory app      00 00 00010000 00100000[0m
[0;32mI (97) boot: End of partition table[0m
[0;32mI (101) esp_image: segment 0: paddr=00010020 vaddr=3f400020 size=09dach ( 40364) map[0m
[0;32mI (121) esp_image: segment 1: paddr=00019dd4 vaddr=3ffb0000 size=02158h (  8536) load[0m
[0;32mI (124) esp_image: segment 2: paddr=0001bf34 vaddr=40080000 size=040e4h ( 16612) load[0m
[0;32mI (134) esp_image: segment 3: paddr=00020020 vaddr=400d0020 size=14ad0h ( 84688) map[0m
[0;32mI (161) esp_image: segment 4: paddr=00034af8 vaddr=400840e4 size=081a8h ( 33192) load[0m
[0;32mI (178) boot: Loaded app from partition at offset 0x10000[0m
[0;32mI (178) boot: Disabling RNG early entropy source...[0m
[0;32mI (190) cpu_start: Multicore app[0m
[0;32mI (190) cpu_start: Pro cpu up.[0m
[0;32mI (190) cpu_start: Starting app cpu, entry point is 0x400811e0[0m
[0;32mI (177) cpu_start: App cpu up.[0m
[0;32mI (208) cpu_start: Pro cpu start user code[0m
[0;32mI (208) cpu_start: cpu freq: 240000000 Hz[0m
[0;32mI (208) cpu_start: Application information:[0m
[0;32mI (213) cpu_start: Project name:     marcelino[0m
[0;32mI (218) cpu_start: App version:      729d225-dirty[0m
[0;32mI (223) cpu_start: Compile time:     Nov 11 2023 12:23:09[0m
[0;32mI (230) cpu_start: ELF file SHA256:  a7c297329c530ced...[0m
[0;32mI (236) cpu_start: ESP-IDF:          v5.1.1-dirty[0m
[0;32mI (241) cpu_start: Min chip rev:     v0.0[0m
[0;32mI (246) cpu_start: Max chip rev:     v3.99 [0m
[0;32mI (250) cpu_start: Chip rev:         v1.0[0m
[0;32mI (255) heap_init: Initializing. RAM available for dynamic allocation:[0m
[0;32mI (262) heap_init: At 3FFAE6E0 len 00001920 (6 KiB): DRAM[0m
[0;32mI (268) heap_init: At 3FFB2A28 len 0002D5D8 (181 KiB): DRAM[0m
[0;32mI (275) heap_init: At 3FFE0440 len 00003AE0 (14 KiB): D/IRAM[0m
[0;32mI (281) heap_init: At 3FFE4350 len 0001BCB0 (111 KiB): D/IRAM[0m
[0;32mI (287) heap_init: At 4008C28C len 00013D74 (79 KiB): IRAM[0m
[0;32mI (294) spi_flash: detected chip: generic[0m
[0;32mI (298) spi_flash: flash io: qio[0m
[0;32mI (302) Blink LED G: Task created[0m
[0;32mI (306) Print MSG: Task created[0m
[0;32mI (310) app_start: Starting scheduler on CPU0[0m

assert failed: xQueueReceive queue.c:1479 (!( ( ( pvBuffer ) == ((void *)0) ) && ( ( pxQueue )->uxItemSize != ( UBaseType_t ) 0U ) ))


Backtrace: 0x40081812:0x3ffb3b90 0x40085891:0x3ffb3bb0 0x4008af11:0x3ffb3bd0 0x40085fd9:0x3ffb3cf0 0x400d5708:0x3ffb3d30 0x40087ebd:0x3ffb3d50




ELF file SHA256: a7c297329c530ced

Rebooting...
ets Jun  8 2016 00:22:57

rst:0xc (SW_CPU_RESET),boot:0x13 (SPI_FAST_FLASH_BOOT)
configsip: 0, SPIWP:0xee
clk_drv:0x00,q_drv:0x00,d_drv:0x00,cs0_drv:0x00,hd_drv:0x00,wp_drv:0x00
mode:DIO, clock div:1
load:0x3fff0030,len:7432
load:0x40078000,len:16576
load:0x40080400,len:4
ho 8 tail 4 room 4
load:0x40080404,len:4284
entry 0x40080668
[0;32mI (30) boot: ESP-IDF v5.1.1-dirty 2nd stage bootloader[0m
[0;32mI (31) boot: compile time Nov 11 2023 12:23:34[0m
[0;32mI (31) boot: Multicore bootloader[0m
[0;32mI (36) boot: chip revision: v1.0[0m
[0;32mI (39) qio_mode: Enabling default flash chip QIO[0m
[0;32mI (45) boot.esp32: SPI Speed      : 80MHz[0m
[0;32mI (49) boot.esp32: SPI Mode       : QIO[0m
[0;32mI (54) boot.esp32: SPI Flash Size : 4MB[0m
[0;32mI (58) boot: Enabling RNG early entropy source...[0m
[0;32mI (64) boot: Partition Table:[0m
[0;32mI (67) boot: ## Label            Usage          Type ST Offset   Length[0m
[0;32mI (75) boot:  0 nvs              WiFi data        01 02 00009000 00006000[0m
[0;32mI (82) boot:  1 phy_init         RF data          01 01 0000f000 00001000[0m
[0;32mI (90) boot:  2 factory          factory app      00 00 00010000 00100000[0m
[0;32mI (97) boot: End of partition table[0m
[0;32mI (101) esp_image: segment 0: paddr=00010020 vaddr=3f400020 size=09dach ( 40364) map[0m
[0;32mI (121) esp_image: segment 1: paddr=00019dd4 vaddr=3ffb0000 size=02158h (  8536) load[0m
[0;32mI (124) esp_image: segment 2: paddr=0001bf34 vaddr=40080000 size=040e4h ( 16612) load[0m
[0;32mI (134) esp_image: segment 3: paddr=00020020 vaddr=400d0020 size=14ad0h ( 84688) map[0m
[0;32mI (161) esp_image: segment 4: paddr=00034af8 vaddr=400840e4 size=081a8h ( 33192) load[0m
[0;32mI (178) boot: Loaded app from partition at offset 0x10000[0m
[0;32mI (178) boot: Disabling RNG early entropy source...[0m
[0;32mI (190) cpu_start: Multicore app[0m
[0;32mI (190) cpu_start: Pro cpu up.[0m
[0;32mI (190) cpu_start: Starting app cpu, entry point is 0x400811e0[0m
[0;32mI (177) cpu_start: App cpu up.[0m
[0;32mI (208) cpu_start: Pro cpu start user code[0m
[0;32mI (208) cpu_start: cpu freq: 240000000 Hz[0m
[0;32mI (208) cpu_start: Application information:[0m
[0;32mI (213) cpu_start: Project name:     marcelino[0m
[0;32mI (218) cpu_start: App version:      729d225-dirty[0m
[0;32mI (223) cpu_start: Compile time:     Nov 11 2023 12:23:09[0m
[0;32mI (230) cpu_start: ELF file SHA256:  a7c297329c530ced...[0m
[0;32mI (236) cpu_start: ESP-IDF:          v5.1.1-dirty[0m
[0;32mI (241) cpu_start: Min chip rev:     v0.0[0m
[0;32mI (246) cpu_start: Max chip rev:     v3.99 [0m
[0;32mI (250) cpu_start: Chip rev:         v1.0[0m
[0;32mI (255) heap_init: Initializing. RAM available for dynamic allocation:[0m
[0;32mI (262) heap_init: At 3FFAE6E0 len 00001920 (6 KiB): DRAM[0m
[0;32mI (268) heap_init: At 3FFB2A28 len 0002D5D8 (181 KiB): DRAM[0m
[0;32mI (275) heap_init: At 3FFE0440 len 00003AE0 (14 KiB): D/IRAM[0m
[0;32mI (281) heap_init: At 3FFE4350 len 0001BCB0 (111 KiB): D/IRAM[0m
[0;32mI (287) heap_init: At 4008C28C len 00013D74 (79 KiB): IRAM[0m
[0;32mI (294) spi_flash: detected chip: generic[0m
[0;32mI (298) spi_flash: flash io: qio[0m
[0;32mI (302) Blink LED G: Task created[0m
[0;32mI (306) Print MSG: Task created[0m
[0;32mI (310) app_start: Starting scheduler on CPU0[0m

assert failed: xQueueReceive queue.c:1479 (!( ( ( pvBuffer ) == ((void *)0) ) && ( ( pxQueue )->uxItemSize != ( UBaseType_t ) 0U ) ))


Backtrace: 0x40081812:0x3ffb3b90 0x40085891:0x3ffb3bb0 0x4008af11:0x3ffb3bd0 0x40085fd9:0x3ffb3cf0 0x400d5708:0x3ffb3d30 0x40087ebd:0x3ffb3d50




ELF file SHA256: a7c297329c530ced

Rebooting...
ets Jun  8 2016 00:22:57

rst:0xc (SW_CPU_RESET),boot:0x13 (SPI_FAST_FLASH_BOOT)
configsip: 0, SPIWP:0xee
clk_drv:0x00,q_drv:0x00,d_drv:0x00,cs0_drv:0x00,hd_drv:0x00,wp_drv:0x00
mode:DIO, clock div:1
load:0x3fff0030,len:7432
load:0x40078000,len:16576
load:0x40080400,len:4
ho 8 tail 4 room 4
load:0x40080404,len:4284
entry 0x40080668
[0;32mI (30) boot: ESP-IDF v5.1.1-dirty 2nd stage bootloader[0m
[0;32mI (31) boot: compile time Nov 11 2023 12:23:34[0m
[0;32mI (31) boot: Multicore bootloader[0m
[0;32mI (36) boot: chip revision: v1.0[0m
[0;32mI (39) qio_mode: Enabling default flash chip QIO[0m
[0;32mI (45) boot.esp32: SPI Speed      : 80MHz[0m
[0;32mI (49) boot.esp32: SPI Mode       : QIO[0m
[0;32mI (54) boot.esp32: SPI Flash Size : 4MB[0m
[0;32mI (58) boot: Enabling RNG early entropy source...[0m
[0;32mI (64) boot: Partition Table:[0m
[0;32mI (67) boot: ## Label            Usage          Type ST Offset   Length[0m
[0;32mI (75) boot:  0 nvs              WiFi data        01 02 00009000 00006000[0m
[0;32mI (82) boot:  1 phy_init         RF data          01 01 0000f000 00001000[0m
[0;32mI (90) boot:  2 factory          factory app      00 00 00010000 00100000[0m
[0;32mI (97) boot: End of partition table[0m
[0;32mI (101) esp_image: segment 0: paddr=00010020 vaddr=3f400020 size=09dach ( 40364) map[0m
[0;32mI (121) esp_image: segment 1: paddr=00019dd4 vaddr=3ffb0000 size=02158h (  8536) load[0m
[0;32mI (124) esp_image: segment 2: paddr=0001bf34 vaddr=40080000 size=040e4h ( 16612) load[0m
[0;32mI (134) esp_image: segment 3: paddr=00020020 vaddr=400d0020 size=14ad0h ( 84688) map[0m
[0;32mI (161) esp_image: segment 4: paddr=00034af8 vaddr=400840e4 size=081a8h ( 33192) load[0m
[0;32mI (178) boot: Loaded app from partition at offset 0x10000[0m
[0;32mI (178) boot: Disabling RNG early entropy source...[0m
[0;32mI (190) cpu_start: Multicore app[0m
[0;32mI (190) cpu_start: Pro cpu up.[0m
[0;32mI (190) cpu_start: Starting app cpu, entry point is 0x400811e0[0m
[0;32mI (177) cpu_start: App cpu up.[0m
[0;32mI (208) cpu_start: Pro cpu start user code[0m
[0;32mI (208) cpu_start: cpu freq: 240000000 Hz[0m
[0;32mI (208) cpu_start: Application information:[0m
[0;32mI (213) cpu_start: Project name:     marcelino[0m
[0;32mI (218) cpu_start: App version:      729d225-dirty[0m
[0;32mI (223) cpu_start: Compile time:     Nov 11 2023 12:23:09[0m
[0;32mI (230) cpu_start: ELF file SHA256:  a7c297329c530ced...[0m
[0;32mI (236) cpu_start: ESP-IDF:          v5.1.1-dirty[0m
[0;32mI (241) cpu_start: Min chip rev:     v0.0[0m
[0;32mI (246) cpu_start: Max chip rev:     v3.99 [0m
[0;32mI (250) cpu_start: Chip rev:         v1.0[0m
[0;32mI (255) heap_init: Initializing. RAM available for dynamic allocation:[0m
[0;32mI (262) heap_init: At 3FFAE6E0 len 00001920 (6 KiB): DRAM[0m
[0;32mI (268) heap_init: At 3FFB2A28 len 0002D5D8 (181 KiB): DRAM[0m
[0;32mI (275) heap_init: At 3FFE0440 len 00003AE0 (14 KiB): D/IRAM[0m
[0;32mI (281) heap_init: At 3FFE4350 len 0001BCB0 (111 KiB): D/IRAM[0m
[0;32mI (287) heap_init: At 4008C28C len 00013D74 (79 KiB): IRAM[0m
[0;32mI (294) spi_flash: detected chip: generic[0m
[0;32mI (298) spi_flash: flash io: qio[0m
[0;32mI (302) Blink LED G: Task created[0m
[0;32mI (306) Print MSG: Task created[0m
[0;32mI (310) app_start: Starting scheduler on CPU0[0m

assert failed: xQueueReceive queue.c:1479 (!( ( ( pvBuffer ) == ((void *)0) ) && ( ( pxQueue )->uxItemSize != ( UBaseType_t ) 0U ) ))


Backtrace: 0x40081812:0x3ffb3b90 0x40085891:0x3ffb3bb0 0x4008af11:0x3ffb3bd0 0x40085fd9:0x3ffb3cf0 0x400d5708:0x3ffb3d30 0x40087ebd:0x3ffb3d50




ELF file SHA256: a7c297329c530ced

Rebooting...
ets Jun  8 2016 00:22:57

rst:0xc (SW_CPU_RESET),boot:0x13 (SPI_FAST_FLASH_BOOT)
configsip: 0, SPIWP:0xee
clk_drv:0x00,q_drv:0x00,d_drv:0x00,cs0_drv:0x00,hd_drv:0x00,wp_drv:0x00
mode:DIO, clock div:1
load:0x3fff0030,len:7432
load:0x40078000,len:16576
load:0x40080400,len:4
ho 8 tail 4 room 4
load:0x40080404,len:4284
entry 0x40080668
[0;32mI (30) boot: ESP-IDF v5.1.1-dirty 2nd stage bootloader[0m
[0;32mI (31) boot: compile time Nov 11 2023 12:23:34[0m
[0;32mI (31) boot: Multicore bootloader[0m
[0;32mI (36) boot: chip revision: v1.0[0m
[0;32mI (39) qio_mode: Enabling default flash chip QIO[0m
[0;32mI (45) boot.esp32: SPI Speed      : 80MHz[0m
[0;32mI (49) boot.esp32: SPI Mode       : QIO[0m
[0;32mI (54) boot.esp32: SPI Flash Size : 4MB[0m
[0;32mI (58) boot: Enabling RNG early entropy source...[0m
[0;32mI (64) boot: Partition Table:[0m
[0;32mI (67) boot: ## Label            Usage          Type ST Offset   Length[0m
[0;32mI (75) boot:  0 nvs              WiFi data        01 02 00009000 00006000[0m
[0;32mI (82) boot:  1 phy_init         RF data          01 01 0000f000 00001000[0m
[0;32mI (90) boot:  2 factory          factory app      00 00 00010000 00100000[0m
[0;32mI (97) boot: End of partition table[0m
[0;32mI (101) esp_image: segment 0: paddr=00010020 vaddr=3f400020 size=09dach ( 40364) map[0m
[0;32mI (121) esp_image: segment 1: paddr=00019dd4 vaddr=3ffb0000 size=02158h (  8536) load[0m
[0;32mI (124) esp_image: segment 2: paddr=0001bf34 vaddr=40080000 size=040e4h ( 16612) load[0m
[0;32mI (134) esp_image: segment 3: paddr=00020020 vaddr=400d0020 size=14ad0h ( 84688) map[0m
[0;32mI (161) esp_image: segment 4: paddr=00034af8 vaddr=400840e4 size=081a8h ( 33192) load[0m
[0;32mI (178) boot: Loaded app from partition at offset 0x10000[0m
[0;32mI (178) boot: Disabling RNG early entropy source...[0m
[0;32mI (190) cpu_start: Multicore app[0m
[0;32mI (190) cpu_start: Pro cpu up.[0m
[0;32mI (190) cpu_start: Starting app cpu, entry point is 0x400811e0[0m
[0;32mI (177) cpu_start: App cpu up.[0m
[0;32mI (208) cpu_start: Pro cpu start user code[0m
[0;32mI (208) cpu_start: cpu freq: 240000000 Hz[0m
[0;32mI (208) cpu_start: Application information:[0m
[0;32mI (213) cpu_start: Project name:     marcelino[0m
[0;32mI (218) cpu_start: App version:      729d225-dirty[0m
[0;32mI (223) cpu_start: Compile time:     Nov 11 2023 12:23:09[0m
[0;32mI (230) cpu_start: ELF file SHA256:  a7c297329c530ced...[0m
[0;32mI (236) cpu_start: ESP-IDF:          v5.1.1-dirty[0m
[0;32mI (241) cpu_start: Min chip rev:     v0.0[0m
[0;32mI (246) cpu_start: Max chip rev:     v3.99 [0m
[0;32mI (250) cpu_start: Chip rev:         v1.0[0m
[0;32mI (255) heap_init: Initializing. RAM available for dynamic allocation:[0m
[0;32mI (262) heap_init: At 3FFAE6E0 len 00001920 (6 KiB): DRAM[0m
[0;32mI (268) heap_init: At 3FFB2A28 len 0002D5D8 (181 KiB): DRAM[0m
[0;32mI (275) heap_init: At 3FFE0440 len 00003AE0 (14 KiB): D/IRAM[0m
[0;32mI (281) heap_init: At 3FFE4350 len 0001BCB0 (111 KiB): D/IRAM[0m
[0;32mI (287) heap_init: At 4008C28C len 00013D74 (79 KiB): IRAM[0m
[0;32mI (294) spi_flash: detected chip: generic[0m
[0;32mI (298) spi_flash: flash io: qio[0m
[0;32mI (302) Blink LED G: Task created[0m
[0;32mI (306) Print MSG: Task created[0m
[0;32mI (310) app_start: Starting scheduler on CPU0[0m

assert failed: xQueueReceive queue.c:1479 (!( ( ( pvBuffer ) == ((void *)0) ) && ( ( pxQueue )->uxItemSize != ( UBaseType_t ) 0U ) ))


Backtrace: 0x40081812:0x3ffb3b90 0x40085891:0x3ffb3bb0 0x4008af11:0x3ffb3bd0 0x40085fd9:0x3ffb3cf0 0x400d5708:0x3ffb3d30 0x40087ebd:0x3ffb3d50




ELF file SHA256: a7c297329c530ced

Rebooting...
ets Jun  8 2016 00:22:57

rst:0xc (SW_CPU_RESET),boot:0x13 (SPI_FAST_FLASH_BOOT)
configsip: 0, SPIWP:0xee
clk_drv:0x00,q_drv:0x00,d_drv:0x00,cs0_drv:0x00,hd_drv:0x00,wp_drv:0x00
mode:DIO, clock div:1
load:0x3fff0030,len:7432
load:0x40078000,len:16576
load:0x40080400,len:4
ho 8 tail 4 room 4
load:0x40080404,len:4284
entry 0x40080668
[0;32mI (30) boot: ESP-IDF v5.1.1-dirty 2nd stage bootloader[0m
[0;32mI (31) boot: compile time Nov 11 2023 12:23:34[0m
[0;32mI (31) boot: Multicore bootloader[0m
[0;32mI (36) boot: chip revision: v1.0[0m
[0;32mI (39) qio_mode: Enabling default flash chip QIO[0m
[0;32mI (45) boot.esp32: SPI Speed      : 80MHz[0m
[0;32mI (49) boot.esp32: SPI Mode       : QIO[0m
[0;32mI (54) boot.esp32: SPI Flash Size : 4MB[0m
[0;32mI (58) boot: Enabling RNG early entropy source...[0m
[0;32mI (64) boot: Partition Table:[0m
[0;32mI (67) boot: ## Label            Usage          Type ST Offset   Length[0m
[0;32mI (75) boot:  0 nvs              WiFi data        01 02 00009000 00006000[0m
[0;32mI (82) boot:  1 phy_init         RF data          01 01 0000f000 00001000[0m
[0;32mI (90) boot:  2 factory          factory app      00 00 00010000 00100000[0m
[0;32mI (97) boot: End of partition table[0m
[0;32mI (101) esp_image: segment 0: paddr=00010020 vaddr=3f400020 size=09dach ( 40364) map[0m
[0;32mI (121) esp_image: segment 1: paddr=00019dd4 vaddr=3ffb0000 size=02158h (  8536) load[0m
[0;32mI (124) esp_image: segment 2: paddr=0001bf34 vaddr=40080000 size=040e4h ( 16612) load[0m
[0;32mI (134) esp_image: segment 3: paddr=00020020 vaddr=400d0020 size=14ad0h ( 84688) map[0m
[0;32mI (161) esp_image: segment 4: paddr=00034af8 vaddr=400840e4 size=081a8h ( 33192) load[0m
[0;32mI (178) boot: Loaded app from partition at offset 0x10000[0m
[0;32mI (178) boot: Disabling RNG early entropy source...[0m
[0;32mI (190) cpu_start: Multicore app[0m
[0;32mI (190) cpu_start: Pro cpu up.[0m
[0;32mI (190) cpu_start: Starting app cpu, entry point is 0x400811e0[0m
[0;32mI (177) cpu_start: App cpu up.[0m
[0;32mI (208) cpu_start: Pro cpu start user code[0m
[0;32mI (208) cpu_start: cpu freq: 240000000 Hz[0m
[0;32mI (208) cpu_start: Application information:[0m
[0;32mI (213) cpu_start: Project name:     marcelino[0m
[0;32mI (218) cpu_start: App version:      729d225-dirty[0m
[0;32mI (223) cpu_start: Compile time:     Nov 11 2023 12:23:09[0m
[0;32mI (230) cpu_start: ELF file SHA256:  a7c297329c530ced...[0m
[0;32mI (236) cpu_start: ESP-IDF:          v5.1.1-dirty[0m
[0;32mI (241) cpu_start: Min chip rev:     v0.0[0m
[0;32mI (246) cpu_start: Max chip rev:     v3.99 [0m
[0;32mI (250) cpu_start: Chip rev:         v1.0[0m
[0;32mI (255) heap_init: Initializing. RAM available for dynamic allocation:[0m
[0;32mI (262) heap_init: At 3FFAE6E0 len 00001920 (6 KiB): DRAM[0m
[0;32mI (268) heap_init: At 3FFB2A28 len 0002D5D8 (181 KiB): DRAM[0m
[0;32mI (275) heap_init: At 3FFE0440 len 00003AE0 (14 KiB): D/IRAM[0m
[0;32mI (281) heap_init: At 3FFE4350 len 0001BCB0 (111 KiB): D/IRAM[0m
[0;32mI (287) heap_init: At 4008C28C len 00013D74 (79 KiB): IRAM[0m
[0;32mI (294) spi_flash: detected chip: generic[0m
[0;32mI (298) spi_flash: flash io: qio[0m
[0;32mI (302) Blink LED G: Task created[0m
[0;32mI (306) Print MSG: Task created[0m
[0;32mI (310) app_start: Starting scheduler on CPU0[0m

assert failed: xQueueReceive queue.c:1479 (!( ( ( pvBuffer ) == ((void *)0) ) && ( ( pxQueue )->uxItemSize != ( UBaseType_t ) 0U ) ))


Backtrace: 0x40081812:0x3ffb3b90 0x40085891:0x3ffb3bb0 0x4008af11:0x3ffb3bd0 0x40085fd9:0x3ffb3cf0 0x400d5708:0x3ffb3d30 0x40087ebd:0x3ffb3d50




ELF file SHA256: a7c297329c530ced

Rebooting...
ets Jun  8 2016 00:22:57

rst:0xc (SW_CPU_RESET),boot:0x13 (SPI_FAST_FLASH_BOOT)
configsip: 0, SPIWP:0xee
clk_drv:0x00,q_drv:0x00,d_drv:0x00,cs0_drv:0x00,hd_drv:0x00,wp_drv:0x00
mode:DIO, clock div:1
load:0x3fff0030,len:7432
load:0x40078000,len:16576
load:0x40080400,len:4
ho 8 tail 4 room 4
load:0x40080404,len:4284
entry 0x40080668
[0;32mI (30) boot: ESP-IDF v5.1.1-dirty 2nd stage bootloader[0m
[0;32mI (31) boot: compile time Nov 11 2023 12:23:34[0m
[0;32mI (31) boot: Multicore bootloader[0m
[0;32mI (36) boot: chip revision: v1.0[0m
[0;32mI (39) qio_mode: Enabling default flash chip QIO[0m
[0;32mI (45) boot.esp32: SPI Speed      : 80MHz[0m
[0;32mI (49) boot.esp32: SPI Mode       : QIO[0m
[0;32mI (54) boot.esp32: SPI Flash Size : 4MB[0m
[0;32mI (58) boot: Enabling RNG early entropy source...[0m
[0;32mI (64) boot: Partition Table:[0m
[0;32mI (67) boot: ## Label            Usage          Type ST Offset   Length[0m
[0;32mI (75) boot:  0 nvs              WiFi data        01 02 00009000 00006000[0m
[0;32mI (82) boot:  1 phy_init         RF data          01 01 0000f000 00001000[0m
[0;32mI (90) boot:  2 factory          factory app      00 00 00010000 00100000[0m
[0;32mI (97) boot: End of partition table[0m
[0;32mI (101) esp_image: segment 0: paddr=00010020 vaddr=3f400020 size=09dach ( 40364) map[0m
[0;32mI (121) esp_image: segment 1: paddr=00019dd4 vaddr=3ffb0000 size=02158h (  8536) load[0m
[0;32mI (124) esp_image: segment 2: paddr=0001bf34 vaddr=40080000 size=040e4h ( 16612) load[0m
[0;32mI (134) esp_image: segment 3: paddr=00020020 vaddr=400d0020 size=14ad0h ( 84688) map[0m
[0;32mI (161) esp_image: segment 4: paddr=00034af8 vaddr=400840e4 size=081a8h ( 33192) load[0m
[0;32mI (178) boot: Loaded app from partition at offset 0x10000[0m
[0;32mI (178) boot: Disabling RNG early entropy source...[0m
[0;32mI (190) cpu_start: Multicore app[0m
[0;32mI (190) cpu_start: Pro cpu up.[0m
[0;32mI (190) cpu_start: Starting app cpu, entry point is 0x400811e0[0m
[0;32mI (177) cpu_start: App cpu up.[0m
[0;32mI (208) cpu_start: Pro cpu start user code[0m
[0;32mI (208) cpu_start: cpu freq: 240000000 Hz[0m
[0;32mI (208) cpu_start: Application information:[0m
[0;32mI (213) cpu_start: Project name:     marcelino[0m
[0;32mI (218) cpu_start: App version:      729d225-dirty[0m
[0;32mI (223) cpu_start: Compile time:     Nov 11 2023 12:23:09[0m
[0;32mI (230) cpu_start: ELF file SHA256:  a7c297329c530ced...[0m
[0;32mI (236) cpu_start: ESP-IDF:          v5.1.1-dirty[0m
[0;32mI (241) cpu_start: Min chip rev:     v0.0[0m
[0;32mI (246) cpu_start: Max chip rev:     v3.99 [0m
[0;32mI (250) cpu_start: Chip rev:         v1.0[0m
[0;32mI (255) heap_init: Initializing. RAM available for dynamic allocation:[0m
[0;32mI (262) heap_init: At 3FFAE6E0 len 00001920 (6 KiB): DRAM[0m
[0;32mI (268) heap_init: At 3FFB2A28 len 0002D5D8 (181 KiB): DRAM[0m
[0;32mI (275) heap_init: At 3FFE0440 len 00003AE0 (14 KiB): D/IRAM[0m
[0;32mI (281) heap_init: At 3FFE4350 len 0001BCB0 (111 KiB): D/IRAM[0m
[0;32mI (287) heap_init: At 4008C28C len 00013D74 (79 KiB): IRAM[0m
[0;32mI (294) spi_flash: detected chip: generic[0m
[0;32mI (298) spi_flash: flash io: qio[0m
[0;32mI (302) Blink LED G: Task created[0m
[0;32mI (306) Print MSG: Task created[0m
[0;32mI (310) app_start: Starting scheduler on CPU0[0m

assert failed: xQueueReceive queue.c:1479 (!( ( ( pvBuffer ) == ((void *)0) ) && ( ( pxQueue )->uxItemSize != ( UBaseType_t ) 0U ) ))


Backtrace: 0x40081812:0x3ffb3b90 0x40085891:0x3ffb3bb0 0x4008af11:0x3ffb3bd0 0x40085fd9:0x3ffb3cf0 0x400d5708:0x3ffb3d30 0x40087ebd:0x3ffb3d50




ELF file SHA256: a7c297329c530ced

Rebooting...
ets Jun  8 2016 00:22:57

rst:0xc (SW_CPU_RESET),boot:0x13 (SPI_FAST_FLASH_BOOT)
configsip: 0, SPIWP:0xee
clk_drv:0x00,q_drv:0x00,d_drv:0x00,cs0_drv:0x00,hd_drv:0x00,wp_drv:0x00
mode:DIO, clock div:1
load:0x3fff0030,len:7432
load:0x40078000,len:16576
load:0x40080400,len:4
ho 8 tail 4 room 4
load:0x40080404,len:4284
entry 0x40080668
[0;32mI (30) boot: ESP-IDF v5.1.1-dirty 2nd stage bootloader[0m
[0;32mI (31) boot: compile time Nov 11 2023 12:23:34[0m
[0;32mI (31) boot: Multicore bootloader[0m
[0;32mI (36) boot: chip revision: v1.0[0m
[0;32mI (39) qio_mode: Enabling default flash chip QIO[0m
[0;32mI (45) boot.esp32: SPI Speed      : 80MHz[0m
[0;32mI (49) boot.esp32: SPI Mode       : QIO[0m
[0;32mI (54) boot.esp32: SPI Flash Size : 4MB[0m
[0;32mI (58) boot: Enabling RNG early entropy source...[0m
[0;32mI (64) boot: Partition Table:[0m
[0;32mI (67) boot: ## Label            Usage          Type ST Offset   Length[0m
[0;32mI (75) boot:  0 nvs              WiFi data        01 02 00009000 00006000[0m
[0;32mI (82) boot:  1 phy_init         RF data          01 01 0000f000 00001000[0m
[0;32mI (90) boot:  2 factory          factory app      00 00 00010000 00100000[0m
[0;32mI (97) boot: End of partition table[0m
[0;32mI (101) esp_image: segment 0: paddr=00010020 vaddr=3f400020 size=09dach ( 40364) map[0m
[0;32mI (121) esp_image: segment 1: paddr=00019dd4 vaddr=3ffb0000 size=02158h (  8536) load[0m
[0;32mI (124) esp_image: segment 2: paddr=0001bf34 vaddr=40080000 size=040e4h ( 16612) load[0m
[0;32mI (134) esp_image: segment 3: paddr=00020020 vaddr=400d0020 size=14ad0h ( 84688) map[0m
[0;32mI (161) esp_image: segment 4: paddr=00034af8 vaddr=400840e4 size=081a8h ( 33192) load[0m
[0;32mI (178) boot: Loaded app from partition at offset 0x10000[0m
[0;32mI (178) boot: Disabling RNG early entropy source...[0m
[0;32mI (190) cpu_start: Multicore app[0m
[0;32mI (190) cpu_start: Pro cpu up.[0m
[0;32mI (190) cpu_start: Starting app cpu, entry point is 0x400811e0[0m
[0;32mI (177) cpu_start: App cpu up.[0m
[0;32mI (208) cpu_start: Pro cpu start user code[0m
[0;32mI (208) cpu_start: cpu freq: 240000000 Hz[0m
[0;32mI (208) cpu_start: Application information:[0m
[0;32mI (213) cpu_start: Project name:     marcelino[0m
[0;32mI (218) cpu_start: App version:      729d225-dirty[0m
[0;32mI (223) cpu_start: Compile time:     Nov 11 2023 12:23:09[0m
[0;32mI (230) cpu_start: ELF file SHA256:  a7c297329c530ced...[0m
[0;32mI (236) cpu_start: ESP-IDF:          v5.1.1-dirty[0m
[0;32mI (241) cpu_start: Min chip rev:     v0.0[0m
[0;32mI (246) cpu_start: Max chip rev:     v3.99 [0m
[0;32mI (250) cpu_start: Chip rev:         v1.0[0m
[0;32mI (255) heap_init: Initializing. RAM available for dynamic allocation:[0m
[0;32mI (262) heap_init: At 3FFAE6E0 len 00001920 (6 KiB): DRAM[0m
[0;32mI (268) heap_init: At 3FFB2A28 len 0002D5D8 (181 KiB): DRAM[0m
[0;32mI (275) heap_init: At 3FFE0440 len 00003AE0 (14 KiB): D/IRAM[0m
[0;32mI (281) heap_init: At 3FFE4350 len 0001BCB0 (111 KiB): D/IRAM[0m
[0;32mI (287) heap_init: At 4008C28C len 00013D74 (79 KiB): IRAM[0m
[0;32mI (294) spi_flash: detected chip: generic[0m
[0;32mI (298) spi_flash: flash io: qio[0m
[0;32mI (302) Blink LED G: Task created[0m
[0;32mI (306) Print MSG: Task created[0m
[0;32mI (310) app_start: Starting scheduler on CPU0[0m

assert failed: xQueueReceive queue.c:1479 (!( ( ( pvBuffer ) == ((void *)0) ) && ( ( pxQueue )->uxItemSize != ( UBaseType_t ) 0U ) ))


Backtrace: 0x40081812:0x3ffb3b90 0x40085891:0x3ffb3bb0 0x4008af11:0x3ffb3bd0 0x40085fd9:0x3ffb3cf0 0x400d5708:0x3ffb3d30 0x40087ebd:0x3ffb3d50




ELF file SHA256: a7c297329c530ced

Rebooting...
ets Jun  8 2016 00:22:57

rst:0xc (SW_CPU_RESET),boot:0x13 (SPI_FAST_FLASH_BOOT)
configsip: 0, SPIWP:0xee
clk_drv:0x00,q_drv:0x00,d_drv:0x00,cs0_drv:0x00,hd_drv:0x00,wp_drv:0x00
mode:DIO, clock div:1
load:0x3fff0030,len:7432
load:0x40078000,len:16576
load:0x40080400,len:4
ho 8 tail 4 room 4
load:0x40080404,len:4284
entry 0x40080668
[0;32mI (30) boot: ESP-IDF v5.1.1-dirty 2nd stage bootloader[0m
[0;32mI (31) boot: compile time Nov 11 2023 12:23:34[0m
[0;32mI (31) boot: Multicore bootloader[0m
[0;32mI (36) boot: chip revision: v1.0[0m
[0;32mI (39) qio_mode: Enabling default flash chip QIO[0m
[0;32mI (45) boot.esp32: SPI Speed      : 80MHz[0m
[0;32mI (49) boot.esp32: SPI Mode       : QIO[0m
[0;32mI (54) boot.esp32: SPI Flash Size : 4MB[0m
[0;32mI (58) boot: Enabling RNG early entropy source...[0m
[0;32mI (64) boot: Partition Table:[0m
[0;32mI (67) boot: ## Label            Usage          Type ST Offset   Length[0m
[0;32mI (75) boot:  0 nvs              WiFi data        01 02 00009000 00006000[0m
[0;32mI (82) boot:  1 phy_init         RF data          01 01 0000f000 00001000[0m
[0;32mI (90) boot:  2 factory          factory app      00 00 00010000 00100000[0m
[0;32mI (97) boot: End of partition table[0m
[0;32mI (101) esp_image: segment 0: paddr=00010020 vaddr=3f400020 size=09dach ( 40364) map[0m
[0;32mI (121) esp_image: segment 1: paddr=00019dd4 vaddr=3ffb0000 size=02158h (  8536) load[0m
[0;32mI (124) esp_image: segment 2: paddr=0001bf34 vaddr=40080000 size=040e4h ( 16612) load[0m
[0;32mI (134) esp_image: segment 3: paddr=00020020 vaddr=400d0020 size=14ad0h ( 84688) map[0m
[0;32mI (161) esp_image: segment 4: paddr=00034af8 vaddr=400840e4 size=081a8h ( 33192) load[0m
[0;32mI (178) boot: Loaded app from partition at offset 0x10000[0m
[0;32mI (178) boot: Disabling RNG early entropy source...[0m
[0;32mI (190) cpu_start: Multicore app[0m
[0;32mI (190) cpu_start: Pro cpu up.[0m
[0;32mI (190) cpu_start: Starting app cpu, entry point is 0x400811e0[0m
[0;32mI (177) cpu_start: App cpu up.[0m
[0;32mI (208) cpu_start: Pro cpu start user code[0m
[0;32mI (208) cpu_start: cpu freq: 240000000 Hz[0m
[0;32mI (208) cpu_start: Application information:[0m
[0;32mI (213) cpu_start: Project name:     marcelino[0m
[0;32mI (218) cpu_start: App version:      729d225-dirty[0m
[0;32mI (223) cpu_start: Compile time:     Nov 11 2023 12:23:09[0m
[0;32mI (230) cpu_start: ELF file SHA256:  a7c297329c530ced...[0m
[0;32mI (236) cpu_start: ESP-IDF:          v5.1.1-dirty[0m
[0;32mI (241) cpu_start: Min chip rev:     v0.0[0m
[0;32mI (246) cpu_start: Max chip rev:     v3.99 [0m
[0;32mI (250) cpu_start: Chip rev:         v1.0[0m
[0;32mI (255) heap_init: Initializing. RAM available for dynamic allocation:[0m
[0;32mI (262) heap_init: At 3FFAE6E0 len 00001920 (6 KiB): DRAM[0m
[0;32mI (268) heap_init: At 3FFB2A28 len 0002D5D8 (181 KiB): DRAM[0m
[0;32mI (275) heap_init: At 3FFE0440 len 00003AE0 (14 KiB): D/IRAM[0m
[0;32mI (281) heap_init: At 3FFE4350 len 0001BCB0 (111 KiB): D/IRAM[0m
[0;32mI (287) heap_init: At 4008C28C len 00013D74 (79 KiB): IRAM[0m
[0;32mI (294) spi_flash: detected chip: generic[0m
[0;32mI (298) spi_flash: flash io: qio[0m
[0;32mI (302) Blink LED G: Task created[0m
[0;32mI (306) Print MSG: Task created[0m
[0;32mI (310) app_start: Starting scheduler on CPU0[0m

assert failed: xQueueReceive queue.c:1479 (!( ( ( pvBuffer ) == ((void *)0) ) && ( ( pxQueue )->uxItemSize != ( UBaseType_t ) 0U ) ))


Backtrace: 0x40081812:0x3ffb3b90 0x40085891:0x3ffb3bb0 0x4008af11:0x3ffb3bd0 0x40085fd9:0x3ffb3cf0 0x400d5708:0x3ffb3d30 0x40087ebd:0x3ffb3d50




ELF file SHA256: a7c297329c530ced

Rebooting...
ets Jun  8 2016 00:22:57

rst:0xc (SW_CPU_RESET),boot:0x13 (SPI_FAST_FLASH_BOOT)
configsip: 0, SPIWP:0xee
clk_drv:0x00,q_drv:0x00,d_drv:0x00,cs0_drv:0x00,hd_drv:0x00,wp_drv:0x00
mode:DIO, clock div:1
load:0x3fff0030,len:7432
load:0x40078000,len:16576
load:0x40080400,len:4
ho 8 tail 4 room 4
load:0x40080404,len:4284
entry 0x40080668
[0;32mI (30) boot: ESP-IDF v5.1.1-dirty 2nd stage bootloader[0m
[0;32mI (31) boot: compile time Nov 11 2023 12:23:34[0m
[0;32mI (31) boot: Multicore bootloader[0m
[0;32mI (36) boot: chip revision: v1.0[0m
[0;32mI (39) qio_mode: Enabling default flash chip QIO[0m
[0;32mI (45) boot.esp32: SPI Speed      : 80MHz[0m
[0;32mI (49) boot.esp32: SPI Mode       : QIO[0m
[0;32mI (54) boot.esp32: SPI Flash Size : 4MB[0m
[0;32mI (58) boot: Enabling RNG early entropy source...[0m
[0;32mI (64) boot: Partition Table:[0m
[0;32mI (67) boot: ## Label            Usage          Type ST Offset   Length[0m
[0;32mI (75) boot:  0 nvs              WiFi data        01 02 00009000 00006000[0m
[0;32mI (82) boot:  1 phy_init         RF data          01 01 0000f000 00001000[0m
[0;32mI (90) boot:  2 factory          factory app      00 00 00010000 00100000[0m
[0;32mI (97) boot: End of partition table[0m
[0;32mI (101) esp_image: segment 0: paddr=00010020 vaddr=3f400020 size=09dach ( 40364) map[0m
[0;32mI (121) esp_image: segment 1: paddr=00019dd4 vaddr=3ffb0000 size=02158h (  8536) load[0m
[0;32mI (124) esp_image: segment 2: paddr=0001bf34 vaddr=40080000 size=040e4h ( 16612) load[0m
[0;32mI (134) esp_image: segment 3: paddr=00020020 vaddr=400d0020 size=14ad0h ( 84688) map[0m
[0;32mI (161) esp_image: segment 4: paddr=00034af8 vaddr=400840e4 size=081a8h ( 33192) load[0m
[0;32mI (178) boot: Loaded app from partition at offset 0x10000[0m
[0;32mI (178) boot: Disabling RNG early entropy source...[0m
[0;32mI (190) cpu_start: Multicore app[0m
[0;32mI (190) cpu_start: Pro cpu up.[0m
[0;32mI (190) cpu_start: Starting app cpu, entry point is 0x400811e0[0m
[0;32mI (177) cpu_start: App cpu up.[0m
[0;32mI (208) cpu_start: Pro cpu start user code[0m
[0;32mI (208) cpu_start: cpu freq: 240000000 Hz[0m
[0;32mI (208) cpu_start: Application information:[0m
[0;32mI (213) cpu_start: Project name:     marcelino[0m
[0;32mI (218) cpu_start: App version:      729d225-dirty[0m
[0;32mI (223) cpu_start: Compile time:     Nov 11 2023 12:23:09[0m
[0;32mI (230) cpu_start: ELF file SHA256:  a7c297329c530ced...[0m
[0;32mI (236) cpu_start: ESP-IDF:          v5.1.1-dirty[0m
[0;32mI (241) cpu_start: Min chip rev:     v0.0[0m
[0;32mI (246) cpu_start: Max chip rev:     v3.99 [0m
[0;32mI (250) cpu_start: Chip rev:         v1.0[0m
[0;32mI (255) heap_init: Initializing. RAM available for dynamic allocation:[0m
[0;32mI (262) heap_init: At 3FFAE6E0 len 00001920 (6 KiB): DRAM[0m
[0;32mI (268) heap_init: At 3FFB2A28 len 0002D5D8 (181 KiB): DRAM[0m
[0;32mI (275) heap_init: At 3FFE0440 len 00003AE0 (14 KiB): D/IRAM[0m
[0;32mI (281) heap_init: At 3FFE4350 len 0001BCB0 (111 KiB): D/IRAM[0m
[0;32mI (287) heap_init: At 4008C28C len 00013D74 (79 KiB): IRAM[0m
[0;32mI (294) spi_flash: detected chip: generic[0m
[0;32mI (298) spi_flash: flash io: qio[0m
[0;32mI (302) Blink LED G: Task created[0m
[0;32mI (306) Print MSG: Task created[0m
[0;32mI (310) app_start: Starting scheduler on CPU0[0m

assert failed: xQueueReceive queue.c:1479 (!( ( ( pvBuffer ) == ((void *)0) ) && ( ( pxQueue )->uxItemSize != ( UBaseType_t ) 0U ) ))


Backtrace: 0x40081812:0x3ffb3b90 0x40085891:0x3ffb3bb0 0x4008af11:0x3ffb3bd0 0x40085fd9:0x3ffb3cf0 0x400d5708:0x3ffb3d30 0x40087ebd:0x3ffb3d50




ELF file SHA256: a7c297329c530ced

Rebooting...
ets Jun  8 2016 00:22:57

rst:0xc (SW_CPU_RESET),boot:0x13 (SPI_FAST_FLASH_BOOT)
configsip: 0, SPIWP:0xee
clk_drv:0x00,q_drv:0x00,d_drv:0x00,cs0_drv:0x00,hd_drv:0x00,wp_drv:0x00
mode:DIO, clock div:1
load:0x3fff0030,len:7432
load:0x40078000,len:16576
load:0x40080400,len:4
ho 8 tail 4 room 4
load:0x40080404,len:4284
entry 0x40080668
[0;32mI (30) boot: ESP-IDF v5.1.1-dirty 2nd stage bootloader[0m
[0;32mI (31) boot: compile time Nov 11 2023 12:23:34[0m
[0;32mI (31) boot: Multicore bootloader[0m
[0;32mI (36) boot: chip revision: v1.0[0m
[0;32mI (39) qio_mode: Enabling default flash chip QIO[0m
[0;32mI (45) boot.esp32: SPI Speed      : 80MHz[0m
[0;32mI (49) boot.esp32: SPI Mode       : QIO[0m
[0;32mI (54) boot.esp32: SPI Flash Size : 4MB[0m
[0;32mI (58) boot: Enabling RNG early entropy source...[0m
[0;32mI (64) boot: Partition Table:[0m
[0;32mI (67) boot: ## Label            Usage          Type ST Offset   Length[0m
[0;32mI (75) boot:  0 nvs              WiFi data        01 02 00009000 00006000[0m
[0;32mI (82) boot:  1 phy_init         RF data          01 01 0000f000 00001000[0m
[0;32mI (90) boot:  2 factory          factory app      00 00 00010000 00100000[0m
[0;32mI (97) boot: End of partition table[0m
[0;32mI (101) esp_image: segment 0: paddr=00010020 vaddr=3f400020 size=09dach ( 40364) map[0m
[0;32mI (121) esp_image: segment 1: paddr=00019dd4 vaddr=3ffb0000 size=02158h (  8536) load[0m
[0;32mI (124) esp_image: segment 2: paddr=0001bf34 vaddr=40080000 size=040e4h ( 16612) load[0m
[0;32mI (134) esp_image: segment 3: paddr=00020020 vaddr=400d0020 size=14ad0h ( 84688) map[0m
[0;32mI (161) esp_image: segment 4: paddr=00034af8 vaddr=400840e4 size=081a8h ( 33192) load[0m
[0;32mI (178) boot: Loaded app from partition at offset 0x10000[0m
[0;32mI (178) boot: Disabling RNG early entropy source...[0m
[0;32mI (190) cpu_start: Multicore app[0m
[0;32mI (190) cpu_start: Pro cpu up.[0m
[0;32mI (190) cpu_start: Starting app cpu, entry point is 0x400811e0[0m
[0;32mI (177) cpu_start: App cpu up.[0m
[0;32mI (208) cpu_start: Pro cpu start user code[0m
[0;32mI (208) cpu_start: cpu freq: 240000000 Hz[0m
[0;32mI (208) cpu_start: Application information:[0m
[0;32mI (213) cpu_start: Project name:     marcelino[0m
[0;32mI (218) cpu_start: App version:      729d225-dirty[0m
[0;32mI (223) cpu_start: Compile time:     Nov 11 2023 12:23:09[0m
[0;32mI (230) cpu_start: ELF file SHA256:  a7c297329c530ced...[0m
[0;32mI (236) cpu_start: ESP-IDF:          v5.1.1-dirty[0m
[0;32mI (241) cpu_start: Min chip rev:     v0.0[0m
[0;32mI (246) cpu_start: Max chip rev:     v3.99 [0m
[0;32mI (250) cpu_start: Chip rev:         v1.0[0m
[0;32mI (255) heap_init: Initializing. RAM available for dynamic allocation:[0m
[0;32mI (262) heap_init: At 3FFAE6E0 len 00001920 (6 KiB): DRAM[0m
[0;32mI (268) heap_init: At 3FFB2A28 len 0002D5D8 (181 KiB): DRAM[0m
[0;32mI (275) heap_init: At 3FFE0440 len 00003AE0 (14 KiB): D/IRAM[0m
[0;32mI (281) heap_init: At 3FFE4350 len 0001BCB0 (111 KiB): D/IRAM[0m
[0;32mI (287) heap_init: At 4008C28C len 00013D74 (79 KiB): IRAM[0m
[0;32mI (294) spi_flash: detected chip: generic[0m
[0;32mI (298) spi_flash: flash io: qio[0m
[0;32mI (302) Blink LED G: Task created[0m
[0;32mI (306) Print MSG: Task created[0m
[0;32mI (310) app_start: Starting scheduler on CPU0[0m

assert failed: xQueueReceive queue.c:1479 (!( ( ( pvBuffer ) == ((void *)0) ) && ( ( pxQueue )->uxItemSize != ( UBaseType_t ) 0U ) ))


Backtrace: 0x40081812:0x3ffb3b90 0x40085891:0x3ffb3bb0 0x4008af11:0x3ffb3bd0 0x40085fd9:0x3ffb3cf0 0x400d5708:0x3ffb3d30 0x40087ebd:0x3ffb3d50




ELF file SHA256: a7c297329c530ced

Rebooting...
ets Jun  8 2016 00:22:57

rst:0xc (SW_CPU_RESET),boot:0x13 (SPI_FAST_FLASH_BOOT)
configsip: 0, SPIWP:0xee
clk_drv:0x00,q_drv:0x00,d_drv:0x00,cs0_drv:0x00,hd_drv:0x00,wp_drv:0x00
mode:DIO, clock div:1
load:0x3fff0030,len:7432
load:0x40078000,len:16576
load:0x40080400,len:4
ho 8 tail 4 room 4
load:0x40080404,len:4284
entry 0x40080668
[0;32mI (30) boot: ESP-IDF v5.1.1-dirty 2nd stage bootloader[0m
[0;32mI (31) boot: compile time Nov 11 2023 12:23:34[0m
[0;32mI (31) boot: Multicore bootloader[0m
[0;32mI (36) boot: chip revision: v1.0[0m
[0;32mI (39) qio_mode: Enabling default flash chip QIO[0m
[0;32mI (45) boot.esp32: SPI Speed      : 80MHz[0m
[0;32mI (49) boot.esp32: SPI Mode       : QIO[0m
[0;32mI (54) boot.esp32: SPI Flash Size : 4MB[0m
[0;32mI (58) boot: Enabling RNG early entropy source...[0m
[0;32mI (64) boot: Partition Table:[0m
[0;32mI (67) boot: ## Label            Usage          Type ST Offset   Length[0m
[0;32mI (75) boot:  0 nvs              WiFi data        01 02 00009000 00006000[0m
[0;32mI (82) boot:  1 phy_init         RF data          01 01 0000f000 00001000[0m
[0;32mI (90) boot:  2 factory          factory app      00 00 00010000 00100000[0m
[0;32mI (97) boot: End of partition table[0m
[0;32mI (101) esp_image: segment 0: paddr=00010020 vaddr=3f400020 size=09dach ( 40364) map[0m
[0;32mI (121) esp_image: segment 1: paddr=00019dd4 vaddr=3ffb0000 size=02158h (  8536) load[0m
[0;32mI (124) esp_image: segment 2: paddr=0001bf34 vaddr=40080000 size=040e4h ( 16612) load[0m
[0;32mI (134) esp_image: segment 3: paddr=00020020 vaddr=400d0020 size=14ad0h ( 84688) map[0m
[0;32mI (161) esp_image: segment 4: paddr=00034af8 vaddr=400840e4 size=081a8h ( 33192) load[0m
[0;32mI (178) boot: Loaded app from partition at offset 0x10000[0m
[0;32mI (178) boot: Disabling RNG early entropy source...[0m
[0;32mI (190) cpu_start: Multicore app[0m
[0;32mI (190) cpu_start: Pro cpu up.[0m
[0;32mI (190) cpu_start: Starting app cpu, entry point is 0x400811e0[0m
[0;32mI (177) cpu_start: App cpu up.[0m
[0;32mI (208) cpu_start: Pro cpu start user code[0m
[0;32mI (208) cpu_start: cpu freq: 240000000 Hz[0m
[0;32mI (208) cpu_start: Application information:[0m
[0;32mI (213) cpu_start: Project name:     marcelino[0m
[0;32mI (218) cpu_start: App version:      729d225-dirty[0m
[0;32mI (223) cpu_start: Compile time:     Nov 11 2023 12:23:09[0m
[0;32mI (230) cpu_start: ELF file SHA256:  a7c297329c530ced...[0m
[0;32mI (236) cpu_start: ESP-IDF:          v5.1.1-dirty[0m
[0;32mI (241) cpu_start: Min chip rev:     v0.0[0m
[0;32mI (246) cpu_start: Max chip rev:     v3.99 [0m
[0;32mI (250) cpu_start: Chip rev:         v1.0[0m
[0;32mI (255) heap_init: Initializing. RAM available for dynamic allocation:[0m
[0;32mI (262) heap_init: At 3FFAE6E0 len 00001920 (6 KiB): DRAM[0m
[0;32mI (268) heap_init: At 3FFB2A28 len 0002D5D8 (181 KiB): DRAM[0m
[0;32mI (275) heap_init: At 3FFE0440 len 00003AE0 (14 KiB): D/IRAM[0m
[0;32mI (281) heap_init: At 3FFE4350 len 0001BCB0 (111 KiB): D/IRAM[0m
[0;32mI (287) heap_init: At 4008C28C len 00013D74 (79 KiB): IRAM[0m
[0;32mI (294) spi_flash: detected chip: generic[0m
[0;32mI (298) spi_flash: flash io: qio[0m
[0;32mI (302) Blink LED G: Task created[0m
[0;32mI (306) Print MSG: Task created[0m
[0;32mI (310) app_start: Starting scheduler on CPU0[0m

assert failed: xQueueReceive queue.c:1479 (!( ( ( pvBuffer ) == ((void *)0) ) && ( ( pxQueue )->uxItemSize != ( UBaseType_t ) 0U ) ))


Backtrace: 0x40081812:0x3ffb3b90 0x40085891:0x3ffb3bb0 0x4008af11:0x3ffb3bd0 0x40085fd9:0x3ffb3cf0 0x400d5708:0x3ffb3d30 0x40087ebd:0x3ffb3d50




ELF file SHA256: a7c297329c530ced

Rebooting...
ets Jun  8 2016 00:22:57

rst:0xc (SW_CPU_RESET),boot:0x13 (SPI_FAST_FLASH_BOOT)
configsip: 0, SPIWP:0xee
clk_drv:0x00,q_drv:0x00,d_drv:0x00,cs0_drv:0x00,hd_drv:0x00,wp_drv:0x00
mode:DIO, clock div:1
load:0x3fff0030,len:7432
load:0x40078000,len:16576
load:0x40080400,len:4
ho 8 tail 4 room 4
load:0x40080404,len:4284
entry 0x40080668
[0;32mI (30) boot: ESP-IDF v5.1.1-dirty 2nd stage bootloader[0m
[0;32mI (31) boot: compile time Nov 11 2023 12:23:34[0m
[0;32mI (31) boot: Multicore bootloader[0m
[0;32mI (36) boot: chip revision: v1.0[0m
[0;32mI (39) qio_mode: Enabling default flash chip QIO[0m
[0;32mI (45) boot.esp32: SPI Speed      : 80MHz[0m
[0;32mI (49) boot.esp32: SPI Mode       : QIO[0m
[0;32mI (54) boot.esp32: SPI Flash Size : 4MB[0m
[0;32mI (58) boot: Enabling RNG early entropy source...[0m
[0;32mI (64) boot: Partition Table:[0m
[0;32mI (67) boot: ## Label            Usage          Type ST Offset   Length[0m
[0;32mI (75) boot:  0 nvs              WiFi data        01 02 00009000 00006000[0m
[0;32mI (82) boot:  1 phy_init         RF data          01 01 0000f000 00001000[0m
[0;32mI (90) boot:  2 factory          factory app      00 00 00010000 00100000[0m
[0;32mI (97) boot: End of partition table[0m
[0;32mI (101) esp_image: segment 0: paddr=00010020 vaddr=3f400020 size=09dach ( 40364) map[0m
[0;32mI (121) esp_image: segment 1: paddr=00019dd4 vaddr=3ffb0000 size=02158h (  8536) load[0m
[0;32mI (124) esp_image: segment 2: paddr=0001bf34 vaddr=40080000 size=040e4h ( 16612) load[0m
[0;32mI (134) esp_image: segment 3: paddr=00020020 vaddr=400d0020 size=14ad0h ( 84688) map[0m
[0;32mI (161) esp_image: segment 4: paddr=00034af8 vaddr=400840e4 size=081a8h ( 33192) load[0m
[0;32mI (178) boot: Loaded app from partition at offset 0x10000[0m
[0;32mI (178) boot: Disabling RNG early entropy source...[0m
[0;32mI (190) cpu_start: Multicore app[0m
[0;32mI (190) cpu_start: Pro cpu up.[0m
[0;32mI (190) cpu_start: Starting app cpu, entry point is 0x400811e0[0m
[0;32mI (177) cpu_start: App cpu up.[0m
[0;32mI (208) cpu_start: Pro cpu start user code[0m
[0;32mI (208) cpu_start: cpu freq: 240000000 Hz[0m
[0;32mI (208) cpu_start: Application information:[0m
[0;32mI (213) cpu_start: Project name:     marcelino[0m
[0;32mI (218) cpu_start: App version:      729d225-dirty[0m
[0;32mI (223) cpu_start: Compile time:     Nov 11 2023 12:23:09[0m
[0;32mI (230) cpu_start: ELF file SHA256:  a7c297329c530ced...[0m
[0;32mI (236) cpu_start: ESP-IDF:          v5.1.1-dirty[0m
[0;32mI (241) cpu_start: Min chip rev:     v0.0[0m
[0;32mI (246) cpu_start: Max chip rev:     v3.99 [0m
[0;32mI (250) cpu_start: Chip rev:         v1.0[0m
[0;32mI (255) heap_init: Initializing. RAM available for dynamic allocation:[0m
[0;32mI (262) heap_init: At 3FFAE6E0 len 00001920 (6 KiB): DRAM[0m
[0;32mI (268) heap_init: At 3FFB2A28 len 0002D5D8 (181 KiB): DRAM[0m
[0;32mI (275) heap_init: At 3FFE0440 len 00003AE0 (14 KiB): D/IRAM[0m
[0;32mI (281) heap_init: At 3FFE4350 len 0001BCB0 (111 KiB): D/IRAM[0m
[0;32mI (287) heap_init: At 4008C28C len 00013D74 (79 KiB): IRAM[0m
[0;32mI (294) spi_flash: detected chip: generic[0m
[0;32mI (298) spi_flash: flash io: qio[0m
[0;32mI (302) Blink LED G: Task created[0m
[0;32mI (306) Print MSG: Task created[0m
[0;32mI (310) app_start: Starting scheduler on CPU0[0m

assert failed: xQueueReceive queue.c:1479 (!( ( ( pvBuffer ) == ((void *)0) ) && ( ( pxQueue )->uxItemSize != ( UBaseType_t ) 0U ) ))


Backtrace: 0x40081812:0x3ffb3b90 0x40085891:0x3ffb3bb0 0x4008af11:0x3ffb3bd0 0x40085fd9:0x3ffb3cf0 0x400d5708:0x3ffb3d30 0x40087ebd:0x3ffb3d50




ELF file SHA256: a7c297329c530ced

Rebooting...
ets Jun  8 2016 00:22:57

rst:0xc (SW_CPU_RESET),boot:0x13 (SPI_FAST_FLASH_BOOT)
configsip: 0, SPIWP:0xee
clk_drv:0x00,q_drv:0x00,d_drv:0x00,cs0_drv:0x00,hd_drv:0x00,wp_drv:0x00
mode:DIO, clock div:1
load:0x3fff0030,len:7432
load:0x40078000,len:16576
load:0x40080400,len:4
ho 8 tail 4 room 4
load:0x40080404,len:4284
entry 0x40080668
[0;32mI (30) boot: ESP-IDF v5.1.1-dirty 2nd stage bootloader[0m
[0;32mI (31) boot: compile time Nov 11 2023 12:23:34[0m
[0;32mI (31) boot: Multicore bootloader[0m
[0;32mI (36) boot: chip revision: v1.0[0m
[0;32mI (39) qio_mode: Enabling default flash chip QIO[0m
[0;32mI (45) boot.esp32: SPI Speed      : 80MHz[0m
[0;32mI (49) boot.esp32: SPI Mode       : QIO[0m
[0;32mI (54) boot.esp32: SPI Flash Size : 4MB[0m
[0;32mI (58) boot: Enabling RNG early entropy source...[0m
[0;32mI (64) boot: Partition Table:[0m
[0;32mI (67) boot: ## Label            Usage          Type ST Offset   Length[0m
[0;32mI (75) boot:  0 nvs              WiFi data        01 02 00009000 00006000[0m
[0;32mI (82) boot:  1 phy_init         RF data          01 01 0000f000 00001000[0m
[0;32mI (90) boot:  2 factory          factory app      00 00 00010000 00100000[0m
[0;32mI (97) boot: End of partition table[0m
[0;32mI (101) esp_image: segment 0: paddr=00010020 vaddr=3f400020 size=09dach ( 40364) map[0m
[0;32mI (121) esp_image: segment 1: paddr=00019dd4 vaddr=3ffb0000 size=02158h (  8536) load[0m
[0;32mI (124) esp_image: segment 2: paddr=0001bf34 vaddr=40080000 size=040e4h ( 16612) load[0m
[0;32mI (134) esp_image: segment 3: paddr=00020020 vaddr=400d0020 size=14ad0h ( 84688) map[0m
[0;32mI (161) esp_image: segment 4: paddr=00034af8 vaddr=400840e4 size=081a8h ( 33192) load[0m
[0;32mI (178) boot: Loaded app from partition at offset 0x10000[0m
[0;32mI (178) boot: Disabling RNG early entropy source...[0m
[0;32mI (190) cpu_start: Multicore app[0m
[0;32mI (190) cpu_start: Pro cpu up.[0m
[0;32mI (190) cpu_start: Starting app cpu, entry point is 0x400811e0[0m
[0;32mI (177) cpu_start: App cpu up.[0m
[0;32mI (208) cpu_start: Pro cpu start user code[0m
[0;32mI (208) cpu_start: cpu freq: 240000000 Hz[0m
[0;32mI (208) cpu_start: Application information:[0m
[0;32mI (213) cpu_start: Project name:     marcelino[0m
[0;32mI (218) cpu_start: App version:      729d225-dirty[0m
[0;32mI (223) cpu_start: Compile time:     Nov 11 2023 12:23:09[0m
[0;32mI (230) cpu_start: ELF file SHA256:  a7c297329c530ced...[0m
[0;32mI (236) cpu_start: ESP-IDF:          v5.1.1-dirty[0m
[0;32mI (241) cpu_start: Min chip rev:     v0.0[0m
[0;32mI (246) cpu_start: Max chip rev:     v3.99 [0m
[0;32mI (250) cpu_start: Chip rev:         v1.0[0m
[0;32mI (255) heap_init: Initializing. RAM available for dynamic allocation:[0m
[0;32mI (262) heap_init: At 3FFAE6E0 len 00001920 (6 KiB): DRAM[0m
[0;32mI (268) heap_init: At 3FFB2A28 len 0002D5D8 (181 KiB): DRAM[0m
[0;32mI (275) heap_init: At 3FFE0440 len 00003AE0 (14 KiB): D/IRAM[0m
[0;32mI (281) heap_init: At 3FFE4350 len 0001BCB0 (111 KiB): D/IRAM[0m
[0;32mI (287) heap_init: At 4008C28C len 00013D74 (79 KiB): IRAM[0m
[0;32mI (294) spi_flash: detected chip: generic[0m
[0;32mI (298) spi_flash: flash io: qio[0m
[0;32mI (302) Blink LED G: Task created[0m
[0;32mI (306) Print MSG: Task created[0m
[0;32mI (310) app_start: Starting scheduler on CPU0[0m

assert failed: xQueueReceive queue.c:1479 (!( ( ( pvBuffer ) == ((void *)0) ) && ( ( pxQueue )->uxItemSize != ( UBaseType_t ) 0U ) ))


Backtrace: 0x40081812:0x3ffb3b90 0x40085891:0x3ffb3bb0 0x4008af11:0x3ffb3bd0 0x40085fd9:0x3ffb3cf0 0x400d5708:0x3ffb3d30 0x40087ebd:0x3ffb3d50




ELF file SHA256: a7c297329c530ced

Rebooting...
ets Jun  8 2016 00:22:57

rst:0xc (SW_CPU_RESET),boot:0x13 (SPI_FAST_FLASH_BOOT)
configsip: 0, SPIWP:0xee
clk_drv:0x00,q_drv:0x00,d_drv:0x00,cs0_drv:0x00,hd_drv:0x00,wp_drv:0x00
mode:DIO, clock div:1
load:0x3fff0030,len:7432
load:0x40078000,len:16576
load:0x40080400,len:4
ho 8 tail 4 room 4
load:0x40080404,len:4284
entry 0x40080668
[0;32mI (30) boot: ESP-IDF v5.1.1-dirty 2nd stage bootloader[0m
[0;32mI (31) boot: compile time Nov 11 2023 12:23:34[0m
[0;32mI (31) boot: Multicore bootloader[0m
[0;32mI (36) boot: chip revision: v1.0[0m
[0;32mI (39) qio_mode: Enabling default flash chip QIO[0m
[0;32mI (45) boot.esp32: SPI Speed      : 80MHz[0m
[0;32mI (49) boot.esp32: SPI Mode       : QIO[0m
[0;32mI (54) boot.esp32: SPI Flash Size : 4MB[0m
[0;32mI (58) boot: Enabling RNG early entropy source...[0m
[0;32mI (64) boot: Partition Table:[0m
[0;32mI (67) boot: ## Label            Usage          Type ST Offset   Length[0m
[0;32mI (75) boot:  0 nvs              WiFi data        01 02 00009000 00006000[0m
[0;32mI (82) boot:  1 phy_init         RF data          01 01 0000f000 00001000[0m
[0;32mI (90) boot:  2 factory          factory app      00 00 00010000 00100000[0m
[0;32mI (97) boot: End of partition table[0m
[0;32mI (101) esp_image: segment 0: paddr=00010020 vaddr=3f400020 size=09dach ( 40364) map[0m
[0;32mI (121) esp_image: segment 1: paddr=00019dd4 vaddr=3ffb0000 size=02158h (  8536) load[0m
[0;32mI (124) esp_image: segment 2: paddr=0001bf34 vaddr=40080000 size=040e4h ( 16612) load[0m
[0;32mI (134) esp_image: segment 3: paddr=00020020 vaddr=400d0020 size=14ad0h ( 84688) map[0m
[0;32mI (161) esp_image: segment 4: paddr=00034af8 vaddr=400840e4 size=081a8h ( 33192) load[0m
[0;32mI (178) boot: Loaded app from partition at offset 0x10000[0m
[0;32mI (178) boot: Disabling RNG early entropy source...[0m
[0;32mI (190) cpu_start: Multicore app[0m
[0;32mI (190) cpu_start: Pro cpu up.[0m
[0;32mI (190) cpu_start: Starting app cpu, entry point is 0x400811e0[0m
[0;32mI (177) cpu_start: App cpu up.[0m
[0;32mI (208) cpu_start: Pro cpu start user code[0m
[0;32mI (208) cpu_start: cpu freq: 240000000 Hz[0m
[0;32mI (208) cpu_start: Application information:[0m
[0;32mI (213) cpu_start: Project name:     marcelino[0m
[0;32mI (218) cpu_start: App version:      729d225-dirty[0m
[0;32mI (223) cpu_start: Compile time:     Nov 11 2023 12:23:09[0m
[0;32mI (230) cpu_start: ELF file SHA256:  a7c297329c530ced...[0m
[0;32mI (236) cpu_start: ESP-IDF:          v5.1.1-dirty[0m
[0;32mI (241) cpu_start: Min chip rev:     v0.0[0m
[0;32mI (246) cpu_start: Max chip rev:     v3.99 [0m
[0;32mI (250) cpu_start: Chip rev:         v1.0[0m
[0;32mI (255) heap_init: Initializing. RAM available for dynamic allocation:[0m
[0;32mI (262) heap_init: At 3FFAE6E0 len 00001920 (6 KiB): DRAM[0m
[0;32mI (268) heap_init: At 3FFB2A28 len 0002D5D8 (181 KiB): DRAM[0m
[0;32mI (275) heap_init: At 3FFE0440 len 00003AE0 (14 KiB): D/IRAM[0m
[0;32mI (281) heap_init: At 3FFE4350 len 0001BCB0 (111 KiB): D/IRAM[0m
[0;32mI (287) heap_init: At 4008C28C len 00013D74 (79 KiB): IRAM[0m
[0;32mI (294) spi_flash: detected chip: generic[0m
[0;32mI (298) spi_flash: flash io: qio[0m
[0;32mI (302) Blink LED G: Task created[0m
[0;32mI (306) Print MSG: Task created[0m
[0;32mI (310) app_start: Starting scheduler on CPU0[0m

assert failed: xQueueReceive queue.c:1479 (!( ( ( pvBuffer ) == ((void *)0) ) && ( ( pxQueue )->uxItemSize != ( UBaseType_t ) 0U ) ))


Backtrace: 0x40081812:0x3ffb3b90 0x40085891:0x3ffb3bb0 0x4008af11:0x3ffb3bd0 0x40085fd9:0x3ffb3cf0 0x400d5708:0x3ffb3d30 0x40087ebd:0x3ffb3d50




ELF file SHA256: a7c297329c530ced

Rebooting...
ets Jun  8 2016 00:22:57

rst:0xc (SW_CPU_RESET),boot:0x13 (SPI_FAST_FLASH_BOOT)
configsip: 0, SPIWP:0xee
clk_drv:0x00,q_drv:0x00,d_drv:0x00,cs0_drv:0x00,hd_drv:0x00,wp_drv:0x00
mode:DIO, clock div:1
load:0x3fff0030,len:7432
load:0x40078000,len:16576
load:0x40080400,len:4
ho 8 tail 4 room 4
load:0x40080404,len:4284
entry 0x40080668
[0;32mI (30) boot: ESP-IDF v5.1.1-dirty 2nd stage bootloader[0m
[0;32mI (31) boot: compile time Nov 11 2023 12:23:34[0m
[0;32mI (31) boot: Multicore bootloader[0m
[0;32mI (36) boot: chip revision: v1.0[0m
[0;32mI (39) qio_mode: Enabling default flash chip QIO[0m
[0;32mI (45) boot.esp32: SPI Speed      : 80MHz[0m
[0;32mI (49) boot.esp32: SPI Mode       : QIO[0m
[0;32mI (54) boot.esp32: SPI Flash Size : 4MB[0m
[0;32mI (58) boot: Enabling RNG early entropy source...[0m
[0;32mI (64) boot: Partition Table:[0m
[0;32mI (67) boot: ## Label            Usage          Type ST Offset   Length[0m
[0;32mI (75) boot:  0 nvs              WiFi data        01 02 00009000 00006000[0m
[0;32mI (82) boot:  1 phy_init         RF data          01 01 0000f000 00001000[0m
[0;32mI (90) boot:  2 factory          factory app      00 00 00010000 00100000[0m
[0;32mI (97) boot: End of partition table[0m
[0;32mI (101) esp_image: segment 0: paddr=00010020 vaddr=3f400020 size=09dach ( 40364) map[0m
[0;32mI (121) esp_image: segment 1: paddr=00019dd4 vaddr=3ffb0000 size=02158h (  8536) load[0m
[0;32mI (124) esp_image: segment 2: paddr=0001bf34 vaddr=40080000 size=040e4h ( 16612) load[0m
[0;32mI (134) esp_image: segment 3: paddr=00020020 vaddr=400d0020 size=14ad0h ( 84688) map[0m
[0;32mI (161) esp_image: segment 4: paddr=00034af8 vaddr=400840e4 size=081a8h ( 33192) load[0m
[0;32mI (178) boot: Loaded app from partition at offset 0x10000[0m
[0;32mI (178) boot: Disabling RNG early entropy source...[0m
[0;32mI (190) cpu_start: Multicore app[0m
[0;32mI (190) cpu_start: Pro cpu up.[0m
[0;32mI (190) cpu_start: Starting app cpu, entry point is 0x400811e0[0m
[0;32mI (177) cpu_start: App cpu up.[0m
[0;32mI (208) cpu_start: Pro cpu start user code[0m
[0;32mI (208) cpu_start: cpu freq: 240000000 Hz[0m
[0;32mI (208) cpu_start: Application information:[0m
[0;32mI (213) cpu_start: Project name:     marcelino[0m
[0;32mI (218) cpu_start: App version:      729d225-dirty[0m
[0;32mI (223) cpu_start: Compile time:     Nov 11 2023 12:23:09[0m
[0;32mI (230) cpu_start: ELF file SHA256:  a7c297329c530ced...[0m
[0;32mI (236) cpu_start: ESP-IDF:          v5.1.1-dirty[0m
[0;32mI (241) cpu_start: Min chip rev:     v0.0[0m
[0;32mI (246) cpu_start: Max chip rev:     v3.99 [0m
[0;32mI (250) cpu_start: Chip rev:         v1.0[0m
[0;32mI (255) heap_init: Initializing. RAM available for dynamic allocation:[0m
[0;32mI (262) heap_init: At 3FFAE6E0 len 00001920 (6 KiB): DRAM[0m
[0;32mI (268) heap_init: At 3FFB2A28 len 0002D5D8 (181 KiB): DRAM[0m
[0;32mI (275) heap_init: At 3FFE0440 len 00003AE0 (14 KiB): D/IRAM[0m
[0;32mI (281) heap_init: At 3FFE4350 len 0001BCB0 (111 KiB): D/IRAM[0m
[0;32mI (287) heap_init: At 4008C28C len 00013D74 (79 KiB): IRAM[0m
[0;32mI (294) spi_flash: detected chip: generic[0m
[0;32mI (298) spi_flash: flash io: qio[0m
[0;32mI (302) Blink LED G: Task created[0m
[0;32mI (306) Print MSG: Task created[0m
[0;32mI (310) app_start: Starting scheduler on CPU0[0m

assert failed: xQueueReceive queue.c:1479 (!( ( ( pvBuffer ) == ((void *)0) ) && ( ( pxQueue )->uxItemSize != ( UBaseType_t ) 0U ) ))


Backtrace: 0x40081812:0x3ffb3b90 0x40085891:0x3ffb3bb0 0x4008af11:0x3ffb3bd0 0x40085fd9:0x3ffb3cf0 0x400d5708:0x3ffb3d30 0x40087ebd:0x3ffb3d50




ELF file SHA256: a7c297329c530ced

Rebooting...
ets Jun  8 2016 00:22:57

rst:0xc (SW_CPU_RESET),boot:0x13 (SPI_FAST_FLASH_BOOT)
configsip: 0, SPIWP:0xee
clk_drv:0x00,q_drv:0x00,d_drv:0x00,cs0_drv:0x00,hd_drv:0x00,wp_drv:0x00
mode:DIO, clock div:1
load:0x3fff0030,len:7432
load:0x40078000,len:16576
load:0x40080400,len:4
ho 8 tail 4 room 4
load:0x40080404,len:4284
entry 0x40080668
[0;32mI (30) boot: ESP-IDF v5.1.1-dirty 2nd stage bootloader[0m
[0;32mI (31) boot: compile time Nov 11 2023 12:23:34[0m
[0;32mI (31) boot: Multicore bootloader[0m
[0;32mI (36) boot: chip revision: v1.0[0m
[0;32mI (39) qio_mode: Enabling default flash chip QIO[0m
[0;32mI (45) boot.esp32: SPI Speed      : 80MHz[0m
[0;32mI (49) boot.esp32: SPI Mode       : QIO[0m
[0;32mI (54) boot.esp32: SPI Flash Size : 4MB[0m
[0;32mI (58) boot: Enabling RNG early entropy source...[0m
[0;32mI (64) boot: Partition Table:[0m
[0;32mI (67) boot: ## Label            Usage          Type ST Offset   Length[0m
[0;32mI (75) boot:  0 nvs              WiFi data        01 02 00009000 00006000[0m
[0;32mI (82) boot:  1 phy_init         RF data          01 01 0000f000 00001000[0m
[0;32mI (90) boot:  2 factory          factory app      00 00 00010000 00100000[0m
[0;32mI (97) boot: End of partition table[0m
[0;32mI (101) esp_image: segment 0: paddr=00010020 vaddr=3f400020 size=09dach ( 40364) map[0m
[0;32mI (121) esp_image: segment 1: paddr=00019dd4 vaddr=3ffb0000 size=02158h (  8536) load[0m
[0;32mI (124) esp_image: segment 2: paddr=0001bf34 vaddr=40080000 size=040e4h ( 16612) load[0m
[0;32mI (134) esp_image: segment 3: paddr=00020020 vaddr=400d0020 size=14ad0h ( 84688) map[0m
[0;32mI (161) esp_image: segment 4: paddr=00034af8 vaddr=400840e4 size=081a8h ( 33192) load[0m
[0;32mI (178) boot: Loaded app from partition at offset 0x10000[0m
[0;32mI (178) boot: Disabling RNG early entropy source...[0m
[0;32mI (190) cpu_start: Multicore app[0m
[0;32mI (190) cpu_start: Pro cpu up.[0m
[0;32mI (190) cpu_start: Starting app cpu, entry point is 0x400811e0[0m
[0;32mI (177) cpu_start: App cpu up.[0m
[0;32mI (208) cpu_start: Pro cpu start user code[0m
[0;32mI (208) cpu_start: cpu freq: 240000000 Hz[0m
[0;32mI (208) cpu_start: Application information:[0m
[0;32mI (213) cpu_start: Project name:     marcelino[0m
[0;32mI (218) cpu_start: App version:      729d225-dirty[0m
[0;32mI (223) cpu_start: Compile time:     Nov 11 2023 12:23:09[0m
[0;32mI (230) cpu_start: ELF file SHA256:  a7c297329c530ced...[0m
[0;32mI (236) cpu_start: ESP-IDF:          v5.1.1-dirty[0m
[0;32mI (241) cpu_start: Min chip rev:     v0.0[0m
[0;32mI (246) cpu_start: Max chip rev:     v3.99 [0m
[0;32mI (250) cpu_start: Chip rev:         v1.0[0m
[0;32mI (255) heap_init: Initializing. RAM available for dynamic allocation:[0m
[0;32mI (262) heap_init: At 3FFAE6E0 len 00001920 (6 KiB): DRAM[0m
[0;32mI (268) heap_init: At 3FFB2A28 len 0002D5D8 (181 KiB): DRAM[0m
[0;32mI (275) heap_init: At 3FFE0440 len 00003AE0 (14 KiB): D/IRAM[0m
[0;32mI (281) heap_init: At 3FFE4350 len 0001BCB0 (111 KiB): D/IRAM[0m
[0;32mI (287) heap_init: At 4008C28C len 00013D74 (79 KiB): IRAM[0m
[0;32mI (294) spi_flash: detected chip: generic[0m
[0;32mI (298) spi_flash: flash io: qio[0m
[0;32mI (302) Blink LED G: Task created[0m
[0;32mI (306) Print MSG: Task created[0m
[0;32mI (310) app_start: Starting scheduler on CPU0[0m

assert failed: xQueueReceive queue.c:1479 (!( ( ( pvBuffer ) == ((void *)0) ) && ( ( pxQueue )->uxItemSize != ( UBaseType_t ) 0U ) ))


Backtrace: 0x40081812:0x3ffb3b90 0x40085891:0x3ffb3bb0 0x4008af11:0x3ffb3bd0 0x40085fd9:0x3ffb3cf0 0x400d5708:0x3ffb3d30 0x40087ebd:0x3ffb3d50




ELF file SHA256: a7c297329c530ced

Rebooting...
ets Jun  8 2016 00:22:57

rst:0xc (SW_CPU_RESET),boot:0x13 (SPI_FAST_FLASH_BOOT)
configsip: 0, SPIWP:0xee
clk_drv:0x00,q_drv:0x00,d_drv:0x00,cs0_drv:0x00,hd_drv:0x00,wp_drv:0x00
mode:DIO, clock div:1
load:0x3fff0030,len:7432
load:0x40078000,len:16576
load:0x40080400,len:4
ho 8 tail 4 room 4
load:0x40080404,len:4284
entry 0x40080668
[0;32mI (30) boot: ESP-IDF v5.1.1-dirty 2nd stage bootloader[0m
[0;32mI (31) boot: compile time Nov 11 2023 12:23:34[0m
[0;32mI (31) boot: Multicore bootloader[0m
[0;32mI (36) boot: chip revision: v1.0[0m
[0;32mI (39) qio_mode: Enabling default flash chip QIO[0m
[0;32mI (45) boot.esp32: SPI Speed      : 80MHz[0m
[0;32mI (49) boot.esp32: SPI Mode       : QIO[0m
[0;32mI (54) boot.esp32: SPI Flash Size : 4MB[0m
[0;32mI (58) boot: Enabling RNG early entropy source...[0m
[0;32mI (64) boot: Partition Table:[0m
[0;32mI (67) boot: ## Label            Usage          Type ST Offset   Length[0m
[0;32mI (75) boot:  0 nvs              WiFi data        01 02 00009000 00006000[0m
[0;32mI (82) boot:  1 phy_init         RF data          01 01 0000f000 00001000[0m
[0;32mI (90) boot:  2 factory          factory app      00 00 00010000 00100000[0m
[0;32mI (97) boot: End of partition table[0m
[0;32mI (101) esp_image: segment 0: paddr=00010020 vaddr=3f400020 size=09dach ( 40364) map[0m
[0;32mI (121) esp_image: segment 1: paddr=00019dd4 vaddr=3ffb0000 size=02158h (  8536) load[0m
[0;32mI (124) esp_image: segment 2: paddr=0001bf34 vaddr=40080000 size=040e4h ( 16612) load[0m
[0;32mI (134) esp_image: segment 3: paddr=00020020 vaddr=400d0020 size=14ad0h ( 84688) map[0m
[0;32mI (161) esp_image: segment 4: paddr=00034af8 vaddr=400840e4 size=081a8h ( 33192) load[0m
[0;32mI (178) boot: Loaded app from partition at offset 0x10000[0m
[0;32mI (178) boot: Disabling RNG early entropy source...[0m
[0;32mI (190) cpu_start: Multicore app[0m
[0;32mI (190) cpu_start: Pro cpu up.[0m
[0;32mI (190) cpu_start: Starting app cpu, entry point is 0x400811e0[0m
[0;32mI (177) cpu_start: App cpu up.[0m
[0;32mI (208) cpu_start: Pro cpu start user code[0m
[0;32mI (208) cpu_start: cpu freq: 240000000 Hz[0m
[0;32mI (208) cpu_start: Application information:[0m
[0;32mI (213) cpu_start: Project name:     marcelino[0m
[0;32mI (218) cpu_start: App version:      729d225-dirty[0m
[0;32mI (223) cpu_start: Compile time:     Nov 11 2023 12:23:09[0m
[0;32mI (230) cpu_start: ELF file SHA256:  a7c297329c530ced...[0m
[0;32mI (236) cpu_start: ESP-IDF:          v5.1.1-dirty[0m
[0;32mI (241) cpu_start: Min chip rev:     v0.0[0m
[0;32mI (246) cpu_start: Max chip rev:     v3.99 [0m
[0;32mI (250) cpu_start: Chip rev:         v1.0[0m
[0;32mI (255) heap_init: Initializing. RAM available for dynamic allocation:[0m
[0;32mI (262) heap_init: At 3FFAE6E0 len 00001920 (6 KiB): DRAM[0m
[0;32mI (268) heap_init: At 3FFB2A28 len 0002D5D8 (181 KiB): DRAM[0m
[0;32mI (275) heap_init: At 3FFE0440 len 00003AE0 (14 KiB): D/IRAM[0m
[0;32mI (281) heap_init: At 3FFE4350 len 0001BCB0 (111 KiB): D/IRAM[0m
[0;32mI (287) heap_init: At 4008C28C len 00013D74 (79 KiB): IRAM[0m
[0;32mI (294) spi_flash: detected chip: generic[0m
[0;32mI (298) spi_flash: flash io: qio[0m
[0;32mI (302) Blink LED G: Task created[0m
[0;32mI (306) Print MSG: Task created[0m
[0;32mI (310) app_start: Starting scheduler on CPU0[0m

assert failed: xQueueReceive queue.c:1479 (!( ( ( pvBuffer ) == ((void *)0) ) && ( ( pxQueue )->uxItemSize != ( UBaseType_t ) 0U ) ))


Backtrace: 0x40081812:0x3ffb3b90 0x40085891:0x3ffb3bb0 0x4008af11:0x3ffb3bd0 0x40085fd9:0x3ffb3cf0 0x400d5708:0x3ffb3d30 0x40087ebd:0x3ffb3d50




ELF file SHA256: a7c297329c530ced

Rebooting...
ets Jun  8 2016 00:22:57

rst:0xc (SW_CPU_RESET),boot:0x13 (SPI_FAST_FLASH_BOOT)
configsip: 0, SPIWP:0xee
clk_drv:0x00,q_drv:0x00,d_drv:0x00,cs0_drv:0x00,hd_drv:0x00,wp_drv:0x00
mode:DIO, clock div:1
load:0x3fff0030,len:7432
load:0x40078000,len:16576
load:0x40080400,len:4
ho 8 tail 4 room 4
load:0x40080404,len:4284
entry 0x40080668
[0;32mI (30) boot: ESP-IDF v5.1.1-dirty 2nd stage bootloader[0m
[0;32mI (31) boot: compile time Nov 11 2023 12:23:34[0m
[0;32mI (31) boot: Multicore bootloader[0m
[0;32mI (36) boot: chip revision: v1.0[0m
[0;32mI (39) qio_mode: Enabling default flash chip QIO[0m
[0;32mI (45) boot.esp32: SPI Speed      : 80MHz[0m
[0;32mI (49) boot.esp32: SPI Mode       : QIO[0m
[0;32mI (54) boot.esp32: SPI Flash Size : 4MB[0m
[0;32mI (58) boot: Enabling RNG early entropy source...[0m
[0;32mI (64) boot: Partition Table:[0m
[0;32mI (67) boot: ## Label            Usage          Type ST Offset   Length[0m
[0;32mI (75) boot:  0 nvs              WiFi data        01 02 00009000 00006000[0m
[0;32mI (82) boot:  1 phy_init         RF data          01 01 0000f000 00001000[0m
[0;32mI (90) boot:  2 factory          factory app      00 00 00010000 00100000[0m
[0;32mI (97) boot: End of partition table[0m
[0;32mI (101) esp_image: segment 0: paddr=00010020 vaddr=3f400020 size=09dach ( 40364) map[0m
[0;32mI (121) esp_image: segment 1: paddr=00019dd4 vaddr=3ffb0000 size=02158h (  8536) load[0m
[0;32mI (124) esp_image: segment 2: paddr=0001bf34 vaddr=40080000 size=040e4h ( 16612) load[0m
[0;32mI (134) esp_image: segment 3: paddr=00020020 vaddr=400d0020 size=14ad0h ( 84688) map[0m
[0;32mI (161) esp_image: segment 4: paddr=00034af8 vaddr=400840e4 size=081a8h ( 33192) load[0m
[0;32mI (178) boot: Loaded app from partition at offset 0x10000[0m
[0;32mI (178) boot: Disabling RNG early entropy source...[0m
[0;32mI (190) cpu_start: Multicore app[0m
[0;32mI (190) cpu_start: Pro cpu up.[0m
[0;32mI (190) cpu_start: Starting app cpu, entry point is 0x400811e0[0m
[0;32mI (177) cpu_start: App cpu up.[0m
[0;32mI (208) cpu_start: Pro cpu start user code[0m
[0;32mI (208) cpu_start: cpu freq: 240000000 Hz[0m
[0;32mI (208) cpu_start: Application information:[0m
[0;32mI (213) cpu_start: Project name:     marcelino[0m
[0;32mI (218) cpu_start: App version:      729d225-dirty[0m
[0;32mI (223) cpu_start: Compile time:     Nov 11 2023 12:23:09[0m
[0;32mI (230) cpu_start: ELF file SHA256:  a7c297329c530ced...[0m
[0;32mI (236) cpu_start: ESP-IDF:          v5.1.1-dirty[0m
[0;32mI (241) cpu_start: Min chip rev:     v0.0[0m
[0;32mI (246) cpu_start: Max chip rev:     v3.99 [0m
[0;32mI (250) cpu_start: Chip rev:         v1.0[0m
[0;32mI (255) heap_init: Initializing. RAM available for dynamic allocation:[0m
[0;32mI (262) heap_init: At 3FFAE6E0 len 00001920 (6 KiB): DRAM[0m
[0;32mI (268) heap_init: At 3FFB2A28 len 0002D5D8 (181 KiB): DRAM[0m
[0;32mI (275) heap_init: At 3FFE0440 len 00003AE0 (14 KiB): D/IRAM[0m
[0;32mI (281) heap_init: At 3FFE4350 len 0001BCB0 (111 KiB): D/IRAM[0m
[0;32mI (287) heap_init: At 4008C28C len 00013D74 (79 KiB): IRAM[0m
[0;32mI (294) spi_flash: detected chip: generic[0m
[0;32mI (298) spi_flash: flash io: qio[0m
[0;32mI (302) Blink LED G: Task created[0m
[0;32mI (306) Print MSG: Task created[0m
[0;32mI (310) app_start: Starting scheduler on CPU0[0m

assert failed: xQueueReceive queue.c:1479 (!( ( ( pvBuffer ) == ((void *)0) ) && ( ( pxQueue )->uxItemSize != ( UBaseType_t ) 0U ) ))


Backtrace: 0x40081812:0x3ffb3b90 0x40085891:0x3ffb3bb0 0x4008af11:0x3ffb3bd0 0x40085fd9:0x3ffb3cf0 0x400d5708:0x3ffb3d30 0x40087ebd:0x3ffb3d50




ELF file SHA256: a7c297329c530ced

Rebooting...
ets Jun  8 2016 00:22:57

rst:0xc (SW_CPU_RESET),boot:0x13 (SPI_FAST_FLASH_BOOT)
configsip: 0, SPIWP:0xee
clk_drv:0x00,q_drv:0x00,d_drv:0x00,cs0_drv:0x00,hd_drv:0x00,wp_drv:0x00
mode:DIO, clock div:1
load:0x3fff0030,len:7432
load:0x40078000,len:16576
load:0x40080400,len:4
ho 8 tail 4 room 4
load:0x40080404,len:4284
entry 0x40080668
[0;32mI (30) boot: ESP-IDF v5.1.1-dirty 2nd stage bootloader[0m
[0;32mI (31) boot: compile time Nov 11 2023 12:23:34[0m
[0;32mI (31) boot: Multicore bootloader[0m
[0;32mI (36) boot: chip revision: v1.0[0m
[0;32mI (39) qio_mode: Enabling default flash chip QIO[0m
[0;32mI (45) boot.esp32: SPI Speed      : 80MHz[0m
[0;32mI (49) boot.esp32: SPI Mode       : QIO[0m
[0;32mI (54) boot.esp32: SPI Flash Size : 4MB[0m
[0;32mI (58) boot: Enabling RNG early entropy source...[0m
[0;32mI (64) boot: Partition Table:[0m
[0;32mI (67) boot: ## Label            Usage          Type ST Offset   Length[0m
[0;32mI (75) boot:  0 nvs              WiFi data        01 02 00009000 00006000[0m
[0;32mI (82) boot:  1 phy_init         RF data          01 01 0000f000 00001000[0m
[0;32mI (90) boot:  2 factory          factory app      00 00 00010000 00100000[0m
[0;32mI (97) boot: End of partition table[0m
[0;32mI (101) esp_image: segment 0: paddr=00010020 vaddr=3f400020 size=09dach ( 40364) map[0m
[0;32mI (121) esp_image: segment 1: paddr=00019dd4 vaddr=3ffb0000 size=02158h (  8536) load[0m
[0;32mI (124) esp_image: segment 2: paddr=0001bf34 vaddr=40080000 size=040e4h ( 16612) load[0m
[0;32mI (134) esp_image: segment 3: paddr=00020020 vaddr=400d0020 size=14ad0h ( 84688) map[0m
[0;32mI (161) esp_image: segment 4: paddr=00034af8 vaddr=400840e4 size=081a8h ( 33192) load[0m
[0;32mI (178) boot: Loaded app from partition at offset 0x10000[0m
[0;32mI (178) boot: Disabling RNG early entropy source...[0m
[0;32mI (190) cpu_start: Multicore app[0m
[0;32mI (190) cpu_start: Pro cpu up.[0m
[0;32mI (190) cpu_start: Starting app cpu, entry point is 0x400811e0[0m
[0;32mI (177) cpu_start: App cpu up.[0m
[0;32mI (208) cpu_start: Pro cpu start user code[0m
[0;32mI (208) cpu_start: cpu freq: 240000000 Hz[0m
[0;32mI (208) cpu_start: Application information:[0m
[0;32mI (213) cpu_start: Project name:     marcelino[0m
[0;32mI (218) cpu_start: App version:      729d225-dirty[0m
[0;32mI (223) cpu_start: Compile time:     Nov 11 2023 12:23:09[0m
[0;32mI (230) cpu_start: ELF file SHA256:  a7c297329c530ced...[0m
[0;32mI (236) cpu_start: ESP-IDF:          v5.1.1-dirty[0m
[0;32mI (241) cpu_start: Min chip rev:     v0.0[0m
[0;32mI (246) cpu_start: Max chip rev:     v3.99 [0m
[0;32mI (250) cpu_start: Chip rev:         v1.0[0m
[0;32mI (255) heap_init: Initializing. RAM available for dynamic allocation:[0m
[0;32mI (262) heap_init: At 3FFAE6E0 len 00001920 (6 KiB): DRAM[0m
[0;32mI (268) heap_init: At 3FFB2A28 len 0002D5D8 (181 KiB): DRAM[0m
[0;32mI (275) heap_init: At 3FFE0440 len 00003AE0 (14 KiB): D/IRAM[0m
[0;32mI (281) heap_init: At 3FFE4350 len 0001BCB0 (111 KiB): D/IRAM[0m
[0;32mI (287) heap_init: At 4008C28C len 00013D74 (79 KiB): IRAM[0m
[0;32mI (294) spi_flash: detected chip: generic[0m
[0;32mI (298) spi_flash: flash io: qio[0m
[0;32mI (302) Blink LED G: Task created[0m
[0;32mI (306) Print MSG: Task created[0m
[0;32mI (310) app_start: Starting scheduler on CPU0[0m

assert failed: xQueueReceive queue.c:1479 (!( ( ( pvBuffer ) == ((void *)0) ) && ( ( pxQueue )->uxItemSize != ( UBaseType_t ) 0U ) ))


Backtrace: 0x40081812:0x3ffb3b90 0x40085891:0x3ffb3bb0 0x4008af11:0x3ffb3bd0 0x40085fd9:0x3ffb3cf0 0x400d5708:0x3ffb3d30 0x40087ebd:0x3ffb3d50




ELF file SHA256: a7c297329c530ced

Rebooting...
ets Jun  8 2016 00:22:57

rst:0xc (SW_CPU_RESET),boot:0x13 (SPI_FAST_FLASH_BOOT)
configsip: 0, SPIWP:0xee
clk_drv:0x00,q_drv:0x00,d_drv:0x00,cs0_drv:0x00,hd_drv:0x00,wp_drv:0x00
mode:DIO, clock div:1
load:0x3fff0030,len:7432
load:0x40078000,len:16576
load:0x40080400,len:4
ho 8 tail 4 room 4
load:0x40080404,len:4284
entry 0x40080668
[0;32mI (30) boot: ESP-IDF v5.1.1-dirty 2nd stage bootloader[0m
[0;32mI (31) boot: compile time Nov 11 2023 12:23:34[0m
[0;32mI (31) boot: Multicore bootloader[0m
[0;32mI (36) boot: chip revision: v1.0[0m
[0;32mI (39) qio_mode: Enabling default flash chip QIO[0m
[0;32mI (45) boot.esp32: SPI Speed      : 80MHz[0m
[0;32mI (49) boot.esp32: SPI Mode       : QIO[0m
[0;32mI (54) boot.esp32: SPI Flash Size : 4MB[0m
[0;32mI (58) boot: Enabling RNG early entropy source...[0m
[0;32mI (64) boot: Partition Table:[0m
[0;32mI (67) boot: ## Label            Usage          Type ST Offset   Length[0m
[0;32mI (75) boot:  0 nvs              WiFi data        01 02 00009000 00006000[0m
[0;32mI (82) boot:  1 phy_init         RF data          01 01 0000f000 00001000[0m
[0;32mI (90) boot:  2 factory          factory app      00 00 00010000 00100000[0m
[0;32mI (97) boot: End of partition table[0m
[0;32mI (101) esp_image: segment 0: paddr=00010020 vaddr=3f400020 size=09dach ( 40364) map[0m
[0;32mI (121) esp_image: segment 1: paddr=00019dd4 vaddr=3ffb0000 size=02158h (  8536) load[0m
[0;32mI (124) esp_image: segment 2: paddr=0001bf34 vaddr=40080000 size=040e4h ( 16612) load[0m
[0;32mI (134) esp_image: segment 3: paddr=00020020 vaddr=400d0020 size=14ad0h ( 84688) map[0m
[0;32mI (161) esp_image: segment 4: paddr=00034af8 vaddr=400840e4 size=081a8h ( 33192) load[0m
[0;32mI (178) boot: Loaded app from partition at offset 0x10000[0m
[0;32mI (178) boot: Disabling RNG early entropy source...[0m
[0;32mI (190) cpu_start: Multicore app[0m
[0;32mI (190) cpu_start: Pro cpu up.[0m
[0;32mI (190) cpu_start: Starting app cpu, entry point is 0x400811e0[0m
[0;32mI (177) cpu_start: App cpu up.[0m
[0;32mI (208) cpu_start: Pro cpu start user code[0m
[0;32mI (208) cpu_start: cpu freq: 240000000 Hz[0m
[0;32mI (208) cpu_start: Application information:[0m
[0;32mI (213) cpu_start: Project name:     marcelino[0m
[0;32mI (218) cpu_start: App version:      729d225-dirty[0m
[0;32mI (223) cpu_start: Compile time:     Nov 11 2023 12:23:09[0m
[0;32mI (230) cpu_start: ELF file SHA256:  a7c297329c530ced...[0m
[0;32mI (236) cpu_start: ESP-IDF:          v5.1.1-dirty[0m
[0;32mI (241) cpu_start: Min chip rev:     v0.0[0m
[0;32mI (246) cpu_start: Max chip rev:     v3.99 [0m
[0;32mI (250) cpu_start: Chip rev:         v1.0[0m
[0;32mI (255) heap_init: Initializing. RAM available for dynamic allocation:[0m
[0;32mI (262) heap_init: At 3FFAE6E0 len 00001920 (6 KiB): DRAM[0m
[0;32mI (268) heap_init: At 3FFB2A28 len 0002D5D8 (181 KiB): DRAM[0m
[0;32mI (275) heap_init: At 3FFE0440 len 00003AE0 (14 KiB): D/IRAM[0m
[0;32mI (281) heap_init: At 3FFE4350 len 0001BCB0 (111 KiB): D/IRAM[0m
[0;32mI (287) heap_init: At 4008C28C len 00013D74 (79 KiB): IRAM[0m
[0;32mI (294) spi_flash: detected chip: generic[0m
[0;32mI (298) spi_flash: flash io: qio[0m
[0;32mI (302) Blink LED G: Task created[0m
[0;32mI (306) Print MSG: Task created[0m
[0;32mI (310) app_start: Starting scheduler on CPU0[0m

assert failed: xQueueReceive queue.c:1479 (!( ( ( pvBuffer ) == ((void *)0) ) && ( ( pxQueue )->uxItemSize != ( UBaseType_t ) 0U ) ))


Backtrace: 0x40081812:0x3ffb3b90 0x40085891:0x3ffb3bb0 0x4008af11:0x3ffb3bd0 0x40085fd9:0x3ffb3cf0 0x400d5708:0x3ffb3d30 0x40087ebd:0x3ffb3d50




ELF file SHA256: a7c297329c530ced

Rebooting...
ets Jun  8 2016 00:22:57

rst:0xc (SW_CPU_RESET),boot:0x13 (SPI_FAST_FLASH_BOOT)
configsip: 0, SPIWP:0xee
clk_drv:0x00,q_drv:0x00,d_drv:0x00,cs0_drv:0x00,hd_drv:0x00,wp_drv:0x00
mode:DIO, clock div:1
load:0x3fff0030,len:7432
load:0x40078000,len:16576
load:0x40080400,len:4
ho 8 tail 4 room 4
load:0x40080404,len:4284
entry 0x40080668
[0;32mI (30) boot: ESP-IDF v5.1.1-dirty 2nd stage bootloader[0m
[0;32mI (31) boot: compile time Nov 11 2023 12:23:34[0m
[0;32mI (31) boot: Multicore bootloader[0m
[0;32mI (36) boot: chip revision: v1.0[0m
[0;32mI (39) qio_mode: Enabling default flash chip QIO[0m
[0;32mI (45) boot.esp32: SPI Speed      : 80MHz[0m
[0;32mI (49) boot.esp32: SPI Mode       : QIO[0m
[0;32mI (54) boot.esp32: SPI Flash Size : 4MB[0m
[0;32mI (58) boot: Enabling RNG early entropy source...[0m
[0;32mI (64) boot: Partition Table:[0m
[0;32mI (67) boot: ## Label            Usage          Type ST Offset   Length[0m
[0;32mI (75) boot:  0 nvs              WiFi data        01 02 00009000 00006000[0m
[0;32mI (82) boot:  1 phy_init         RF data          01 01 0000f000 00001000[0m
[0;32mI (90) boot:  2 factory          factory app      00 00 00010000 00100000[0m
[0;32mI (97) boot: End of partition table[0m
[0;32mI (101) esp_image: segment 0: paddr=00010020 vaddr=3f400020 size=09dach ( 40364) map[0m
[0;32mI (121) esp_image: segment 1: paddr=00019dd4 vaddr=3ffb0000 size=02158h (  8536) load[0m
[0;32mI (124) esp_image: segment 2: paddr=0001bf34 vaddr=40080000 size=040e4h ( 16612) load[0m
[0;32mI (134) esp_image: segment 3: paddr=00020020 vaddr=400d0020 size=14ad0h ( 84688) map[0m
[0;32mI (161) esp_image: segment 4: paddr=00034af8 vaddr=400840e4 size=081a8h ( 33192) load[0m
[0;32mI (178) boot: Loaded app from partition at offset 0x10000[0m
[0;32mI (178) boot: Disabling RNG early entropy source...[0m
[0;32mI (190) cpu_start: Multicore app[0m
[0;32mI (190) cpu_start: Pro cpu up.[0m
[0;32mI (190) cpu_start: Starting app cpu, entry point is 0x400811e0[0m
[0;32mI (177) cpu_start: App cpu up.[0m
[0;32mI (208) cpu_start: Pro cpu start user code[0m
[0;32mI (208) cpu_start: cpu freq: 240000000 Hz[0m
[0;32mI (208) cpu_start: Application information:[0m
[0;32mI (213) cpu_start: Project name:     marcelino[0m
[0;32mI (218) cpu_start: App version:      729d225-dirty[0m
[0;32mI (223) cpu_start: Compile time:     Nov 11 2023 12:23:09[0m
[0;32mI (230) cpu_start: ELF file SHA256:  a7c297329c530ced...[0m
[0;32mI (236) cpu_start: ESP-IDF:          v5.1.1-dirty[0m
[0;32mI (241) cpu_start: Min chip rev:     v0.0[0m
[0;32mI (246) cpu_start: Max chip rev:     v3.99 [0m
[0;32mI (250) cpu_start: Chip rev:         v1.0[0m
[0;32mI (255) heap_init: Initializing. RAM available for dynamic allocation:[0m
[0;32mI (262) heap_init: At 3FFAE6E0 len 00001920 (6 KiB): DRAM[0m
[0;32mI (268) heap_init: At 3FFB2A28 len 0002D5D8 (181 KiB): DRAM[0m
[0;32mI (275) heap_init: At 3FFE0440 len 00003AE0 (14 KiB): D/IRAM[0m
[0;32mI (281) heap_init: At 3FFE4350 len 0001BCB0 (111 KiB): D/IRAM[0m
[0;32mI (287) heap_init: At 4008C28C len 00013D74 (79 KiB): IRAM[0m
