nericï¿½ets Ju8 2016ï¿½ï¿½:22:57ï¿½HHï¿½ï¿½ï¿½0xLBPOWEROï¿½%UMQï¿½,boï¿½ï¿½0x13 (Sï¿½}MQ}1SH_BOOT)Cï¿½ï¿½ï¿½Ë¥ï¿½Í¥ï¿½ï¿½ 0, SPIWï¿½ï¿½xee
cï¿½Eï¿½ï¿½ï¿½0xï¿½bï¿½}ï¿½ï¿½ï¿½ï¿½0ï¿½0,d_drv'ï¿½ï¿½0,cs0Eï¿½ï¿½ï¿½0x00,ï¿½}ï¿½ï¿½ï¿½ï¿½0ï¿½0,wp_drv'ï¿½ï¿½0
mï¿½ï¿½ï¿½DIO, ,ï¿½kï¿½ï¿½divï¿½j
load:ï¿½ï¿½fff003bbï¿½ï¿½ï¿½743ï¿½Hï¿½ï¿½+ï¿½ï¿½0xï¿½78000ï¿½ï¿½ï¿½ï¿½1657SHï¿½ë…‘ï¿½0ï¿½008040bbï¿½ï¿½ï¿½4
ï¿½ï¿½ tail ï¿½ï¿½ï¿½ï¿½ï¿½4
ï¿½+ï¿½ï¿½0x400ï¿½ï¿½04,len:ï¿½ï¿½4
entï¿½ï¿½0x40080ï¿½j
[0;32mI (30) boot: ESP-IDF v5.1.1-dirty 2nd stage bootloader[0m
[0;32mI (30) boot: compile time Nov 11 2023 12:23:34[0m
[0;32mI (30) boot: Multicore bootloader[0m
[0;32mI (35) boot: chip revision: v1.0[0m
[0;32mI (39) qio_mode: Enabling default flash chip QIO[0m
[0;32mI (44) boot.esp32: SPI Speed      : 80MHz[0m
[0;32mI (49) boot.esp32: SPI Mode       : QIO[0m
[0;32mI (53) boot.esp32: SPI Flash Size : 4MB[0m
[0;32mI (58) boot: Enabling RNG early entropy source...[0m
[0;32mI (63) boot: Partition Table:[0m
[0;32mI (67) boot: ## Label            Usage          Type ST Offset   Length[0m
[0;32mI (74) boot:  0 nvs              WiFi data        01 02 00009000 00006000[0m
[0;32mI (81) boot:  1 phy_init         RF data          01 01 0000f000 00001000[0m
[0;32mI (89) boot:  2 factory          factory app      00 00 00010000 00100000[0m
[0;32mI (96) boot: End of partition table[0m
[0;32mI (101) esp_image: segment 0: paddr=00010020 vaddr=3f400020 size=0a39ch ( 41884) map[0m
[0;32mI (121) esp_image: segment 1: paddr=0001a3c4 vaddr=3ffb0000 size=021b8h (  8632) load[0m
[0;32mI (124) esp_image: segment 2: paddr=0001c584 vaddr=40080000 size=03a94h ( 14996) load[0m
[0;32mI (133) esp_image: segment 3: paddr=00020020 vaddr=400d0020 size=1864ch ( 99916) map[0m
[0;32mI (164) esp_image: segment 4: paddr=00038674 vaddr=40083a94 size=08820h ( 34848) load[0m
[0;32mI (182) boot: Loaded app from partition at offset 0x10000[0m
[0;32mI (182) boot: Disabling RNG early entropy source...[0m
[0;32mI (194) cpu_start: Multicore app[0m
[0;32mI (194) cpu_start: Pro cpu up.[0m
[0;32mI (194) cpu_start: Starting app cpu, entry point is 0x400811e0[0m
[0;32mI (0) cpu_start: App cpu up.[0m
[0;32mI (212) cpu_start: Pro cpu start user code[0m
[0;32mI (212) cpu_start: cpu freq: 240000000 Hz[0m
[0;32mI (212) cpu_start: Application information:[0m
[0;32mI (217) cpu_start: Project name:     marcelino[0m
[0;32mI (222) cpu_start: App version:      729d225-dirty[0m
[0;32mI (227) cpu_start: Compile time:     Nov 11 2023 12:23:09[0m
[0;32mI (233) cpu_start: ELF file SHA256:  b9b5b034a4253b64...[0m
[0;32mI (239) cpu_start: ESP-IDF:          v5.1.1-dirty[0m
[0;32mI (245) cpu_start: Min chip rev:     v0.0[0m
[0;32mI (249) cpu_start: Max chip rev:     v3.99 [0m
[0;32mI (254) cpu_start: Chip rev:         v1.0[0m
[0;32mI (259) heap_init: Initializing. RAM available for dynamic allocation:[0m
[0;32mI (266) heap_init: At 3FFAE6E0 len 00001920 (6 KiB): DRAM[0m
[0;32mI (272) heap_init: At 3FFB2AB0 len 0002D550 (181 KiB): DRAM[0m
[0;32mI (279) heap_init: At 3FFE0440 len 00003AE0 (14 KiB): D/IRAM[0m
[0;32mI (285) heap_init: At 3FFE4350 len 0001BCB0 (111 KiB): D/IRAM[0m
[0;32mI (291) heap_init: At 4008C2B4 len 00013D4C (79 KiB): IRAM[0m
[0;32mI (298) spi_flash: detected chip: generic[0m
[0;32mI (302) spi_flash: flash io: qio[0m
[0;32mI (306) Blink LED G: Task created[0m
[0;32mI (310) Print MSG: Task created[0m
[0;32mI (314) app_start: Starting scheduler on CPU0[0m
[0;32mI (319) app_start: Starting scheduler on CPU1[0m
[0;32mI (319) main_task: Started on CPU0[0m
[0;32mI (329) main_task: Calling app_main()[0m
Guru Meditation Error: Core  0 panic'ed (LoadProhibited). Exception was unhandled.

Core  0 register dump:
PC      : 0x400014fd  PS      : 0x00060e30  A0      : 0x800da4a8  A1      : 0x3ffb5dc0  
A2      : 0x00011140  A3      : 0x0001113c  A4      : 0x000000ff  A5      : 0x0000ff00  
A6      : 0x00ff0000  A7      : 0xff000000  A8      : 0x00000000  A9      : 0x3ffb5e10  
A10     : 0x3ffaffd0  A11     : 0x00001800  A12     : 0x3ffaffd0  A13     : 0x00000000  
A14     : 0x3ffb5d3c  A15     : 0x00000000  SAR     : 0x0000000c  EXCCAUSE: 0x0000001c  
EXCVADDR: 0x00011140  LBEG    : 0x400014fd  LEND    : 0x4000150d  LCOUNT  : 0xffffffff  


Backtrace: 0x400014fa:0x3ffb5dc0 0x400da4a5:0x3ffb5dd0 0x400da6ad:0x3ffb5e30 0x400daed7:0x3ffb5e90 0x400d5c62:0x3ffb5eb0 0x400e7ebc:0x3ffb5f10 0x40087ee5:0x3ffb5f40




ELF file SHA256: b9b5b034a4253b64

Rebooting...
ets Jun  8 2016 00:22:57

rst:0xc (SW_CPU_RESET),boot:0x13 (SPI_FAST_FLASH_BOOT)
configsip: 0, SPIWP:0xee
clk_drv:0x00,q_drv:0x00,d_drv:0x00,cs0_drv:0x00,hd_drv:0x00,wp_drv:0x00
mode:DIO, clock div:1
load:0x3fff0030,len:7432
load:0x40078000,len:16576
load:0x40080400,len:4
ho 8 tail 4 room 4
load:0x40080404,len:4284
entry 0x40080668
[0;32mI (30) boot: ESP-IDF v5.1.1-dirty 2nd stage bootloader[0m
[0;32mI (31) boot: compile time Nov 11 2023 12:23:34[0m
[0;32mI (31) boot: Multicore bootloader[0m
[0;32mI (36) boot: chip revision: v1.0[0m
[0;32mI (39) qio_mode: Enabling default flash chip QIO[0m
[0;32mI (45) boot.esp32: SPI Speed      : 80MHz[0m
[0;32mI (49) boot.esp32: SPI Mode       : QIO[0m
[0;32mI (54) boot.esp32: SPI Flash Size : 4MB[0m
[0;32mI (58) boot: Enabling RNG early entropy source...[0m
[0;32mI (64) boot: Partition Table:[0m
[0;32mI (67) boot: ## Label            Usage          Type ST Offset   Length[0m
[0;32mI (75) boot:  0 nvs              WiFi data        01 02 00009000 00006000[0m
[0;32mI (82) boot:  1 phy_init         RF data          01 01 0000f000 00001000[0m
[0;32mI (90) boot:  2 factory          factory app      00 00 00010000 00100000[0m
[0;32mI (97) boot: End of partition table[0m
[0;32mI (101) esp_image: segment 0: paddr=00010020 vaddr=3f400020 size=0a39ch ( 41884) map[0m
[0;32mI (121) esp_image: segment 1: paddr=0001a3c4 vaddr=3ffb0000 size=021b8h (  8632) load[0m
[0;32mI (124) esp_image: segment 2: paddr=0001c584 vaddr=40080000 size=03a94h ( 14996) load[0m
[0;32mI (134) esp_image: segment 3: paddr=00020020 vaddr=400d0020 size=1864ch ( 99916) map[0m
[0;32mI (165) esp_image: segment 4: paddr=00038674 vaddr=40083a94 size=08820h ( 34848) load[0m
[0;32mI (183) boot: Loaded app from partition at offset 0x10000[0m
[0;32mI (183) boot: Disabling RNG early entropy source...[0m
[0;32mI (194) cpu_start: Multicore app[0m
[0;32mI (194) cpu_start: Pro cpu up.[0m
[0;32mI (195) cpu_start: Starting app cpu, entry point is 0x400811e0[0m
[0;32mI (182) cpu_start: App cpu up.[0m
[0;32mI (213) cpu_start: Pro cpu start user code[0m
[0;32mI (213) cpu_start: cpu freq: 240000000 Hz[0m
[0;32mI (213) cpu_start: Application information:[0m
[0;32mI (218) cpu_start: Project name:     marcelino[0m
[0;32mI (223) cpu_start: App version:      729d225-dirty[0m
[0;32mI (228) cpu_start: Compile time:     Nov 11 2023 12:23:09[0m
[0;32mI (234) cpu_start: ELF file SHA256:  b9b5b034a4253b64...[0m
[0;32mI (240) cpu_start: ESP-IDF:          v5.1.1-dirty[0m
[0;32mI (246) cpu_start: Min chip rev:     v0.0[0m
[0;32mI (250) cpu_start: Max chip rev:     v3.99 [0m
[0;32mI (255) cpu_start: Chip rev:         v1.0[0m
[0;32mI (260) heap_init: Initializing. RAM available for dynamic allocation:[0m
[0;32mI (267) heap_init: At 3FFAE6E0 len 00001920 (6 KiB): DRAM[0m
[0;32mI (273) heap_init: At 3FFB2AB0 len 0002D550 (181 KiB): DRAM[0m
[0;32mI (279) heap_init: At 3FFE0440 len 00003AE0 (14 KiB): D/IRAM[0m
[0;32mI (286) heap_init: At 3FFE4350 len 0001BCB0 (111 KiB): D/IRAM[0m
[0;32mI (292) heap_init: At 4008C2B4 len 00013D4C (79 KiB): IRAM[0m
[0;32mI (299) spi_flash: detected chip: generic[0m
[0;32mI (303) spi_flash: flash io: qio[0m
[0;32mI (307) Blink LED G: Task created[0m
[0;32mI (311) Print MSG: Task created[0m
[0;32mI (315) app_start: Starting scheduler on CPU0[0m
[0;32mI (320) app_start: Starting scheduler on CPU1[0m
[0;32mI (320) main_task: Started on CPU0[0m
[0;32mI (330) main_task: Calling app_main()[0m
Guru Meditation Error: Core  0 panic'ed (LoadProhibited). Exception was unhandled.

Core  0 register dump:
PC      : 0x400014fd  PS      : 0x00060e30  A0      : 0x800da4a8  A1      : 0x3ffb5dc0  
A2      : 0x00011140  A3      : 0x0001113c  A4      : 0x000000ff  A5      : 0x0000ff00  
A6      : 0x00ff0000  A7      : 0xff000000  A8      : 0x00000000  A9      : 0x3ffb5e10  
A10     : 0x3ffaffd0  A11     : 0x00001800  A12     : 0x3ffaffd0  A13     : 0x00000000  
A14     : 0x3ffb5d3c  A15     : 0x00000000  SAR     : 0x0000000c  EXCCAUSE: 0x0000001c  
EXCVADDR: 0x00011140  LBEG    : 0x400014fd  LEND    : 0x4000150d  LCOUNT  : 0xffffffff  


Backtrace: 0x400014fa:0x3ffb5dc0 0x400da4a5:0x3ffb5dd0 0x400da6ad:0x3ffb5e30 0x400daed7:0x3ffb5e90 0x400d5c62:0x3ffb5eb0 0x400e7ebc:0x3ffb5f10 0x40087ee5:0x3ffb5f40




ELF file SHA256: b9b5b034a4253b64

Rebooting...
ets Jun  8 2016 00:22:57

rst:0xc (SW_CPU_RESET),boot:0x13 (SPI_FAST_FLASH_BOOT)
configsip: 0, SPIWP:0xee
clk_drv:0x00,q_drv:0x00,d_drv:0x00,cs0_drv:0x00,hd_drv:0x00,wp_drv:0x00
mode:DIO, clock div:1
load:0x3fff0030,len:7432
load:0x40078000,len:16576
load:0x40080400,len:4
ho 8 tail 4 room 4
load:0x40080404,len:4284
entry 0x40080668
[0;32mI (30) boot: ESP-IDF v5.1.1-dirty 2nd stage bootloader[0m
[0;32mI (31) boot: compile time Nov 11 2023 12:23:34[0m
[0;32mI (31) boot: Multicore bootloader[0m
[0;32mI (36) boot: chip revision: v1.0[0m
[0;32mI (39) qio_mode: Enabling default flash chip QIO[0m
[0;32mI (45) boot.esp32: SPI Speed      : 80MHz[0m
[0;32mI (49) boot.esp32: SPI Mode       : QIO[0m
[0;32mI (54) boot.esp32: SPI Flash Size : 4MB[0m
[0;32mI (58) boot: Enabling RNG early entropy source...[0m
[0;32mI (64) boot: Partition Table:[0m
[0;32mI (67) boot: ## Label            Usage          Type ST Offset   Length[0m
[0;32mI (75) boot:  0 nvs              WiFi data        01 02 00009000 00006000[0m
[0;32mI (82) boot:  1 phy_init         RF data          01 01 0000f000 00001000[0m
[0;32mI (90) boot:  2 factory          factory app      00 00 00010000 00100000[0m
[0;32mI (97) boot: End of partition table[0m
[0;32mI (101) esp_image: segment 0: paddr=00010020 vaddr=3f400020 size=0a39ch ( 41884) map[0m
[0;32mI (121) esp_image: segment 1: paddr=0001a3c4 vaddr=3ffb0000 size=021b8h (  8632) load[0m
[0;32mI (124) esp_image: segment 2: paddr=0001c584 vaddr=40080000 size=03a94h ( 14996) load[0m
[0;32mI (134) esp_image: segment 3: paddr=00020020 vaddr=400d0020 size=1864ch ( 99916) map[0m
[0;32mI (165) esp_image: segment 4: paddr=00038674 vaddr=40083a94 size=08820h ( 34848) load[0m
[0;32mI (183) boot: Loaded app from partition at offset 0x10000[0m
[0;32mI (183) boot: Disabling RNG early entropy source...[0m
[0;32mI (194) cpu_start: Multicore app[0m
[0;32mI (194) cpu_start: Pro cpu up.[0m
[0;32mI (195) cpu_start: Starting app cpu, entry point is 0x400811e0[0m
[0;32mI (182) cpu_start: App cpu up.[0m
[0;32mI (213) cpu_start: Pro cpu start user code[0m
[0;32mI (213) cpu_start: cpu freq: 240000000 Hz[0m
[0;32mI (213) cpu_start: Application information:[0m
[0;32mI (218) cpu_start: Project name:     marcelino[0m
[0;32mI (223) cpu_start: App version:      729d225-dirty[0m
[0;32mI (228) cpu_start: Compile time:     Nov 11 2023 12:23:09[0m
[0;32mI (234) cpu_start: ELF file SHA256:  b9b5b034a4253b64...[0m
[0;32mI (240) cpu_start: ESP-IDF:          v5.1.1-dirty[0m
[0;32mI (246) cpu_start: Min chip rev:     v0.0[0m
[0;32mI (250) cpu_start: Max chip rev:     v3.99 [0m
[0;32mI (255) cpu_start: Chip rev:         v1.0[0m
[0;32mI (260) heap_init: Initializing. RAM available for dynamic allocation:[0m
[0;32mI (267) heap_init: At 3FFAE6E0 len 00001920 (6 KiB): DRAM[0m
[0;32mI (273) heap_init: At 3FFB2AB0 len 0002D550 (181 KiB): DRAM[0m
[0;32mI (279) heap_init: At 3FFE0440 len 00003AE0 (14 KiB): D/IRAM[0m
[0;32mI (286) heap_init: At 3FFE4350 len 0001BCB0 (111 KiB): D/IRAM[0m
[0;32mI (292) heap_init: At 4008C2B4 len 00013D4C (79 KiB): IRAM[0m
[0;32mI (299) spi_flash: detected chip: generic[0m
[0;32mI (303) spi_flash: flash io: qio[0m
[0;32mI (307) Blink LED G: Task created[0m
[0;32mI (311) Print MSG: Task created[0m
[0;32mI (315) app_start: Starting scheduler on CPU0[0m
[0;32mI (320) app_start: Starting scheduler on CPU1[0m
[0;32mI (320) main_task: Started on CPU0[0m
[0;32mI (330) main_task: Calling app_main()[0m
Guru Meditation Error: Core  0 panic'ed (LoadProhibited). Exception was unhandled.

Core  0 register dump:
PC      : 0x400014fd  PS      : 0x00060e30  A0      : 0x800da4a8  A1      : 0x3ffb5dc0  
A2      : 0x00011140  A3      : 0x0001113c  A4      : 0x000000ff  A5      : 0x0000ff00  
A6      : 0x00ff0000  A7      : 0xff000000  A8      : 0x00000000  A9      : 0x3ffb5e10  
A10     : 0x3ffaffd0  A11     : 0x00001800  A12     : 0x3ffaffd0  A13     : 0x00000000  
A14     : 0x3ffb5d3c  A15     : 0x00000000  SAR     : 0x0000000c  EXCCAUSE: 0x0000001c  
EXCVADDR: 0x00011140  LBEG    : 0x400014fd  LEND    : 0x4000150d  LCOUNT  : 0xffffffff  


Backtrace: 0x400014fa:0x3ffb5dc0 0x400da4a5:0x3ffb5dd0 0x400da6ad:0x3ffb5e30 0x400daed7:0x3ffb5e90 0x400d5c62:0x3ffb5eb0 0x400e7ebc:0x3ffb5f10 0x40087ee5:0x3ffb5f40




ELF file SHA256: b9b5b034a4253b64

Rebooting...
ets Jun  8 2016 00:22:57

rst:0xc (SW_CPU_RESET),boot:0x13 (SPI_FAST_FLASH_BOOT)
configsip: 0, SPIWP:0xee
clk_drv:0x00,q_drv:0x00,d_drv:0x00,cs0_drv:0x00,hd_drv:0x00,wp_drv:0x00
mode:DIO, clock div:1
load:0x3fff0030,len:7432
load:0x40078000,len:16576
load:0x40080400,len:4
ho 8 tail 4 room 4
load:0x40080404,len:4284
entry 0x40080668
[0;32mI (30) boot: ESP-IDF v5.1.1-dirty 2nd stage bootloader[0m
[0;32mI (31) boot: compile time Nov 11 2023 12:23:34[0m
[0;32mI (31) boot: Multicore bootloader[0m
[0;32mI (36) boot: chip revision: v1.0[0m
[0;32mI (39) qio_mode: Enabling default flash chip QIO[0m
[0;32mI (45) boot.esp32: SPI Speed      : 80MHz[0m
[0;32mI (49) boot.esp32: SPI Mode       : QIO[0m
[0;32mI (54) boot.esp32: SPI Flash Size : 4MB[0m
[0;32mI (58) boot: Enabling RNG early entropy source...[0m
[0;32mI (64) boot: Partition Table:[0m
[0;32mI (67) boot: ## Label            Usage          Type ST Offset   Length[0m
[0;32mI (75) boot:  0 nvs              WiFi data        01 02 00009000 00006000[0m
[0;32mI (82) boot:  1 phy_init         RF data          01 01 0000f000 00001000[0m
[0;32mI (90) boot:  2 factory          factory app      00 00 00010000 00100000[0m
[0;32mI (97) boot: End of partition table[0m
[0;32mI (101) esp_image: segment 0: paddr=00010020 vaddr=3f400020 size=0a39ch ( 41884) map[0m
[0;32mI (121) esp_image: segment 1: paddr=0001a3c4 vaddr=3ffb0000 size=021b8h (  8632) load[0m
[0;32mI (124) esp_image: segment 2: paddr=0001c584 vaddr=40080000 size=03a94h ( 14996) load[0m
[0;32mI (134) esp_image: segment 3: paddr=00020020 vaddr=400d0020 size=1864ch ( 99916) map[0m
[0;32mI (165) esp_image: segment 4: paddr=00038674 vaddr=40083a94 size=08820h ( 34848) load[0m
[0;32mI (183) boot: Loaded app from partition at offset 0x10000[0m
[0;32mI (183) boot: Disabling RNG early entropy source...[0m
[0;32mI (194) cpu_start: Multicore app[0m
[0;32mI (194) cpu_start: Pro cpu up.[0m
[0;32mI (195) cpu_start: Starting app cpu, entry point is 0x400811e0[0m
[0;32mI (182) cpu_start: App cpu up.[0m
[0;32mI (213) cpu_start: Pro cpu start user code[0m
[0;32mI (213) cpu_start: cpu freq: 240000000 Hz[0m
[0;32mI (213) cpu_start: Application information:[0m
[0;32mI (218) cpu_start: Project name:     marcelino[0m
[0;32mI (223) cpu_start: App version:      729d225-dirty[0m
[0;32mI (228) cpu_start: Compile time:     Nov 11 2023 12:23:09[0m
[0;32mI (234) cpu_start: ELF file SHA256:  b9b5b034a4253b64...[0m
[0;32mI (240) cpu_start: ESP-IDF:          v5.1.1-dirty[0m
[0;32mI (246) cpu_start: Min chip rev:     v0.0[0m
[0;32mI (250) cpu_start: Max chip rev:     v3.99 [0m
[0;32mI (255) cpu_start: Chip rev:         v1.0[0m
[0;32mI (260) heap_init: Initializing. RAM available for dynamic allocation:[0m
[0;32mI (267) heap_init: At 3FFAE6E0 len 00001920 (6 KiB): DRAM[0m
[0;32mI (273) heap_init: At 3FFB2AB0 len 0002D550 (181 KiB): DRAM[0m
[0;32mI (279) heap_init: At 3FFE0440 len 00003AE0 (14 KiB): D/IRAM[0m
[0;32mI (286) heap_init: At 3FFE4350 len 0001BCB0 (111 KiB): D/IRAM[0m
[0;32mI (292) heap_init: At 4008C2B4 len 00013D4C (79 KiB): IRAM[0m
[0;32mI (299) spi_flash: detected chip: generic[0m
[0;32mI (303) spi_flash: flash io: qio[0m
[0;32mI (307) Blink LED G: Task created[0m
[0;32mI (311) Print MSG: Task created[0m
[0;32mI (315) app_start: Starting scheduler on CPU0[0m
[0;32mI (320) app_start: Starting scheduler on CPU1[0m
[0;32mI (320) main_task: Started on CPU0[0m
[0;32mI (330) main_task: Calling app_main()[0m
Guru Meditation Error: Core  0 panic'ed (LoadProhibited). Exception was unhandled.

Core  0 register dump:
PC      : 0x400014fd  PS      : 0x00060e30  A0      : 0x800da4a8  A1      : 0x3ffb5dc0  
A2      : 0x00011140  A3      : 0x0001113c  A4      : 0x000000ff  A5      : 0x0000ff00  
A6      : 0x00ff0000  A7      : 0xff000000  A8      : 0x00000000  A9      : 0x3ffb5e10  
A10     : 0x3ffaffd0  A11     : 0x00001800  A12     : 0x3ffaffd0  A13     : 0x00000000  
A14     : 0x3ffb5d3c  A15     : 0x00000000  SAR     : 0x0000000c  EXCCAUSE: 0x0000001c  
EXCVADDR: 0x00011140  LBEG    : 0x400014fd  LEND    : 0x4000150d  LCOUNT  : 0xffffffff  


Backtrace: 0x400014fa:0x3ffb5dc0 0x400da4a5:0x3ffb5dd0 0x400da6ad:0x3ffb5e30 0x400daed7:0x3ffb5e90 0x400d5c62:0x3ffb5eb0 0x400e7ebc:0x3ffb5f10 0x40087ee5:0x3ffb5f40




ELF file SHA256: b9b5b034a4253b64

Rebooting...
ets Jun  8 2016 00:22:57

rst:0xc (SW_CPU_RESET),boot:0x13 (SPI_FAST_FLASH_BOOT)
configsip: 0, SPIWP:0xee
clk_drv:0x00,q_drv:0x00,d_drv:0x00,cs0_drv:0x00,hd_drv:0x00,wp_drv:0x00
mode:DIO, clock div:1
load:0x3fff0030,len:7432
load:0x40078000,len:16576
load:0x40080400,len:4
ho 8 tail 4 room 4
load:0x40080404,len:4284
entry 0x40080668
[0;32mI (30) boot: ESP-IDF v5.1.1-dirty 2nd stage bootloader[0m
[0;32mI (31) boot: compile time Nov 11 2023 12:23:34[0m
[0;32mI (31) boot: Multicore bootloader[0m
[0;32mI (36) boot: chip revision: v1.0[0m
[0;32mI (39) qio_mode: Enabling default flash chip QIO[0m
[0;32mI (45) boot.esp32: SPI Speed      : 80MHz[0m
[0;32mI (49) boot.esp32: SPI Mode       : QIO[0m
[0;32mI (54) boot.esp32: SPI Flash Size : 4MB[0m
[0;32mI (58) boot: Enabling RNG early entropy source...[0m
[0;32mI (64) boot: Partition Table:[0m
[0;32mI (67) boot: ## Label            Usage          Type ST Offset   Length[0m
[0;32mI (75) boot:  0 nvs              WiFi data        01 02 00009000 00006000[0m
[0;32mI (82) boot:  1 phy_init         RF data          01 01 0000f000 00001000[0m
[0;32mI (90) boot:  2 factory          factory app      00 00 00010000 00100000[0m
[0;32mI (97) boot: End of partition table[0m
[0;32mI (101) esp_image: segment 0: paddr=00010020 vaddr=3f400020 size=0a39ch ( 41884) map[0m
[0;32mI (121) esp_image: segment 1: paddr=0001a3c4 vaddr=3ffb0000 size=021b8h (  8632) load[0m
[0;32mI (124) esp_image: segment 2: paddr=0001c584 vaddr=40080000 size=03a94h ( 14996) load[0m
[0;32mI (134) esp_image: segment 3: paddr=00020020 vaddr=400d0020 size=1864ch ( 99916) map[0m
[0;32mI (165) esp_image: segment 4: paddr=00038674 vaddr=40083a94 size=08820h ( 34848) load[0m
[0;32mI (183) boot: Loaded app from partition at offset 0x10000[0m
[0;32mI (183) boot: Disabling RNG early entropy source...[0m
[0;32mI (194) cpu_start: Multicore app[0m
[0;32mI (194) cpu_start: Pro cpu up.[0m
[0;32mI (195) cpu_start: Starting app cpu, entry point is 0x400811e0[0m
[0;32mI (182) cpu_start: App cpu up.[0m
[0;32mI (213) cpu_start: Pro cpu start user code[0m
[0;32mI (213) cpu_start: cpu freq: 240000000 Hz[0m
[0;32mI (213) cpu_start: Application information:[0m
[0;32mI (218) cpu_start: Project name:     marcelino[0m
[0;32mI (223) cpu_start: App version:      729d225-dirty[0m
[0;32mI (228) cpu_start: Compile time:     Nov 11 2023 12:23:09[0m
[0;32mI (234) cpu_start: ELF file SHA256:  b9b5b034a4253b64...[0m
[0;32mI (240) cpu_start: ESP-IDF:          v5.1.1-dirty[0m
[0;32mI (246) cpu_start: Min chip rev:     v0.0[0m
[0;32mI (250) cpu_start: Max chip rev:     v3.99 [0m
[0;32mI (255) cpu_start: Chip rev:         v1.0[0m
[0;32mI (260) heap_init: Initializing. RAM available for dynamic allocation:[0m
[0;32mI (267) heap_init: At 3FFAE6E0 len 00001920 (6 KiB): DRAM[0m
[0;32mI (273) heap_init: At 3FFB2AB0 len 0002D550 (181 KiB): DRAM[0m
[0;32mI (279) heap_init: At 3FFE0440 len 00003AE0 (14 KiB): D/IRAM[0m
[0;32mI (286) heap_init: At 3FFE4350 len 0001BCB0 (111 KiB): D/IRAM[0m
[0;32mI (292) heap_init: At 4008C2B4 len 00013D4C (79 KiB): IRAM[0m
[0;32mI (299) spi_flash: detected chip: generic[0m
[0;32mI (303) spi_flash: flash io: qio[0m
[0;32mI (307) Blink LED G: Task created[0m
[0;32mI (311) Print MSG: Task created[0m
[0;32mI (315) app_start: Starting scheduler on CPU0[0m
[0;32mI (320) app_start: Starting scheduler on CPU1[0m
[0;32mI (320) main_task: Started on CPU0[0m
[0;32mI (330) main_task: Calling app_main()[0m
Guru Meditation Error: Core  0 panic'ed (LoadProhibited). Exception was unhandled.

Core  0 register dump:
PC      : 0x400014fd  PS      : 0x00060e30  A0      : 0x800da4a8  A1      : 0x3ffb5dc0  
A2      : 0x00011140  A3      : 0x0001113c  A4      : 0x000000ff  A5      : 0x0000ff00  
A6      : 0x00ff0000  A7      : 0xff000000  A8      : 0x00000000  A9      : 0x3ffb5e10  
A10     : 0x3ffaffd0  A11     : 0x00001800  A12     : 0x3ffaffd0  A13     : 0x00000000  
A14     : 0x3ffb5d3c  A15     : 0x00000000  SAR     : 0x0000000c  EXCCAUSE: 0x0000001c  
EXCVADDR: 0x00011140  LBEG    : 0x400014fd  LEND    : 0x4000150d  LCOUNT  : 0xffffffff  


Backtrace: 0x400014fa:0x3ffb5dc0 0x400da4a5:0x3ffb5dd0 0x400da6ad:0x3ffb5e30 0x400daed7:0x3ffb5e90 0x400d5c62:0x3ffb5eb0 0x400e7ebc:0x3ffb5f10 0x40087ee5:0x3ffb5f40




ELF file SHA256: b9b5b034a4253b64

Rebooting...
ets Jun  8 2016 00:22:57

rst:0xc (SW_CPU_RESET),boot:0x13 (SPI_FAST_FLASH_BOOT)
configsip: 0, SPIWP:0xee
clk_drv:0x00,q_drv:0x00,d_drv:0x00,cs0_drv:0x00,hd_drv:0x00,wp_drv:0x00
mode:DIO, clock div:1
load:0x3fff0030,len:7432
load:0x40078000,len:16576
load:0x40080400,len:4
ho 8 tail 4 room 4
load:0x40080404,len:4284
entry 0x40080668
[0;32mI (30) boot: ESP-IDF v5.1.1-dirty 2nd stage bootloader[0m
[0;32mI (31) boot: compile time Nov 11 2023 12:23:34[0m
[0;32mI (31) boot: Multicore bootloader[0m
[0;32mI (36) boot: chip revision: v1.0[0m
[0;32mI (39) qio_mode: Enabling default flash chip QIO[0m
[0;32mI (45) boot.esp32: SPI Speed      : 80MHz[0m
[0;32mI (49) boot.esp32: SPI Mode       : QIO[0m
[0;32mI (54) boot.esp32: SPI Flash Size : 4MB[0m
[0;32mI (58) boot: Enabling RNG early entropy source...[0m
[0;32mI (64) boot: Partition Table:[0m
[0;32mI (67) boot: ## Label            Usage          Type ST Offset   Length[0m
[0;32mI (75) boot:  0 nvs              WiFi data        01 02 00009000 00006000[0m
[0;32mI (82) boot:  1 phy_init         RF data          01 01 0000f000 00001000[0m
[0;32mI (90) boot:  2 factory          factory app      00 00 00010000 00100000[0m
[0;32mI (97) boot: End of partition table[0m
[0;32mI (101) esp_image: segment 0: paddr=00010020 vaddr=3f400020 size=0a39ch ( 41884) map[0m
[0;32mI (121) esp_image: segment 1: paddr=0001a3c4 vaddr=3ffb0000 size=021b8h (  8632) load[0m
[0;32mI (124) esp_image: segment 2: paddr=0001c584 vaddr=40080000 size=03a94h ( 14996) load[0m
[0;32mI (134) esp_image: segment 3: paddr=00020020 vaddr=400d0020 size=1864ch ( 99916) map[0m
[0;32mI (165) esp_image: segment 4: paddr=00038674 vaddr=40083a94 size=08820h ( 34848) load[0m
[0;32mI (183) boot: Loaded app from partition at offset 0x10000[0m
[0;32mI (183) boot: Disabling RNG early entropy source...[0m
[0;32mI (194) cpu_start: Multicore app[0m
[0;32mI (194) cpu_start: Pro cpu up.[0m
[0;32mI (195) cpu_start: Starting app cpu, entry point is 0x400811e0[0m
[0;32mI (182) cpu_start: App cpu up.[0m
[0;32mI (213) cpu_start: Pro cpu start user code[0m
[0;32mI (213) cpu_start: cpu freq: 240000000 Hz[0m
[0;32mI (213) cpu_start: Application information:[0m
[0;32mI (218) cpu_start: Project name:     marcelino[0m
[0;32mI (223) cpu_start: App version:      729d225-dirty[0m
[0;32mI (228) cpu_start: Compile time:     Nov 11 2023 12:23:09[0m
[0;32mI (234) cpu_start: ELF file SHA256:  b9b5b034a4253b64...[0m
[0;32mI (240) cpu_start: ESP-IDF:          v5.1.1-dirty[0m
[0;32mI (246) cpu_start: Min chip rev:     v0.0[0m
[0;32mI (250) cpu_start: Max chip rev:     v3.99 [0m
[0;32mI (255) cpu_start: Chip rev:         v1.0[0m
[0;32mI (260) heap_init: Initializing. RAM available for dynamic allocation:[0m
[0;32mI (267) heap_init: At 3FFAE6E0 len 00001920 (6 KiB): DRAM[0m
[0;32mI (273) heap_init: At 3FFB2AB0 len 0002D550 (181 KiB): DRAM[0m
[0;32mI (279) heap_init: At 3FFE0440 len 00003AE0 (14 KiB): D/IRAM[0m
[0;32mI (286) heap_init: At 3FFE4350 len 0001BCB0 (111 KiB): D/IRAM[0m
[0;32mI (292) heap_init: At 4008C2B4 len 00013D4C (79 KiB): IRAM[0m
[0;32mI (299) spi_flash: detected chip: generic[0m
[0;32mI (303) spi_flash: flash io: qio[0m
[0;32mI (307) Blink LED G: Task created[0m
[0;32mI (311) Print MSG: Task created[0m
[0;32mI (315) app_start: Starting scheduler on CPU0[0m
[0;32mI (320) app_start: Starting scheduler on CPU1[0m
[0;32mI (320) main_task: Started on CPU0[0m
[0;32mI (330) main_task: Calling app_main()[0m
Guru Meditation Error: Core  0 panic'ed (LoadProhibited). Exception was unhandled.

Core  0 register dump:
PC      : 0x400014fd  PS      : 0x00060e30  A0      : 0x800da4a8  A1      : 0x3ffb5dc0  
A2      : 0x00011140  A3      : 0x0001113c  A4      : 0x000000ff  A5      : 0x0000ff00  
A6      : 0x00ff0000  A7      : 0xff000000  A8      : 0x00000000  A9      : 0x3ffb5e10  
A10     : 0x3ffaffd0  A11     : 0x00001800  A12     : 0x3ffaffd0  A13     : 0x00000000  
A14     : 0x3ffb5d3c  A15     : 0x00000000  SAR     : 0x0000000c  EXCCAUSE: 0x0000001c  
EXCVADDR: 0x00011140  LBEG    : 0x400014fd  LEND    : 0x4000150d  LCOUNT  : 0xffffffff  


Backtrace: 0x400014fa:0x3ffb5dc0 0x400da4a5:0x3ffb5dd0 0x400da6ad:0x3ffb5e30 0x400daed7:0x3ffb5e90 0x400d5c62:0x3ffb5eb0 0x400e7ebc:0x3ffb5f10 0x40087ee5:0x3ffb5f40




ELF file SHA256: b9b5b034a4253b64

Rebooting...
ets Jun  8 2016 00:22:57

rst:0xc (SW_CPU_RESET),boot:0x13 (SPI_FAST_FLASH_BOOT)
configsip: 0, SPIWP:0xee
clk_drv:0x00,q_drv:0x00,d_drv:0x00,cs0_drv:0x00,hd_drv:0x00,wp_drv:0x00
mode:DIO, clock div:1
load:0x3fff0030,len:7432
load:0x40078000,len:16576
load:0x40080400,len:4
ho 8 tail 4 room 4
load:0x40080404,len:4284
entry 0x40080668
[0;32mI (30) boot: ESP-IDF v5.1.1-dirty 2nd stage bootloader[0m
[0;32mI (31) boot: compile time Nov 11 2023 12:23:34[0m
[0;32mI (31) boot: Multicore bootloader[0m
[0;32mI (36) boot: chip revision: v1.0[0m
[0;32mI (39) qio_mode: Enabling default flash chip QIO[0m
[0;32mI (45) boot.esp32: SPI Speed      : 80MHz[0m
[0;32mI (49) boot.esp32: SPI Mode       : QIO[0m
[0;32mI (54) boot.esp32: SPI Flash Size : 4MB[0m
[0;32mI (58) boot: Enabling RNG early entropy source...[0m
[0;32mI (64) boot: Partition Table:[0m
[0;32mI (67) boot: ## Label            Usage          Type ST Offset   Length[0m
[0;32mI (75) boot:  0 nvs              WiFi data        01 02 00009000 00006000[0m
[0;32mI (82) boot:  1 phy_init         RF data          01 01 0000f000 00001000[0m
[0;32mI (90) boot:  2 factory          factory app      00 00 00010000 00100000[0m
[0;32mI (97) boot: End of partition table[0m
[0;32mI (101) esp_image: segment 0: paddr=00010020 vaddr=3f400020 size=0a39ch ( 41884) map[0m
[0;32mI (121) esp_image: segment 1: paddr=0001a3c4 vaddr=3ffb0000 size=021b8h (  8632) load[0m
[0;32mI (124) esp_image: segment 2: paddr=0001c584 vaddr=40080000 size=03a94h ( 14996) load[0m
[0;32mI (134) esp_image: segment 3: paddr=00020020 vaddr=400d0020 size=1864ch ( 99916) map[0m
[0;32mI (165) esp_image: segment 4: paddr=00038674 vaddr=40083a94 size=08820h ( 34848) load[0m
[0;32mI (183) boot: Loaded app from partition at offset 0x10000[0m
[0;32mI (183) boot: Disabling RNG early entropy source...[0m
[0;32mI (194) cpu_start: Multicore app[0m
[0;32mI (194) cpu_start: Pro cpu up.[0m
[0;32mI (195) cpu_start: Starting app cpu, entry point is 0x400811e0[0m
[0;32mI (182) cpu_start: App cpu up.[0m
[0;32mI (213) cpu_start: Pro cpu start user code[0m
[0;32mI (213) cpu_start: cpu freq: 240000000 Hz[0m
[0;32mI (213) cpu_start: Application information:[0m
[0;32mI (218) cpu_start: Project name:     marcelino[0m
[0;32mI (223) cpu_start: App version:      729d225-dirty[0m
[0;32mI (228) cpu_start: Compile time:     Nov 11 2023 12:23:09[0m
[0;32mI (234) cpu_start: ELF file SHA256:  b9b5b034a4253b64...[0m
[0;32mI (240) cpu_start: ESP-IDF:          v5.1.1-dirty[0m
[0;32mI (246) cpu_start: Min chip rev:     v0.0[0m
[0;32mI (250) cpu_start: Max chip rev:     v3.99 [0m
[0;32mI (255) cpu_start: Chip rev:         v1.0[0m
[0;32mI (260) heap_init: Initializing. RAM available for dynamic allocation:[0m
[0;32mI (267) heap_init: At 3FFAE6E0 len 00001920 (6 KiB): DRAM[0m
[0;32mI (273) heap_init: At 3FFB2AB0 len 0002D550 (181 KiB): DRAM[0m
[0;32mI (279) heap_init: At 3FFE0440 len 00003AE0 (14 KiB): D/IRAM[0m
[0;32mI (286) heap_init: At 3FFE4350 len 0001BCB0 (111 KiB): D/IRAM[0m
[0;32mI (292) heap_init: At 4008C2B4 len 00013D4C (79 KiB): IRAM[0m
[0;32mI (299) spi_flash: detected chip: generic[0m
[0;32mI (303) spi_flash: flash io: qio[0m
[0;32mI (307) Blink LED G: Task created[0m
[0;32mI (311) Print MSG: Task created[0m
[0;32mI (315) app_start: Starting scheduler on CPU0[0m
[0;32mI (320) app_start: Starting scheduler on CPU1[0m
[0;32mI (320) main_task: Started on CPU0[0m
[0;32mI (330) main_task: Calling app_main()[0m
Guru Meditation Error: Core  0 panic'ed (LoadProhibited). Exception was unhandled.

Core  0 register dump:
PC      : 0x400014fd  PS      : 0x00060e30  A0      : 0x800da4a8  A1      : 0x3ffb5dc0  
A2      : 0x00011140  A3      : 0x0001113c  A4      : 0x000000ff  A5      : 0x0000ff00  
A6      : 0x00ff0000  A7      : 0xff000000  A8      : 0x00000000  A9      : 0x3ffb5e10  
A10     : 0x3ffaffd0  A11     : 0x00001800  A12     : 0x3ffaffd0  A13     : 0x00000000  
A14     : 0x3ffb5d3c  A15     : 0x00000000  SAR     : 0x0000000c  EXCCAUSE: 0x0000001c  
EXCVADDR: 0x00011140  LBEG    : 0x400014fd  LEND    : 0x4000150d  LCOUNT  : 0xffffffff  


Backtrace: 0x400014fa:0x3ffb5dc0 0x400da4a5:0x3ffb5dd0 0x400da6ad:0x3ffb5e30 0x400daed7:0x3ffb5e90 0x400d5c62:0x3ffb5eb0 0x400e7ebc:0x3ffb5f10 0x40087ee5:0x3ffb5f40




ELF file SHA256: b9b5b034a4253b64

Rebooting...
ets Jun  8 2016 00:22:57

rst:0xc (SW_CPU_RESET),boot:0x13 (SPI_FAST_FLASH_BOOT)
configsip: 0, SPIWP:0xee
clk_drv:0x00,q_drv:0x00,d_drv:0x00,cs0_drv:0x00,hd_drv:0x00,wp_drv:0x00
mode:DIO, clock div:1
load:0x3fff0030,len:7432
load:0x40078000,len:16576
load:0x40080400,len:4
ho 8 tail 4 room 4
load:0x40080404,len:4284
entry 0x40080668
[0;32mI (30) boot: ESP-IDF v5.1.1-dirty 2nd stage bootloader[0m
[0;32mI (31) boot: compile time Nov 11 2023 12:23:34[0m
[0;32mI (31) boot: Multicore bootloader[0m
[0;32mI (36) boot: chip revision: v1.0[0m
[0;32mI (39) qio_mode: Enabling default flash chip QIO[0m
[0;32mI (45) boot.esp32: SPI Speed      : 80MHz[0m
[0;32mI (49) boot.esp32: SPI Mode       : QIO[0m
[0;32mI (54) boot.esp32: SPI Flash Size : 4MB[0m
[0;32mI (58) boot: Enabling RNG early entropy source...[0m
[0;32mI (64) boot: Partition Table:[0m
[0;32mI (67) boot: ## Label            Usage          Type ST Offset   Length[0m
[0;32mI (75) boot:  0 nvs              WiFi data        01 02 00009000 00006000[0m
[0;32mI (82) boot:  1 phy_init         RF data          01 01 0000f000 00001000[0m
[0;32mI (90) boot:  2 factory          factory app      00 00 00010000 00100000[0m
[0;32mI (97) boot: End of partition table[0m
[0;32mI (101) esp_image: segment 0: paddr=00010020 vaddr=3f400020 size=0a39ch ( 41884) map[0m
[0;32mI (121) esp_image: segment 1: paddr=0001a3c4 vaddr=3ffb0000 size=021b8h (  8632) load[0m
[0;32mI (124) esp_image: segment 2: paddr=0001c584 vaddr=40080000 size=03a94h ( 14996) load[0m
[0;32mI (134) esp_image: segment 3: paddr=00020020 vaddr=400d0020 size=1864ch ( 99916) map[0m
[0;32mI (165) esp_image: segment 4: paddr=00038674 vaddr=40083a94 size=08820h ( 34848) load[0m
[0;32mI (183) boot: Loaded app from partition at offset 0x10000[0m
[0;32mI (183) boot: Disabling RNG early entropy source...[0m
[0;32mI (194) cpu_start: Multicore app[0m
[0;32mI (194) cpu_start: Pro cpu up.[0m
[0;32mI (195) cpu_start: Starting app cpu, entry point is 0x400811e0[0m
[0;32mI (182) cpu_start: App cpu up.[0m
[0;32mI (213) cpu_start: Pro cpu start user code[0m
[0;32mI (213) cpu_start: cpu freq: 240000000 Hz[0m
[0;32mI (213) cpu_start: Application information:[0m
[0;32mI (218) cpu_start: Project name:     marcelino[0m
[0;32mI (223) cpu_start: App version:      729d225-dirty[0m
[0;32mI (228) cpu_start: Compile time:     Nov 11 2023 12:23:09[0m
[0;32mI (234) cpu_start: ELF file SHA256:  b9b5b034a4253b64...[0m
[0;32mI (240) cpu_start: ESP-IDF:          v5.1.1-dirty[0m
[0;32mI (246) cpu_start: Min chip rev:     v0.0[0m
[0;32mI (250) cpu_start: Max chip rev:     v3.99 [0m
[0;32mI (255) cpu_start: Chip rev:         v1.0[0m
[0;32mI (260) heap_init: Initializing. RAM available for dynamic allocation:[0m
[0;32mI (267) heap_init: At 3FFAE6E0 len 00001920 (6 KiB): DRAM[0m
[0;32mI (273) heap_init: At 3FFB2AB0 len 0002D550 (181 KiB): DRAM[0m
[0;32mI (279) heap_init: At 3FFE0440 len 00003AE0 (14 KiB): D/IRAM[0m
[0;32mI (286) heap_init: At 3FFE4350 len 0001BCB0 (111 KiB): D/IRAM[0m
[0;32mI (292) heap_init: At 4008C2B4 len 00013D4C (79 KiB): IRAM[0m
[0;32mI (299) spi_flash: detected chip: generic[0m
[0;32mI (303) spi_flash: flash io: qio[0m
[0;32mI (307) Blink LED G: Task created[0m
[0;32mI (311) Print MSG: Task created[0m
[0;32mI (315) app_start: Starting scheduler on CPU0[0m
[0;32mI (320) app_start: Starting scheduler on CPU1[0m
[0;32mI (320) main_task: Started on CPU0[0m
[0;32mI (330) main_task: Calling app_main()[0m
Guru Meditation Error: Core  0 panic'ed (LoadProhibited). Exception was unhandled.

Core  0 register dump:
PC      : 0x400014fd  PS      : 0x00060e30  A0      : 0x800da4a8  A1      : 0x3ffb5dc0  
A2      : 0x00011140  A3      : 0x0001113c  A4      : 0x000000ff  A5      : 0x0000ff00  
A6      : 0x00ff0000  A7      : 0xff000000  A8      : 0x00000000  A9      : 0x3ffb5e10  
A10     : 0x3ffaffd0  A11     : 0x00001800  A12     : 0x3ffaffd0  A13     : 0x00000000  
A14     : 0x3ffb5d3c  A15     : 0x00000000  SAR     : 0x0000000c  EXCCAUSE: 0x0000001c  
EXCVADDR: 0x00011140  LBEG    : 0x400014fd  LEND    : 0x4000150d  LCOUNT  : 0xffffffff  


Backtrace: 0x400014fa:0x3ffb5dc0 0x400da4a5:0x3ffb5dd0 0x400da6ad:0x3ffb5e30 0x400daed7:0x3ffb5e90 0x400d5c62:0x3ffb5eb0 0x400e7ebc:0x3ffb5f10 0x40087ee5:0x3ffb5f40




ELF file SHA256: b9b5b034a4253b64

Rebooting...
ets Jun  8 2016 00:22:57

rst:0xc (SW_CPU_RESET),boot:0x13 (SPI_FAST_FLASH_BOOT)
configsip: 0, SPIWP:0xee
clk_drv:0x00,q_drv:0x00,d_drv:0x00,cs0_drv:0x00,hd_drv:0x00,wp_drv:0x00
mode:DIO, clock div:1
load:0x3fff0030,len:7432
load:0x40078000,len:16576
load:0x40080400,len:4
ho 8 tail 4 room 4
load:0x40080404,len:4284
entry 0x40080668
[0;32mI (30) boot: ESP-IDF v5.1.1-dirty 2nd stage bootloader[0m
[0;32mI (31) boot: compile time Nov 11 2023 12:23:34[0m
[0;32mI (31) boot: Multicore bootloader[0m
[0;32mI (36) boot: chip revision: v1.0[0m
[0;32mI (39) qio_mode: Enabling default flash chip QIO[0m
[0;32mI (45) boot.esp32: SPI Speed      : 80MHz[0m
[0;32mI (49) boot.esp32: SPI Mode       : QIO[0m
[0;32mI (54) boot.esp32: SPI Flash Size : 4MB[0m
[0;32mI (58) boot: Enabling RNG early entropy source...[0m
[0;32mI (64) boot: Partition Table:[0m
[0;32mI (67) boot: ## Label            Usage          Type ST Offset   Length[0m
[0;32mI (75) boot:  0 nvs              WiFi data        01 02 00009000 00006000[0m
[0;32mI (82) boot:  1 phy_init         RF data          01 01 0000f000 00001000[0m
[0;32mI (90) boot:  2 factory          factory app      00 00 00010000 00100000[0m
[0;32mI (97) boot: End of partition table[0m
[0;32mI (101) esp_image: segment 0: paddr=00010020 vaddr=3f400020 size=0a39ch ( 41884) map[0m
[0;32mI (121) esp_image: segment 1: paddr=0001a3c4 vaddr=3ffb0000 size=021b8h (  8632) load[0m
[0;32mI (124) esp_image: segment 2: paddr=0001c584 vaddr=40080000 size=03a94h ( 14996) load[0m
[0;32mI (134) esp_image: segment 3: paddr=00020020 vaddr=400d0020 size=1864ch ( 99916) map[0m
[0;32mI (165) esp_image: segment 4: paddr=00038674 vaddr=40083a94 size=08820h ( 34848) load[0m
[0;32mI (183) boot: Loaded app from partition at offset 0x10000[0m
[0;32mI (183) boot: Disabling RNG early entropy source...[0m
[0;32mI (194) cpu_start: Multicore app[0m
[0;32mI (194) cpu_start: Pro cpu up.[0m
[0;32mI (195) cpu_start: Starting app cpu, entry point is 0x400811e0[0m
[0;32mI (182) cpu_start: App cpu up.[0m
[0;32mI (213) cpu_start: Pro cpu start user code[0m
[0;32mI (213) cpu_start: cpu freq: 240000000 Hz[0m
[0;32mI (213) cpu_start: Application information:[0m
[0;32mI (218) cpu_start: Project name:     marcelino[0m
[0;32mI (223) cpu_start: App version:      729d225-dirty[0m
[0;32mI (228) cpu_start: Compile time:     Nov 11 2023 12:23:09[0m
[0;32mI (234) cpu_start: ELF file SHA256:  b9b5b034a4253b64...[0m
[0;32mI (240) cpu_start: ESP-IDF:          v5.1.1-dirty[0m
[0;32mI (246) cpu_start: Min chip rev:     v0.0[0m
[0;32mI (250) cpu_start: Max chip rev:     v3.99 [0m
[0;32mI (255) cpu_start: Chip rev:         v1.0[0m
[0;32mI (260) heap_init: Initializing. RAM available for dynamic allocation:[0m
[0;32mI (267) heap_init: At 3FFAE6E0 len 00001920 (6 KiB): DRAM[0m
[0;32mI (273) heap_init: At 3FFB2AB0 len 0002D550 (181 KiB): DRAM[0m
[0;32mI (279) heap_init: At 3FFE0440 len 00003AE0 (14 KiB): D/IRAM[0m
[0;32mI (286) heap_init: At 3FFE4350 len 0001BCB0 (111 KiB): D/IRAM[0m
[0;32mI (292) heap_init: At 4008C2B4 len 00013D4C (79 KiB): IRAM[0m
[0;32mI (299) spi_flash: detected chip: generic[0m
[0;32mI (303) spi_flash: flash io: qio[0m
[0;32mI (307) Blink LED G: Task created[0m
[0;32mI (311) Print MSG: Task created[0m
[0;32mI (315) app_start: Starting scheduler on CPU0[0m
[0;32mI (320) app_start: Starting scheduler on CPU1[0m
[0;32mI (320) main_task: Started on CPU0[0m
[0;32mI (330) main_task: Calling app_main()[0m
Guru Meditation Error: Core  0 panic'ed (LoadProhibited). Exception was unhandled.

Core  0 register dump:
PC      : 0x400014fd  PS      : 0x00060e30  A0      : 0x800da4a8  A1      : 0x3ffb5dc0  
A2      : 0x00011140  A3      : 0x0001113c  A4      : 0x000000ff  A5      : 0x0000ff00  
A6      : 0x00ff0000  A7      : 0xff000000  A8      : 0x00000000  A9      : 0x3ffb5e10  
A10     : 0x3ffaffd0  A11     : 0x00001800  A12     : 0x3ffaffd0  A13     : 0x00000000  
A14     : 0x3ffb5d3c  A15     : 0x00000000  SAR     : 0x0000000c  EXCCAUSE: 0x0000001c  
EXCVADDR: 0x00011140  LBEG    : 0x400014fd  LEND    : 0x4000150d  LCOUNT  : 0xffffffff  


Backtrace: 0x400014fa:0x3ffb5dc0 0x400da4a5:0x3ffb5dd0 0x400da6ad:0x3ffb5e30 0x400daed7:0x3ffb5e90 0x400d5c62:0x3ffb5eb0 0x400e7ebc:0x3ffb5f10 0x40087ee5:0x3ffb5f40




ELF file SHA256: b9b5b034a4253b64

Rebooting...
ets Jun  8 2016 00:22:57

rst:0xc (SW_CPU_RESET),boot:0x13 (SPI_FAST_FLASH_BOOT)
configsip: 0, SPIWP:0xee
clk_drv:0x00,q_drv:0x00,d_drv:0x00,cs0_drv:0x00,hd_drv:0x00,wp_drv:0x00
mode:DIO, clock div:1
load:0x3fff0030,len:7432
load:0x40078000,len:16576
load:0x40080400,len:4
ho 8 tail 4 room 4
load:0x40080404,len:4284
entry 0x40080668
[0;32mI (30) boot: ESP-IDF v5.1.1-dirty 2nd stage bootloader[0m
[0;32mI (31) boot: compile time Nov 11 2023 12:23:34[0m
[0;32mI (31) boot: Multicore bootloader[0m
[0;32mI (36) boot: chip revision: v1.0[0m
[0;32mI (39) qio_mode: Enabling default flash chip QIO[0m
[0;32mI (45) boot.esp32: SPI Speed      : 80MHz[0m
[0;32mI (49) boot.esp32: SPI Mode       : QIO[0m
[0;32mI (54) boot.esp32: SPI Flash Size : 4MB[0m
[0;32mI (58) boot: Enabling RNG early entropy source...[0m
[0;32mI (64) boot: Partition Table:[0m
[0;32mI (67) boot: ## Label            Usage          Type ST Offset   Length[0m
[0;32mI (75) boot:  0 nvs              WiFi data        01 02 00009000 00006000[0m
[0;32mI (82) boot:  1 phy_init         RF data          01 01 0000f000 00001000[0m
[0;32mI (90) boot:  2 factory          factory app      00 00 00010000 00100000[0m
[0;32mI (97) boot: End of partition table[0m
[0;32mI (101) esp_image: segment 0: paddr=00010020 vaddr=3f400020 size=0a39ch ( 41884) map[0m
[0;32mI (121) esp_image: segment 1: paddr=0001a3c4 vaddr=3ffb0000 size=021b8h (  8632) load[0m
[0;32mI (124) esp_image: segment 2: paddr=0001c584 vaddr=40080000 size=03a94h ( 14996) load[0m
[0;32mI (134) esp_image: segment 3: paddr=00020020 vaddr=400d0020 size=1864ch ( 99916) map[0m
[0;32mI (165) esp_image: segment 4: paddr=00038674 vaddr=40083a94 size=08820h ( 34848) load[0m
[0;32mI (183) boot: Loaded app from partition at offset 0x10000[0m
[0;32mI (183) boot: Disabling RNG early entropy source...[0m
[0;32mI (194) cpu_start: Multicore app[0m
[0;32mI (194) cpu_start: Pro cpu up.[0m
[0;32mI (195) cpu_start: Starting app cpu, entry point is 0x400811e0[0m
[0;32mI (182) cpu_start: App cpu up.[0m
[0;32mI (213) cpu_start: Pro cpu start user code[0m
[0;32mI (213) cpu_start: cpu freq: 240000000 Hz[0m
[0;32mI (213) cpu_start: Application information:[0m
[0;32mI (218) cpu_start: Project name:     marcelino[0m
[0;32mI (223) cpu_start: App version:      729d225-dirty[0m
[0;32mI (228) cpu_start: Compile time:     Nov 11 2023 12:23:09[0m
[0;32mI (234) cpu_start: ELF file SHA256:  b9b5b034a4253b64...[0m
[0;32mI (240) cpu_start: ESP-IDF:          v5.1.1-dirty[0m
[0;32mI (246) cpu_start: Min chip rev:     v0.0[0m
[0;32mI (250) cpu_start: Max chip rev:     v3.99 [0m
[0;32mI (255) cpu_start: Chip rev:         v1.0[0m
[0;32mI (260) heap_init: Initializing. RAM available for dynamic allocation:[0m
[0;32mI (267) heap_init: At 3FFAE6E0 len 00001920 (6 KiB): DRAM[0m
[0;32mI (273) heap_init: At 3FFB2AB0 len 0002D550 (181 KiB): DRAM[0m
[0;32mI (279) heap_init: At 3FFE0440 len 00003AE0 (14 KiB): D/IRAM[0m
[0;32mI (286) heap_init: At 3FFE4350 len 0001BCB0 (111 KiB): D/IRAM[0m
[0;32mI (292) heap_init: At 4008C2B4 len 00013D4C (79 KiB): IRAM[0m
[0;32mI (299) spi_flash: detected chip: generic[0m
[0;32mI (303) spi_flash: flash io: qio[0m
[0;32mI (307) Blink LED G: Task created[0m
[0;32mI (311) Print MSG: Task created[0m
[0;32mI (315) app_start: Starting scheduler on CPU0[0m
[0;32mI (320) app_start: Starting scheduler on CPU1[0m
[0;32mI (320) main_task: Started on CPU0[0m
[0;32mI (330) main_task: Calling app_main()[0m
Guru Meditation Error: Core  0 panic'ed (LoadProhibited). Exception was unhandled.

Core  0 register dump:
PC      : 0x400014fd  PS      : 0x00060e30  A0      : 0x800da4a8  A1      : 0x3ffb5dc0  
A2      : 0x00011140  A3      : 0x0001113c  A4      : 0x000000ff  A5      : 0x0000ff00  
A6      : 0x00ff0000  A7      : 0xff000000  A8      : 0x00000000  A9      : 0x3ffb5e10  
A10     : 0x3ffaffd0  A11     : 0x00001800  A12     : 0x3ffaffd0  A13     : 0x00000000  
A14     : 0x3ffb5d3c  A15     : 0x00000000  SAR     : 0x0000000c  EXCCAUSE: 0x0000001c  
EXCVADDR: 0x00011140  LBEG    : 0x400014fd  LEND    : 0x4000150d  LCOUNT  : 0xffffffff  


Backtrace: 0x400014fa:0x3ffb5dc0 0x400da4a5:0x3ffb5dd0 0x400da6ad:0x3ffb5e30 0x400daed7:0x3ffb5e90 0x400d5c62:0x3ffb5eb0 0x400e7ebc:0x3ffb5f10 0x40087ee5:0x3ffb5f40




ELF file SHA256: b9b5b034a4253b64

Rebooting...
ets Jun  8 2016 00:22:57

rst:0xc (SW_CPU_RESET),boot:0x13 (SPI_FAST_FLASH_BOOT)
configsip: 0, SPIWP:0xee
clk_drv:0x00,q_drv:0x00,d_drv:0x00,cs0_drv:0x00,hd_drv:0x00,wp_drv:0x00
mode:DIO, clock div:1
load:0x3fff0030,len:7432
load:0x40078000,len:16576
load:0x40080400,len:4
ho 8 tail 4 room 4
load:0x40080404,len:4284
entry 0x40080668
[0;32mI (30) boot: ESP-IDF v5.1.1-dirty 2nd stage bootloader[0m
[0;32mI (31) boot: compile time Nov 11 2023 12:23:34[0m
[0;32mI (31) boot: Multicore bootloader[0m
[0;32mI (36) boot: chip revision: v1.0[0m
[0;32mI (39) qio_mode: Enabling default flash chip QIO[0m
[0;32mI (45) boot.esp32: SPI Speed      : 80MHz[0m
[0;32mI (49) boot.esp32: SPI Mode       : QIO[0m
[0;32mI (54) boot.esp32: SPI Flash Size : 4MB[0m
[0;32mI (58) boot: Enabling RNG early entropy source...[0m
[0;32mI (64) boot: Partition Table:[0m
[0;32mI (67) boot: ## Label            Usage          Type ST Offset   Length[0m
[0;32mI (75) boot:  0 nvs              WiFi data        01 02 00009000 00006000[0m
[0;32mI (82) boot:  1 phy_init         RF data          01 01 0000f000 00001000[0m
[0;32mI (90) boot:  2 factory          factory app      00 00 00010000 00100000[0m
[0;32mI (97) boot: End of partition table[0m
[0;32mI (101) esp_image: segment 0: paddr=00010020 vaddr=3f400020 size=0a39ch ( 41884) map[0m
[0;32mI (121) esp_image: segment 1: paddr=0001a3c4 vaddr=3ffb0000 size=021b8h (  8632) load[0m
[0;32mI (124) esp_image: segment 2: paddr=0001c584 vaddr=40080000 size=03a94h ( 14996) load[0m
[0;32mI (134) esp_image: segment 3: paddr=00020020 vaddr=400d0020 size=1864ch ( 99916) map[0m
[0;32mI (165) esp_image: segment 4: paddr=00038674 vaddr=40083a94 size=08820h ( 34848) load[0m
[0;32mI (183) boot: Loaded app from partition at offset 0x10000[0m
[0;32mI (183) boot: Disabling RNG early entropy source...[0m
[0;32mI (194) cpu_start: Multicore app[0m
[0;32mI (194) cpu_start: Pro cpu up.[0m
[0;32mI (195) cpu_start: Starting app cpu, entry point is 0x400811e0[0m
[0;32mI (182) cpu_start: App cpu up.[0m
[0;32mI (213) cpu_start: Pro cpu start user code[0m
[0;32mI (213) cpu_start: cpu freq: 240000000 Hz[0m
[0;32mI (213) cpu_start: Application information:[0m
[0;32mI (218) cpu_start: Project name:     marcelino[0m
[0;32mI (223) cpu_start: App version:      729d225-dirty[0m
[0;32mI (228) cpu_start: Compile time:     Nov 11 2023 12:23:09[0m
[0;32mI (234) cpu_start: ELF file SHA256:  b9b5b034a4253b64...[0m
[0;32mI (240) cpu_start: ESP-IDF:          v5.1.1-dirty[0m
[0;32mI (246) cpu_start: Min chip rev:     v0.0[0m
[0;32mI (250) cpu_start: Max chip rev:     v3.99 [0m
[0;32mI (255) cpu_start: Chip rev:         v1.0[0m
[0;32mI (260) heap_init: Initializing. RAM available for dynamic allocation:[0m
[0;32mI (267) heap_init: At 3FFAE6E0 len 00001920 (6 KiB): DRAM[0m
[0;32mI (273) heap_init: At 3FFB2AB0 len 0002D550 (181 KiB): DRAM[0m
[0;32mI (279) heap_init: At 3FFE0440 len 00003AE0 (14 KiB): D/IRAM[0m
[0;32mI (286) heap_init: At 3FFE4350 len 0001BCB0 (111 KiB): D/IRAM[0m
[0;32mI (292) heap_init: At 4008C2B4 len 00013D4C (79 KiB): IRAM[0m
[0;32mI (299) spi_flash: detected chip: generic[0m
[0;32mI (303) spi_flash: flash io: qio[0m
[0;32mI (307) Blink LED G: Task created[0m
[0;32mI (311) Print MSG: Task created[0m
[0;32mI (315) app_start: Starting scheduler on CPU0[0m
[0;32mI (320) app_start: Starting scheduler on CPU1[0m
[0;32mI (320) main_task: Started on CPU0[0m
[0;32mI (330) main_task: Calling app_main()[0m
Guru Meditation Error: Core  0 panic'ed (LoadProhibited). Exception was unhandled.

Core  0 register dump:
PC      : 0x400014fd  PS      : 0x00060e30  A0      : 0x800da4a8  A1      : 0x3ffb5dc0  
A2      : 0x00011140  A3      : 0x0001113c  A4      : 0x000000ff  A5      : 0x0000ff00  
A6      : 0x00ff0000  A7      : 0xff000000  A8      : 0x00000000  A9      : 0x3ffb5e10  
A10     : 0x3ffaffd0  A11     : 0x00001800  A12     : 0x3ffaffd0  A13     : 0x00000000  
A14     : 0x3ffb5d3c  A15     : 0x00000000  SAR     : 0x0000000c  EXCCAUSE: 0x0000001c  
EXCVADDR: 0x00011140  LBEG    : 0x400014fd  LEND    : 0x4000150d  LCOUNT  : 0xffffffff  


Backtrace: 0x400014fa:0x3ffb5dc0 0x400da4a5:0x3ffb5dd0 0x400da6ad:0x3ffb5e30 0x400daed7:0x3ffb5e90 0x400d5c62:0x3ffb5eb0 0x400e7ebc:0x3ffb5f10 0x40087ee5:0x3ffb5f40




ELF file SHA256: b9b5b034a4253b64

Rebooting...
ets Jun  8 2016 00:22:57

rst:0xc (SW_CPU_RESET),boot:0x13 (SPI_FAST_FLASH_BOOT)
configsip: 0, SPIWP:0xee
clk_drv:0x00,q_drv:0x00,d_drv:0x00,cs0_drv:0x00,hd_drv:0x00,wp_drv:0x00
mode:DIO, clock div:1
load:0x3fff0030,len:7432
load:0x40078000,len:16576
load:0x40080400,len:4
ho 8 tail 4 room 4
load:0x40080404,len:4284
entry 0x40080668
[0;32mI (30) boot: ESP-IDF v5.1.1-dirty 2nd stage bootloader[0m
[0;32mI (31) boot: compile time Nov 11 2023 12:23:34[0m
[0;32mI (31) boot: Multicore bootloader[0m
[0;32mI (36) boot: chip revision: v1.0[0m
[0;32mI (39) qio_mode: Enabling default flash chip QIO[0m
[0;32mI (45) boot.esp32: SPI Speed      : 80MHz[0m
[0;32mI (49) boot.esp32: SPI Mode       : QIO[0m
[0;32mI (54) boot.esp32: SPI Flash Size : 4MB[0m
[0;32mI (58) boot: Enabling RNG early entropy source...[0m
[0;32mI (64) boot: Partition Table:[0m
[0;32mI (67) boot: ## Label            Usage          Type ST Offset   Length[0m
[0;32mI (75) boot:  0 nvs              WiFi data        01 02 00009000 00006000[0m
[0;32mI (82) boot:  1 phy_init         RF data          01 01 0000f000 00001000[0m
[0;32mI (90) boot:  2 factory          factory app      00 00 00010000 00100000[0m
[0;32mI (97) boot: End of partition table[0m
[0;32mI (101) esp_image: segment 0: paddr=00010020 vaddr=3f400020 size=0a39ch ( 41884) map[0m
[0;32mI (121) esp_image: segment 1: paddr=0001a3c4 vaddr=3ffb0000 size=021b8h (  8632) load[0m
[0;32mI (124) esp_image: segment 2: paddr=0001c584 vaddr=40080000 size=03a94h ( 14996) load[0m
[0;32mI (134) esp_image: segment 3: paddr=00020020 vaddr=400d0020 size=1864ch ( 99916) map[0m
[0;32mI (165) esp_image: segment 4: paddr=00038674 vaddr=40083a94 size=08820h ( 34848) load[0m
[0;32mI (183) boot: Loaded app from partition at offset 0x10000[0m
[0;32mI (183) boot: Disabling RNG early entropy source...[0m
[0;32mI (194) cpu_start: Multicore app[0m
[0;32mI (194) cpu_start: Pro cpu up.[0m
[0;32mI (195) cpu_start: Starting app cpu, entry point is 0x400811e0[0m
[0;32mI (182) cpu_start: App cpu up.[0m
[0;32mI (213) cpu_start: Pro cpu start user code[0m
[0;32mI (213) cpu_start: cpu freq: 240000000 Hz[0m
[0;32mI (213) cpu_start: Application information:[0m
[0;32mI (218) cpu_start: Project name:     marcelino[0m
[0;32mI (223) cpu_start: App version:      729d225-dirty[0m
[0;32mI (228) cpu_start: Compile time:     Nov 11 2023 12:23:09[0m
[0;32mI (234) cpu_start: ELF file SHA256:  b9b5b034a4253b64...[0m
[0;32mI (240) cpu_start: ESP-IDF:          v5.1.1-dirty[0m
[0;32mI (246) cpu_start: Min chip rev:     v0.0[0m
[0;32mI (250) cpu_start: Max chip rev:     v3.99 [0m
[0;32mI (255) cpu_start: Chip rev:         v1.0[0m
[0;32mI (260) heap_init: Initializing. RAM available for dynamic allocation:[0m
[0;32mI (267) heap_init: At 3FFAE6E0 len 00001920 (6 KiB): DRAM[0m
[0;32mI (273) heap_init: At 3FFB2AB0 len 0002D550 (181 KiB): DRAM[0m
[0;32mI (279) heap_init: At 3FFE0440 len 00003AE0 (14 KiB): D/IRAM[0m
[0;32mI (286) heap_init: At 3FFE4350 len 0001BCB0 (111 KiB): D/IRAM[0m
[0;32mI (292) heap_init: At 4008C2B4 len 00013D4C (79 KiB): IRAM[0m
[0;32mI (299) spi_flash: detected chip: generic[0m
[0;32mI (303) spi_flash: flash io: qio[0m
[0;32mI (307) Blink LED G: Task created[0m
[0;32mI (311) Print MSG: Task created[0m
[0;32mI (315) app_start: Starting scheduler on CPU0[0m
[0;32mI (320) app_start: Starting scheduler on CPU1[0m
[0;32mI (320) main_task: Started on CPU0[0m
[0;32mI (330) main_task: Calling app_main()[0m
Guru Meditation Error: Core  0 panic'ed (LoadProhibited). Exception was unhandled.

Core  0 register dump:
PC      : 0x400014fd  PS      : 0x00060e30  A0      : 0x800da4a8  A1      : 0x3ffb5dc0  
A2      : 0x00011140  A3      : 0x0001113c  A4      : 0x000000ff  A5      : 0x0000ff00  
A6      : 0x00ff0000  A7      : 0xff000000  A8      : 0x00000000  A9      : 0x3ffb5e10  
A10     : 0x3ffaffd0  A11     : 0x00001800  A12     : 0x3ffaffd0  A13     : 0x00000000  
A14     : 0x3ffb5d3c  A15     : 0x00000000  SAR     : 0x0000000c  EXCCAUSE: 0x0000001c  
EXCVADDR: 0x00011140  LBEG    : 0x400014fd  LEND    : 0x4000150d  LCOUNT  : 0xffffffff  


Backtrace: 0x400014fa:0x3ffb5dc0 0x400da4a5:0x3ffb5dd0 0x400da6ad:0x3ffb5e30 0x400daed7:0x3ffb5e90 0x400d5c62:0x3ffb5eb0 0x400e7ebc:0x3ffb5f10 0x40087ee5:0x3ffb5f40




ELF file SHA256: b9b5b034a4253b64

Rebooting...
ets Jun  8 2016 00:22:57

rst:0xc (SW_CPU_RESET),boot:0x13 (SPI_FAST_FLASH_BOOT)
configsip: 0, SPIWP:0xee
clk_drv:0x00,q_drv:0x00,d_drv:0x00,cs0_drv:0x00,hd_drv:0x00,wp_drv:0x00
mode:DIO, clock div:1
load:0x3fff0030,len:7432
load:0x40078000,len:16576
load:0x40080400,len:4
ho 8 tail 4 room 4
load:0x40080404,len:4284
entry 0x40080668
[0;32mI (30) boot: ESP-IDF v5.1.1-dirty 2nd stage bootloader[0m
[0;32mI (31) boot: compile time Nov 11 2023 12:23:34[0m
[0;32mI (31) boot: Multicore bootloader[0m
[0;32mI (36) boot: chip revision: v1.0[0m
[0;32mI (39) qio_mode: Enabling default flash chip QIO[0m
[0;32mI (45) boot.esp32: SPI Speed      : 80MHz[0m
[0;32mI (49) boot.esp32: SPI Mode       : QIO[0m
[0;32mI (54) boot.esp32: SPI Flash Size : 4MB[0m
[0;32mI (58) boot: Enabling RNG early entropy source...[0m
[0;32mI (64) boot: Partition Table:[0m
[0;32mI (67) boot: ## Label            Usage          Type ST Offset   Length[0m
[0;32mI (75) boot:  0 nvs              WiFi data        01 02 00009000 00006000[0m
[0;32mI (82) boot:  1 phy_init         RF data          01 01 0000f000 00001000[0m
[0;32mI (90) boot:  2 factory          factory app      00 00 00010000 00100000[0m
[0;32mI (97) boot: End of partition table[0m
[0;32mI (101) esp_image: segment 0: paddr=00010020 vaddr=3f400020 size=0a39ch ( 41884) map[0m
[0;32mI (121) esp_image: segment 1: paddr=0001a3c4 vaddr=3ffb0000 size=021b8h (  8632) load[0m
[0;32mI (124) esp_image: segment 2: paddr=0001c584 vaddr=40080000 size=03a94h ( 14996) load[0m
[0;32mI (134) esp_image: segment 3: paddr=00020020 vaddr=400d0020 size=1864ch ( 99916) map[0m
[0;32mI (165) esp_image: segment 4: paddr=00038674 vaddr=40083a94 size=08820h ( 34848) load[0m
[0;32mI (183) boot: Loaded app from partition at offset 0x10000[0m
[0;32mI (183) boot: Disabling RNG early entropy source...[0m
[0;32mI (194) cpu_start: Multicore app[0m
[0;32mI (194) cpu_start: Pro cpu up.[0m
[0;32mI (195) cpu_start: Starting app cpu, entry point is 0x400811e0[0m
[0;32mI (182) cpu_start: App cpu up.[0m
[0;32mI (213) cpu_start: Pro cpu start user code[0m
[0;32mI (213) cpu_start: cpu freq: 240000000 Hz[0m
[0;32mI (213) cpu_start: Application information:[0m
[0;32mI (218) cpu_start: Project name:     marcelino[0m
[0;32mI (223) cpu_start: App version:      729d225-dirty[0m
[0;32mI (228) cpu_start: Compile time:     Nov 11 2023 12:23:09[0m
[0;32mI (234) cpu_start: ELF file SHA256:  b9b5b034a4253b64...[0m
[0;32mI (240) cpu_start: ESP-IDF:          v5.1.1-dirty[0m
[0;32mI (246) cpu_start: Min chip rev:     v0.0[0m
[0;32mI (250) cpu_start: Max chip rev:     v3.99 [0m
[0;32mI (255) cpu_start: Chip rev:         v1.0[0m
[0;32mI (260) heap_init: Initializing. RAM available for dynamic allocation:[0m
[0;32mI (267) heap_init: At 3FFAE6E0 len 00001920 (6 KiB): DRAM[0m
[0;32mI (273) heap_init: At 3FFB2AB0 len 0002D550 (181 KiB): DRAM[0m
[0;32mI (279) heap_init: At 3FFE0440 len 00003AE0 (14 KiB): D/IRAM[0m
[0;32mI (286) heap_init: At 3FFE4350 len 0001BCB0 (111 KiB): D/IRAM[0m
[0;32mI (292) heap_init: At 4008C2B4 len 00013D4C (79 KiB): IRAM[0m
[0;32mI (299) spi_flash: detected chip: generic[0m
[0;32mI (303) spi_flash: flash io: qio[0m
[0;32mI (307) Blink LED G: Task created[0m
[0;32mI (311) Print MSG: Task created[0m
[0;32mI (315) app_start: Starting scheduler on CPU0[0m
[0;32mI (320) app_start: Starting scheduler on CPU1[0m
[0;32mI (320) main_task: Started on CPU0[0m
[0;32mI (330) main_task: Calling app_main()[0m
Guru Meditation Error: Core  0 panic'ed (LoadProhibited). Exception was unhandled.

Core  0 register dump:
PC      : 0x400014fd  PS      : 0x00060e30  A0      : 0x800da4a8  A1      : 0x3ffb5dc0  
A2      : 0x00011140  A3      : 0x0001113c  A4      : 0x000000ff  A5      : 0x0000ff00  
A6      : 0x00ff0000  A7      : 0xff000000  A8      : 0x00000000  A9      : 0x3ffb5e10  
A10     : 0x3ffaffd0  A11     : 0x00001800  A12     : 0x3ffaffd0  A13     : 0x00000000  
A14     : 0x3ffb5d3c  A15     : 0x00000000  SAR     : 0x0000000c  EXCCAUSE: 0x0000001c  
EXCVADDR: 0x00011140  LBEG    : 0x400014fd  LEND    : 0x4000150d  LCOUNT  : 0xffffffff  


Backtrace: 0x400014fa:0x3ffb5dc0 0x400da4a5:0x3ffb5dd0 0x400da6ad:0x3ffb5e30 0x400daed7:0x3ffb5e90 0x400d5c62:0x3ffb5eb0 0x400e7ebc:0x3ffb5f10 0x40087ee5:0x3ffb5f40




ELF file SHA256: b9b5b034a4253b64

Rebooting...
ets Jun  8 2016 00:22:57

rst:0xc (SW_CPU_RESET),boot:0x13 (SPI_FAST_FLASH_BOOT)
configsip: 0, SPIWP:0xee
clk_drv:0x00,q_drv:0x00,d_drv:0x00,cs0_drv:0x00,hd_drv:0x00,wp_drv:0x00
mode:DIO, clock div:1
load:0x3fff0030,len:7432
load:0x40078000,len:16576
load:0x40080400,len:4
ho 8 tail 4 room 4
load:0x40080404,len:4284
entry 0x40080668
[0;32mI (30) boot: ESP-IDF v5.1.1-dirty 2nd stage bootloader[0m
[0;32mI (31) boot: compile time Nov 11 2023 12:23:34[0m
[0;32mI (31) boot: Multicore bootloader[0m
[0;32mI (36) boot: chip revision: v1.0[0m
[0;32mI (39) qio_mode: Enabling default flash chip QIO[0m
[0;32mI (45) boot.esp32: SPI Speed      : 80MHz[0m
[0;32mI (49) boot.esp32: SPI Mode       : QIO[0m
[0;32mI (54) boot.esp32: SPI Flash Size : 4MB[0m
[0;32mI (58) boot: Enabling RNG early entropy source...[0m
[0;32mI (64) boot: Partition Table:[0m
[0;32mI (67) boot: ## Label            Usage          Type ST Offset   Length[0m
[0;32mI (75) boot:  0 nvs              WiFi data        01 02 00009000 00006000[0m
[0;32mI (82) boot:  1 phy_init         RF data          01 01 0000f000 00001000[0m
[0;32mI (90) boot:  2 factory          factory app      00 00 00010000 00100000[0m
[0;32mI (97) boot: End of partition table[0m
[0;32mI (101) esp_image: segment 0: paddr=00010020 vaddr=3f400020 size=0a39ch ( 41884) map[0m
[0;32mI (121) esp_image: segment 1: paddr=0001a3c4 vaddr=3ffb0000 size=021b8h (  8632) load[0m
[0;32mI (124) esp_image: segment 2: paddr=0001c584 vaddr=40080000 size=03a94h ( 14996) load[0m
[0;32mI (134) esp_image: segment 3: paddr=00020020 vaddr=400d0020 size=1864ch ( 99916) map[0m
[0;32mI (165) esp_image: segment 4: paddr=00038674 vaddr=40083a94 size=08820h ( 34848) load[0m
[0;32mI (183) boot: Loaded app from partition at offset 0x10000[0m
[0;32mI (183) boot: Disabling RNG early entropy source...[0m
[0;32mI (194) cpu_start: Multicore app[0m
[0;32mI (194) cpu_start: Pro cpu up.[0m
[0;32mI (195) cpu_start: Starting app cpu, entry point is 0x400811e0[0m
[0;32mI (182) cpu_start: App cpu up.[0m
[0;32mI (213) cpu_start: Pro cpu start user code[0m
[0;32mI (213) cpu_start: cpu freq: 240000000 Hz[0m
[0;32mI (213) cpu_start: Application information:[0m
[0;32mI (218) cpu_start: Project name:     marcelino[0m
[0;32mI (223) cpu_start: App version:      729d225-dirty[0m
[0;32mI (228) cpu_start: Compile time:     Nov 11 2023 12:23:09[0m
[0;32mI (234) cpu_start: ELF file SHA256:  b9b5b034a4253b64...[0m
[0;32mI (240) cpu_start: ESP-IDF:          v5.1.1-dirty[0m
[0;32mI (246) cpu_start: Min chip rev:     v0.0[0m
[0;32mI (250) cpu_start: Max chip rev:     v3.99 [0m
[0;32mI (255) cpu_start: Chip rev:         v1.0[0m
[0;32mI (260) heap_init: Initializing. RAM available for dynamic allocation:[0m
[0;32mI (267) heap_init: At 3FFAE6E0 len 00001920 (6 KiB): DRAM[0m
[0;32mI (273) heap_init: At 3FFB2AB0 len 0002D550 (181 KiB): DRAM[0m
[0;32mI (279) heap_init: At 3FFE0440 len 00003AE0 (14 KiB): D/IRAM[0m
[0;32mI (286) heap_init: At 3FFE4350 len 0001BCB0 (111 KiB): D/IRAM[0m
[0;32mI (292) heap_init: At 4008C2B4 len 00013D4C (79 KiB): IRAM[0m
[0;32mI (299) spi_flash: detected chip: generic[0m
[0;32mI (303) spi_flash: flash io: qio[0m
[0;32mI (307) Blink LED G: Task created[0m
[0;32mI (311) Print MSG: Task created[0m
[0;32mI (315) app_start: Starting scheduler on CPU0[0m
[0;32mI (320) app_start: Starting scheduler on CPU1[0m
[0;32mI (320) main_task: Started on CPU0[0m
[0;32mI (330) main_task: Calling app_main()[0m
Guru Meditation Error: Core  0 panic'ed (LoadProhibited). Exception was unhandled.

Core  0 register dump:
PC      : 0x400014fd  PS      : 0x00060e30  A0      : 0x800da4a8  A1      : 0x3ffb5dc0  
A2      : 0x00011140  A3      : 0x0001113c  A4      : 0x000000ff  A5      : 0x0000ff00  
A6      : 0x00ff0000  A7      : 0xff000000  A8      : 0x00000000  A9      : 0x3ffb5e10  
A10     : 0x3ffaffd0  A11     : 0x00001800  A12     : 0x3ffaffd0  A13     : 0x00000000  
A14     : 0x3ffb5d3c  A15     : 0x00000000  SAR     : 0x0000000c  EXCCAUSE: 0x0000001c  
EXCVADDR: 0x00011140  LBEG    : 0x400014fd  LEND    : 0x4000150d  LCOUNT  : 0xffffffff  


Backtrace: 0x400014fa:0x3ffb5dc0 0x400da4a5:0x3ffb5dd0 0x400da6ad:0x3ffb5e30 0x400daed7:0x3ffb5e90 0x400d5c62:0x3ffb5eb0 0x400e7ebc:0x3ffb5f10 0x40087ee5:0x3ffb5f40




ELF file SHA256: b9b5b034a4253b64

Rebooting...
ets Jun  8 2016 00:22:57

rst:0xc (SW_CPU_RESET),boot:0x13 (SPI_FAST_FLASH_BOOT)
configsip: 0, SPIWP:0xee
clk_drv:0x00,q_drv:0x00,d_drv:0x00,cs0_drv:0x00,hd_drv:0x00,wp_drv:0x00
mode:DIO, clock div:1
load:0x3fff0030,len:7432
load:0x40078000,len:16576
load:0x40080400,len:4
ho 8 tail 4 room 4
load:0x40080404,len:4284
entry 0x40080668
[0;32mI (30) boot: ESP-IDF v5.1.1-dirty 2nd stage bootloader[0m
[0;32mI (31) boot: compile time Nov 11 2023 12:23:34[0m
[0;32mI (31) boot: Multicore bootloader[0m
[0;32mI (36) boot: chip revision: v1.0[0m
[0;32mI (39) qio_mode: Enabling default flash chip QIO[0m
[0;32mI (45) boot.esp32: SPI Speed      : 80MHz[0m
[0;32mI (49) boot.esp32: SPI Mode       : QIO[0m
[0;32mI (54) boot.esp32: SPI Flash Size : 4MB[0m
[0;32mI (58) boot: Enabling RNG early entropy source...[0m
[0;32mI (64) boot: Partition Table:[0m
[0;32mI (67) boot: ## Label            Usage          Type ST Offset   Length[0m
[0;32mI (75) boot:  0 nvs              WiFi data        01 02 00009000 00006000[0m
[0;32mI (82) boot:  1 phy_init         RF data          01 01 0000f000 00001000[0m
[0;32mI (90) boot:  2 factory          factory app      00 00 00010000 00100000[0m
[0;32mI (97) boot: End of partition table[0m
[0;32mI (101) esp_image: segment 0: paddr=00010020 vaddr=3f400020 size=0a39ch ( 41884) map[0m
[0;32mI (121) esp_image: segment 1: paddr=0001a3c4 vaddr=3ffb0000 size=021b8h (  8632) load[0m
[0;32mI (124) esp_image: segment 2: paddr=0001c584 vaddr=40080000 size=03a94h ( 14996) load[0m
[0;32mI (134) esp_image: segment 3: paddr=00020020 vaddr=400d0020 size=1864ch ( 99916) map[0m
[0;32mI (165) esp_image: segment 4: paddr=00038674 vaddr=40083a94 size=08820h ( 34848) load[0m
[0;32mI (183) boot: Loaded app from partition at offset 0x10000[0m
[0;32mI (183) boot: Disabling RNG early entropy source...[0m
[0;32mI (194) cpu_start: Multicore app[0m
[0;32mI (194) cpu_start: Pro cpu up.[0m
[0;32mI (195) cpu_start: Starting app cpu, entry point is 0x400811e0[0m
[0;32mI (182) cpu_start: App cpu up.[0m
[0;32mI (213) cpu_start: Pro cpu start user code[0m
[0;32mI (213) cpu_start: cpu freq: 240000000 Hz[0m
[0;32mI (213) cpu_start: Application information:[0m
[0;32mI (218) cpu_start: Project name:     marcelino[0m
[0;32mI (223) cpu_start: App version:      729d225-dirty[0m
[0;32mI (228) cpu_start: Compile time:     Nov 11 2023 12:23:09[0m
[0;32mI (234) cpu_start: ELF file SHA256:  b9b5b034a4253b64...[0m
[0;32mI (240) cpu_start: ESP-IDF:          v5.1.1-dirty[0m
[0;32mI (246) cpu_start: Min chip rev:     v0.0[0m
[0;32mI (250) cpu_start: Max chip rev:     v3.99 [0m
[0;32mI (255) cpu_start: Chip rev:         v1.0[0m
[0;32mI (260) heap_init: Initializing. RAM available for dynamic allocation:[0m
[0;32mI (267) heap_init: At 3FFAE6E0 len 00001920 (6 KiB): DRAM[0m
[0;32mI (273) heap_init: At 3FFB2AB0 len 0002D550 (181 KiB): DRAM[0m
[0;32mI (279) heap_init: At 3FFE0440 len 00003AE0 (14 KiB): D/IRAM[0m
[0;32mI (286) heap_init: At 3FFE4350 len 0001BCB0 (111 KiB): D/IRAM[0m
[0;32mI (292) heap_init: At 4008C2B4 len 00013D4C (79 KiB): IRAM[0m
[0;32mI (299) spi_flash: detected chip: generic[0m
[0;32mI (303) spi_flash: flash io: qio[0m
[0;32mI (307) Blink LED G: Task created[0m
[0;32mI (311) Print MSG: Task created[0m
[0;32mI (315) app_start: Starting scheduler on CPU0[0m
[0;32mI (320) app_start: Starting scheduler on CPU1[0m
[0;32mI (320) main_task: Started on CPU0[0m
[0;32mI (330) main_task: Calling app_main()[0m
Guru Meditation Error: Core  0 panic'ed (LoadProhibited). Exception was unhandled.

Core  0 register dump:
PC      : 0x400014fd  PS      : 0x00060e30  A0      : 0x800da4a8  A1      : 0x3ffb5dc0  
A2      : 0x00011140  A3      : 0x0001113c  A4      : 0x000000ff  A5      : 0x0000ff00  
A6      : 0x00ff0000  A7      : 0xff000000  A8      : 0x00000000  A9      : 0x3ffb5e10  
A10     : 0x3ffaffd0  A11     : 0x00001800  A12     : 0x3ffaffd0  A13     : 0x00000000  
A14     : 0x3ffb5d3c  A15     : 0x00000000  SAR     : 0x0000000c  EXCCAUSE: 0x0000001c  
EXCVADDR: 0x00011140  LBEG    : 0x400014fd  LEND    : 0x4000150d  LCOUNT  : 0xffffffff  


Backtrace: 0x400014fa:0x3ffb5dc0 0x400da4a5:0x3ffb5dd0 0x400da6ad:0x3ffb5e30 0x400daed7:0x3ffb5e90 0x400d5c62:0x3ffb5eb0 0x400e7ebc:0x3ffb5f10 0x40087ee5:0x3ffb5f40




ELF file SHA256: b9b5b034a4253b64

Rebooting...
ets Jun  8 2016 00:22:57

rst:0xc (SW_CPU_RESET),boot:0x13 (SPI_FAST_FLASH_BOOT)
configsip: 0, SPIWP:0xee
clk_drv:0x00,q_drv:0x00,d_drv:0x00,cs0_drv:0x00,hd_drv:0x00,wp_drv:0x00
mode:DIO, clock div:1
load:0x3fff0030,len:7432
load:0x40078000,len:16576
load:0x40080400,len:4
ho 8 tail 4 room 4
load:0x40080404,len:4284
entry 0x40080668
[0;32mI (30) boot: ESP-IDF v5.1.1-dirty 2nd stage bootloader[0m
[0;32mI (31) boot: compile time Nov 11 2023 12:23:34[0m
[0;32mI (31) boot: Multicore bootloader[0m
[0;32mI (36) boot: chip revision: v1.0[0m
[0;32mI (39) qio_mode: Enabling default flash chip QIO[0m
[0;32mI (45) boot.esp32: SPI Speed      : 80MHz[0m
[0;32mI (49) boot.esp32: SPI Mode       : QIO[0m
[0;32mI (54) boot.esp32: SPI Flash Size : 4MB[0m
[0;32mI (58) boot: Enabling RNG early entropy source...[0m
[0;32mI (64) boot: Partition Table:[0m
[0;32mI (67) boot: ## Label            Usage          Type ST Offset   Length[0m
[0;32mI (75) boot:  0 nvs              WiFi data        01 02 00009000 00006000[0m
[0;32mI (82) boot:  1 phy_init         RF data          01 01 0000f000 00001000[0m
[0;32mI (90) boot:  2 factory          factory app      00 00 00010000 00100000[0m
[0;32mI (97) boot: End of partition table[0m
[0;32mI (101) esp_image: segment 0: paddr=00010020 vaddr=3f400020 size=0a39ch ( 41884) map[0m
[0;32mI (121) esp_image: segment 1: paddr=0001a3c4 vaddr=3ffb0000 size=021b8h (  8632) load[0m
[0;32mI (124) esp_image: segment 2: paddr=0001c584 vaddr=40080000 size=03a94h ( 14996) load[0m
[0;32mI (134) esp_image: segment 3: paddr=00020020 vaddr=400d0020 size=1864ch ( 99916) map[0m
[0;32mI (165) esp_image: segment 4: paddr=00038674 vaddr=40083a94 size=08820h ( 34848) load[0m
[0;32mI (183) boot: Loaded app from partition at offset 0x10000[0m
[0;32mI (183) boot: Disabling RNG early entropy source...[0m
[0;32mI (194) cpu_start: Multicore app[0m
[0;32mI (194) cpu_start: Pro cpu up.[0m
[0;32mI (195) cpu_start: Starting app cpu, entry point is 0x400811e0[0m
[0;32mI (182) cpu_start: App cpu up.[0m
[0;32mI (213) cpu_start: Pro cpu start user code[0m
[0;32mI (213) cpu_start: cpu freq: 240000000 Hz[0m
[0;32mI (213) cpu_start: Application information:[0m
[0;32mI (218) cpu_start: Project name:     marcelino[0m
[0;32mI (223) cpu_start: App version:      729d225-dirty[0m
[0;32mI (228) cpu_start: Compile time:     Nov 11 2023 12:23:09[0m
[0;32mI (234) cpu_start: ELF file SHA256:  b9b5b034a4253b64...[0m
[0;32mI (240) cpu_start: ESP-IDF:          v5.1.1-dirty[0m
[0;32mI (246) cpu_start: Min chip rev:     v0.0[0m
[0;32mI (250) cpu_start: Max chip rev:     v3.99 [0m
[0;32mI (255) cpu_start: Chip rev:         v1.0[0m
[0;32mI (260) heap_init: Initializing. RAM available for dynamic allocation:[0m
[0;32mI (267) heap_init: At 3FFAE6E0 len 00001920 (6 KiB): DRAM[0m
[0;32mI (273) heap_init: At 3FFB2AB0 len 0002D550 (181 KiB): DRAM[0m
[0;32mI (279) heap_init: At 3FFE0440 len 00003AE0 (14 KiB): D/IRAM[0m
[0;32mI (286) heap_init: At 3FFE4350 len 0001BCB0 (111 KiB): D/IRAM[0m
[0;32mI (292) heap_init: At 4008C2B4 len 00013D4C (79 KiB): IRAM[0m
[0;32mI (299) spi_flash: detected chip: generic[0m
[0;32mI (303) spi_flash: flash io: qio[0m
[0;32mI (307) Blink LED G: Task created[0m
[0;32mI (311) Print MSG: Task created[0m
[0;32mI (315) app_start: Starting scheduler on CPU0[0m
[0;32mI (320) app_start: Starting scheduler on CPU1[0m
[0;32mI (320) main_task: Started on CPU0[0m
[0;32mI (330) main_task: Calling app_main()[0m
Guru Meditation Error: Core  0 panic'ed (LoadProhibited). Exception was unhandled.

Core  0 register dump:
PC      : 0x400014fd  PS      : 0x00060e30  A0      : 0x800da4a8  A1      : 0x3ffb5dc0  
A2      : 0x00011140  A3      : 0x0001113c  A4      : 0x000000ff  A5      : 0x0000ff00  
A6      : 0x00ff0000  A7      : 0xff000000  A8      : 0x00000000  A9      : 0x3ffb5e10  
A10     : 0x3ffaffd0  A11     : 0x00001800  A12     : 0x3ffaffd0  A13     : 0x00000000  
A14     : 0x3ffb5d3c  A15     : 0x00000000  SAR     : 0x0000000c  EXCCAUSE: 0x0000001c  
EXCVADDR: 0x00011140  LBEG    : 0x400014fd  LEND    : 0x4000150d  LCOUNT  : 0xffffffff  


Backtrace: 0x400014fa:0x3ffb5dc0 0x400da4a5:0x3ffb5dd0 0x400da6ad:0x3ffb5e30 0x400daed7:0x3ffb5e90 0x400d5c62:0x3ffb5eb0 0x400e7ebc:0x3ffb5f10 0x40087ee5:0x3ffb5f40




ELF file SHA256: b9b5b034a4253b64

Rebooting...
ets Jun  8 2016 00:22:57

rst:0xc (SW_CPU_RESET),boot:0x13 (SPI_FAST_FLASH_BOOT)
configsip: 0, SPIWP:0xee
clk_drv:0x00,q_drv:0x00,d_drv:0x00,cs0_drv:0x00,hd_drv:0x00,wp_drv:0x00
mode:DIO, clock div:1
load:0x3fff0030,len:7432
load:0x40078000,len:16576
load:0x40080400,len:4
ho 8 tail 4 room 4
load:0x40080404,len:4284
entry 0x40080668
[0;32mI (30) boot: ESP-IDF v5.1.1-dirty 2nd stage bootloader[0m
[0;32mI (31) boot: compile time Nov 11 2023 12:23:34[0m
[0;32mI (31) boot: Multicore bootloader[0m
[0;32mI (36) boot: chip revision: v1.0[0m
[0;32mI (39) qio_mode: Enabling default flash chip QIO[0m
[0;32mI (45) boot.esp32: SPI Speed      : 80MHz[0m
[0;32mI (49) boot.esp32: SPI Mode       : QIO[0m
[0;32mI (54) boot.esp32: SPI Flash Size : 4MB[0m
[0;32mI (58) boot: Enabling RNG early entropy source...[0m
[0;32mI (64) boot: Partition Table:[0m
[0;32mI (67) boot: ## Label            Usage          Type ST Offset   Length[0m
[0;32mI (75) boot:  0 nvs              WiFi data        01 02 00009000 00006000[0m
[0;32mI (82) boot:  1 phy_init         RF data          01 01 0000f000 00001000[0m
[0;32mI (90) boot:  2 factory          factory app      00 00 00010000 00100000[0m
[0;32mI (97) boot: End of partition table[0m
[0;32mI (101) esp_image: segment 0: paddr=00010020 vaddr=3f400020 size=0a39ch ( 41884) map[0m
[0;32mI (121) esp_image: segment 1: paddr=0001a3c4 vaddr=3ffb0000 size=021b8h (  8632) load[0m
[0;32mI (124) esp_image: segment 2: paddr=0001c584 vaddr=40080000 size=03a94h ( 14996) load[0m
[0;32mI (134) esp_image: segment 3: paddr=00020020 vaddr=400d0020 size=1864ch ( 99916) map[0m
[0;32mI (165) esp_image: segment 4: paddr=00038674 vaddr=40083a94 size=08820h ( 34848) load[0m
[0;32mI (183) boot: Loaded app from partition at offset 0x10000[0m
[0;32mI (183) boot: Disabling RNG early entropy source...[0m
[0;32mI (194) cpu_start: Multicore app[0m
[0;32mI (194) cpu_start: Pro cpu up.[0m
[0;32mI (195) cpu_start: Starting app cpu, entry point is 0x400811e0[0m
[0;32mI (182) cpu_start: App cpu up.[0m
[0;32mI (213) cpu_start: Pro cpu start user code[0m
[0;32mI (213) cpu_start: cpu freq: 240000000 Hz[0m
[0;32mI (213) cpu_start: Application information:[0m
[0;32mI (218) cpu_start: Project name:     marcelino[0m
[0;32mI (223) cpu_start: App version:      729d225-dirty[0m
[0;32mI (228) cpu_start: Compile time:     Nov 11 2023 12:23:09[0m
[0;32mI (234) cpu_start: ELF file SHA256:  b9b5b034a4253b64...[0m
[0;32mI (240) cpu_start: ESP-IDF:          v5.1.1-dirty[0m
[0;32mI (246) cpu_start: Min chip rev:     v0.0[0m
[0;32mI (250) cpu_start: Max chip rev:     v3.99 [0m
[0;32mI (255) cpu_start: Chip rev:         v1.0[0m
[0;32mI (260) heap_init: Initializing. RAM available for dynamic allocation:[0m
[0;32mI (267) heap_init: At 3FFAE6E0 len 00001920 (6 KiB): DRAM[0m
[0;32mI (273) heap_init: At 3FFB2AB0 len 0002D550 (181 KiB): DRAM[0m
[0;32mI (279) heap_init: At 3FFE0440 len 00003AE0 (14 KiB): D/IRAM[0m
[0;32mI (286) heap_init: At 3FFE4350 len 0001BCB0 (111 KiB): D/IRAM[0m
[0;32mI (292) heap_init: At 4008C2B4 len 00013D4C (79 KiB): IRAM[0m
[0;32mI (299) spi_flash: detected chip: generic[0m
[0;32mI (303) spi_flash: flash io: qio[0m
[0;32mI (307) Blink LED G: Task created[0m
[0;32mI (311) Print MSG: Task created[0m
[0;32mI (315) app_start: Starting scheduler on CPU0[0m
[0;32mI (320) app_start: Starting scheduler on CPU1[0m
[0;32mI (320) main_task: Started on CPU0[0m
[0;32mI (330) main_task: Calling app_main()[0m
Guru Meditation Error: Core  0 panic'ed (LoadProhibited). Exception was unhandled.

Core  0 register dump:
PC      : 0x400014fd  PS      : 0x00060e30  A0      : 0x800da4a8  A1      : 0x3ffb5dc0  
A2      : 0x00011140  A3      : 0x0001113c  A4      : 0x000000ff  A5      : 0x0000ff00  
A6      : 0x00ff0000  A7      : 0xff000000  A8      : 0x00000000  A9      : 0x3ffb5e10  
A10     : 0x3ffaffd0  A11     : 0x00001800  A12     : 0x3ffaffd0  A13     : 0x00000000  
A14     : 0x3ffb5d3c  A15     : 0x00000000  SAR     : 0x0000000c  EXCCAUSE: 0x0000001c  
EXCVADDR: 0x00011140  LBEG    : 0x400014fd  LEND    : 0x4000150d  LCOUNT  : 0xffffffff  


Backtrace: 0x400014fa:0x3ffb5dc0 0x400da4a5:0x3ffb5dd0 0x400da6ad:0x3ffb5e30 0x400daed7:0x3ffb5e90 0x400d5c62:0x3ffb5eb0 0x400e7ebc:0x3ffb5f10 0x40087ee5:0x3ffb5f40




ELF file SHA256: b9b5b034a4253b64

Rebooting...
ets Jun  8 2016 00:22:57

rst:0xc (SW_CPU_RESET),boot:0x13 (SPI_FAST_FLASH_BOOT)
configsip: 0, SPIWP:0xee
clk_drv:0x00,q_drv:0x00,d_drv:0x00,cs0_drv:0x00,hd_drv:0x00,wp_drv:0x00
mode:DIO, clock div:1
load:0x3fff0030,len:7432
load:0x40078000,len:16576
load:0x40080400,len:4
ho 8 tail 4 room 4
load:0x40080404,len:4284
entry 0x40080668
[0;32mI (30) boot: ESP-IDF v5.1.1-dirty 2nd stage bootloader[0m
[0;32mI (31) boot: compile time Nov 11 2023 12:23:34[0m
[0;32mI (31) boot: Multicore bootloader[0m
[0;32mI (36) boot: chip revision: v1.0[0m
[0;32mI (39) qio_mode: Enabling default flash chip QIO[0m
[0;32mI (45) boot.esp32: SPI Speed      : 80MHz[0m
[0;32mI (49) boot.esp32: SPI Mode       : QIO[0m
[0;32mI (54) boot.esp32: SPI Flash Size : 4MB[0m
[0;32mI (58) boot: Enabling RNG early entropy source...[0m
[0;32mI (64) boot: Partition Table:[0m
[0;32mI (67) boot: ## Label            Usage          Type ST Offset   Length[0m
[0;32mI (75) boot:  0 nvs              WiFi data        01 02 00009000 00006000[0m
[0;32mI (82) boot:  1 phy_init         RF data          01 01 0000f000 00001000[0m
[0;32mI (90) boot:  2 factory          factory app      00 00 00010000 00100000[0m
[0;32mI (97) boot: End of partition table[0m
[0;32mI (101) esp_image: segment 0: paddr=00010020 vaddr=3f400020 size=0a39ch ( 41884) map[0m
[0;32mI (121) esp_image: segment 1: paddr=0001a3c4 vaddr=3ffb0000 size=021b8h (  8632) load[0m
[0;32mI (124) esp_image: segment 2: paddr=0001c584 vaddr=40080000 size=03a94h ( 14996) load[0m
[0;32mI (134) esp_image: segment 3: paddr=00020020 vaddr=400d0020 size=1864ch ( 99916) map[0m
[0;32mI (165) esp_image: segment 4: paddr=00038674 vaddr=40083a94 size=08820h ( 34848) load[0m
[0;32mI (183) boot: Loaded app from partition at offset 0x10000[0m
[0;32mI (183) boot: Disabling RNG early entropy source...[0m
[0;32mI (194) cpu_start: Multicore app[0m
[0;32mI (194) cpu_start: Pro cpu up.[0m
[0;32mI (195) cpu_start: Starting app cpu, entry point is 0x400811e0[0m
[0;32mI (182) cpu_start: App cpu up.[0m
[0;32mI (213) cpu_start: Pro cpu start user code[0m
[0;32mI (213) cpu_start: cpu freq: 240000000 Hz[0m
[0;32mI (213) cpu_start: Application information:[0m
[0;32mI (218) cpu_start: Project name:     marcelino[0m
[0;32mI (223) cpu_start: App version:      729d225-dirty[0m
[0;32mI (228) cpu_start: Compile time:     Nov 11 2023 12:23:09[0m
[0;32mI (234) cpu_start: ELF file SHA256:  b9b5b034a4253b64...[0m
[0;32mI (240) cpu_start: ESP-IDF:          v5.1.1-dirty[0m
[0;32mI (246) cpu_start: Min chip rev:     v0.0[0m
[0;32mI (250) cpu_start: Max chip rev:     v3.99 [0m
[0;32mI (255) cpu_start: Chip rev:         v1.0[0m
[0;32mI (260) heap_init: Initializing. RAM available for dynamic allocation:[0m
[0;32mI (267) heap_init: At 3FFAE6E0 len 00001920 (6 KiB): DRAM[0m
[0;32mI (273) heap_init: At 3FFB2AB0 len 0002D550 (181 KiB): DRAM[0m
[0;32mI (279) heap_init: At 3FFE0440 len 00003AE0 (14 KiB): D/IRAM[0m
[0;32mI (286) heap_init: At 3FFE4350 len 0001BCB0 (111 KiB): D/IRAM[0m
[0;32mI (292) heap_init: At 4008C2B4 len 00013D4C (79 KiB): IRAM[0m
[0;32mI (299) spi_flash: detected chip: generic[0m
[0;32mI (303) spi_flash: flash io: qio[0m
[0;32mI (307) Blink LED G: Task created[0m
[0;32mI (311) Print MSG: Task created[0m
[0;32mI (315) app_start: Starting scheduler on CPU0[0m
[0;32mI (320) app_start: Starting scheduler on CPU1[0m
[0;32mI (320) main_task: Started on CPU0[0m
[0;32mI (330) main_task: Calling app_main()[0m
Guru Meditation Error: Core  0 panic'ed (LoadProhibited). Exception was unhandled.

Core  0 register dump:
PC      : 0x400014fd  PS      : 0x00060e30  A0      : 0x800da4a8  A1      : 0x3ffb5dc0  
A2      : 0x00011140  A3      : 0x0001113c  A4      : 0x000000ff  A5      : 0x0000ff00  
A6      : 0x00ff0000  A7      : 0xff000000  A8      : 0x00000000  A9      : 0x3ffb5e10  
A10     : 0x3ffaffd0  A11     : 0x00001800  A12     : 0x3ffaffd0  A13     : 0x00000000  
A14     : 0x3ffb5d3c  A15     : 0x00000000  SAR     : 0x0000000c  EXCCAUSE: 0x0000001c  
EXCVADDR: 0x00011140  LBEG    : 0x400014fd  LEND    : 0x4000150d  LCOUNT  : 0xffffffff  


Backtrace: 0x400014fa:0x3ffb5dc0 0x400da4a5:0x3ffb5dd0 0x400da6ad:0x3ffb5e30 0x400daed7:0x3ffb5e90 0x400d5c62:0x3ffb5eb0 0x400e7ebc:0x3ffb5f10 0x40087ee5:0x3ffb5f40




ELF file SHA256: b9b5b034a4253b64

Rebooting...
ets Jun  8 2016 00:22:57

rst:0xc (SW_CPU_RESET),boot:0x13 (SPI_FAST_FLASH_BOOT)
configsip: 0, SPIWP:0xee
clk_drv:0x00,q_drv:0x00,d_drv:0x00,cs0_drv:0x00,hd_drv:0x00,wp_drv:0x00
mode:DIO, clock div:1
load:0x3fff0030,len:7432
load:0x40078000,len:16576
load:0x40080400,len:4
ho 8 tail 4 room 4
load:0x40080404,len:4284
entry 0x40080668
[0;32mI (30) boot: ESP-IDF v5.1.1-dirty 2nd stage bootloader[0m
[0;32mI (31) boot: compile time Nov 11 2023 12:23:34[0m
[0;32mI (31) boot: Multicore bootloader[0m
[0;32mI (36) boot: chip revision: v1.0[0m
[0;32mI (39) qio_mode: Enabling default flash chip QIO[0m
[0;32mI (45) boot.esp32: SPI Speed      : 80MHz[0m
[0;32mI (49) boot.esp32: SPI Mode       : QIO[0m
[0;32mI (54) boot.esp32: SPI Flash Size : 4MB[0m
[0;32mI (58) boot: Enabling RNG early entropy source...[0m
[0;32mI (64) boot: Partition Table:[0m
[0;32mI (67) boot: ## Label            Usage          Type ST Offset   Length[0m
[0;32mI (75) boot:  0 nvs              WiFi data        01 02 00009000 00006000[0m
[0;32mI (82) boot:  1 phy_init         RF data          01 01 0000f000 00001000[0m
[0;32mI (90) boot:  2 factory          factory app      00 00 00010000 00100000[0m
[0;32mI (97) boot: End of partition table[0m
[0;32mI (101) esp_image: segment 0: paddr=00010020 vaddr=3f400020 size=0a39ch ( 41884) map[0m
[0;32mI (121) esp_image: segment 1: paddr=0001a3c4 vaddr=3ffb0000 size=021b8h (  8632) load[0m
[0;32mI (124) esp_image: segment 2: paddr=0001c584 vaddr=40080000 size=03a94h ( 14996) load[0m
[0;32mI (134) esp_image: segment 3: paddr=00020020 vaddr=400d0020 size=1864ch ( 99916) map[0m
[0;32mI (165) esp_image: segment 4: paddr=00038674 vaddr=40083a94 size=08820h ( 34848) load[0m
[0;32mI (183) boot: Loaded app from partition at offset 0x10000[0m
[0;32mI (183) boot: Disabling RNG early entropy source...[0m
[0;32mI (194) cpu_start: Multicore app[0m
[0;32mI (194) cpu_start: Pro cpu up.[0m
[0;32mI (195) cpu_start: Starting app cpu, entry point is 0x400811e0[0m
[0;32mI (182) cpu_start: App cpu up.[0m
[0;32mI (213) cpu_start: Pro cpu start user code[0m
[0;32mI (213) cpu_start: cpu freq: 240000000 Hz[0m
[0;32mI (213) cpu_start: Application information:[0m
[0;32mI (218) cpu_start: Project name:     marcelino[0m
[0;32mI (223) cpu_start: App version:      729d225-dirty[0m
[0;32mI (228) cpu_start: Compile time:     Nov 11 2023 12:23:09[0m
[0;32mI (234) cpu_start: ELF file SHA256:  b9b5b034a4253b64...[0m
[0;32mI (240) cpu_start: ESP-IDF:          v5.1.1-dirty[0m
[0;32mI (246) cpu_start: Min chip rev:     v0.0[0m
[0;32mI (250) cpu_start: Max chip rev:     v3.99 [0m
[0;32mI (255) cpu_start: Chip rev:         v1.0[0m
[0;32mI (260) heap_init: Initializing. RAM available for dynamic allocation:[0m
[0;32mI (267) heap_init: At 3FFAE6E0 len 00001920 (6 KiB): DRAM[0m
[0;32mI (273) heap_init: At 3FFB2AB0 len 0002D550 (181 KiB): DRAM[0m
[0;32mI (279) heap_init: At 3FFE0440 len 00003AE0 (14 KiB): D/IRAM[0m
[0;32mI (286) heap_init: At 3FFE4350 len 0001BCB0 (111 KiB): D/IRAM[0m
[0;32mI (292) heap_init: At 4008C2B4 len 00013D4C (79 KiB): IRAM[0m
[0;32mI (299) spi_flash: detected chip: generic[0m
[0;32mI (303) spi_flash: flash io: qio[0m
[0;32mI (307) Blink LED G: Task created[0m
[0;32mI (311) Print MSG: Task created[0m
[0;32mI (315) app_start: Starting scheduler on CPU0[0m
[0;32mI (320) app_start: Starting scheduler on CPU1[0m
[0;32mI (320) main_task: Started on CPU0[0m
[0;32mI (330) main_task: Calling app_main()[0m
Guru Meditation Error: Core  0 panic'ed (LoadProhibited). Exception was unhandled.

Core  0 register dump:
PC      : 0x400014fd  PS      : 0x00060e30  A0      : 0x800da4a8  A1      : 0x3ffb5dc0  
A2      : 0x00011140  A3      : 0x0001113c  A4      : 0x000000ff  A5      : 0x0000ff00  
A6      : 0x00ff0000  A7      : 0xff000000  A8      : 0x00000000  A9      : 0x3ffb5e10  
A10     : 0x3ffaffd0  A11     : 0x00001800  A12     : 0x3ffaffd0  A13     : 0x00000000  
A14     : 0x3ffb5d3c  A15     : 0x00000000  SAR     : 0x0000000c  EXCCAUSE: 0x0000001c  
EXCVADDR: 0x00011140  LBEG    : 0x400014fd  LEND    : 0x4000150d  LCOUNT  : 0xffffffff  


Backtrace: 0x400014fa:0x3ffb5dc0 0x400da4a5:0x3ffb5dd0 0x400da6ad:0x3ffb5e30 0x400daed7:0x3ffb5e90 0x400d5c62:0x3ffb5eb0 0x400e7ebc:0x3ffb5f10 0x40087ee5:0x3ffb5f40




ELF file SHA256: b9b5b034a4253b64

Rebooting...
ets Jun  8 2016 00:22:57

rst:0xc (SW_CPU_RESET),boot:0x13 (SPI_FAST_FLASH_BOOT)
configsip: 0, SPIWP:0xee
clk_drv:0x00,q_drv:0x00,d_drv:0x00,cs0_drv:0x00,hd_drv:0x00,wp_drv:0x00
mode:DIO, clock div:1
load:0x3fff0030,len:7432
load:0x40078000,len:16576
load:0x40080400,len:4
ho 8 tail 4 room 4
load:0x40080404,len:4284
entry 0x40080668
[0;32mI (30) boot: ESP-IDF v5.1.1-dirty 2nd stage bootloader[0m
[0;32mI (31) boot: compile time Nov 11 2023 12:23:34[0m
[0;32mI (31) boot: Multicore bootloader[0m
[0;32mI (36) boot: chip revision: v1.0[0m
[0;32mI (39) qio_mode: Enabling default flash chip QIO[0m
[0;32mI (45) boot.esp32: SPI Speed      : 80MHz[0m
[0;32mI (49) boot.esp32: SPI Mode       : QIO[0m
[0;32mI (54) boot.esp32: SPI Flash Size : 4MB[0m
[0;32mI (58) boot: Enabling RNG early entropy source...[0m
[0;32mI (64) boot: Partition Table:[0m
[0;32mI (67) boot: ## Label            Usage          Type ST Offset   Length[0m
[0;32mI (75) boot:  0 nvs              WiFi data        01 02 00009000 00006000[0m
[0;32mI (82) boot:  1 phy_init         RF data          01 01 0000f000 00001000[0m
[0;32mI (90) boot:  2 factory          factory app      00 00 00010000 00100000[0m
[0;32mI (97) boot: End of partition table[0m
[0;32mI (101) esp_image: segment 0: paddr=00010020 vaddr=3f400020 size=0a39ch ( 41884) map[0m
[0;32mI (121) esp_image: segment 1: paddr=0001a3c4 vaddr=3ffb0000 size=021b8h (  8632) load[0m
[0;32mI (124) esp_image: segment 2: paddr=0001c584 vaddr=40080000 size=03a94h ( 14996) load[0m
[0;32mI (134) esp_image: segment 3: paddr=00020020 vaddr=400d0020 size=1864ch ( 99916) map[0m
[0;32mI (165) esp_image: segment 4: paddr=00038674 vaddr=40083a94 size=08820h ( 34848) load[0m
[0;32mI (183) boot: Loaded app from partition at offset 0x10000[0m
[0;32mI (183) boot: Disabling RNG early entropy source...[0m
[0;32mI (194) cpu_start: Multicore app[0m
[0;32mI (194) cpu_start: Pro cpu up.[0m
[0;32mI (195) cpu_start: Starting app cpu, entry point is 0x400811e0[0m
[0;32mI (182) cpu_start: App cpu up.[0m
[0;32mI (213) cpu_start: Pro cpu start user code[0m
[0;32mI (213) cpu_start: cpu freq: 240000000 Hz[0m
[0;32mI (213) cpu_start: Application information:[0m
[0;32mI (218) cpu_start: Project name:     marcelino[0m
[0;32mI (223) cpu_start: App version:      729d225-dirty[0m
[0;32mI (228) cpu_start: Compile time:     Nov 11 2023 12:23:09[0m
[0;32mI (234) cpu_start: ELF file SHA256:  b9b5b034a4253b64...[0m
[0;32mI (240) cpu_start: ESP-IDF:          v5.1.1-dirty[0m
[0;32mI (246) cpu_start: Min chip rev:     v0.0[0m
[0;32mI (250) cpu_start: Max chip rev:     v3.99 [0m
[0;32mI (255) cpu_start: Chip rev:         v1.0[0m
[0;32mI (260) heap_init: Initializing. RAM available for dynamic allocation:[0m
[0;32mI (267) heap_init: At 3FFAE6E0 len 00001920 (6 KiB): DRAM[0m
[0;32mI (273) heap_init: At 3FFB2AB0 len 0002D550 (181 KiB): DRAM[0m
[0;32mI (279) heap_init: At 3FFE0440 len 00003AE0 (14 KiB): D/IRAM[0m
[0;32mI (286) heap_init: At 3FFE4350 len 0001BCB0 (111 KiB): D/IRAM[0m
[0;32mI (292) heap_init: At 4008C2B4 len 00013D4C (79 KiB): IRAM[0m
[0;32mI (299) spi_flash: detected chip: generic[0m
[0;32mI (303) spi_flash: flash io: qio[0m
[0;32mI (307) Blink LED G: Task created[0m
[0;32mI (311) Print MSG: Task created[0m
[0;32mI (315) app_start: Starting scheduler on CPU0[0m
[0;32mI (320) app_start: Starting scheduler on CPU1[0m
[0;32mI (320) main_task: Started on CPU0[0m
[0;32mI (330) main_task: Calling app_main()[0m
Guru Meditation Error: Core  0 panic'ed (LoadProhibited). Exception was unhandled.

Core  0 register dump:
PC      : 0x400014fd  PS      : 0x00060e30  A0      : 0x800da4a8  A1      : 0x3ffb5dc0  
A2      : 0x00011140  A3      : 0x0001113c  A4      : 0x000000ff  A5      : 0x0000ff00  
A6      : 0x00ff0000  A7      : 0xff000000  A8      : 0x00000000  A9      : 0x3ffb5e10  
A10     : 0x3ffaffd0  A11     : 0x00001800  A12     : 0x3ffaffd0  A13     : 0x00000000  
A14     : 0x3ffb5d3c  A15     : 0x00000000  SAR     : 0x0000000c  EXCCAUSE: 0x0000001c  
EXCVADDR: 0x00011140  LBEG    : 0x400014fd  LEND    : 0x4000150d  LCOUNT  : 0xffffffff  


Backtrace: 0x400014fa:0x3ffb5dc0 0x400da4a5:0x3ffb5dd0 0x400da6ad:0x3ffb5e30 0x400daed7:0x3ffb5e90 0x400d5c62:0x3ffb5eb0 0x400e7ebc:0x3ffb5f10 0x40087ee5:0x3ffb5f40




ELF file SHA256: b9b5b034a4253b64

Rebooting...
ets Jun  8 2016 00:22:57

rst:0xc (SW_CPU_RESET),boot:0x13 (SPI_FAST_FLASH_BOOT)
configsip: 0, SPIWP:0xee
clk_drv:0x00,q_drv:0x00,d_drv:0x00,cs0_drv:0x00,hd_drv:0x00,wp_drv:0x00
mode:DIO, clock div:1
load:0x3fff0030,len:7432
load:0x40078000,len:16576
load:0x40080400,len:4
ho 8 tail 4 room 4
load:0x40080404,len:4284
entry 0x40080668
[0;32mI (30) boot: ESP-IDF v5.1.1-dirty 2nd stage bootloader[0m
[0;32mI (31) boot: compile time Nov 11 2023 12:23:34[0m
[0;32mI (31) boot: Multicore bootloader[0m
[0;32mI (36) boot: chip revision: v1.0[0m
[0;32mI (39) qio_mode: Enabling default flash chip QIO[0m
[0;32mI (45) boot.esp32: SPI Speed      : 80MHz[0m
[0;32mI (49) boot.esp32: SPI Mode       : QIO[0m
[0;32mI (54) boot.esp32: SPI Flash Size : 4MB[0m
[0;32mI (58) boot: Enabling RNG early entropy source...[0m
[0;32mI (64) boot: Partition Table:[0m
[0;32mI (67) boot: ## Label            Usage          Type ST Offset   Length[0m
[0;32mI (75) boot:  0 nvs              WiFi data        01 02 00009000 00006000[0m
[0;32mI (82) boot:  1 phy_init         RF data          01 01 0000f000 00001000[0m
[0;32mI (90) boot:  2 factory          factory app      00 00 00010000 00100000[0m
[0;32mI (97) boot: End of partition table[0m
[0;32mI (101) esp_image: segment 0: paddr=00010020 vaddr=3f400020 size=0a39ch ( 41884) map[0m
[0;32mI (121) esp_image: segment 1: paddr=0001a3c4 vaddr=3ffb0000 size=021b8h (  8632) load[0m
[0;32mI (124) esp_image: segment 2: paddr=0001c584 vaddr=40080000 size=03a94h ( 14996) load[0m
[0;32mI (134) esp_image: segment 3: paddr=00020020 vaddr=400d0020 size=1864ch ( 99916) map[0m
[0;32mI (165) esp_image: segment 4: paddr=00038674 vaddr=40083a94 size=08820h ( 34848) load[0m
[0;32mI (183) boot: Loaded app from partition at offset 0x10000[0m
[0;32mI (183) boot: Disabling RNG early entropy source...[0m
[0;32mI (194) cpu_start: Multicore app[0m
[0;32mI (194) cpu_start: Pro cpu up.[0m
[0;32mI (195) cpu_start: Starting app cpu, entry point is 0x400811e0[0m
[0;32mI (182) cpu_start: App cpu up.[0m
[0;32mI (213) cpu_start: Pro cpu start user code[0m
[0;32mI (213) cpu_start: cpu freq: 240000000 Hz[0m
[0;32mI (213) cpu_start: Application information:[0m
[0;32mI (218) cpu_start: Project name:     marcelino[0m
[0;32mI (223) cpu_start: App version:      729d225-dirty[0m
[0;32mI (228) cpu_start: Compile time:     Nov 11 2023 12:23:09[0m
[0;32mI (234) cpu_start: ELF file SHA256:  b9b5b034a4253b64...[0m
[0;32mI (240) cpu_start: ESP-IDF:          v5.1.1-dirty[0m
[0;32mI (246) cpu_start: Min chip rev:     v0.0[0m
[0;32mI (250) cpu_start: Max chip rev:     v3.99 [0m
[0;32mI (255) cpu_start: Chip rev:         v1.0[0m
[0;32mI (260) heap_init: Initializing. RAM available for dynamic allocation:[0m
[0;32mI (267) heap_init: At 3FFAE6E0 len 00001920 (6 KiB): DRAM[0m
[0;32mI (273) heap_init: At 3FFB2AB0 len 0002D550 (181 KiB): DRAM[0m
[0;32mI (279) heap_init: At 3FFE0440 len 00003AE0 (14 KiB): D/IRAM[0m
[0;32mI (286) heap_init: At 3FFE4350 len 0001BCB0 (111 KiB): D/IRAM[0m
[0;32mI (292) heap_init: At 4008C2B4 len 00013D4C (79 KiB): IRAM[0m
[0;32mI (299) spi_flash: detected chip: generic[0m
[0;32mI (303) spi_flash: flash io: qio[0m
[0;32mI (307) Blink LED G: Task created[0m
[0;32mI (311) Print MSG: Task created[0m
[0;32mI (315) app_start: Starting scheduler on CPU0[0m
[0;32mI (320) app_start: Starting scheduler on CPU1[0m
[0;32mI (320) main_task: Started on CPU0[0m
[0;32mI (330) main_task: Calling app_main()[0m
Guru Meditation Error: Core  0 panic'ed (LoadProhibited). Exception was unhandled.

Core  0 register dump:
PC      : 0x400014fd  PS      : 0x00060e30  A0      : 0x800da4a8  A1      : 0x3ffb5dc0  
A2      : 0x00011140  A3      : 0x0001113c  A4      : 0x000000ff  A5      : 0x0000ff00  
A6      : 0x00ff0000  A7      : 0xff000000  A8      : 0x00000000  A9      : 0x3ffb5e10  
A10     : 0x3ffaffd0  A11     : 0x00001800  A12     : 0x3ffaffd0  A13     : 0x00000000  
A14     : 0x3ffb5d3c  A15     : 0x00000000  SAR     : 0x0000000c  EXCCAUSE: 0x0000001c  
EXCVADDR: 0x00011140  LBEG    : 0x400014fd  LEND    : 0x4000150d  LCOUNT  : 0xffffffff  


Backtrace: 0x400014fa:0x3ffb5dc0 0x400da4a5:0x3ffb5dd0 0x400da6ad:0x3ffb5e30 0x400daed7:0x3ffb5e90 0x400d5c62:0x3ffb5eb0 0x400e7ebc:0x3ffb5f10 0x40087ee5:0x3ffb5f40




ELF file SHA256: b9b5b034a4253b64

Rebooting...
ets Jun  8 2016 00:22:57

rst:0xc (SW_CPU_RESET),boot:0x13 (SPI_FAST_FLASH_BOOT)
configsip: 0, SPIWP:0xee
clk_drv:0x00,q_drv:0x00,d_drv:0x00,cs0_drv:0x00,hd_drv:0x00,wp_drv:0x00
mode:DIO, clock div:1
load:0x3fff0030,len:7432
load:0x40078000,len:16576
load:0x40080400,len:4
ho 8 tail 4 room 4
load:0x40080404,len:4284
entry 0x40080668
[0;32mI (30) boot: ESP-IDF v5.1.1-dirty 2nd stage bootloader[0m
[0;32mI (31) boot: compile time Nov 11 2023 12:23:34[0m
[0;32mI (31) boot: Multicore bootloader[0m
[0;32mI (36) boot: chip revision: v1.0[0m
[0;32mI (39) qio_mode: Enabling default flash chip QIO[0m
[0;32mI (45) boot.esp32: SPI Speed      : 80MHz[0m
[0;32mI (49) boot.esp32: SPI Mode       : QIO[0m
[0;32mI (54) boot.esp32: SPI Flash Size : 4MB[0m
[0;32mI (58) boot: Enabling RNG early entropy source...[0m
[0;32mI (64) boot: Partition Table:[0m
[0;32mI (67) boot: ## Label            Usage          Type ST Offset   Length[0m
[0;32mI (75) boot:  0 nvs              WiFi data        01 02 00009000 00006000[0m
[0;32mI (82) boot:  1 phy_init         RF data          01 01 0000f000 00001000[0m
[0;32mI (90) boot:  2 factory          factory app      00 00 00010000 00100000[0m
[0;32mI (97) boot: End of partition table[0m
[0;32mI (101) esp_image: segment 0: paddr=00010020 vaddr=3f400020 size=0a39ch ( 41884) map[0m
[0;32mI (121) esp_image: segment 1: paddr=0001a3c4 vaddr=3ffb0000 size=021b8h (  8632) load[0m
[0;32mI (124) esp_image: segment 2: paddr=0001c584 vaddr=40080000 size=03a94h ( 14996) load[0m
[0;32mI (134) esp_image: segment 3: paddr=00020020 vaddr=400d0020 size=1864ch ( 99916) map[0m
[0;32mI (165) esp_image: segment 4: paddr=00038674 vaddr=40083a94 size=08820h ( 34848) load[0m
[0;32mI (183) boot: Loaded app from partition at offset 0x10000[0m
[0;32mI (183) boot: Disabling RNG early entropy source...[0m
[0;32mI (194) cpu_start: Multicore app[0m
[0;32mI (194) cpu_start: Pro cpu up.[0m
[0;32mI (195) cpu_start: Starting app cpu, entry point is 0x400811e0[0m
[0;32mI (182) cpu_start: App cpu up.[0m
[0;32mI (213) cpu_start: Pro cpu start user code[0m
[0;32mI (213) cpu_start: cpu freq: 240000000 Hz[0m
[0;32mI (213) cpu_start: Application information:[0m
[0;32mI (218) cpu_start: Project name:     marcelino[0m
[0;32mI (223) cpu_start: App version:      729d225-dirty[0m
[0;32mI (228) cpu_start: Compile time:     Nov 11 2023 12:23:09[0m
[0;32mI (234) cpu_start: ELF file SHA256:  b9b5b034a4253b64...[0m
[0;32mI (240) cpu_start: ESP-IDF:          v5.1.1-dirty[0m
[0;32mI (246) cpu_start: Min chip rev:     v0.0[0m
[0;32mI (250) cpu_start: Max chip rev:     v3.99 [0m
[0;32mI (255) cpu_start: Chip rev:         v1.0[0m
[0;32mI (260) heap_init: Initializing. RAM available for dynamic allocation:[0m
[0;32mI (267) heap_init: At 3FFAE6E0 len 00001920 (6 KiB): DRAM[0m
[0;32mI (273) heap_init: At 3FFB2AB0 len 0002D550 (181 KiB): DRAM[0m
[0;32mI (279) heap_init: At 3FFE0440 len 00003AE0 (14 KiB): D/IRAM[0m
[0;32mI (286) heap_init: At 3FFE4350 len 0001BCB0 (111 KiB): D/IRAM[0m
[0;32mI (292) heap_init: At 4008C2B4 len 00013D4C (79 KiB): IRAM[0m
[0;32mI (299) spi_flash: detected chip: generic[0m
[0;32mI (303) spi_flash: flash io: qio[0m
[0;32mI (307) Blink LED G: Task created[0m
[0;32mI (311) Print MSG: Task created[0m
[0;32mI (315) app_start: Starting scheduler on CPU0[0m
[0;32mI (320) app_start: Starting scheduler on CPU1[0m
[0;32mI (320) main_task: Started on CPU0[0m
[0;32mI (330) main_task: Calling app_main()[0m
Guru Meditation Error: Core  0 panic'ed (LoadProhibited). Exception was unhandled.

Core  0 register dump:
PC      : 0x400014fd  PS      : 0x00060e30  A0      : 0x800da4a8  A1      : 0x3ffb5dc0  
A2      : 0x00011140  A3      : 0x0001113c  A4      : 0x000000ff  A5      : 0x0000ff00  
A6      : 0x00ff0000  A7      : 0xff000000  A8      : 0x00000000  A9      : 0x3ffb5e10  
