ets ï¿½ï¿½ï¿½201ï¿½ï¿½ï¿½Ò’ï¿½ï¿½57ï¿½Hrsï¿½ï¿½ï¿½ï¿½ (POWÅªï¿½}ISET)Iï¿½ï¿½ï¿½ï¿½0x13 iï¿½%}ï¿½ST_F*M!}	ï¿½OT)ï¿½ï¿½ï¿½ï¿½Ë¥gsip'ï¿½bï¿½ï¿½IWP:Â•ï¿½5ï¿½,k}ï¿½ï¿½ï¿½:0x0bq_d.ï¿½ï¿½ï¿½ï¿½0,d_d.ï¿½ï¿½ï¿½ï¿½0,csï¿½ï¿½ï¿½ï¿½ï¿½0x00ï¿½ï¿½}ï¿½ï¿½ï¿½:0x0bwp_ï¿½.ï¿½ï¿½ï¿½ï¿½0
mï¿½Vï¿½"%=, clï¿½-"ï¿½ï¿½:1
ï¿½+ï¿½ï¿½0Mfff0ï¿½0,lï¿½Kï¿½ï¿½ï¿½ï¿½j
loá–‚ï¿½ï¿½00780ï¿½ï¿½lenï¿½ï¿½ï¿½ï¿½ï¿½j
loXï¿½ï¿½ï¿½ï¿½0080ï¿½bbï¿½ï¿½:4ï¿½ï¿½ï¿½ï¿½ï¿½ï¿½ï¿½ï¿½4 roo[ï¿½j
l+ï¿½ï¿½0Q008ï¿½ï¿½bbï¿½n:4ï¿½ï¿½
eï¿½ï¿½ï¿½0x400ï¿½ï¿½68ï¿½[0;32mI (30) boot: ESP-IDF v5.1.1-dirty 2nd stage bootloader[0m
[0;32mI (30) boot: compile time Nov 11 2023 12:23:34[0m
[0;32mI (30) boot: Multicore bootloader[0m
[0;32mI (35) boot: chip revision: v1.0[0m
[0;32mI (39) qio_mode: Enabling default flash chip QIO[0m
[0;32mI (44) boot.esp32: SPI Speed      : 80MHz[0m
[0;32mI (49) boot.esp32: SPI Mode       : QIO[0m
[0;32mI (53) boot.esp32: SPI Flash Size : 4MB[0m
[0;32mI (58) boot: Enabling RNG early entropy source...[0m
[0;32mI (63) boot: Partition Table:[0m
[0;32mI (67) boot: ## Label            Usage          Type ST Offset   Length[0m
[0;32mI (74) boot:  0 nvs              WiFi data        01 02 00009000 00006000[0m
[0;32mI (81) boot:  1 phy_init         RF data          01 01 0000f000 00001000[0m
[0;32mI (89) boot:  2 factory          factory app      00 00 00010000 00100000[0m
[0;32mI (96) boot: End of partition table[0m
[0;32mI (101) esp_image: segment 0: paddr=00010020 vaddr=3f400020 size=09dach ( 40364) map[0m
[0;32mI (120) esp_image: segment 1: paddr=00019dd4 vaddr=3ffb0000 size=02158h (  8536) load[0m
[0;32mI (123) esp_image: segment 2: paddr=0001bf34 vaddr=40080000 size=040e4h ( 16612) load[0m
[0;32mI (134) esp_image: segment 3: paddr=00020020 vaddr=400d0020 size=14ad4h ( 84692) map[0m
[0;32mI (160) esp_image: segment 4: paddr=00034afc vaddr=400840e4 size=081a8h ( 33192) load[0m
[0;32mI (177) boot: Loaded app from partition at offset 0x10000[0m
[0;32mI (177) boot: Disabling RNG early entropy source...[0m
[0;32mI (189) cpu_start: Multicore app[0m
[0;32mI (189) cpu_start: Pro cpu up.[0m
[0;32mI (189) cpu_start: Starting app cpu, entry point is 0x400811e0[0m
[0;32mI (0) cpu_start: App cpu up.[0m
[0;32mI (207) cpu_start: Pro cpu start user code[0m
[0;32mI (207) cpu_start: cpu freq: 240000000 Hz[0m
[0;32mI (207) cpu_start: Application information:[0m
[0;32mI (212) cpu_start: Project name:     marcelino[0m
[0;32mI (217) cpu_start: App version:      729d225-dirty[0m
[0;32mI (222) cpu_start: Compile time:     Nov 11 2023 12:23:09[0m
[0;32mI (229) cpu_start: ELF file SHA256:  1e90db701aee196a...[0m
[0;32mI (235) cpu_start: ESP-IDF:          v5.1.1-dirty[0m
[0;32mI (240) cpu_start: Min chip rev:     v0.0[0m
[0;32mI (245) cpu_start: Max chip rev:     v3.99 [0m
[0;32mI (249) cpu_start: Chip rev:         v1.0[0m
[0;32mI (254) heap_init: Initializing. RAM available for dynamic allocation:[0m
[0;32mI (261) heap_init: At 3FFAE6E0 len 00001920 (6 KiB): DRAM[0m
[0;32mI (267) heap_init: At 3FFB2A28 len 0002D5D8 (181 KiB): DRAM[0m
[0;32mI (274) heap_init: At 3FFE0440 len 00003AE0 (14 KiB): D/IRAM[0m
[0;32mI (280) heap_init: At 3FFE4350 len 0001BCB0 (111 KiB): D/IRAM[0m
[0;32mI (287) heap_init: At 4008C28C len 00013D74 (79 KiB): IRAM[0m
[0;32mI (293) spi_flash: detected chip: generic[0m
[0;32mI (297) spi_flash: flash io: qio[0m
[0;32mI (301) Blink LED G: Task created[0m
[0;32mI (305) Print MSG: Task created[0m
[0;32mI (309) app_start: Starting scheduler on CPU0[0m
[0;32mI (314) app_start: Starting scheduler on CPU1[0m
[0;32mI (314) main_task: Started on CPU0[0m
[0;32mI (324) main_task: Calling app_main()[0m
Time: 0 s
Time: 1 s
Time: 2 s
Time: 3 s
Time: 4 s
Time: 5 s
Time: 6 s
Time: 7 s
Time: 8 s
Time: 9 s
Time: 10 s
Time: 11 s
Time: 12 s
Time: 13 s
Time: 14 s
Time: 15 s
Time: 16 s
Time: 17 s
Time: 18 s
Time: 19 s
Time: 20 s
Time: 21 s
Time: 22 s
Time: 23 s
Time: 24 s
Time: 25 s
Time: 26 s
Time: 27 s
Time: 28 s
Time: 29 s
Time: 30 s
Time: 31 s
Time: 32 s
Time: 33 s
Time: 34 s
Time: 35 s
Time: 36 s
Time: 37 s
Time: 38 s
Time: 39 s
Time: 40 s
Time: 41 s
Time: 42 s
Time: 43 s
Time: 44 s
Time: 45 s
Time: 46 s
Time: 47 s
Time: 48 s
Time: 49 s
Time: 50 s
Time: 51 s
Time: 52 s
Time: 53 s
Time: 54 s
Time: 55 s
Time: 56 s
Time: 57 s
Time: 58 s
Time: 59 s
Time: 60 s
Time: 61 s
Time: 62 s
Time: 63 s
Time: 64 s
Time: 65 s
Time: 66 s
Time: 67 s
Time: 68 s
Time: 69 s
Time: 70 s
Time: 71 s
Time: 72 s
Time: 73 s
Time: 74 s
Time: 75 s
Time: 76 s
Time: 77 s
Time: 78 s
Time: 79 s
Time: 80 s
Time: 81 s
Time: 82 s
Time: 83 s
Time: 84 s
Time: 85 s
Time: 86 s
Time: 87 s
Time: 88 s
Time: 89 s
Time: 90 s
Time: 91 s
Time: 92 s
Time: 93 s
Time: 94 s
Time: 95 s
Time: 96 s
Time: 97 s
Time: 98 s
Time: 99 s
Time: 100 s
Time: 101 s
Time: 102 s
Time: 103 s
Time: 104 s
Time: 105 s
Time: 106 s
Time: 107 s
Time: 108 s
Time: 109 s
Time: 110 s
Time: 111 s
Time: 112 s
Time: 113 s
Time: 114 s
Time: 115 s
Time: 116 s
Time: 117 s
Time: 118 s
Time: 119 s
Time: 120 s
Time: 121 s
Time: 122 s
Time: 123 s
Time: 124 s
Time: 125 s
Time: 126 s
Time: 127 s
Time: 128 s
Time: 129 s
Time: 130 s
Time: 131 s
Time: 132 s
Time: 133 s
Time: 134 s
Time: 135 s
