etsRÕ¹ï¿½ 8 &ï¿½6 00:ï¿½&ï¿½ï¿½SHï¿½HHï¿½t:0x1 	ï¿½]I=9}ISET),bï¿½ï¿½0x13Bï¿½A%}MQ_FLASH%==Qï¿½
ï¿½ï¿½Ë¥ï¿½Í¥ï¿½ï¿½ 0, SPRï¿½ï¿½Â•ï¿½5
clk_drv'ï¿½ï¿½0,q_d.ï¿½ï¿½ï¿½ï¿½0,ï¿½Eï¿½ï¿½ï¿½0xï¿½bcs0_drï¿½ï¿½x00,hdEï¿½ï¿½ï¿½0x0bï¿½ï¿½}ï¿½ï¿½ï¿½ï¿½0x00
moVï¿½"%=ï¿½ ,ï¿½kï¿½ï¿½divï¿½j
load'ï¿½ï¿½fff0ï¿½ï¿½,len:Ó’j
loXï¿½ï¿½ï¿½ï¿½007ï¿½ï¿½0,lenï¿½ï¿½576
l+ï¿½ï¿½0x40Â‚400,leKï¿½
ho ï¿½ï¿½ï¿½ï¿½ï¿½4 ï¿½ï¿½ï¿½j
ï¿½+ï¿½ï¿½0x4ï¿½ï¿½0404,lYKï¿½ï¿½Â¢j
entry 0xï¿½80668Cï¿½[0;32mI (30) boot: ESP-IDF v5.1.1-dirty 2nd stage bootloader[0m
[0;32mI (30) boot: compile time Nov 11 2023 12:23:34[0m
[0;32mI (30) boot: Multicore bootloader[0m
[0;32mI (35) boot: chip revision: v1.0[0m
[0;32mI (39) qio_mode: Enabling default flash chip QIO[0m
[0;32mI (44) boot.esp32: SPI Speed      : 80MHz[0m
[0;32mI (49) boot.esp32: SPI Mode       : QIO[0m
[0;32mI (53) boot.esp32: SPI Flash Size : 4MB[0m
[0;32mI (58) boot: Enabling RNG early entropy source...[0m
[0;32mI (63) boot: Partition Table:[0m
[0;32mI (67) boot: ## Label            Usage          Type ST Offset   Length[0m
[0;32mI (74) boot:  0 nvs              WiFi data        01 02 00009000 00006000[0m
[0;32mI (81) boot:  1 phy_init         RF data          01 01 0000f000 00001000[0m
[0;32mI (89) boot:  2 factory          factory app      00 00 00010000 00100000[0m
[0;32mI (96) boot: End of partition table[0m
[0;32mI (101) esp_image: segment 0: paddr=00010020 vaddr=3f400020 size=0a3a4h ( 41892) map[0m
[0;32mI (121) esp_image: segment 1: paddr=0001a3cc vaddr=3ffb0000 size=021b8h (  8632) load[0m
[0;32mI (124) esp_image: segment 2: paddr=0001c58c vaddr=40080000 size=03a8ch ( 14988) load[0m
[0;32mI (133) esp_image: segment 3: paddr=00020020 vaddr=400d0020 size=18620h ( 99872) map[0m
[0;32mI (164) esp_image: segment 4: paddr=00038648 vaddr=40083a8c size=08828h ( 34856) load[0m
[0;32mI (182) boot: Loaded app from partition at offset 0x10000[0m
[0;32mI (182) boot: Disabling RNG early entropy source...[0m
[0;32mI (194) cpu_start: Multicore app[0m
[0;32mI (194) cpu_start: Pro cpu up.[0m
[0;32mI (194) cpu_start: Starting app cpu, entry point is 0x400811e0[0m
[0;32mI (0) cpu_start: App cpu up.[0m
[0;32mI (212) cpu_start: Pro cpu start user code[0m
[0;32mI (212) cpu_start: cpu freq: 240000000 Hz[0m
[0;32mI (212) cpu_start: Application information:[0m
[0;32mI (217) cpu_start: Project name:     marcelino[0m
[0;32mI (222) cpu_start: App version:      729d225-dirty[0m
[0;32mI (227) cpu_start: Compile time:     Nov 11 2023 12:23:09[0m
[0;32mI (233) cpu_start: ELF file SHA256:  b536a6fe9f507e37...[0m
[0;32mI (239) cpu_start: ESP-IDF:          v5.1.1-dirty[0m
[0;32mI (245) cpu_start: Min chip rev:     v0.0[0m
[0;32mI (249) cpu_start: Max chip rev:     v3.99 [0m
[0;32mI (254) cpu_start: Chip rev:         v1.0[0m
[0;32mI (259) heap_init: Initializing. RAM available for dynamic allocation:[0m
[0;32mI (266) heap_init: At 3FFAE6E0 len 00001920 (6 KiB): DRAM[0m
[0;32mI (272) heap_init: At 3FFB2AB0 len 0002D550 (181 KiB): DRAM[0m
[0;32mI (278) heap_init: At 3FFE0440 len 00003AE0 (14 KiB): D/IRAM[0m
[0;32mI (285) heap_init: At 3FFE4350 len 0001BCB0 (111 KiB): D/IRAM[0m
[0;32mI (291) heap_init: At 4008C2B4 len 00013D4C (79 KiB): IRAM[0m
[0;32mI (298) spi_flash: detected chip: generic[0m
[0;32mI (302) spi_flash: flash io: qio[0m
[0;32mI (306) Blink LED G: Task created[0m
[0;32mI (310) Print MSG: Task created[0m
[0;32mI (314) app_start: Starting scheduler on CPU0[0m
[0;32mI (319) app_start: Starting scheduler on CPU1[0m
[0;32mI (319) main_task: Started on CPU0[0m
[0;32mI (329) main_task: Calling app_main()[0m
00:00:00
00:00:01
00:00:02
00:00:03
00:00:04
00:00:05
00:00:06
00:00:07
00:00:08
00:00:09
00:00:10
00:00:11
00:00:12
00:00:13
00:00:14
00:00:15
00:00:16
00:00:17
00:00:18
00:00:19
00:00:20
00:00:21
00:00:22
00:00:23
00:00:24
00:00:25
00:00:26
00:00:27
00:00:28
00:00:29
00:00:30
00:00:31
00:00:32
00:00:33
00:00:34
00:00:35
00:00:36
00:00:37
00:00:38
00:00:39
00:00:40
00:00:41
00:00:42
00:00:43
00:00:44
00:00:45
00:00:46
00:00:47
00:00:48
00:00:49
00:00:50
00:00:51
00:00:52
00:00:53
00:00:54
